Archive member included to satisfy reference by file (symbol)

/opt/gcc-arm-none-eabi-10.3-2021.10/bin/../lib/gcc/arm-none-eabi/10.3.1/../../../../arm-none-eabi/lib/thumb/v7e-m+fp/hard/libc_nano.a(lib_a-memcpy-stub.o)
                              /tmp/ccOpYrz3.o (memcpy)
/opt/gcc-arm-none-eabi-10.3-2021.10/bin/../lib/gcc/arm-none-eabi/10.3.1/../../../../arm-none-eabi/lib/thumb/v7e-m+fp/hard/libc_nano.a(lib_a-memset.o)
                              /tmp/ccOpYrz3.o (memset)
/opt/gcc-arm-none-eabi-10.3-2021.10/bin/../lib/gcc/arm-none-eabi/10.3.1/../../../../arm-none-eabi/lib/thumb/v7e-m+fp/hard/libc_nano.a(lib_a-printf.o)
                              /tmp/cckR93w8.o (printf)
/opt/gcc-arm-none-eabi-10.3-2021.10/bin/../lib/gcc/arm-none-eabi/10.3.1/../../../../arm-none-eabi/lib/thumb/v7e-m+fp/hard/libc_nano.a(lib_a-findfp.o)
                              /opt/gcc-arm-none-eabi-10.3-2021.10/bin/../lib/gcc/arm-none-eabi/10.3.1/../../../../arm-none-eabi/lib/thumb/v7e-m+fp/hard/libc_nano.a(lib_a-printf.o) (__sinit)
/opt/gcc-arm-none-eabi-10.3-2021.10/bin/../lib/gcc/arm-none-eabi/10.3.1/../../../../arm-none-eabi/lib/thumb/v7e-m+fp/hard/libc_nano.a(lib_a-fwalk.o)
                              /opt/gcc-arm-none-eabi-10.3-2021.10/bin/../lib/gcc/arm-none-eabi/10.3.1/../../../../arm-none-eabi/lib/thumb/v7e-m+fp/hard/libc_nano.a(lib_a-findfp.o) (_fwalk)
/opt/gcc-arm-none-eabi-10.3-2021.10/bin/../lib/gcc/arm-none-eabi/10.3.1/../../../../arm-none-eabi/lib/thumb/v7e-m+fp/hard/libc_nano.a(lib_a-impure.o)
                              /opt/gcc-arm-none-eabi-10.3-2021.10/bin/../lib/gcc/arm-none-eabi/10.3.1/../../../../arm-none-eabi/lib/thumb/v7e-m+fp/hard/libc_nano.a(lib_a-findfp.o) (_global_impure_ptr)
/opt/gcc-arm-none-eabi-10.3-2021.10/bin/../lib/gcc/arm-none-eabi/10.3.1/../../../../arm-none-eabi/lib/thumb/v7e-m+fp/hard/libc_nano.a(lib_a-lock.o)
                              /opt/gcc-arm-none-eabi-10.3-2021.10/bin/../lib/gcc/arm-none-eabi/10.3.1/../../../../arm-none-eabi/lib/thumb/v7e-m+fp/hard/libc_nano.a(lib_a-findfp.o) (__retarget_lock_init_recursive)
/opt/gcc-arm-none-eabi-10.3-2021.10/bin/../lib/gcc/arm-none-eabi/10.3.1/../../../../arm-none-eabi/lib/thumb/v7e-m+fp/hard/libc_nano.a(lib_a-nano-mallocr.o)
                              /opt/gcc-arm-none-eabi-10.3-2021.10/bin/../lib/gcc/arm-none-eabi/10.3.1/../../../../arm-none-eabi/lib/thumb/v7e-m+fp/hard/libc_nano.a(lib_a-findfp.o) (_malloc_r)
/opt/gcc-arm-none-eabi-10.3-2021.10/bin/../lib/gcc/arm-none-eabi/10.3.1/../../../../arm-none-eabi/lib/thumb/v7e-m+fp/hard/libc_nano.a(lib_a-nano-vfprintf.o)
                              /opt/gcc-arm-none-eabi-10.3-2021.10/bin/../lib/gcc/arm-none-eabi/10.3.1/../../../../arm-none-eabi/lib/thumb/v7e-m+fp/hard/libc_nano.a(lib_a-printf.o) (_vfprintf_r)
/opt/gcc-arm-none-eabi-10.3-2021.10/bin/../lib/gcc/arm-none-eabi/10.3.1/../../../../arm-none-eabi/lib/thumb/v7e-m+fp/hard/libc_nano.a(lib_a-nano-vfprintf_i.o)
                              /opt/gcc-arm-none-eabi-10.3-2021.10/bin/../lib/gcc/arm-none-eabi/10.3.1/../../../../arm-none-eabi/lib/thumb/v7e-m+fp/hard/libc_nano.a(lib_a-nano-vfprintf.o) (_printf_i)
/opt/gcc-arm-none-eabi-10.3-2021.10/bin/../lib/gcc/arm-none-eabi/10.3.1/../../../../arm-none-eabi/lib/thumb/v7e-m+fp/hard/libc_nano.a(lib_a-sbrkr.o)
                              /opt/gcc-arm-none-eabi-10.3-2021.10/bin/../lib/gcc/arm-none-eabi/10.3.1/../../../../arm-none-eabi/lib/thumb/v7e-m+fp/hard/libc_nano.a(lib_a-nano-mallocr.o) (_sbrk_r)
/opt/gcc-arm-none-eabi-10.3-2021.10/bin/../lib/gcc/arm-none-eabi/10.3.1/../../../../arm-none-eabi/lib/thumb/v7e-m+fp/hard/libc_nano.a(lib_a-stdio.o)
                              /opt/gcc-arm-none-eabi-10.3-2021.10/bin/../lib/gcc/arm-none-eabi/10.3.1/../../../../arm-none-eabi/lib/thumb/v7e-m+fp/hard/libc_nano.a(lib_a-findfp.o) (__sread)
/opt/gcc-arm-none-eabi-10.3-2021.10/bin/../lib/gcc/arm-none-eabi/10.3.1/../../../../arm-none-eabi/lib/thumb/v7e-m+fp/hard/libc_nano.a(lib_a-wbuf.o)
                              /opt/gcc-arm-none-eabi-10.3-2021.10/bin/../lib/gcc/arm-none-eabi/10.3.1/../../../../arm-none-eabi/lib/thumb/v7e-m+fp/hard/libc_nano.a(lib_a-nano-vfprintf.o) (__swbuf_r)
/opt/gcc-arm-none-eabi-10.3-2021.10/bin/../lib/gcc/arm-none-eabi/10.3.1/../../../../arm-none-eabi/lib/thumb/v7e-m+fp/hard/libc_nano.a(lib_a-writer.o)
                              /opt/gcc-arm-none-eabi-10.3-2021.10/bin/../lib/gcc/arm-none-eabi/10.3.1/../../../../arm-none-eabi/lib/thumb/v7e-m+fp/hard/libc_nano.a(lib_a-stdio.o) (_write_r)
/opt/gcc-arm-none-eabi-10.3-2021.10/bin/../lib/gcc/arm-none-eabi/10.3.1/../../../../arm-none-eabi/lib/thumb/v7e-m+fp/hard/libc_nano.a(lib_a-wsetup.o)
                              /opt/gcc-arm-none-eabi-10.3-2021.10/bin/../lib/gcc/arm-none-eabi/10.3.1/../../../../arm-none-eabi/lib/thumb/v7e-m+fp/hard/libc_nano.a(lib_a-nano-vfprintf.o) (__swsetup_r)
/opt/gcc-arm-none-eabi-10.3-2021.10/bin/../lib/gcc/arm-none-eabi/10.3.1/../../../../arm-none-eabi/lib/thumb/v7e-m+fp/hard/libc_nano.a(lib_a-closer.o)
                              /opt/gcc-arm-none-eabi-10.3-2021.10/bin/../lib/gcc/arm-none-eabi/10.3.1/../../../../arm-none-eabi/lib/thumb/v7e-m+fp/hard/libc_nano.a(lib_a-stdio.o) (_close_r)
/opt/gcc-arm-none-eabi-10.3-2021.10/bin/../lib/gcc/arm-none-eabi/10.3.1/../../../../arm-none-eabi/lib/thumb/v7e-m+fp/hard/libc_nano.a(lib_a-fflush.o)
                              /opt/gcc-arm-none-eabi-10.3-2021.10/bin/../lib/gcc/arm-none-eabi/10.3.1/../../../../arm-none-eabi/lib/thumb/v7e-m+fp/hard/libc_nano.a(lib_a-findfp.o) (_fflush_r)
/opt/gcc-arm-none-eabi-10.3-2021.10/bin/../lib/gcc/arm-none-eabi/10.3.1/../../../../arm-none-eabi/lib/thumb/v7e-m+fp/hard/libc_nano.a(lib_a-fvwrite.o)
                              /opt/gcc-arm-none-eabi-10.3-2021.10/bin/../lib/gcc/arm-none-eabi/10.3.1/../../../../arm-none-eabi/lib/thumb/v7e-m+fp/hard/libc_nano.a(lib_a-nano-vfprintf.o) (__sfvwrite_r)
/opt/gcc-arm-none-eabi-10.3-2021.10/bin/../lib/gcc/arm-none-eabi/10.3.1/../../../../arm-none-eabi/lib/thumb/v7e-m+fp/hard/libc_nano.a(lib_a-lseekr.o)
                              /opt/gcc-arm-none-eabi-10.3-2021.10/bin/../lib/gcc/arm-none-eabi/10.3.1/../../../../arm-none-eabi/lib/thumb/v7e-m+fp/hard/libc_nano.a(lib_a-stdio.o) (_lseek_r)
/opt/gcc-arm-none-eabi-10.3-2021.10/bin/../lib/gcc/arm-none-eabi/10.3.1/../../../../arm-none-eabi/lib/thumb/v7e-m+fp/hard/libc_nano.a(lib_a-makebuf.o)
                              /opt/gcc-arm-none-eabi-10.3-2021.10/bin/../lib/gcc/arm-none-eabi/10.3.1/../../../../arm-none-eabi/lib/thumb/v7e-m+fp/hard/libc_nano.a(lib_a-wsetup.o) (__smakebuf_r)
/opt/gcc-arm-none-eabi-10.3-2021.10/bin/../lib/gcc/arm-none-eabi/10.3.1/../../../../arm-none-eabi/lib/thumb/v7e-m+fp/hard/libc_nano.a(lib_a-memchr.o)
                              /opt/gcc-arm-none-eabi-10.3-2021.10/bin/../lib/gcc/arm-none-eabi/10.3.1/../../../../arm-none-eabi/lib/thumb/v7e-m+fp/hard/libc_nano.a(lib_a-nano-vfprintf.o) (memchr)
/opt/gcc-arm-none-eabi-10.3-2021.10/bin/../lib/gcc/arm-none-eabi/10.3.1/../../../../arm-none-eabi/lib/thumb/v7e-m+fp/hard/libc_nano.a(lib_a-memmove.o)
                              /opt/gcc-arm-none-eabi-10.3-2021.10/bin/../lib/gcc/arm-none-eabi/10.3.1/../../../../arm-none-eabi/lib/thumb/v7e-m+fp/hard/libc_nano.a(lib_a-fvwrite.o) (memmove)
/opt/gcc-arm-none-eabi-10.3-2021.10/bin/../lib/gcc/arm-none-eabi/10.3.1/../../../../arm-none-eabi/lib/thumb/v7e-m+fp/hard/libc_nano.a(lib_a-mlock.o)
                              /opt/gcc-arm-none-eabi-10.3-2021.10/bin/../lib/gcc/arm-none-eabi/10.3.1/../../../../arm-none-eabi/lib/thumb/v7e-m+fp/hard/libc_nano.a(lib_a-nano-mallocr.o) (__malloc_lock)
/opt/gcc-arm-none-eabi-10.3-2021.10/bin/../lib/gcc/arm-none-eabi/10.3.1/../../../../arm-none-eabi/lib/thumb/v7e-m+fp/hard/libc_nano.a(lib_a-nano-freer.o)
                              /opt/gcc-arm-none-eabi-10.3-2021.10/bin/../lib/gcc/arm-none-eabi/10.3.1/../../../../arm-none-eabi/lib/thumb/v7e-m+fp/hard/libc_nano.a(lib_a-wsetup.o) (_free_r)
/opt/gcc-arm-none-eabi-10.3-2021.10/bin/../lib/gcc/arm-none-eabi/10.3.1/../../../../arm-none-eabi/lib/thumb/v7e-m+fp/hard/libc_nano.a(lib_a-nano-reallocr.o)
                              /opt/gcc-arm-none-eabi-10.3-2021.10/bin/../lib/gcc/arm-none-eabi/10.3.1/../../../../arm-none-eabi/lib/thumb/v7e-m+fp/hard/libc_nano.a(lib_a-fvwrite.o) (_realloc_r)
/opt/gcc-arm-none-eabi-10.3-2021.10/bin/../lib/gcc/arm-none-eabi/10.3.1/../../../../arm-none-eabi/lib/thumb/v7e-m+fp/hard/libc_nano.a(lib_a-readr.o)
                              /opt/gcc-arm-none-eabi-10.3-2021.10/bin/../lib/gcc/arm-none-eabi/10.3.1/../../../../arm-none-eabi/lib/thumb/v7e-m+fp/hard/libc_nano.a(lib_a-stdio.o) (_read_r)
/opt/gcc-arm-none-eabi-10.3-2021.10/bin/../lib/gcc/arm-none-eabi/10.3.1/../../../../arm-none-eabi/lib/thumb/v7e-m+fp/hard/libc_nano.a(lib_a-reent.o)
                              /opt/gcc-arm-none-eabi-10.3-2021.10/bin/../lib/gcc/arm-none-eabi/10.3.1/../../../../arm-none-eabi/lib/thumb/v7e-m+fp/hard/libc_nano.a(lib_a-sbrkr.o) (errno)
/opt/gcc-arm-none-eabi-10.3-2021.10/bin/../lib/gcc/arm-none-eabi/10.3.1/../../../../arm-none-eabi/lib/thumb/v7e-m+fp/hard/libc_nano.a(lib_a-fstatr.o)
                              /opt/gcc-arm-none-eabi-10.3-2021.10/bin/../lib/gcc/arm-none-eabi/10.3.1/../../../../arm-none-eabi/lib/thumb/v7e-m+fp/hard/libc_nano.a(lib_a-makebuf.o) (_fstat_r)
/opt/gcc-arm-none-eabi-10.3-2021.10/bin/../lib/gcc/arm-none-eabi/10.3.1/../../../../arm-none-eabi/lib/thumb/v7e-m+fp/hard/libc_nano.a(lib_a-isattyr.o)
                              /opt/gcc-arm-none-eabi-10.3-2021.10/bin/../lib/gcc/arm-none-eabi/10.3.1/../../../../arm-none-eabi/lib/thumb/v7e-m+fp/hard/libc_nano.a(lib_a-makebuf.o) (_isatty_r)
/opt/gcc-arm-none-eabi-10.3-2021.10/bin/../lib/gcc/arm-none-eabi/10.3.1/../../../../arm-none-eabi/lib/thumb/v7e-m+fp/hard/libc_nano.a(lib_a-nano-msizer.o)
                              /opt/gcc-arm-none-eabi-10.3-2021.10/bin/../lib/gcc/arm-none-eabi/10.3.1/../../../../arm-none-eabi/lib/thumb/v7e-m+fp/hard/libc_nano.a(lib_a-nano-reallocr.o) (_malloc_usable_size_r)

Discarded input sections

 .group         0x0000000000000000        0xc /tmp/cckR93w8.o
 .group         0x0000000000000000        0xc /tmp/cckR93w8.o
 .group         0x0000000000000000        0xc /tmp/cckR93w8.o
 .group         0x0000000000000000        0xc /tmp/cckR93w8.o
 .group         0x0000000000000000        0xc /tmp/cckR93w8.o
 .group         0x0000000000000000        0xc /tmp/cckR93w8.o
 .group         0x0000000000000000        0xc /tmp/cckR93w8.o
 .group         0x0000000000000000        0xc /tmp/cckR93w8.o
 .group         0x0000000000000000        0xc /tmp/cckR93w8.o
 .group         0x0000000000000000        0xc /tmp/cckR93w8.o
 .group         0x0000000000000000        0xc /tmp/cckR93w8.o
 .group         0x0000000000000000        0xc /tmp/cckR93w8.o
 .group         0x0000000000000000        0xc /tmp/cckR93w8.o
 .group         0x0000000000000000        0xc /tmp/cckR93w8.o
 .group         0x0000000000000000        0xc /tmp/cckR93w8.o
 .group         0x0000000000000000        0xc /tmp/cckR93w8.o
 .group         0x0000000000000000        0xc /tmp/cckR93w8.o
 .group         0x0000000000000000        0xc /tmp/cckR93w8.o
 .group         0x0000000000000000        0xc /tmp/cckR93w8.o
 .group         0x0000000000000000        0xc /tmp/cckR93w8.o
 .group         0x0000000000000000        0xc /tmp/cckR93w8.o
 .group         0x0000000000000000        0xc /tmp/cckR93w8.o
 .group         0x0000000000000000        0xc /tmp/cckR93w8.o
 .group         0x0000000000000000        0xc /tmp/cckR93w8.o
 .group         0x0000000000000000        0xc /tmp/cckR93w8.o
 .group         0x0000000000000000        0xc /tmp/cckR93w8.o
 .group         0x0000000000000000        0xc /tmp/cckR93w8.o
 .group         0x0000000000000000        0xc /tmp/cckR93w8.o
 .group         0x0000000000000000        0xc /tmp/cckR93w8.o
 .group         0x0000000000000000        0xc /tmp/cckR93w8.o
 .group         0x0000000000000000        0xc /tmp/cckR93w8.o
 .group         0x0000000000000000        0xc /tmp/cckR93w8.o
 .group         0x0000000000000000        0xc /tmp/cckR93w8.o
 .group         0x0000000000000000        0xc /tmp/cckR93w8.o
 .group         0x0000000000000000        0xc /tmp/cckR93w8.o
 .group         0x0000000000000000        0xc /tmp/cckR93w8.o
 .group         0x0000000000000000        0xc /tmp/cckR93w8.o
 .group         0x0000000000000000        0xc /tmp/cckR93w8.o
 .group         0x0000000000000000        0xc /tmp/cckR93w8.o
 .group         0x0000000000000000        0xc /tmp/cckR93w8.o
 .group         0x0000000000000000        0xc /tmp/cckR93w8.o
 .group         0x0000000000000000        0xc /tmp/cckR93w8.o
 .group         0x0000000000000000        0xc /tmp/cckR93w8.o
 .group         0x0000000000000000        0xc /tmp/cckR93w8.o
 .group         0x0000000000000000        0xc /tmp/cckR93w8.o
 .group         0x0000000000000000        0xc /tmp/cckR93w8.o
 .group         0x0000000000000000        0xc /tmp/cckR93w8.o
 .group         0x0000000000000000        0xc /tmp/cckR93w8.o
 .group         0x0000000000000000        0xc /tmp/cckR93w8.o
 .group         0x0000000000000000        0xc /tmp/cckR93w8.o
 .group         0x0000000000000000        0xc /tmp/cckR93w8.o
 .group         0x0000000000000000        0xc /tmp/cckR93w8.o
 .group         0x0000000000000000        0xc /tmp/cckR93w8.o
 .group         0x0000000000000000        0xc /tmp/cckR93w8.o
 .text          0x0000000000000000        0x0 /tmp/cckR93w8.o
 .data          0x0000000000000000        0x0 /tmp/cckR93w8.o
 .bss           0x0000000000000000        0x0 /tmp/cckR93w8.o
 .text.update_sensors
                0x0000000000000000        0x2 /tmp/cckR93w8.o
 .text.toggle_timeout_flag
                0x0000000000000000        0x2 /tmp/cckR93w8.o
 .bss.flightStage
                0x0000000000000000        0x1 /tmp/cckR93w8.o
 .group         0x0000000000000000        0xc /tmp/ccOpYrz3.o
 .text          0x0000000000000000        0x0 /tmp/ccOpYrz3.o
 .data          0x0000000000000000        0x0 /tmp/ccOpYrz3.o
 .bss           0x0000000000000000        0x0 /tmp/ccOpYrz3.o
 .debug_macro   0x0000000000000000      0xa6c /tmp/ccOpYrz3.o
 .group         0x0000000000000000        0xc /tmp/ccoFHDxZ.o
 .group         0x0000000000000000        0xc /tmp/ccoFHDxZ.o
 .group         0x0000000000000000        0xc /tmp/ccoFHDxZ.o
 .group         0x0000000000000000        0xc /tmp/ccoFHDxZ.o
 .group         0x0000000000000000        0xc /tmp/ccoFHDxZ.o
 .group         0x0000000000000000        0xc /tmp/ccoFHDxZ.o
 .group         0x0000000000000000        0xc /tmp/ccoFHDxZ.o
 .group         0x0000000000000000        0xc /tmp/ccoFHDxZ.o
 .group         0x0000000000000000        0xc /tmp/ccoFHDxZ.o
 .group         0x0000000000000000        0xc /tmp/ccoFHDxZ.o
 .group         0x0000000000000000        0xc /tmp/ccoFHDxZ.o
 .group         0x0000000000000000        0xc /tmp/ccoFHDxZ.o
 .group         0x0000000000000000        0xc /tmp/ccoFHDxZ.o
 .group         0x0000000000000000        0xc /tmp/ccoFHDxZ.o
 .group         0x0000000000000000        0xc /tmp/ccoFHDxZ.o
 .group         0x0000000000000000        0xc /tmp/ccoFHDxZ.o
 .group         0x0000000000000000        0xc /tmp/ccoFHDxZ.o
 .group         0x0000000000000000        0xc /tmp/ccoFHDxZ.o
 .group         0x0000000000000000        0xc /tmp/ccoFHDxZ.o
 .group         0x0000000000000000        0xc /tmp/ccoFHDxZ.o
 .group         0x0000000000000000        0xc /tmp/ccoFHDxZ.o
 .group         0x0000000000000000        0xc /tmp/ccoFHDxZ.o
 .group         0x0000000000000000        0xc /tmp/ccoFHDxZ.o
 .group         0x0000000000000000        0xc /tmp/ccoFHDxZ.o
 .group         0x0000000000000000        0xc /tmp/ccoFHDxZ.o
 .group         0x0000000000000000        0xc /tmp/ccoFHDxZ.o
 .group         0x0000000000000000        0xc /tmp/ccoFHDxZ.o
 .group         0x0000000000000000        0xc /tmp/ccoFHDxZ.o
 .group         0x0000000000000000        0xc /tmp/ccoFHDxZ.o
 .group         0x0000000000000000        0xc /tmp/ccoFHDxZ.o
 .group         0x0000000000000000        0xc /tmp/ccoFHDxZ.o
 .group         0x0000000000000000        0xc /tmp/ccoFHDxZ.o
 .group         0x0000000000000000        0xc /tmp/ccoFHDxZ.o
 .group         0x0000000000000000        0xc /tmp/ccoFHDxZ.o
 .group         0x0000000000000000        0xc /tmp/ccoFHDxZ.o
 .group         0x0000000000000000        0xc /tmp/ccoFHDxZ.o
 .group         0x0000000000000000        0xc /tmp/ccoFHDxZ.o
 .group         0x0000000000000000        0xc /tmp/ccoFHDxZ.o
 .group         0x0000000000000000        0xc /tmp/ccoFHDxZ.o
 .group         0x0000000000000000        0xc /tmp/ccoFHDxZ.o
 .group         0x0000000000000000        0xc /tmp/ccoFHDxZ.o
 .group         0x0000000000000000        0xc /tmp/ccoFHDxZ.o
 .group         0x0000000000000000        0xc /tmp/ccoFHDxZ.o
 .group         0x0000000000000000        0xc /tmp/ccoFHDxZ.o
 .group         0x0000000000000000        0xc /tmp/ccoFHDxZ.o
 .group         0x0000000000000000        0xc /tmp/ccoFHDxZ.o
 .group         0x0000000000000000        0xc /tmp/ccoFHDxZ.o
 .group         0x0000000000000000        0xc /tmp/ccoFHDxZ.o
 .group         0x0000000000000000        0xc /tmp/ccoFHDxZ.o
 .group         0x0000000000000000        0xc /tmp/ccoFHDxZ.o
 .group         0x0000000000000000        0xc /tmp/ccoFHDxZ.o
 .group         0x0000000000000000        0xc /tmp/ccoFHDxZ.o
 .group         0x0000000000000000        0xc /tmp/ccoFHDxZ.o
 .group         0x0000000000000000        0xc /tmp/ccoFHDxZ.o
 .text          0x0000000000000000        0x0 /tmp/ccoFHDxZ.o
 .data          0x0000000000000000        0x0 /tmp/ccoFHDxZ.o
 .bss           0x0000000000000000        0x0 /tmp/ccoFHDxZ.o
 .text._open    0x0000000000000000        0x6 /tmp/ccoFHDxZ.o
 .text._exit    0x0000000000000000        0x4 /tmp/ccoFHDxZ.o
 .text._kill    0x0000000000000000        0x2 /tmp/ccoFHDxZ.o
 .text._getpid  0x0000000000000000        0x6 /tmp/ccoFHDxZ.o
 .text._link    0x0000000000000000        0x6 /tmp/ccoFHDxZ.o
 .text._unlink  0x0000000000000000        0x6 /tmp/ccoFHDxZ.o
 .text._stat    0x0000000000000000        0x6 /tmp/ccoFHDxZ.o
 .text.mkdir    0x0000000000000000        0x6 /tmp/ccoFHDxZ.o
 .debug_macro   0x0000000000000000      0xa6c /tmp/ccoFHDxZ.o
 .debug_macro   0x0000000000000000       0x22 /tmp/ccoFHDxZ.o
 .debug_macro   0x0000000000000000       0x4c /tmp/ccoFHDxZ.o
 .debug_macro   0x0000000000000000       0x1e /tmp/ccoFHDxZ.o
 .debug_macro   0x0000000000000000       0x94 /tmp/ccoFHDxZ.o
 .debug_macro   0x0000000000000000       0x3c /tmp/ccoFHDxZ.o
 .debug_macro   0x0000000000000000      0x103 /tmp/ccoFHDxZ.o
 .debug_macro   0x0000000000000000       0x57 /tmp/ccoFHDxZ.o
 .debug_macro   0x0000000000000000       0x6a /tmp/ccoFHDxZ.o
 .debug_macro   0x0000000000000000      0x460 /tmp/ccoFHDxZ.o
 .debug_macro   0x0000000000000000       0x22 /tmp/ccoFHDxZ.o
 .debug_macro   0x0000000000000000       0x97 /tmp/ccoFHDxZ.o
 .debug_macro   0x0000000000000000      0x341 /tmp/ccoFHDxZ.o
 .debug_macro   0x0000000000000000       0x10 /tmp/ccoFHDxZ.o
 .debug_macro   0x0000000000000000       0x16 /tmp/ccoFHDxZ.o
 .debug_macro   0x0000000000000000       0x43 /tmp/ccoFHDxZ.o
 .debug_macro   0x0000000000000000       0x34 /tmp/ccoFHDxZ.o
 .debug_macro   0x0000000000000000       0x10 /tmp/ccoFHDxZ.o
 .debug_macro   0x0000000000000000       0x58 /tmp/ccoFHDxZ.o
 .debug_macro   0x0000000000000000       0x71 /tmp/ccoFHDxZ.o
 .debug_macro   0x0000000000000000       0x1c /tmp/ccoFHDxZ.o
 .debug_macro   0x0000000000000000      0x12a /tmp/ccoFHDxZ.o
 .debug_macro   0x0000000000000000       0x10 /tmp/ccoFHDxZ.o
 .debug_macro   0x0000000000000000       0x1c /tmp/ccoFHDxZ.o
 .debug_macro   0x0000000000000000       0x52 /tmp/ccoFHDxZ.o
 .debug_macro   0x0000000000000000       0x22 /tmp/ccoFHDxZ.o
 .debug_macro   0x0000000000000000       0x10 /tmp/ccoFHDxZ.o
 .debug_macro   0x0000000000000000       0x52 /tmp/ccoFHDxZ.o
 .debug_macro   0x0000000000000000       0xd5 /tmp/ccoFHDxZ.o
 .debug_macro   0x0000000000000000       0x1c /tmp/ccoFHDxZ.o
 .debug_macro   0x0000000000000000       0x3d /tmp/ccoFHDxZ.o
 .debug_macro   0x0000000000000000       0x16 /tmp/ccoFHDxZ.o
 .debug_macro   0x0000000000000000      0x145 /tmp/ccoFHDxZ.o
 .debug_macro   0x0000000000000000       0x16 /tmp/ccoFHDxZ.o
 .debug_macro   0x0000000000000000       0x35 /tmp/ccoFHDxZ.o
 .debug_macro   0x0000000000000000       0x16 /tmp/ccoFHDxZ.o
 .debug_macro   0x0000000000000000       0x29 /tmp/ccoFHDxZ.o
 .debug_macro   0x0000000000000000       0x16 /tmp/ccoFHDxZ.o
 .debug_macro   0x0000000000000000       0x10 /tmp/ccoFHDxZ.o
 .debug_macro   0x0000000000000000       0x41 /tmp/ccoFHDxZ.o
 .debug_macro   0x0000000000000000      0x12c /tmp/ccoFHDxZ.o
 .debug_macro   0x0000000000000000       0x28 /tmp/ccoFHDxZ.o
 .debug_macro   0x0000000000000000       0x1c /tmp/ccoFHDxZ.o
 .debug_macro   0x0000000000000000       0x22 /tmp/ccoFHDxZ.o
 .debug_macro   0x0000000000000000       0xd9 /tmp/ccoFHDxZ.o
 .debug_macro   0x0000000000000000     0x102d /tmp/ccoFHDxZ.o
 .debug_macro   0x0000000000000000      0x11f /tmp/ccoFHDxZ.o
 .debug_macro   0x0000000000000000    0x1cb71 /tmp/ccoFHDxZ.o
 .debug_macro   0x0000000000000000       0x50 /tmp/ccoFHDxZ.o
 .group         0x0000000000000000        0xc /tmp/ccjDle4V.o
 .group         0x0000000000000000        0xc /tmp/ccjDle4V.o
 .group         0x0000000000000000        0xc /tmp/ccjDle4V.o
 .group         0x0000000000000000        0xc /tmp/ccjDle4V.o
 .group         0x0000000000000000        0xc /tmp/ccjDle4V.o
 .group         0x0000000000000000        0xc /tmp/ccjDle4V.o
 .group         0x0000000000000000        0xc /tmp/ccjDle4V.o
 .group         0x0000000000000000        0xc /tmp/ccjDle4V.o
 .group         0x0000000000000000        0xc /tmp/ccjDle4V.o
 .group         0x0000000000000000        0xc /tmp/ccjDle4V.o
 .group         0x0000000000000000        0xc /tmp/ccjDle4V.o
 .group         0x0000000000000000        0xc /tmp/ccjDle4V.o
 .group         0x0000000000000000        0xc /tmp/ccjDle4V.o
 .group         0x0000000000000000        0xc /tmp/ccjDle4V.o
 .group         0x0000000000000000        0xc /tmp/ccjDle4V.o
 .group         0x0000000000000000        0xc /tmp/ccjDle4V.o
 .group         0x0000000000000000        0xc /tmp/ccjDle4V.o
 .group         0x0000000000000000        0xc /tmp/ccjDle4V.o
 .group         0x0000000000000000        0xc /tmp/ccjDle4V.o
 .group         0x0000000000000000        0xc /tmp/ccjDle4V.o
 .group         0x0000000000000000        0xc /tmp/ccjDle4V.o
 .group         0x0000000000000000        0xc /tmp/ccjDle4V.o
 .group         0x0000000000000000        0xc /tmp/ccjDle4V.o
 .group         0x0000000000000000        0xc /tmp/ccjDle4V.o
 .group         0x0000000000000000        0xc /tmp/ccjDle4V.o
 .group         0x0000000000000000        0xc /tmp/ccjDle4V.o
 .group         0x0000000000000000        0xc /tmp/ccjDle4V.o
 .group         0x0000000000000000        0xc /tmp/ccjDle4V.o
 .group         0x0000000000000000        0xc /tmp/ccjDle4V.o
 .group         0x0000000000000000        0xc /tmp/ccjDle4V.o
 .group         0x0000000000000000        0xc /tmp/ccjDle4V.o
 .group         0x0000000000000000        0xc /tmp/ccjDle4V.o
 .group         0x0000000000000000        0xc /tmp/ccjDle4V.o
 .group         0x0000000000000000        0xc /tmp/ccjDle4V.o
 .group         0x0000000000000000        0xc /tmp/ccjDle4V.o
 .group         0x0000000000000000        0xc /tmp/ccjDle4V.o
 .group         0x0000000000000000        0xc /tmp/ccjDle4V.o
 .group         0x0000000000000000        0xc /tmp/ccjDle4V.o
 .group         0x0000000000000000        0xc /tmp/ccjDle4V.o
 .group         0x0000000000000000        0xc /tmp/ccjDle4V.o
 .group         0x0000000000000000        0xc /tmp/ccjDle4V.o
 .group         0x0000000000000000        0xc /tmp/ccjDle4V.o
 .group         0x0000000000000000        0xc /tmp/ccjDle4V.o
 .group         0x0000000000000000        0xc /tmp/ccjDle4V.o
 .group         0x0000000000000000        0xc /tmp/ccjDle4V.o
 .group         0x0000000000000000        0xc /tmp/ccjDle4V.o
 .group         0x0000000000000000        0xc /tmp/ccjDle4V.o
 .group         0x0000000000000000        0xc /tmp/ccjDle4V.o
 .group         0x0000000000000000        0xc /tmp/ccjDle4V.o
 .group         0x0000000000000000        0xc /tmp/ccjDle4V.o
 .group         0x0000000000000000        0xc /tmp/ccjDle4V.o
 .group         0x0000000000000000        0xc /tmp/ccjDle4V.o
 .group         0x0000000000000000        0xc /tmp/ccjDle4V.o
 .group         0x0000000000000000        0xc /tmp/ccjDle4V.o
 .group         0x0000000000000000        0xc /tmp/ccjDle4V.o
 .text          0x0000000000000000        0x0 /tmp/ccjDle4V.o
 .data          0x0000000000000000        0x0 /tmp/ccjDle4V.o
 .bss           0x0000000000000000        0x0 /tmp/ccjDle4V.o
 .text.spin     0x0000000000000000       0x14 /tmp/ccjDle4V.o
 .text.led_on   0x0000000000000000       0x10 /tmp/ccjDle4V.o
 .text.led_off  0x0000000000000000       0x10 /tmp/ccjDle4V.o
 .text.beep_buzzer
                0x0000000000000000       0x3c /tmp/ccjDle4V.o
 .text.indicate_on_buzzer
                0x0000000000000000       0x3c /tmp/ccjDle4V.o
 .text.indicate_on_led
                0x0000000000000000       0x28 /tmp/ccjDle4V.o
 .text.get_battery_capacity
                0x0000000000000000       0x28 /tmp/ccjDle4V.o
 .rodata._blueLED
                0x0000000000000000        0x2 /tmp/ccjDle4V.o
 .rodata._buzzer
                0x0000000000000000        0x2 /tmp/ccjDle4V.o
 .rodata._vBatt
                0x0000000000000000        0x2 /tmp/ccjDle4V.o
 .rodata._vBatt1
                0x0000000000000000        0x2 /tmp/ccjDle4V.o
 .rodata._vBatt2
                0x0000000000000000        0x2 /tmp/ccjDle4V.o
 .rodata._vBatt3
                0x0000000000000000        0x2 /tmp/ccjDle4V.o
 .debug_macro   0x0000000000000000      0xa6c /tmp/ccjDle4V.o
 .debug_macro   0x0000000000000000       0x22 /tmp/ccjDle4V.o
 .debug_macro   0x0000000000000000       0x4c /tmp/ccjDle4V.o
 .debug_macro   0x0000000000000000       0x1e /tmp/ccjDle4V.o
 .debug_macro   0x0000000000000000       0x94 /tmp/ccjDle4V.o
 .debug_macro   0x0000000000000000       0x3c /tmp/ccjDle4V.o
 .debug_macro   0x0000000000000000      0x103 /tmp/ccjDle4V.o
 .debug_macro   0x0000000000000000       0x3a /tmp/ccjDle4V.o
 .debug_macro   0x0000000000000000       0x57 /tmp/ccjDle4V.o
 .debug_macro   0x0000000000000000       0x6a /tmp/ccjDle4V.o
 .debug_macro   0x0000000000000000      0x1df /tmp/ccjDle4V.o
 .debug_macro   0x0000000000000000       0x82 /tmp/ccjDle4V.o
 .debug_macro   0x0000000000000000      0x460 /tmp/ccjDle4V.o
 .debug_macro   0x0000000000000000       0x22 /tmp/ccjDle4V.o
 .debug_macro   0x0000000000000000       0x1c /tmp/ccjDle4V.o
 .debug_macro   0x0000000000000000       0x97 /tmp/ccjDle4V.o
 .debug_macro   0x0000000000000000      0x341 /tmp/ccjDle4V.o
 .debug_macro   0x0000000000000000       0x8d /tmp/ccjDle4V.o
 .debug_macro   0x0000000000000000       0x10 /tmp/ccjDle4V.o
 .debug_macro   0x0000000000000000       0x16 /tmp/ccjDle4V.o
 .debug_macro   0x0000000000000000       0x43 /tmp/ccjDle4V.o
 .debug_macro   0x0000000000000000       0x34 /tmp/ccjDle4V.o
 .debug_macro   0x0000000000000000       0x10 /tmp/ccjDle4V.o
 .debug_macro   0x0000000000000000       0x58 /tmp/ccjDle4V.o
 .debug_macro   0x0000000000000000       0x71 /tmp/ccjDle4V.o
 .debug_macro   0x0000000000000000       0x1c /tmp/ccjDle4V.o
 .debug_macro   0x0000000000000000      0x12a /tmp/ccjDle4V.o
 .debug_macro   0x0000000000000000       0x10 /tmp/ccjDle4V.o
 .debug_macro   0x0000000000000000       0x1c /tmp/ccjDle4V.o
 .debug_macro   0x0000000000000000       0x52 /tmp/ccjDle4V.o
 .debug_macro   0x0000000000000000       0x22 /tmp/ccjDle4V.o
 .debug_macro   0x0000000000000000       0x10 /tmp/ccjDle4V.o
 .debug_macro   0x0000000000000000       0x52 /tmp/ccjDle4V.o
 .debug_macro   0x0000000000000000       0xd5 /tmp/ccjDle4V.o
 .debug_macro   0x0000000000000000       0x1c /tmp/ccjDle4V.o
 .debug_macro   0x0000000000000000       0x3d /tmp/ccjDle4V.o
 .debug_macro   0x0000000000000000       0x16 /tmp/ccjDle4V.o
 .debug_macro   0x0000000000000000      0x145 /tmp/ccjDle4V.o
 .debug_macro   0x0000000000000000       0x16 /tmp/ccjDle4V.o
 .debug_macro   0x0000000000000000       0x35 /tmp/ccjDle4V.o
 .debug_macro   0x0000000000000000       0x16 /tmp/ccjDle4V.o
 .debug_macro   0x0000000000000000       0x29 /tmp/ccjDle4V.o
 .debug_macro   0x0000000000000000       0x16 /tmp/ccjDle4V.o
 .debug_macro   0x0000000000000000       0x10 /tmp/ccjDle4V.o
 .debug_macro   0x0000000000000000       0x41 /tmp/ccjDle4V.o
 .debug_macro   0x0000000000000000      0x12c /tmp/ccjDle4V.o
 .debug_macro   0x0000000000000000       0x28 /tmp/ccjDle4V.o
 .debug_macro   0x0000000000000000       0x1c /tmp/ccjDle4V.o
 .debug_macro   0x0000000000000000       0x22 /tmp/ccjDle4V.o
 .debug_macro   0x0000000000000000       0xd9 /tmp/ccjDle4V.o
 .debug_macro   0x0000000000000000     0x102d /tmp/ccjDle4V.o
 .debug_macro   0x0000000000000000      0x11f /tmp/ccjDle4V.o
 .debug_macro   0x0000000000000000    0x1cb71 /tmp/ccjDle4V.o
 .debug_macro   0x0000000000000000       0x50 /tmp/ccjDle4V.o
 .text          0x0000000000000000        0x0 /opt/gcc-arm-none-eabi-10.3-2021.10/bin/../lib/gcc/arm-none-eabi/10.3.1/../../../../arm-none-eabi/lib/thumb/v7e-m+fp/hard/libc_nano.a(lib_a-memcpy-stub.o)
 .data          0x0000000000000000        0x0 /opt/gcc-arm-none-eabi-10.3-2021.10/bin/../lib/gcc/arm-none-eabi/10.3.1/../../../../arm-none-eabi/lib/thumb/v7e-m+fp/hard/libc_nano.a(lib_a-memcpy-stub.o)
 .bss           0x0000000000000000        0x0 /opt/gcc-arm-none-eabi-10.3-2021.10/bin/../lib/gcc/arm-none-eabi/10.3.1/../../../../arm-none-eabi/lib/thumb/v7e-m+fp/hard/libc_nano.a(lib_a-memcpy-stub.o)
 .text          0x0000000000000000        0x0 /opt/gcc-arm-none-eabi-10.3-2021.10/bin/../lib/gcc/arm-none-eabi/10.3.1/../../../../arm-none-eabi/lib/thumb/v7e-m+fp/hard/libc_nano.a(lib_a-memset.o)
 .data          0x0000000000000000        0x0 /opt/gcc-arm-none-eabi-10.3-2021.10/bin/../lib/gcc/arm-none-eabi/10.3.1/../../../../arm-none-eabi/lib/thumb/v7e-m+fp/hard/libc_nano.a(lib_a-memset.o)
 .bss           0x0000000000000000        0x0 /opt/gcc-arm-none-eabi-10.3-2021.10/bin/../lib/gcc/arm-none-eabi/10.3.1/../../../../arm-none-eabi/lib/thumb/v7e-m+fp/hard/libc_nano.a(lib_a-memset.o)
 .text          0x0000000000000000        0x0 /opt/gcc-arm-none-eabi-10.3-2021.10/bin/../lib/gcc/arm-none-eabi/10.3.1/../../../../arm-none-eabi/lib/thumb/v7e-m+fp/hard/libc_nano.a(lib_a-printf.o)
 .data          0x0000000000000000        0x0 /opt/gcc-arm-none-eabi-10.3-2021.10/bin/../lib/gcc/arm-none-eabi/10.3.1/../../../../arm-none-eabi/lib/thumb/v7e-m+fp/hard/libc_nano.a(lib_a-printf.o)
 .bss           0x0000000000000000        0x0 /opt/gcc-arm-none-eabi-10.3-2021.10/bin/../lib/gcc/arm-none-eabi/10.3.1/../../../../arm-none-eabi/lib/thumb/v7e-m+fp/hard/libc_nano.a(lib_a-printf.o)
 .text._printf_r
                0x0000000000000000       0x28 /opt/gcc-arm-none-eabi-10.3-2021.10/bin/../lib/gcc/arm-none-eabi/10.3.1/../../../../arm-none-eabi/lib/thumb/v7e-m+fp/hard/libc_nano.a(lib_a-printf.o)
 .text          0x0000000000000000        0x0 /opt/gcc-arm-none-eabi-10.3-2021.10/bin/../lib/gcc/arm-none-eabi/10.3.1/../../../../arm-none-eabi/lib/thumb/v7e-m+fp/hard/libc_nano.a(lib_a-findfp.o)
 .data          0x0000000000000000        0x0 /opt/gcc-arm-none-eabi-10.3-2021.10/bin/../lib/gcc/arm-none-eabi/10.3.1/../../../../arm-none-eabi/lib/thumb/v7e-m+fp/hard/libc_nano.a(lib_a-findfp.o)
 .bss           0x0000000000000000        0x0 /opt/gcc-arm-none-eabi-10.3-2021.10/bin/../lib/gcc/arm-none-eabi/10.3.1/../../../../arm-none-eabi/lib/thumb/v7e-m+fp/hard/libc_nano.a(lib_a-findfp.o)
 .text.__fp_lock
                0x0000000000000000       0x18 /opt/gcc-arm-none-eabi-10.3-2021.10/bin/../lib/gcc/arm-none-eabi/10.3.1/../../../../arm-none-eabi/lib/thumb/v7e-m+fp/hard/libc_nano.a(lib_a-findfp.o)
 .text.__fp_unlock
                0x0000000000000000       0x18 /opt/gcc-arm-none-eabi-10.3-2021.10/bin/../lib/gcc/arm-none-eabi/10.3.1/../../../../arm-none-eabi/lib/thumb/v7e-m+fp/hard/libc_nano.a(lib_a-findfp.o)
 .text._cleanup
                0x0000000000000000        0xc /opt/gcc-arm-none-eabi-10.3-2021.10/bin/../lib/gcc/arm-none-eabi/10.3.1/../../../../arm-none-eabi/lib/thumb/v7e-m+fp/hard/libc_nano.a(lib_a-findfp.o)
 .text.__fp_lock_all
                0x0000000000000000       0x1c /opt/gcc-arm-none-eabi-10.3-2021.10/bin/../lib/gcc/arm-none-eabi/10.3.1/../../../../arm-none-eabi/lib/thumb/v7e-m+fp/hard/libc_nano.a(lib_a-findfp.o)
 .text.__fp_unlock_all
                0x0000000000000000       0x1c /opt/gcc-arm-none-eabi-10.3-2021.10/bin/../lib/gcc/arm-none-eabi/10.3.1/../../../../arm-none-eabi/lib/thumb/v7e-m+fp/hard/libc_nano.a(lib_a-findfp.o)
 .text          0x0000000000000000        0x0 /opt/gcc-arm-none-eabi-10.3-2021.10/bin/../lib/gcc/arm-none-eabi/10.3.1/../../../../arm-none-eabi/lib/thumb/v7e-m+fp/hard/libc_nano.a(lib_a-fwalk.o)
 .data          0x0000000000000000        0x0 /opt/gcc-arm-none-eabi-10.3-2021.10/bin/../lib/gcc/arm-none-eabi/10.3.1/../../../../arm-none-eabi/lib/thumb/v7e-m+fp/hard/libc_nano.a(lib_a-fwalk.o)
 .bss           0x0000000000000000        0x0 /opt/gcc-arm-none-eabi-10.3-2021.10/bin/../lib/gcc/arm-none-eabi/10.3.1/../../../../arm-none-eabi/lib/thumb/v7e-m+fp/hard/libc_nano.a(lib_a-fwalk.o)
 .text._fwalk   0x0000000000000000       0x3a /opt/gcc-arm-none-eabi-10.3-2021.10/bin/../lib/gcc/arm-none-eabi/10.3.1/../../../../arm-none-eabi/lib/thumb/v7e-m+fp/hard/libc_nano.a(lib_a-fwalk.o)
 .text          0x0000000000000000        0x0 /opt/gcc-arm-none-eabi-10.3-2021.10/bin/../lib/gcc/arm-none-eabi/10.3.1/../../../../arm-none-eabi/lib/thumb/v7e-m+fp/hard/libc_nano.a(lib_a-impure.o)
 .data          0x0000000000000000        0x0 /opt/gcc-arm-none-eabi-10.3-2021.10/bin/../lib/gcc/arm-none-eabi/10.3.1/../../../../arm-none-eabi/lib/thumb/v7e-m+fp/hard/libc_nano.a(lib_a-impure.o)
 .bss           0x0000000000000000        0x0 /opt/gcc-arm-none-eabi-10.3-2021.10/bin/../lib/gcc/arm-none-eabi/10.3.1/../../../../arm-none-eabi/lib/thumb/v7e-m+fp/hard/libc_nano.a(lib_a-impure.o)
 .text          0x0000000000000000        0x0 /opt/gcc-arm-none-eabi-10.3-2021.10/bin/../lib/gcc/arm-none-eabi/10.3.1/../../../../arm-none-eabi/lib/thumb/v7e-m+fp/hard/libc_nano.a(lib_a-lock.o)
 .data          0x0000000000000000        0x0 /opt/gcc-arm-none-eabi-10.3-2021.10/bin/../lib/gcc/arm-none-eabi/10.3.1/../../../../arm-none-eabi/lib/thumb/v7e-m+fp/hard/libc_nano.a(lib_a-lock.o)
 .bss           0x0000000000000000        0x0 /opt/gcc-arm-none-eabi-10.3-2021.10/bin/../lib/gcc/arm-none-eabi/10.3.1/../../../../arm-none-eabi/lib/thumb/v7e-m+fp/hard/libc_nano.a(lib_a-lock.o)
 .text.__retarget_lock_init
                0x0000000000000000        0x2 /opt/gcc-arm-none-eabi-10.3-2021.10/bin/../lib/gcc/arm-none-eabi/10.3.1/../../../../arm-none-eabi/lib/thumb/v7e-m+fp/hard/libc_nano.a(lib_a-lock.o)
 .text.__retarget_lock_close
                0x0000000000000000        0x2 /opt/gcc-arm-none-eabi-10.3-2021.10/bin/../lib/gcc/arm-none-eabi/10.3.1/../../../../arm-none-eabi/lib/thumb/v7e-m+fp/hard/libc_nano.a(lib_a-lock.o)
 .text.__retarget_lock_close_recursive
                0x0000000000000000        0x2 /opt/gcc-arm-none-eabi-10.3-2021.10/bin/../lib/gcc/arm-none-eabi/10.3.1/../../../../arm-none-eabi/lib/thumb/v7e-m+fp/hard/libc_nano.a(lib_a-lock.o)
 .text.__retarget_lock_acquire
                0x0000000000000000        0x2 /opt/gcc-arm-none-eabi-10.3-2021.10/bin/../lib/gcc/arm-none-eabi/10.3.1/../../../../arm-none-eabi/lib/thumb/v7e-m+fp/hard/libc_nano.a(lib_a-lock.o)
 .text.__retarget_lock_try_acquire
                0x0000000000000000        0x4 /opt/gcc-arm-none-eabi-10.3-2021.10/bin/../lib/gcc/arm-none-eabi/10.3.1/../../../../arm-none-eabi/lib/thumb/v7e-m+fp/hard/libc_nano.a(lib_a-lock.o)
 .text.__retarget_lock_try_acquire_recursive
                0x0000000000000000        0x4 /opt/gcc-arm-none-eabi-10.3-2021.10/bin/../lib/gcc/arm-none-eabi/10.3.1/../../../../arm-none-eabi/lib/thumb/v7e-m+fp/hard/libc_nano.a(lib_a-lock.o)
 .text.__retarget_lock_release
                0x0000000000000000        0x2 /opt/gcc-arm-none-eabi-10.3-2021.10/bin/../lib/gcc/arm-none-eabi/10.3.1/../../../../arm-none-eabi/lib/thumb/v7e-m+fp/hard/libc_nano.a(lib_a-lock.o)
 .bss.__lock___arc4random_mutex
                0x0000000000000000        0x1 /opt/gcc-arm-none-eabi-10.3-2021.10/bin/../lib/gcc/arm-none-eabi/10.3.1/../../../../arm-none-eabi/lib/thumb/v7e-m+fp/hard/libc_nano.a(lib_a-lock.o)
 .bss.__lock___at_quick_exit_mutex
                0x0000000000000000        0x1 /opt/gcc-arm-none-eabi-10.3-2021.10/bin/../lib/gcc/arm-none-eabi/10.3.1/../../../../arm-none-eabi/lib/thumb/v7e-m+fp/hard/libc_nano.a(lib_a-lock.o)
 .bss.__lock___atexit_recursive_mutex
                0x0000000000000000        0x1 /opt/gcc-arm-none-eabi-10.3-2021.10/bin/../lib/gcc/arm-none-eabi/10.3.1/../../../../arm-none-eabi/lib/thumb/v7e-m+fp/hard/libc_nano.a(lib_a-lock.o)
 .bss.__lock___dd_hash_mutex
                0x0000000000000000        0x1 /opt/gcc-arm-none-eabi-10.3-2021.10/bin/../lib/gcc/arm-none-eabi/10.3.1/../../../../arm-none-eabi/lib/thumb/v7e-m+fp/hard/libc_nano.a(lib_a-lock.o)
 .bss.__lock___env_recursive_mutex
                0x0000000000000000        0x1 /opt/gcc-arm-none-eabi-10.3-2021.10/bin/../lib/gcc/arm-none-eabi/10.3.1/../../../../arm-none-eabi/lib/thumb/v7e-m+fp/hard/libc_nano.a(lib_a-lock.o)
 .bss.__lock___tz_mutex
                0x0000000000000000        0x1 /opt/gcc-arm-none-eabi-10.3-2021.10/bin/../lib/gcc/arm-none-eabi/10.3.1/../../../../arm-none-eabi/lib/thumb/v7e-m+fp/hard/libc_nano.a(lib_a-lock.o)
 .text          0x0000000000000000        0x0 /opt/gcc-arm-none-eabi-10.3-2021.10/bin/../lib/gcc/arm-none-eabi/10.3.1/../../../../arm-none-eabi/lib/thumb/v7e-m+fp/hard/libc_nano.a(lib_a-nano-mallocr.o)
 .data          0x0000000000000000        0x0 /opt/gcc-arm-none-eabi-10.3-2021.10/bin/../lib/gcc/arm-none-eabi/10.3.1/../../../../arm-none-eabi/lib/thumb/v7e-m+fp/hard/libc_nano.a(lib_a-nano-mallocr.o)
 .bss           0x0000000000000000        0x0 /opt/gcc-arm-none-eabi-10.3-2021.10/bin/../lib/gcc/arm-none-eabi/10.3.1/../../../../arm-none-eabi/lib/thumb/v7e-m+fp/hard/libc_nano.a(lib_a-nano-mallocr.o)
 .text          0x0000000000000000        0x0 /opt/gcc-arm-none-eabi-10.3-2021.10/bin/../lib/gcc/arm-none-eabi/10.3.1/../../../../arm-none-eabi/lib/thumb/v7e-m+fp/hard/libc_nano.a(lib_a-nano-vfprintf.o)
 .data          0x0000000000000000        0x0 /opt/gcc-arm-none-eabi-10.3-2021.10/bin/../lib/gcc/arm-none-eabi/10.3.1/../../../../arm-none-eabi/lib/thumb/v7e-m+fp/hard/libc_nano.a(lib_a-nano-vfprintf.o)
 .bss           0x0000000000000000        0x0 /opt/gcc-arm-none-eabi-10.3-2021.10/bin/../lib/gcc/arm-none-eabi/10.3.1/../../../../arm-none-eabi/lib/thumb/v7e-m+fp/hard/libc_nano.a(lib_a-nano-vfprintf.o)
 .text.__sprint_r
                0x0000000000000000       0x1a /opt/gcc-arm-none-eabi-10.3-2021.10/bin/../lib/gcc/arm-none-eabi/10.3.1/../../../../arm-none-eabi/lib/thumb/v7e-m+fp/hard/libc_nano.a(lib_a-nano-vfprintf.o)
 .text.vfprintf
                0x0000000000000000       0x14 /opt/gcc-arm-none-eabi-10.3-2021.10/bin/../lib/gcc/arm-none-eabi/10.3.1/../../../../arm-none-eabi/lib/thumb/v7e-m+fp/hard/libc_nano.a(lib_a-nano-vfprintf.o)
 .text          0x0000000000000000        0x0 /opt/gcc-arm-none-eabi-10.3-2021.10/bin/../lib/gcc/arm-none-eabi/10.3.1/../../../../arm-none-eabi/lib/thumb/v7e-m+fp/hard/libc_nano.a(lib_a-nano-vfprintf_i.o)
 .data          0x0000000000000000        0x0 /opt/gcc-arm-none-eabi-10.3-2021.10/bin/../lib/gcc/arm-none-eabi/10.3.1/../../../../arm-none-eabi/lib/thumb/v7e-m+fp/hard/libc_nano.a(lib_a-nano-vfprintf_i.o)
 .bss           0x0000000000000000        0x0 /opt/gcc-arm-none-eabi-10.3-2021.10/bin/../lib/gcc/arm-none-eabi/10.3.1/../../../../arm-none-eabi/lib/thumb/v7e-m+fp/hard/libc_nano.a(lib_a-nano-vfprintf_i.o)
 .text          0x0000000000000000        0x0 /opt/gcc-arm-none-eabi-10.3-2021.10/bin/../lib/gcc/arm-none-eabi/10.3.1/../../../../arm-none-eabi/lib/thumb/v7e-m+fp/hard/libc_nano.a(lib_a-sbrkr.o)
 .data          0x0000000000000000        0x0 /opt/gcc-arm-none-eabi-10.3-2021.10/bin/../lib/gcc/arm-none-eabi/10.3.1/../../../../arm-none-eabi/lib/thumb/v7e-m+fp/hard/libc_nano.a(lib_a-sbrkr.o)
 .bss           0x0000000000000000        0x0 /opt/gcc-arm-none-eabi-10.3-2021.10/bin/../lib/gcc/arm-none-eabi/10.3.1/../../../../arm-none-eabi/lib/thumb/v7e-m+fp/hard/libc_nano.a(lib_a-sbrkr.o)
 .text          0x0000000000000000        0x0 /opt/gcc-arm-none-eabi-10.3-2021.10/bin/../lib/gcc/arm-none-eabi/10.3.1/../../../../arm-none-eabi/lib/thumb/v7e-m+fp/hard/libc_nano.a(lib_a-stdio.o)
 .data          0x0000000000000000        0x0 /opt/gcc-arm-none-eabi-10.3-2021.10/bin/../lib/gcc/arm-none-eabi/10.3.1/../../../../arm-none-eabi/lib/thumb/v7e-m+fp/hard/libc_nano.a(lib_a-stdio.o)
 .bss           0x0000000000000000        0x0 /opt/gcc-arm-none-eabi-10.3-2021.10/bin/../lib/gcc/arm-none-eabi/10.3.1/../../../../arm-none-eabi/lib/thumb/v7e-m+fp/hard/libc_nano.a(lib_a-stdio.o)
 .text.__seofread
                0x0000000000000000        0x4 /opt/gcc-arm-none-eabi-10.3-2021.10/bin/../lib/gcc/arm-none-eabi/10.3.1/../../../../arm-none-eabi/lib/thumb/v7e-m+fp/hard/libc_nano.a(lib_a-stdio.o)
 .text          0x0000000000000000        0x0 /opt/gcc-arm-none-eabi-10.3-2021.10/bin/../lib/gcc/arm-none-eabi/10.3.1/../../../../arm-none-eabi/lib/thumb/v7e-m+fp/hard/libc_nano.a(lib_a-wbuf.o)
 .data          0x0000000000000000        0x0 /opt/gcc-arm-none-eabi-10.3-2021.10/bin/../lib/gcc/arm-none-eabi/10.3.1/../../../../arm-none-eabi/lib/thumb/v7e-m+fp/hard/libc_nano.a(lib_a-wbuf.o)
 .bss           0x0000000000000000        0x0 /opt/gcc-arm-none-eabi-10.3-2021.10/bin/../lib/gcc/arm-none-eabi/10.3.1/../../../../arm-none-eabi/lib/thumb/v7e-m+fp/hard/libc_nano.a(lib_a-wbuf.o)
 .text.__swbuf  0x0000000000000000       0x10 /opt/gcc-arm-none-eabi-10.3-2021.10/bin/../lib/gcc/arm-none-eabi/10.3.1/../../../../arm-none-eabi/lib/thumb/v7e-m+fp/hard/libc_nano.a(lib_a-wbuf.o)
 .text          0x0000000000000000        0x0 /opt/gcc-arm-none-eabi-10.3-2021.10/bin/../lib/gcc/arm-none-eabi/10.3.1/../../../../arm-none-eabi/lib/thumb/v7e-m+fp/hard/libc_nano.a(lib_a-writer.o)
 .data          0x0000000000000000        0x0 /opt/gcc-arm-none-eabi-10.3-2021.10/bin/../lib/gcc/arm-none-eabi/10.3.1/../../../../arm-none-eabi/lib/thumb/v7e-m+fp/hard/libc_nano.a(lib_a-writer.o)
 .bss           0x0000000000000000        0x0 /opt/gcc-arm-none-eabi-10.3-2021.10/bin/../lib/gcc/arm-none-eabi/10.3.1/../../../../arm-none-eabi/lib/thumb/v7e-m+fp/hard/libc_nano.a(lib_a-writer.o)
 .text          0x0000000000000000        0x0 /opt/gcc-arm-none-eabi-10.3-2021.10/bin/../lib/gcc/arm-none-eabi/10.3.1/../../../../arm-none-eabi/lib/thumb/v7e-m+fp/hard/libc_nano.a(lib_a-wsetup.o)
 .data          0x0000000000000000        0x0 /opt/gcc-arm-none-eabi-10.3-2021.10/bin/../lib/gcc/arm-none-eabi/10.3.1/../../../../arm-none-eabi/lib/thumb/v7e-m+fp/hard/libc_nano.a(lib_a-wsetup.o)
 .bss           0x0000000000000000        0x0 /opt/gcc-arm-none-eabi-10.3-2021.10/bin/../lib/gcc/arm-none-eabi/10.3.1/../../../../arm-none-eabi/lib/thumb/v7e-m+fp/hard/libc_nano.a(lib_a-wsetup.o)
 .text          0x0000000000000000        0x0 /opt/gcc-arm-none-eabi-10.3-2021.10/bin/../lib/gcc/arm-none-eabi/10.3.1/../../../../arm-none-eabi/lib/thumb/v7e-m+fp/hard/libc_nano.a(lib_a-closer.o)
 .data          0x0000000000000000        0x0 /opt/gcc-arm-none-eabi-10.3-2021.10/bin/../lib/gcc/arm-none-eabi/10.3.1/../../../../arm-none-eabi/lib/thumb/v7e-m+fp/hard/libc_nano.a(lib_a-closer.o)
 .bss           0x0000000000000000        0x0 /opt/gcc-arm-none-eabi-10.3-2021.10/bin/../lib/gcc/arm-none-eabi/10.3.1/../../../../arm-none-eabi/lib/thumb/v7e-m+fp/hard/libc_nano.a(lib_a-closer.o)
 .text          0x0000000000000000        0x0 /opt/gcc-arm-none-eabi-10.3-2021.10/bin/../lib/gcc/arm-none-eabi/10.3.1/../../../../arm-none-eabi/lib/thumb/v7e-m+fp/hard/libc_nano.a(lib_a-fflush.o)
 .data          0x0000000000000000        0x0 /opt/gcc-arm-none-eabi-10.3-2021.10/bin/../lib/gcc/arm-none-eabi/10.3.1/../../../../arm-none-eabi/lib/thumb/v7e-m+fp/hard/libc_nano.a(lib_a-fflush.o)
 .bss           0x0000000000000000        0x0 /opt/gcc-arm-none-eabi-10.3-2021.10/bin/../lib/gcc/arm-none-eabi/10.3.1/../../../../arm-none-eabi/lib/thumb/v7e-m+fp/hard/libc_nano.a(lib_a-fflush.o)
 .text.fflush   0x0000000000000000       0x24 /opt/gcc-arm-none-eabi-10.3-2021.10/bin/../lib/gcc/arm-none-eabi/10.3.1/../../../../arm-none-eabi/lib/thumb/v7e-m+fp/hard/libc_nano.a(lib_a-fflush.o)
 .text          0x0000000000000000        0x0 /opt/gcc-arm-none-eabi-10.3-2021.10/bin/../lib/gcc/arm-none-eabi/10.3.1/../../../../arm-none-eabi/lib/thumb/v7e-m+fp/hard/libc_nano.a(lib_a-fvwrite.o)
 .data          0x0000000000000000        0x0 /opt/gcc-arm-none-eabi-10.3-2021.10/bin/../lib/gcc/arm-none-eabi/10.3.1/../../../../arm-none-eabi/lib/thumb/v7e-m+fp/hard/libc_nano.a(lib_a-fvwrite.o)
 .bss           0x0000000000000000        0x0 /opt/gcc-arm-none-eabi-10.3-2021.10/bin/../lib/gcc/arm-none-eabi/10.3.1/../../../../arm-none-eabi/lib/thumb/v7e-m+fp/hard/libc_nano.a(lib_a-fvwrite.o)
 .text.__sfvwrite_r
                0x0000000000000000      0x294 /opt/gcc-arm-none-eabi-10.3-2021.10/bin/../lib/gcc/arm-none-eabi/10.3.1/../../../../arm-none-eabi/lib/thumb/v7e-m+fp/hard/libc_nano.a(lib_a-fvwrite.o)
 .debug_frame   0x0000000000000000       0x3c /opt/gcc-arm-none-eabi-10.3-2021.10/bin/../lib/gcc/arm-none-eabi/10.3.1/../../../../arm-none-eabi/lib/thumb/v7e-m+fp/hard/libc_nano.a(lib_a-fvwrite.o)
 .ARM.attributes
                0x0000000000000000       0x34 /opt/gcc-arm-none-eabi-10.3-2021.10/bin/../lib/gcc/arm-none-eabi/10.3.1/../../../../arm-none-eabi/lib/thumb/v7e-m+fp/hard/libc_nano.a(lib_a-fvwrite.o)
 .text          0x0000000000000000        0x0 /opt/gcc-arm-none-eabi-10.3-2021.10/bin/../lib/gcc/arm-none-eabi/10.3.1/../../../../arm-none-eabi/lib/thumb/v7e-m+fp/hard/libc_nano.a(lib_a-lseekr.o)
 .data          0x0000000000000000        0x0 /opt/gcc-arm-none-eabi-10.3-2021.10/bin/../lib/gcc/arm-none-eabi/10.3.1/../../../../arm-none-eabi/lib/thumb/v7e-m+fp/hard/libc_nano.a(lib_a-lseekr.o)
 .bss           0x0000000000000000        0x0 /opt/gcc-arm-none-eabi-10.3-2021.10/bin/../lib/gcc/arm-none-eabi/10.3.1/../../../../arm-none-eabi/lib/thumb/v7e-m+fp/hard/libc_nano.a(lib_a-lseekr.o)
 .text          0x0000000000000000        0x0 /opt/gcc-arm-none-eabi-10.3-2021.10/bin/../lib/gcc/arm-none-eabi/10.3.1/../../../../arm-none-eabi/lib/thumb/v7e-m+fp/hard/libc_nano.a(lib_a-makebuf.o)
 .data          0x0000000000000000        0x0 /opt/gcc-arm-none-eabi-10.3-2021.10/bin/../lib/gcc/arm-none-eabi/10.3.1/../../../../arm-none-eabi/lib/thumb/v7e-m+fp/hard/libc_nano.a(lib_a-makebuf.o)
 .bss           0x0000000000000000        0x0 /opt/gcc-arm-none-eabi-10.3-2021.10/bin/../lib/gcc/arm-none-eabi/10.3.1/../../../../arm-none-eabi/lib/thumb/v7e-m+fp/hard/libc_nano.a(lib_a-makebuf.o)
 .data          0x0000000000000000        0x0 /opt/gcc-arm-none-eabi-10.3-2021.10/bin/../lib/gcc/arm-none-eabi/10.3.1/../../../../arm-none-eabi/lib/thumb/v7e-m+fp/hard/libc_nano.a(lib_a-memchr.o)
 .bss           0x0000000000000000        0x0 /opt/gcc-arm-none-eabi-10.3-2021.10/bin/../lib/gcc/arm-none-eabi/10.3.1/../../../../arm-none-eabi/lib/thumb/v7e-m+fp/hard/libc_nano.a(lib_a-memchr.o)
 .text          0x0000000000000000        0x0 /opt/gcc-arm-none-eabi-10.3-2021.10/bin/../lib/gcc/arm-none-eabi/10.3.1/../../../../arm-none-eabi/lib/thumb/v7e-m+fp/hard/libc_nano.a(lib_a-memmove.o)
 .data          0x0000000000000000        0x0 /opt/gcc-arm-none-eabi-10.3-2021.10/bin/../lib/gcc/arm-none-eabi/10.3.1/../../../../arm-none-eabi/lib/thumb/v7e-m+fp/hard/libc_nano.a(lib_a-memmove.o)
 .bss           0x0000000000000000        0x0 /opt/gcc-arm-none-eabi-10.3-2021.10/bin/../lib/gcc/arm-none-eabi/10.3.1/../../../../arm-none-eabi/lib/thumb/v7e-m+fp/hard/libc_nano.a(lib_a-memmove.o)
 .text.memmove  0x0000000000000000       0x34 /opt/gcc-arm-none-eabi-10.3-2021.10/bin/../lib/gcc/arm-none-eabi/10.3.1/../../../../arm-none-eabi/lib/thumb/v7e-m+fp/hard/libc_nano.a(lib_a-memmove.o)
 .debug_frame   0x0000000000000000       0x28 /opt/gcc-arm-none-eabi-10.3-2021.10/bin/../lib/gcc/arm-none-eabi/10.3.1/../../../../arm-none-eabi/lib/thumb/v7e-m+fp/hard/libc_nano.a(lib_a-memmove.o)
 .ARM.attributes
                0x0000000000000000       0x34 /opt/gcc-arm-none-eabi-10.3-2021.10/bin/../lib/gcc/arm-none-eabi/10.3.1/../../../../arm-none-eabi/lib/thumb/v7e-m+fp/hard/libc_nano.a(lib_a-memmove.o)
 .text          0x0000000000000000        0x0 /opt/gcc-arm-none-eabi-10.3-2021.10/bin/../lib/gcc/arm-none-eabi/10.3.1/../../../../arm-none-eabi/lib/thumb/v7e-m+fp/hard/libc_nano.a(lib_a-mlock.o)
 .data          0x0000000000000000        0x0 /opt/gcc-arm-none-eabi-10.3-2021.10/bin/../lib/gcc/arm-none-eabi/10.3.1/../../../../arm-none-eabi/lib/thumb/v7e-m+fp/hard/libc_nano.a(lib_a-mlock.o)
 .bss           0x0000000000000000        0x0 /opt/gcc-arm-none-eabi-10.3-2021.10/bin/../lib/gcc/arm-none-eabi/10.3.1/../../../../arm-none-eabi/lib/thumb/v7e-m+fp/hard/libc_nano.a(lib_a-mlock.o)
 .text          0x0000000000000000        0x0 /opt/gcc-arm-none-eabi-10.3-2021.10/bin/../lib/gcc/arm-none-eabi/10.3.1/../../../../arm-none-eabi/lib/thumb/v7e-m+fp/hard/libc_nano.a(lib_a-nano-freer.o)
 .data          0x0000000000000000        0x0 /opt/gcc-arm-none-eabi-10.3-2021.10/bin/../lib/gcc/arm-none-eabi/10.3.1/../../../../arm-none-eabi/lib/thumb/v7e-m+fp/hard/libc_nano.a(lib_a-nano-freer.o)
 .bss           0x0000000000000000        0x0 /opt/gcc-arm-none-eabi-10.3-2021.10/bin/../lib/gcc/arm-none-eabi/10.3.1/../../../../arm-none-eabi/lib/thumb/v7e-m+fp/hard/libc_nano.a(lib_a-nano-freer.o)
 .text          0x0000000000000000        0x0 /opt/gcc-arm-none-eabi-10.3-2021.10/bin/../lib/gcc/arm-none-eabi/10.3.1/../../../../arm-none-eabi/lib/thumb/v7e-m+fp/hard/libc_nano.a(lib_a-nano-reallocr.o)
 .data          0x0000000000000000        0x0 /opt/gcc-arm-none-eabi-10.3-2021.10/bin/../lib/gcc/arm-none-eabi/10.3.1/../../../../arm-none-eabi/lib/thumb/v7e-m+fp/hard/libc_nano.a(lib_a-nano-reallocr.o)
 .bss           0x0000000000000000        0x0 /opt/gcc-arm-none-eabi-10.3-2021.10/bin/../lib/gcc/arm-none-eabi/10.3.1/../../../../arm-none-eabi/lib/thumb/v7e-m+fp/hard/libc_nano.a(lib_a-nano-reallocr.o)
 .text._realloc_r
                0x0000000000000000       0x5e /opt/gcc-arm-none-eabi-10.3-2021.10/bin/../lib/gcc/arm-none-eabi/10.3.1/../../../../arm-none-eabi/lib/thumb/v7e-m+fp/hard/libc_nano.a(lib_a-nano-reallocr.o)
 .debug_frame   0x0000000000000000       0x3c /opt/gcc-arm-none-eabi-10.3-2021.10/bin/../lib/gcc/arm-none-eabi/10.3.1/../../../../arm-none-eabi/lib/thumb/v7e-m+fp/hard/libc_nano.a(lib_a-nano-reallocr.o)
 .ARM.attributes
                0x0000000000000000       0x34 /opt/gcc-arm-none-eabi-10.3-2021.10/bin/../lib/gcc/arm-none-eabi/10.3.1/../../../../arm-none-eabi/lib/thumb/v7e-m+fp/hard/libc_nano.a(lib_a-nano-reallocr.o)
 .text          0x0000000000000000        0x0 /opt/gcc-arm-none-eabi-10.3-2021.10/bin/../lib/gcc/arm-none-eabi/10.3.1/../../../../arm-none-eabi/lib/thumb/v7e-m+fp/hard/libc_nano.a(lib_a-readr.o)
 .data          0x0000000000000000        0x0 /opt/gcc-arm-none-eabi-10.3-2021.10/bin/../lib/gcc/arm-none-eabi/10.3.1/../../../../arm-none-eabi/lib/thumb/v7e-m+fp/hard/libc_nano.a(lib_a-readr.o)
 .bss           0x0000000000000000        0x0 /opt/gcc-arm-none-eabi-10.3-2021.10/bin/../lib/gcc/arm-none-eabi/10.3.1/../../../../arm-none-eabi/lib/thumb/v7e-m+fp/hard/libc_nano.a(lib_a-readr.o)
 .text          0x0000000000000000        0x0 /opt/gcc-arm-none-eabi-10.3-2021.10/bin/../lib/gcc/arm-none-eabi/10.3.1/../../../../arm-none-eabi/lib/thumb/v7e-m+fp/hard/libc_nano.a(lib_a-reent.o)
 .data          0x0000000000000000        0x0 /opt/gcc-arm-none-eabi-10.3-2021.10/bin/../lib/gcc/arm-none-eabi/10.3.1/../../../../arm-none-eabi/lib/thumb/v7e-m+fp/hard/libc_nano.a(lib_a-reent.o)
 .bss           0x0000000000000000        0x0 /opt/gcc-arm-none-eabi-10.3-2021.10/bin/../lib/gcc/arm-none-eabi/10.3.1/../../../../arm-none-eabi/lib/thumb/v7e-m+fp/hard/libc_nano.a(lib_a-reent.o)
 .text.cleanup_glue
                0x0000000000000000       0x1a /opt/gcc-arm-none-eabi-10.3-2021.10/bin/../lib/gcc/arm-none-eabi/10.3.1/../../../../arm-none-eabi/lib/thumb/v7e-m+fp/hard/libc_nano.a(lib_a-reent.o)
 .text._reclaim_reent
                0x0000000000000000       0xb8 /opt/gcc-arm-none-eabi-10.3-2021.10/bin/../lib/gcc/arm-none-eabi/10.3.1/../../../../arm-none-eabi/lib/thumb/v7e-m+fp/hard/libc_nano.a(lib_a-reent.o)
 .text          0x0000000000000000        0x0 /opt/gcc-arm-none-eabi-10.3-2021.10/bin/../lib/gcc/arm-none-eabi/10.3.1/../../../../arm-none-eabi/lib/thumb/v7e-m+fp/hard/libc_nano.a(lib_a-fstatr.o)
 .data          0x0000000000000000        0x0 /opt/gcc-arm-none-eabi-10.3-2021.10/bin/../lib/gcc/arm-none-eabi/10.3.1/../../../../arm-none-eabi/lib/thumb/v7e-m+fp/hard/libc_nano.a(lib_a-fstatr.o)
 .bss           0x0000000000000000        0x0 /opt/gcc-arm-none-eabi-10.3-2021.10/bin/../lib/gcc/arm-none-eabi/10.3.1/../../../../arm-none-eabi/lib/thumb/v7e-m+fp/hard/libc_nano.a(lib_a-fstatr.o)
 .text          0x0000000000000000        0x0 /opt/gcc-arm-none-eabi-10.3-2021.10/bin/../lib/gcc/arm-none-eabi/10.3.1/../../../../arm-none-eabi/lib/thumb/v7e-m+fp/hard/libc_nano.a(lib_a-isattyr.o)
 .data          0x0000000000000000        0x0 /opt/gcc-arm-none-eabi-10.3-2021.10/bin/../lib/gcc/arm-none-eabi/10.3.1/../../../../arm-none-eabi/lib/thumb/v7e-m+fp/hard/libc_nano.a(lib_a-isattyr.o)
 .bss           0x0000000000000000        0x0 /opt/gcc-arm-none-eabi-10.3-2021.10/bin/../lib/gcc/arm-none-eabi/10.3.1/../../../../arm-none-eabi/lib/thumb/v7e-m+fp/hard/libc_nano.a(lib_a-isattyr.o)
 .text          0x0000000000000000        0x0 /opt/gcc-arm-none-eabi-10.3-2021.10/bin/../lib/gcc/arm-none-eabi/10.3.1/../../../../arm-none-eabi/lib/thumb/v7e-m+fp/hard/libc_nano.a(lib_a-nano-msizer.o)
 .data          0x0000000000000000        0x0 /opt/gcc-arm-none-eabi-10.3-2021.10/bin/../lib/gcc/arm-none-eabi/10.3.1/../../../../arm-none-eabi/lib/thumb/v7e-m+fp/hard/libc_nano.a(lib_a-nano-msizer.o)
 .bss           0x0000000000000000        0x0 /opt/gcc-arm-none-eabi-10.3-2021.10/bin/../lib/gcc/arm-none-eabi/10.3.1/../../../../arm-none-eabi/lib/thumb/v7e-m+fp/hard/libc_nano.a(lib_a-nano-msizer.o)
 .text._malloc_usable_size_r
                0x0000000000000000       0x10 /opt/gcc-arm-none-eabi-10.3-2021.10/bin/../lib/gcc/arm-none-eabi/10.3.1/../../../../arm-none-eabi/lib/thumb/v7e-m+fp/hard/libc_nano.a(lib_a-nano-msizer.o)
 .debug_frame   0x0000000000000000       0x20 /opt/gcc-arm-none-eabi-10.3-2021.10/bin/../lib/gcc/arm-none-eabi/10.3.1/../../../../arm-none-eabi/lib/thumb/v7e-m+fp/hard/libc_nano.a(lib_a-nano-msizer.o)
 .ARM.attributes
                0x0000000000000000       0x34 /opt/gcc-arm-none-eabi-10.3-2021.10/bin/../lib/gcc/arm-none-eabi/10.3.1/../../../../arm-none-eabi/lib/thumb/v7e-m+fp/hard/libc_nano.a(lib_a-nano-msizer.o)

Memory Configuration

Name             Origin             Length             Attributes
flash            0x0000000008000000 0x0000000000200000 xr
sram             0x0000000020000000 0x0000000000030000 xrw
*default*        0x0000000000000000 0xffffffffffffffff

Linker script and memory map

LOAD /tmp/cckR93w8.o
LOAD /tmp/ccOpYrz3.o
LOAD /tmp/ccoFHDxZ.o
LOAD /tmp/ccjDle4V.o
LOAD /opt/gcc-arm-none-eabi-10.3-2021.10/bin/../lib/gcc/arm-none-eabi/10.3.1/../../../../arm-none-eabi/lib/thumb/v7e-m+fp/hard/libc_nano.a
LOAD /opt/gcc-arm-none-eabi-10.3-2021.10/bin/../lib/gcc/arm-none-eabi/10.3.1/thumb/v7e-m+fp/hard/libgcc.a
                0x0000000020030000                _estack = (ORIGIN (sram) + LENGTH (sram))

.vectors        0x0000000008000000      0x1bc
 *(.vectors)
 .vectors       0x0000000008000000      0x1bc /tmp/ccOpYrz3.o
                0x0000000008000000                tab

.text           0x00000000080001c0     0x13a8
 *(.text*)
 .text.SysTick_Handler
                0x00000000080001c0       0x10 /tmp/cckR93w8.o
                0x00000000080001c0                SysTick_Handler
 .text.startup.main
                0x00000000080001d0       0x44 /tmp/cckR93w8.o
                0x00000000080001d0                main
 .text._reset   0x0000000008000214       0x50 /tmp/ccOpYrz3.o
                0x0000000008000214                _reset
 .text._fstat   0x0000000008000264       0x12 /tmp/ccoFHDxZ.o
                0x0000000008000264                _fstat
 *fill*         0x0000000008000276        0x2 
 .text._sbrk    0x0000000008000278       0x1c /tmp/ccoFHDxZ.o
                0x0000000008000278                _sbrk
 .text._close   0x0000000008000294        0x6 /tmp/ccoFHDxZ.o
                0x0000000008000294                _close
 .text._isatty  0x000000000800029a        0x4 /tmp/ccoFHDxZ.o
                0x000000000800029a                _isatty
 .text._lseek   0x000000000800029e        0x4 /tmp/ccoFHDxZ.o
                0x000000000800029e                _lseek
 .text._read    0x00000000080002a2        0x6 /tmp/ccoFHDxZ.o
                0x00000000080002a2                _read
 .text._write   0x00000000080002a8       0x34 /tmp/ccoFHDxZ.o
                0x00000000080002a8                _write
 .text.gpio_set_mode
                0x00000000080002dc       0x34 /tmp/ccjDle4V.o
 .text.gpio_set_af
                0x0000000008000310       0x2e /tmp/ccjDle4V.o
 *fill*         0x000000000800033e        0x2 
 .text.uart_init.constprop.0
                0x0000000008000340       0xc4 /tmp/ccjDle4V.o
 .text.init_internals
                0x0000000008000404      0x110 /tmp/ccjDle4V.o
                0x0000000008000404                init_internals
 .text.init_peripherals
                0x0000000008000514       0x30 /tmp/ccjDle4V.o
                0x0000000008000514                init_peripherals
 .text.init_STM32
                0x0000000008000544       0x30 /tmp/ccjDle4V.o
                0x0000000008000544                init_STM32
 .text.memcpy   0x0000000008000574       0x1c /opt/gcc-arm-none-eabi-10.3-2021.10/bin/../lib/gcc/arm-none-eabi/10.3.1/../../../../arm-none-eabi/lib/thumb/v7e-m+fp/hard/libc_nano.a(lib_a-memcpy-stub.o)
                0x0000000008000574                memcpy
 .text.memset   0x0000000008000590       0x10 /opt/gcc-arm-none-eabi-10.3-2021.10/bin/../lib/gcc/arm-none-eabi/10.3.1/../../../../arm-none-eabi/lib/thumb/v7e-m+fp/hard/libc_nano.a(lib_a-memset.o)
                0x0000000008000590                memset
 .text.printf   0x00000000080005a0       0x30 /opt/gcc-arm-none-eabi-10.3-2021.10/bin/../lib/gcc/arm-none-eabi/10.3.1/../../../../arm-none-eabi/lib/thumb/v7e-m+fp/hard/libc_nano.a(lib_a-printf.o)
                0x00000000080005a0                printf
                0x00000000080005a0                iprintf
 .text.std      0x00000000080005d0       0x48 /opt/gcc-arm-none-eabi-10.3-2021.10/bin/../lib/gcc/arm-none-eabi/10.3.1/../../../../arm-none-eabi/lib/thumb/v7e-m+fp/hard/libc_nano.a(lib_a-findfp.o)
 .text._cleanup_r
                0x0000000008000618        0xc /opt/gcc-arm-none-eabi-10.3-2021.10/bin/../lib/gcc/arm-none-eabi/10.3.1/../../../../arm-none-eabi/lib/thumb/v7e-m+fp/hard/libc_nano.a(lib_a-findfp.o)
                0x0000000008000618                _cleanup_r
 .text.__sfmoreglue
                0x0000000008000624       0x2c /opt/gcc-arm-none-eabi-10.3-2021.10/bin/../lib/gcc/arm-none-eabi/10.3.1/../../../../arm-none-eabi/lib/thumb/v7e-m+fp/hard/libc_nano.a(lib_a-findfp.o)
                0x0000000008000624                __sfmoreglue
 .text.__sfp_lock_acquire
                0x0000000008000650        0xc /opt/gcc-arm-none-eabi-10.3-2021.10/bin/../lib/gcc/arm-none-eabi/10.3.1/../../../../arm-none-eabi/lib/thumb/v7e-m+fp/hard/libc_nano.a(lib_a-findfp.o)
                0x0000000008000650                __sfp_lock_acquire
 .text.__sfp_lock_release
                0x000000000800065c        0xc /opt/gcc-arm-none-eabi-10.3-2021.10/bin/../lib/gcc/arm-none-eabi/10.3.1/../../../../arm-none-eabi/lib/thumb/v7e-m+fp/hard/libc_nano.a(lib_a-findfp.o)
                0x000000000800065c                __sfp_lock_release
 .text.__sinit_lock_acquire
                0x0000000008000668        0xc /opt/gcc-arm-none-eabi-10.3-2021.10/bin/../lib/gcc/arm-none-eabi/10.3.1/../../../../arm-none-eabi/lib/thumb/v7e-m+fp/hard/libc_nano.a(lib_a-findfp.o)
                0x0000000008000668                __sinit_lock_acquire
 .text.__sinit_lock_release
                0x0000000008000674        0xc /opt/gcc-arm-none-eabi-10.3-2021.10/bin/../lib/gcc/arm-none-eabi/10.3.1/../../../../arm-none-eabi/lib/thumb/v7e-m+fp/hard/libc_nano.a(lib_a-findfp.o)
                0x0000000008000674                __sinit_lock_release
 .text.__sinit  0x0000000008000680       0x70 /opt/gcc-arm-none-eabi-10.3-2021.10/bin/../lib/gcc/arm-none-eabi/10.3.1/../../../../arm-none-eabi/lib/thumb/v7e-m+fp/hard/libc_nano.a(lib_a-findfp.o)
                0x0000000008000680                __sinit
 .text.__sfp    0x00000000080006f0       0x8c /opt/gcc-arm-none-eabi-10.3-2021.10/bin/../lib/gcc/arm-none-eabi/10.3.1/../../../../arm-none-eabi/lib/thumb/v7e-m+fp/hard/libc_nano.a(lib_a-findfp.o)
                0x00000000080006f0                __sfp
 .text._fwalk_reent
                0x000000000800077c       0x3e /opt/gcc-arm-none-eabi-10.3-2021.10/bin/../lib/gcc/arm-none-eabi/10.3.1/../../../../arm-none-eabi/lib/thumb/v7e-m+fp/hard/libc_nano.a(lib_a-fwalk.o)
                0x000000000800077c                _fwalk_reent
 .text.__retarget_lock_init_recursive
                0x00000000080007ba        0x2 /opt/gcc-arm-none-eabi-10.3-2021.10/bin/../lib/gcc/arm-none-eabi/10.3.1/../../../../arm-none-eabi/lib/thumb/v7e-m+fp/hard/libc_nano.a(lib_a-lock.o)
                0x00000000080007ba                __retarget_lock_init_recursive
 .text.__retarget_lock_acquire_recursive
                0x00000000080007bc        0x2 /opt/gcc-arm-none-eabi-10.3-2021.10/bin/../lib/gcc/arm-none-eabi/10.3.1/../../../../arm-none-eabi/lib/thumb/v7e-m+fp/hard/libc_nano.a(lib_a-lock.o)
                0x00000000080007bc                __retarget_lock_acquire_recursive
 .text.__retarget_lock_release_recursive
                0x00000000080007be        0x2 /opt/gcc-arm-none-eabi-10.3-2021.10/bin/../lib/gcc/arm-none-eabi/10.3.1/../../../../arm-none-eabi/lib/thumb/v7e-m+fp/hard/libc_nano.a(lib_a-lock.o)
                0x00000000080007be                __retarget_lock_release_recursive
 .text.sbrk_aligned
                0x00000000080007c0       0x40 /opt/gcc-arm-none-eabi-10.3-2021.10/bin/../lib/gcc/arm-none-eabi/10.3.1/../../../../arm-none-eabi/lib/thumb/v7e-m+fp/hard/libc_nano.a(lib_a-nano-mallocr.o)
 .text._malloc_r
                0x0000000008000800       0xe8 /opt/gcc-arm-none-eabi-10.3-2021.10/bin/../lib/gcc/arm-none-eabi/10.3.1/../../../../arm-none-eabi/lib/thumb/v7e-m+fp/hard/libc_nano.a(lib_a-nano-mallocr.o)
                0x0000000008000800                _malloc_r
 .text.__sfputc_r
                0x00000000080008e8       0x2e /opt/gcc-arm-none-eabi-10.3-2021.10/bin/../lib/gcc/arm-none-eabi/10.3.1/../../../../arm-none-eabi/lib/thumb/v7e-m+fp/hard/libc_nano.a(lib_a-nano-vfprintf.o)
 .text.__sfputs_r
                0x0000000008000916       0x24 /opt/gcc-arm-none-eabi-10.3-2021.10/bin/../lib/gcc/arm-none-eabi/10.3.1/../../../../arm-none-eabi/lib/thumb/v7e-m+fp/hard/libc_nano.a(lib_a-nano-vfprintf.o)
                0x0000000008000916                __sfputs_r
 *fill*         0x000000000800093a        0x2 
 .text._vfprintf_r
                0x000000000800093c      0x260 /opt/gcc-arm-none-eabi-10.3-2021.10/bin/../lib/gcc/arm-none-eabi/10.3.1/../../../../arm-none-eabi/lib/thumb/v7e-m+fp/hard/libc_nano.a(lib_a-nano-vfprintf.o)
                0x000000000800093c                _vfiprintf_r
                0x000000000800093c                _vfprintf_r
 .text._printf_common
                0x0000000008000b9c       0xda /opt/gcc-arm-none-eabi-10.3-2021.10/bin/../lib/gcc/arm-none-eabi/10.3.1/../../../../arm-none-eabi/lib/thumb/v7e-m+fp/hard/libc_nano.a(lib_a-nano-vfprintf_i.o)
                0x0000000008000b9c                _printf_common
 *fill*         0x0000000008000c76        0x2 
 .text._printf_i
                0x0000000008000c78      0x24c /opt/gcc-arm-none-eabi-10.3-2021.10/bin/../lib/gcc/arm-none-eabi/10.3.1/../../../../arm-none-eabi/lib/thumb/v7e-m+fp/hard/libc_nano.a(lib_a-nano-vfprintf_i.o)
                0x0000000008000c78                _printf_i
 .text._sbrk_r  0x0000000008000ec4       0x20 /opt/gcc-arm-none-eabi-10.3-2021.10/bin/../lib/gcc/arm-none-eabi/10.3.1/../../../../arm-none-eabi/lib/thumb/v7e-m+fp/hard/libc_nano.a(lib_a-sbrkr.o)
                0x0000000008000ec4                _sbrk_r
 .text.__sread  0x0000000008000ee4       0x22 /opt/gcc-arm-none-eabi-10.3-2021.10/bin/../lib/gcc/arm-none-eabi/10.3.1/../../../../arm-none-eabi/lib/thumb/v7e-m+fp/hard/libc_nano.a(lib_a-stdio.o)
                0x0000000008000ee4                __sread
 .text.__swrite
                0x0000000008000f06       0x38 /opt/gcc-arm-none-eabi-10.3-2021.10/bin/../lib/gcc/arm-none-eabi/10.3.1/../../../../arm-none-eabi/lib/thumb/v7e-m+fp/hard/libc_nano.a(lib_a-stdio.o)
                0x0000000008000f06                __swrite
 .text.__sseek  0x0000000008000f3e       0x24 /opt/gcc-arm-none-eabi-10.3-2021.10/bin/../lib/gcc/arm-none-eabi/10.3.1/../../../../arm-none-eabi/lib/thumb/v7e-m+fp/hard/libc_nano.a(lib_a-stdio.o)
                0x0000000008000f3e                __sseek
 .text.__sclose
                0x0000000008000f62        0x8 /opt/gcc-arm-none-eabi-10.3-2021.10/bin/../lib/gcc/arm-none-eabi/10.3.1/../../../../arm-none-eabi/lib/thumb/v7e-m+fp/hard/libc_nano.a(lib_a-stdio.o)
                0x0000000008000f62                __sclose
 *fill*         0x0000000008000f6a        0x2 
 .text.__swbuf_r
                0x0000000008000f6c       0xa4 /opt/gcc-arm-none-eabi-10.3-2021.10/bin/../lib/gcc/arm-none-eabi/10.3.1/../../../../arm-none-eabi/lib/thumb/v7e-m+fp/hard/libc_nano.a(lib_a-wbuf.o)
                0x0000000008000f6c                __swbuf_r
 .text._write_r
                0x0000000008001010       0x24 /opt/gcc-arm-none-eabi-10.3-2021.10/bin/../lib/gcc/arm-none-eabi/10.3.1/../../../../arm-none-eabi/lib/thumb/v7e-m+fp/hard/libc_nano.a(lib_a-writer.o)
                0x0000000008001010                _write_r
 .text.__swsetup_r
                0x0000000008001034       0xdc /opt/gcc-arm-none-eabi-10.3-2021.10/bin/../lib/gcc/arm-none-eabi/10.3.1/../../../../arm-none-eabi/lib/thumb/v7e-m+fp/hard/libc_nano.a(lib_a-wsetup.o)
                0x0000000008001034                __swsetup_r
 .text._close_r
                0x0000000008001110       0x20 /opt/gcc-arm-none-eabi-10.3-2021.10/bin/../lib/gcc/arm-none-eabi/10.3.1/../../../../arm-none-eabi/lib/thumb/v7e-m+fp/hard/libc_nano.a(lib_a-closer.o)
                0x0000000008001110                _close_r
 .text.__sflush_r
                0x0000000008001130      0x10c /opt/gcc-arm-none-eabi-10.3-2021.10/bin/../lib/gcc/arm-none-eabi/10.3.1/../../../../arm-none-eabi/lib/thumb/v7e-m+fp/hard/libc_nano.a(lib_a-fflush.o)
                0x0000000008001130                __sflush_r
 .text._fflush_r
                0x000000000800123c       0x78 /opt/gcc-arm-none-eabi-10.3-2021.10/bin/../lib/gcc/arm-none-eabi/10.3.1/../../../../arm-none-eabi/lib/thumb/v7e-m+fp/hard/libc_nano.a(lib_a-fflush.o)
                0x000000000800123c                _fflush_r
 .text._lseek_r
                0x00000000080012b4       0x24 /opt/gcc-arm-none-eabi-10.3-2021.10/bin/../lib/gcc/arm-none-eabi/10.3.1/../../../../arm-none-eabi/lib/thumb/v7e-m+fp/hard/libc_nano.a(lib_a-lseekr.o)
                0x00000000080012b4                _lseek_r
 .text.__swhatbuf_r
                0x00000000080012d8       0x4a /opt/gcc-arm-none-eabi-10.3-2021.10/bin/../lib/gcc/arm-none-eabi/10.3.1/../../../../arm-none-eabi/lib/thumb/v7e-m+fp/hard/libc_nano.a(lib_a-makebuf.o)
                0x00000000080012d8                __swhatbuf_r
 *fill*         0x0000000008001322        0x2 
 .text.__smakebuf_r
                0x0000000008001324       0x80 /opt/gcc-arm-none-eabi-10.3-2021.10/bin/../lib/gcc/arm-none-eabi/10.3.1/../../../../arm-none-eabi/lib/thumb/v7e-m+fp/hard/libc_nano.a(lib_a-makebuf.o)
                0x0000000008001324                __smakebuf_r
 *fill*         0x00000000080013a4        0xc 
 .text          0x00000000080013b0       0xa0 /opt/gcc-arm-none-eabi-10.3-2021.10/bin/../lib/gcc/arm-none-eabi/10.3.1/../../../../arm-none-eabi/lib/thumb/v7e-m+fp/hard/libc_nano.a(lib_a-memchr.o)
                0x00000000080013b0                memchr
 .text.__malloc_lock
                0x0000000008001450        0xc /opt/gcc-arm-none-eabi-10.3-2021.10/bin/../lib/gcc/arm-none-eabi/10.3.1/../../../../arm-none-eabi/lib/thumb/v7e-m+fp/hard/libc_nano.a(lib_a-mlock.o)
                0x0000000008001450                __malloc_lock
 .text.__malloc_unlock
                0x000000000800145c        0xc /opt/gcc-arm-none-eabi-10.3-2021.10/bin/../lib/gcc/arm-none-eabi/10.3.1/../../../../arm-none-eabi/lib/thumb/v7e-m+fp/hard/libc_nano.a(lib_a-mlock.o)
                0x000000000800145c                __malloc_unlock
 .text._free_r  0x0000000008001468       0x98 /opt/gcc-arm-none-eabi-10.3-2021.10/bin/../lib/gcc/arm-none-eabi/10.3.1/../../../../arm-none-eabi/lib/thumb/v7e-m+fp/hard/libc_nano.a(lib_a-nano-freer.o)
                0x0000000008001468                _free_r
 .text._read_r  0x0000000008001500       0x24 /opt/gcc-arm-none-eabi-10.3-2021.10/bin/../lib/gcc/arm-none-eabi/10.3.1/../../../../arm-none-eabi/lib/thumb/v7e-m+fp/hard/libc_nano.a(lib_a-readr.o)
                0x0000000008001500                _read_r
 .text._fstat_r
                0x0000000008001524       0x24 /opt/gcc-arm-none-eabi-10.3-2021.10/bin/../lib/gcc/arm-none-eabi/10.3.1/../../../../arm-none-eabi/lib/thumb/v7e-m+fp/hard/libc_nano.a(lib_a-fstatr.o)
                0x0000000008001524                _fstat_r
 .text._isatty_r
                0x0000000008001548       0x20 /opt/gcc-arm-none-eabi-10.3-2021.10/bin/../lib/gcc/arm-none-eabi/10.3.1/../../../../arm-none-eabi/lib/thumb/v7e-m+fp/hard/libc_nano.a(lib_a-isattyr.o)
                0x0000000008001548                _isatty_r

.glue_7         0x0000000008001568        0x0
 .glue_7        0x0000000008001568        0x0 linker stubs

.glue_7t        0x0000000008001568        0x0
 .glue_7t       0x0000000008001568        0x0 linker stubs

.vfp11_veneer   0x0000000008001568        0x0
 .vfp11_veneer  0x0000000008001568        0x0 linker stubs

.v4_bx          0x0000000008001568        0x0
 .v4_bx         0x0000000008001568        0x0 linker stubs

.iplt           0x0000000008001568        0x0
 .iplt          0x0000000008001568        0x0 /tmp/cckR93w8.o

.rodata         0x0000000008001568       0xaf
 *(.rodata*)
 .rodata.main.str1.1
                0x0000000008001568       0x16 /tmp/cckR93w8.o
 *fill*         0x000000000800157e        0x2 
 .rodata.__sf_fake_stderr
                0x0000000008001580       0x20 /opt/gcc-arm-none-eabi-10.3-2021.10/bin/../lib/gcc/arm-none-eabi/10.3.1/../../../../arm-none-eabi/lib/thumb/v7e-m+fp/hard/libc_nano.a(lib_a-findfp.o)
                0x0000000008001580                __sf_fake_stderr
 .rodata.__sf_fake_stdin
                0x00000000080015a0       0x20 /opt/gcc-arm-none-eabi-10.3-2021.10/bin/../lib/gcc/arm-none-eabi/10.3.1/../../../../arm-none-eabi/lib/thumb/v7e-m+fp/hard/libc_nano.a(lib_a-findfp.o)
                0x00000000080015a0                __sf_fake_stdin
 .rodata.__sf_fake_stdout
                0x00000000080015c0       0x20 /opt/gcc-arm-none-eabi-10.3-2021.10/bin/../lib/gcc/arm-none-eabi/10.3.1/../../../../arm-none-eabi/lib/thumb/v7e-m+fp/hard/libc_nano.a(lib_a-findfp.o)
                0x00000000080015c0                __sf_fake_stdout
 .rodata._global_impure_ptr
                0x00000000080015e0        0x4 /opt/gcc-arm-none-eabi-10.3-2021.10/bin/../lib/gcc/arm-none-eabi/10.3.1/../../../../arm-none-eabi/lib/thumb/v7e-m+fp/hard/libc_nano.a(lib_a-impure.o)
                0x00000000080015e0                _global_impure_ptr
 .rodata._vfprintf_r.str1.1
                0x00000000080015e4       0x11 /opt/gcc-arm-none-eabi-10.3-2021.10/bin/../lib/gcc/arm-none-eabi/10.3.1/../../../../arm-none-eabi/lib/thumb/v7e-m+fp/hard/libc_nano.a(lib_a-nano-vfprintf.o)
 .rodata._printf_i.str1.1
                0x00000000080015f5       0x22 /opt/gcc-arm-none-eabi-10.3-2021.10/bin/../lib/gcc/arm-none-eabi/10.3.1/../../../../arm-none-eabi/lib/thumb/v7e-m+fp/hard/libc_nano.a(lib_a-nano-vfprintf_i.o)

.rel.dyn        0x0000000008001618        0x0
 .rel.iplt      0x0000000008001618        0x0 /tmp/cckR93w8.o

.data           0x0000000020000000       0x64 load address 0x0000000008001617
                0x0000000020000000                _sdata = .
 *(.first_data)
 *(.data SORT_BY_NAME(.data.*))
 .data._impure_ptr
                0x0000000020000000        0x4 /opt/gcc-arm-none-eabi-10.3-2021.10/bin/../lib/gcc/arm-none-eabi/10.3.1/../../../../arm-none-eabi/lib/thumb/v7e-m+fp/hard/libc_nano.a(lib_a-impure.o)
                0x0000000020000000                _impure_ptr
 .data.impure_data
                0x0000000020000004       0x60 /opt/gcc-arm-none-eabi-10.3-2021.10/bin/../lib/gcc/arm-none-eabi/10.3.1/../../../../arm-none-eabi/lib/thumb/v7e-m+fp/hard/libc_nano.a(lib_a-impure.o)
                0x0000000020000064                _edata = .
                0x0000000008001617                _sidata = LOADADDR (.data)

.igot.plt       0x0000000020000064        0x0 load address 0x000000000800167b
 .igot.plt      0x0000000020000064        0x0 /tmp/cckR93w8.o

.bss            0x0000000020000064       0x18 load address 0x000000000800167b
                0x0000000020000064                _sbss = .
 *(.bss SORT_BY_NAME(.bss.*) COMMON)
 .bss.__lock___malloc_recursive_mutex
                0x0000000020000064        0x1 /opt/gcc-arm-none-eabi-10.3-2021.10/bin/../lib/gcc/arm-none-eabi/10.3.1/../../../../arm-none-eabi/lib/thumb/v7e-m+fp/hard/libc_nano.a(lib_a-lock.o)
                0x0000000020000064                __lock___malloc_recursive_mutex
 .bss.__lock___sfp_recursive_mutex
                0x0000000020000065        0x1 /opt/gcc-arm-none-eabi-10.3-2021.10/bin/../lib/gcc/arm-none-eabi/10.3.1/../../../../arm-none-eabi/lib/thumb/v7e-m+fp/hard/libc_nano.a(lib_a-lock.o)
                0x0000000020000065                __lock___sfp_recursive_mutex
 .bss.__lock___sinit_recursive_mutex
                0x0000000020000066        0x1 /opt/gcc-arm-none-eabi-10.3-2021.10/bin/../lib/gcc/arm-none-eabi/10.3.1/../../../../arm-none-eabi/lib/thumb/v7e-m+fp/hard/libc_nano.a(lib_a-lock.o)
                0x0000000020000066                __lock___sinit_recursive_mutex
 *fill*         0x0000000020000067        0x1 
 .bss.__malloc_free_list
                0x0000000020000068        0x4 /opt/gcc-arm-none-eabi-10.3-2021.10/bin/../lib/gcc/arm-none-eabi/10.3.1/../../../../arm-none-eabi/lib/thumb/v7e-m+fp/hard/libc_nano.a(lib_a-nano-mallocr.o)
                0x0000000020000068                __malloc_free_list
 .bss.__malloc_sbrk_start
                0x000000002000006c        0x4 /opt/gcc-arm-none-eabi-10.3-2021.10/bin/../lib/gcc/arm-none-eabi/10.3.1/../../../../arm-none-eabi/lib/thumb/v7e-m+fp/hard/libc_nano.a(lib_a-nano-mallocr.o)
                0x000000002000006c                __malloc_sbrk_start
 .bss.errno     0x0000000020000070        0x4 /opt/gcc-arm-none-eabi-10.3-2021.10/bin/../lib/gcc/arm-none-eabi/10.3.1/../../../../arm-none-eabi/lib/thumb/v7e-m+fp/hard/libc_nano.a(lib_a-reent.o)
                0x0000000020000070                errno
 .bss.heap.0    0x0000000020000074        0x4 /tmp/ccoFHDxZ.o
 .bss.s_ticks   0x0000000020000078        0x4 /tmp/cckR93w8.o
                0x000000002000007c                _ebss = .
                0x0000000020000080                . = ALIGN (0x8)
                0x0000000020000080                _end = .
OUTPUT(firmware.elf elf32-littlearm)
LOAD linker stubs

.debug_info     0x0000000000000000     0x2176
 .debug_info    0x0000000000000000      0x339 /tmp/cckR93w8.o
 .debug_info    0x0000000000000339      0x145 /tmp/ccOpYrz3.o
 .debug_info    0x000000000000047e      0x83f /tmp/ccoFHDxZ.o
 .debug_info    0x0000000000000cbd     0x14b9 /tmp/ccjDle4V.o

.debug_abbrev   0x0000000000000000      0x8e5
 .debug_abbrev  0x0000000000000000      0x246 /tmp/cckR93w8.o
 .debug_abbrev  0x0000000000000246       0xfc /tmp/ccOpYrz3.o
 .debug_abbrev  0x0000000000000342      0x295 /tmp/ccoFHDxZ.o
 .debug_abbrev  0x00000000000005d7      0x30e /tmp/ccjDle4V.o

.debug_loc      0x0000000000000000      0xba2
 .debug_loc     0x0000000000000000       0x6c /tmp/cckR93w8.o
 .debug_loc     0x000000000000006c      0x2d7 /tmp/ccoFHDxZ.o
 .debug_loc     0x0000000000000343      0x85f /tmp/ccjDle4V.o

.debug_aranges  0x0000000000000000      0x150
 .debug_aranges
                0x0000000000000000       0x30 /tmp/cckR93w8.o
 .debug_aranges
                0x0000000000000030       0x20 /tmp/ccOpYrz3.o
 .debug_aranges
                0x0000000000000050       0x80 /tmp/ccoFHDxZ.o
 .debug_aranges
                0x00000000000000d0       0x80 /tmp/ccjDle4V.o

.debug_ranges   0x0000000000000000      0x3d0
 .debug_ranges  0x0000000000000000       0x48 /tmp/cckR93w8.o
 .debug_ranges  0x0000000000000048       0x10 /tmp/ccOpYrz3.o
 .debug_ranges  0x0000000000000058       0xa0 /tmp/ccoFHDxZ.o
 .debug_ranges  0x00000000000000f8      0x2d8 /tmp/ccjDle4V.o

.debug_macro    0x0000000000000000    0x20b65
 .debug_macro   0x0000000000000000      0x2bd /tmp/cckR93w8.o
 .debug_macro   0x00000000000002bd      0xa6c /tmp/cckR93w8.o
 .debug_macro   0x0000000000000d29       0x22 /tmp/cckR93w8.o
 .debug_macro   0x0000000000000d4b       0x4c /tmp/cckR93w8.o
 .debug_macro   0x0000000000000d97       0x1e /tmp/cckR93w8.o
 .debug_macro   0x0000000000000db5       0x94 /tmp/cckR93w8.o
 .debug_macro   0x0000000000000e49       0x3c /tmp/cckR93w8.o
 .debug_macro   0x0000000000000e85       0x34 /tmp/cckR93w8.o
 .debug_macro   0x0000000000000eb9       0x16 /tmp/cckR93w8.o
 .debug_macro   0x0000000000000ecf       0x57 /tmp/cckR93w8.o
 .debug_macro   0x0000000000000f26       0x97 /tmp/cckR93w8.o
 .debug_macro   0x0000000000000fbd      0x341 /tmp/cckR93w8.o
 .debug_macro   0x00000000000012fe       0xfd /tmp/cckR93w8.o
 .debug_macro   0x00000000000013fb       0x10 /tmp/cckR93w8.o
 .debug_macro   0x000000000000140b       0x16 /tmp/cckR93w8.o
 .debug_macro   0x0000000000001421       0x43 /tmp/cckR93w8.o
 .debug_macro   0x0000000000001464       0x34 /tmp/cckR93w8.o
 .debug_macro   0x0000000000001498       0x10 /tmp/cckR93w8.o
 .debug_macro   0x00000000000014a8       0x58 /tmp/cckR93w8.o
 .debug_macro   0x0000000000001500       0x71 /tmp/cckR93w8.o
 .debug_macro   0x0000000000001571       0x1c /tmp/cckR93w8.o
 .debug_macro   0x000000000000158d      0x12a /tmp/cckR93w8.o
 .debug_macro   0x00000000000016b7       0x10 /tmp/cckR93w8.o
 .debug_macro   0x00000000000016c7       0x6a /tmp/cckR93w8.o
 .debug_macro   0x0000000000001731       0x1c /tmp/cckR93w8.o
 .debug_macro   0x000000000000174d       0x52 /tmp/cckR93w8.o
 .debug_macro   0x000000000000179f       0x22 /tmp/cckR93w8.o
 .debug_macro   0x00000000000017c1       0x10 /tmp/cckR93w8.o
 .debug_macro   0x00000000000017d1       0x52 /tmp/cckR93w8.o
 .debug_macro   0x0000000000001823       0xd5 /tmp/cckR93w8.o
 .debug_macro   0x00000000000018f8       0x1c /tmp/cckR93w8.o
 .debug_macro   0x0000000000001914       0x3d /tmp/cckR93w8.o
 .debug_macro   0x0000000000001951       0x16 /tmp/cckR93w8.o
 .debug_macro   0x0000000000001967      0x145 /tmp/cckR93w8.o
 .debug_macro   0x0000000000001aac      0x103 /tmp/cckR93w8.o
 .debug_macro   0x0000000000001baf      0x1e5 /tmp/cckR93w8.o
 .debug_macro   0x0000000000001d94       0x35 /tmp/cckR93w8.o
 .debug_macro   0x0000000000001dc9      0x460 /tmp/cckR93w8.o
 .debug_macro   0x0000000000002229       0x22 /tmp/cckR93w8.o
 .debug_macro   0x000000000000224b       0x16 /tmp/cckR93w8.o
 .debug_macro   0x0000000000002261       0x16 /tmp/cckR93w8.o
 .debug_macro   0x0000000000002277       0x29 /tmp/cckR93w8.o
 .debug_macro   0x00000000000022a0       0x16 /tmp/cckR93w8.o
 .debug_macro   0x00000000000022b6       0x10 /tmp/cckR93w8.o
 .debug_macro   0x00000000000022c6       0x41 /tmp/cckR93w8.o
 .debug_macro   0x0000000000002307      0x12c /tmp/cckR93w8.o
 .debug_macro   0x0000000000002433       0x28 /tmp/cckR93w8.o
 .debug_macro   0x000000000000245b       0x1c /tmp/cckR93w8.o
 .debug_macro   0x0000000000002477       0x22 /tmp/cckR93w8.o
 .debug_macro   0x0000000000002499       0xd9 /tmp/cckR93w8.o
 .debug_macro   0x0000000000002572     0x102d /tmp/cckR93w8.o
 .debug_macro   0x000000000000359f      0x11f /tmp/cckR93w8.o
 .debug_macro   0x00000000000036be    0x1cb71 /tmp/cckR93w8.o
 .debug_macro   0x000000000002022f       0x50 /tmp/cckR93w8.o
 .debug_macro   0x000000000002027f       0x16 /tmp/cckR93w8.o
 .debug_macro   0x0000000000020295       0x11 /tmp/ccOpYrz3.o
 .debug_macro   0x00000000000202a6      0x2ae /tmp/ccoFHDxZ.o
 .debug_macro   0x0000000000020554       0x3a /tmp/ccoFHDxZ.o
 .debug_macro   0x000000000002058e      0x1df /tmp/ccoFHDxZ.o
 .debug_macro   0x000000000002076d       0x82 /tmp/ccoFHDxZ.o
 .debug_macro   0x00000000000207ef       0x1c /tmp/ccoFHDxZ.o
 .debug_macro   0x000000000002080b       0x8d /tmp/ccoFHDxZ.o
 .debug_macro   0x0000000000020898      0x2bd /tmp/ccjDle4V.o
 .debug_macro   0x0000000000020b55       0x10 /tmp/ccjDle4V.o

.debug_line     0x0000000000000000     0x15eb
 .debug_line    0x0000000000000000      0x4fe /tmp/cckR93w8.o
 .debug_line    0x00000000000004fe       0x70 /tmp/ccOpYrz3.o
 .debug_line    0x000000000000056e      0x616 /tmp/ccoFHDxZ.o
 .debug_line    0x0000000000000b84      0xa67 /tmp/ccjDle4V.o

.debug_str      0x0000000000000000    0xb255a
 .debug_str     0x0000000000000000    0xb1f77 /tmp/cckR93w8.o
                                      0xb21ad (size before relaxing)
 .debug_str     0x00000000000b1f77       0x55 /tmp/ccOpYrz3.o
                                       0x2d16 (size before relaxing)
 .debug_str     0x00000000000b1fcc      0x1ca /tmp/ccoFHDxZ.o
                                      0xb22c5 (size before relaxing)
 .debug_str     0x00000000000b2196      0x3c4 /tmp/ccjDle4V.o
                                      0xb2521 (size before relaxing)

.comment        0x0000000000000000       0x49
 .comment       0x0000000000000000       0x49 /tmp/cckR93w8.o
                                         0x4a (size before relaxing)
 .comment       0x0000000000000049       0x4a /tmp/ccOpYrz3.o
 .comment       0x0000000000000049       0x4a /tmp/ccoFHDxZ.o
 .comment       0x0000000000000049       0x4a /tmp/ccjDle4V.o

.ARM.attributes
                0x0000000000000000       0x32
 .ARM.attributes
                0x0000000000000000       0x34 /tmp/cckR93w8.o
 .ARM.attributes
                0x0000000000000034       0x34 /tmp/ccOpYrz3.o
 .ARM.attributes
                0x0000000000000068       0x34 /tmp/ccoFHDxZ.o
 .ARM.attributes
                0x000000000000009c       0x34 /tmp/ccjDle4V.o
 .ARM.attributes
                0x00000000000000d0       0x34 /opt/gcc-arm-none-eabi-10.3-2021.10/bin/../lib/gcc/arm-none-eabi/10.3.1/../../../../arm-none-eabi/lib/thumb/v7e-m+fp/hard/libc_nano.a(lib_a-memcpy-stub.o)
 .ARM.attributes
                0x0000000000000104       0x34 /opt/gcc-arm-none-eabi-10.3-2021.10/bin/../lib/gcc/arm-none-eabi/10.3.1/../../../../arm-none-eabi/lib/thumb/v7e-m+fp/hard/libc_nano.a(lib_a-memset.o)
 .ARM.attributes
                0x0000000000000138       0x34 /opt/gcc-arm-none-eabi-10.3-2021.10/bin/../lib/gcc/arm-none-eabi/10.3.1/../../../../arm-none-eabi/lib/thumb/v7e-m+fp/hard/libc_nano.a(lib_a-printf.o)
 .ARM.attributes
                0x000000000000016c       0x34 /opt/gcc-arm-none-eabi-10.3-2021.10/bin/../lib/gcc/arm-none-eabi/10.3.1/../../../../arm-none-eabi/lib/thumb/v7e-m+fp/hard/libc_nano.a(lib_a-findfp.o)
 .ARM.attributes
                0x00000000000001a0       0x34 /opt/gcc-arm-none-eabi-10.3-2021.10/bin/../lib/gcc/arm-none-eabi/10.3.1/../../../../arm-none-eabi/lib/thumb/v7e-m+fp/hard/libc_nano.a(lib_a-fwalk.o)
 .ARM.attributes
                0x00000000000001d4       0x34 /opt/gcc-arm-none-eabi-10.3-2021.10/bin/../lib/gcc/arm-none-eabi/10.3.1/../../../../arm-none-eabi/lib/thumb/v7e-m+fp/hard/libc_nano.a(lib_a-impure.o)
 .ARM.attributes
                0x0000000000000208       0x34 /opt/gcc-arm-none-eabi-10.3-2021.10/bin/../lib/gcc/arm-none-eabi/10.3.1/../../../../arm-none-eabi/lib/thumb/v7e-m+fp/hard/libc_nano.a(lib_a-lock.o)
 .ARM.attributes
                0x000000000000023c       0x34 /opt/gcc-arm-none-eabi-10.3-2021.10/bin/../lib/gcc/arm-none-eabi/10.3.1/../../../../arm-none-eabi/lib/thumb/v7e-m+fp/hard/libc_nano.a(lib_a-nano-mallocr.o)
 .ARM.attributes
                0x0000000000000270       0x34 /opt/gcc-arm-none-eabi-10.3-2021.10/bin/../lib/gcc/arm-none-eabi/10.3.1/../../../../arm-none-eabi/lib/thumb/v7e-m+fp/hard/libc_nano.a(lib_a-nano-vfprintf.o)
 .ARM.attributes
                0x00000000000002a4       0x34 /opt/gcc-arm-none-eabi-10.3-2021.10/bin/../lib/gcc/arm-none-eabi/10.3.1/../../../../arm-none-eabi/lib/thumb/v7e-m+fp/hard/libc_nano.a(lib_a-nano-vfprintf_i.o)
 .ARM.attributes
                0x00000000000002d8       0x34 /opt/gcc-arm-none-eabi-10.3-2021.10/bin/../lib/gcc/arm-none-eabi/10.3.1/../../../../arm-none-eabi/lib/thumb/v7e-m+fp/hard/libc_nano.a(lib_a-sbrkr.o)
 .ARM.attributes
                0x000000000000030c       0x34 /opt/gcc-arm-none-eabi-10.3-2021.10/bin/../lib/gcc/arm-none-eabi/10.3.1/../../../../arm-none-eabi/lib/thumb/v7e-m+fp/hard/libc_nano.a(lib_a-stdio.o)
 .ARM.attributes
                0x0000000000000340       0x34 /opt/gcc-arm-none-eabi-10.3-2021.10/bin/../lib/gcc/arm-none-eabi/10.3.1/../../../../arm-none-eabi/lib/thumb/v7e-m+fp/hard/libc_nano.a(lib_a-wbuf.o)
 .ARM.attributes
                0x0000000000000374       0x34 /opt/gcc-arm-none-eabi-10.3-2021.10/bin/../lib/gcc/arm-none-eabi/10.3.1/../../../../arm-none-eabi/lib/thumb/v7e-m+fp/hard/libc_nano.a(lib_a-writer.o)
 .ARM.attributes
                0x00000000000003a8       0x34 /opt/gcc-arm-none-eabi-10.3-2021.10/bin/../lib/gcc/arm-none-eabi/10.3.1/../../../../arm-none-eabi/lib/thumb/v7e-m+fp/hard/libc_nano.a(lib_a-wsetup.o)
 .ARM.attributes
                0x00000000000003dc       0x34 /opt/gcc-arm-none-eabi-10.3-2021.10/bin/../lib/gcc/arm-none-eabi/10.3.1/../../../../arm-none-eabi/lib/thumb/v7e-m+fp/hard/libc_nano.a(lib_a-closer.o)
 .ARM.attributes
                0x0000000000000410       0x34 /opt/gcc-arm-none-eabi-10.3-2021.10/bin/../lib/gcc/arm-none-eabi/10.3.1/../../../../arm-none-eabi/lib/thumb/v7e-m+fp/hard/libc_nano.a(lib_a-fflush.o)
 .ARM.attributes
                0x0000000000000444       0x34 /opt/gcc-arm-none-eabi-10.3-2021.10/bin/../lib/gcc/arm-none-eabi/10.3.1/../../../../arm-none-eabi/lib/thumb/v7e-m+fp/hard/libc_nano.a(lib_a-lseekr.o)
 .ARM.attributes
                0x0000000000000478       0x34 /opt/gcc-arm-none-eabi-10.3-2021.10/bin/../lib/gcc/arm-none-eabi/10.3.1/../../../../arm-none-eabi/lib/thumb/v7e-m+fp/hard/libc_nano.a(lib_a-makebuf.o)
 .ARM.attributes
                0x00000000000004ac       0x1c /opt/gcc-arm-none-eabi-10.3-2021.10/bin/../lib/gcc/arm-none-eabi/10.3.1/../../../../arm-none-eabi/lib/thumb/v7e-m+fp/hard/libc_nano.a(lib_a-memchr.o)
 .ARM.attributes
                0x00000000000004c8       0x34 /opt/gcc-arm-none-eabi-10.3-2021.10/bin/../lib/gcc/arm-none-eabi/10.3.1/../../../../arm-none-eabi/lib/thumb/v7e-m+fp/hard/libc_nano.a(lib_a-mlock.o)
 .ARM.attributes
                0x00000000000004fc       0x34 /opt/gcc-arm-none-eabi-10.3-2021.10/bin/../lib/gcc/arm-none-eabi/10.3.1/../../../../arm-none-eabi/lib/thumb/v7e-m+fp/hard/libc_nano.a(lib_a-nano-freer.o)
 .ARM.attributes
                0x0000000000000530       0x34 /opt/gcc-arm-none-eabi-10.3-2021.10/bin/../lib/gcc/arm-none-eabi/10.3.1/../../../../arm-none-eabi/lib/thumb/v7e-m+fp/hard/libc_nano.a(lib_a-readr.o)
 .ARM.attributes
                0x0000000000000564       0x34 /opt/gcc-arm-none-eabi-10.3-2021.10/bin/../lib/gcc/arm-none-eabi/10.3.1/../../../../arm-none-eabi/lib/thumb/v7e-m+fp/hard/libc_nano.a(lib_a-reent.o)
 .ARM.attributes
                0x0000000000000598       0x34 /opt/gcc-arm-none-eabi-10.3-2021.10/bin/../lib/gcc/arm-none-eabi/10.3.1/../../../../arm-none-eabi/lib/thumb/v7e-m+fp/hard/libc_nano.a(lib_a-fstatr.o)
 .ARM.attributes
                0x00000000000005cc       0x34 /opt/gcc-arm-none-eabi-10.3-2021.10/bin/../lib/gcc/arm-none-eabi/10.3.1/../../../../arm-none-eabi/lib/thumb/v7e-m+fp/hard/libc_nano.a(lib_a-isattyr.o)

.debug_frame    0x0000000000000000      0xad8
 .debug_frame   0x0000000000000000       0x58 /tmp/cckR93w8.o
 .debug_frame   0x0000000000000058       0x20 /tmp/ccOpYrz3.o
 .debug_frame   0x0000000000000078      0x108 /tmp/ccoFHDxZ.o
 .debug_frame   0x0000000000000180      0x154 /tmp/ccjDle4V.o
 .debug_frame   0x00000000000002d4       0x28 /opt/gcc-arm-none-eabi-10.3-2021.10/bin/../lib/gcc/arm-none-eabi/10.3.1/../../../../arm-none-eabi/lib/thumb/v7e-m+fp/hard/libc_nano.a(lib_a-memcpy-stub.o)
 .debug_frame   0x00000000000002fc       0x20 /opt/gcc-arm-none-eabi-10.3-2021.10/bin/../lib/gcc/arm-none-eabi/10.3.1/../../../../arm-none-eabi/lib/thumb/v7e-m+fp/hard/libc_nano.a(lib_a-memset.o)
 .debug_frame   0x000000000000031c       0x74 /opt/gcc-arm-none-eabi-10.3-2021.10/bin/../lib/gcc/arm-none-eabi/10.3.1/../../../../arm-none-eabi/lib/thumb/v7e-m+fp/hard/libc_nano.a(lib_a-printf.o)
 .debug_frame   0x0000000000000390      0x14c /opt/gcc-arm-none-eabi-10.3-2021.10/bin/../lib/gcc/arm-none-eabi/10.3.1/../../../../arm-none-eabi/lib/thumb/v7e-m+fp/hard/libc_nano.a(lib_a-findfp.o)
 .debug_frame   0x00000000000004dc       0x54 /opt/gcc-arm-none-eabi-10.3-2021.10/bin/../lib/gcc/arm-none-eabi/10.3.1/../../../../arm-none-eabi/lib/thumb/v7e-m+fp/hard/libc_nano.a(lib_a-fwalk.o)
 .debug_frame   0x0000000000000530       0xb0 /opt/gcc-arm-none-eabi-10.3-2021.10/bin/../lib/gcc/arm-none-eabi/10.3.1/../../../../arm-none-eabi/lib/thumb/v7e-m+fp/hard/libc_nano.a(lib_a-lock.o)
 .debug_frame   0x00000000000005e0       0x4c /opt/gcc-arm-none-eabi-10.3-2021.10/bin/../lib/gcc/arm-none-eabi/10.3.1/../../../../arm-none-eabi/lib/thumb/v7e-m+fp/hard/libc_nano.a(lib_a-nano-mallocr.o)
 .debug_frame   0x000000000000062c       0xac /opt/gcc-arm-none-eabi-10.3-2021.10/bin/../lib/gcc/arm-none-eabi/10.3.1/../../../../arm-none-eabi/lib/thumb/v7e-m+fp/hard/libc_nano.a(lib_a-nano-vfprintf.o)
 .debug_frame   0x00000000000006d8       0x60 /opt/gcc-arm-none-eabi-10.3-2021.10/bin/../lib/gcc/arm-none-eabi/10.3.1/../../../../arm-none-eabi/lib/thumb/v7e-m+fp/hard/libc_nano.a(lib_a-nano-vfprintf_i.o)
 .debug_frame   0x0000000000000738       0x2c /opt/gcc-arm-none-eabi-10.3-2021.10/bin/../lib/gcc/arm-none-eabi/10.3.1/../../../../arm-none-eabi/lib/thumb/v7e-m+fp/hard/libc_nano.a(lib_a-sbrkr.o)
 .debug_frame   0x0000000000000764       0x88 /opt/gcc-arm-none-eabi-10.3-2021.10/bin/../lib/gcc/arm-none-eabi/10.3.1/../../../../arm-none-eabi/lib/thumb/v7e-m+fp/hard/libc_nano.a(lib_a-stdio.o)
 .debug_frame   0x00000000000007ec       0x40 /opt/gcc-arm-none-eabi-10.3-2021.10/bin/../lib/gcc/arm-none-eabi/10.3.1/../../../../arm-none-eabi/lib/thumb/v7e-m+fp/hard/libc_nano.a(lib_a-wbuf.o)
 .debug_frame   0x000000000000082c       0x2c /opt/gcc-arm-none-eabi-10.3-2021.10/bin/../lib/gcc/arm-none-eabi/10.3.1/../../../../arm-none-eabi/lib/thumb/v7e-m+fp/hard/libc_nano.a(lib_a-writer.o)
 .debug_frame   0x0000000000000858       0x2c /opt/gcc-arm-none-eabi-10.3-2021.10/bin/../lib/gcc/arm-none-eabi/10.3.1/../../../../arm-none-eabi/lib/thumb/v7e-m+fp/hard/libc_nano.a(lib_a-wsetup.o)
 .debug_frame   0x0000000000000884       0x2c /opt/gcc-arm-none-eabi-10.3-2021.10/bin/../lib/gcc/arm-none-eabi/10.3.1/../../../../arm-none-eabi/lib/thumb/v7e-m+fp/hard/libc_nano.a(lib_a-closer.o)
 .debug_frame   0x00000000000008b0       0x5c /opt/gcc-arm-none-eabi-10.3-2021.10/bin/../lib/gcc/arm-none-eabi/10.3.1/../../../../arm-none-eabi/lib/thumb/v7e-m+fp/hard/libc_nano.a(lib_a-fflush.o)
 .debug_frame   0x000000000000090c       0x2c /opt/gcc-arm-none-eabi-10.3-2021.10/bin/../lib/gcc/arm-none-eabi/10.3.1/../../../../arm-none-eabi/lib/thumb/v7e-m+fp/hard/libc_nano.a(lib_a-lseekr.o)
 .debug_frame   0x0000000000000938       0x58 /opt/gcc-arm-none-eabi-10.3-2021.10/bin/../lib/gcc/arm-none-eabi/10.3.1/../../../../arm-none-eabi/lib/thumb/v7e-m+fp/hard/libc_nano.a(lib_a-makebuf.o)
 .debug_frame   0x0000000000000990       0x30 /opt/gcc-arm-none-eabi-10.3-2021.10/bin/../lib/gcc/arm-none-eabi/10.3.1/../../../../arm-none-eabi/lib/thumb/v7e-m+fp/hard/libc_nano.a(lib_a-mlock.o)
 .debug_frame   0x00000000000009c0       0x38 /opt/gcc-arm-none-eabi-10.3-2021.10/bin/../lib/gcc/arm-none-eabi/10.3.1/../../../../arm-none-eabi/lib/thumb/v7e-m+fp/hard/libc_nano.a(lib_a-nano-freer.o)
 .debug_frame   0x00000000000009f8       0x2c /opt/gcc-arm-none-eabi-10.3-2021.10/bin/../lib/gcc/arm-none-eabi/10.3.1/../../../../arm-none-eabi/lib/thumb/v7e-m+fp/hard/libc_nano.a(lib_a-readr.o)
 .debug_frame   0x0000000000000a24       0x5c /opt/gcc-arm-none-eabi-10.3-2021.10/bin/../lib/gcc/arm-none-eabi/10.3.1/../../../../arm-none-eabi/lib/thumb/v7e-m+fp/hard/libc_nano.a(lib_a-reent.o)
 .debug_frame   0x0000000000000a80       0x2c /opt/gcc-arm-none-eabi-10.3-2021.10/bin/../lib/gcc/arm-none-eabi/10.3.1/../../../../arm-none-eabi/lib/thumb/v7e-m+fp/hard/libc_nano.a(lib_a-fstatr.o)
 .debug_frame   0x0000000000000aac       0x2c /opt/gcc-arm-none-eabi-10.3-2021.10/bin/../lib/gcc/arm-none-eabi/10.3.1/../../../../arm-none-eabi/lib/thumb/v7e-m+fp/hard/libc_nano.a(lib_a-isattyr.o)
