Archive member included to satisfy reference by file (symbol)

c:/program files (x86)/arm gnu toolchain arm-none-eabi/12.2 rel1/bin/../lib/gcc/arm-none-eabi/12.2.1/thumb/v7e-m+fp/hard\libc_nano.a(libc_a-printf.o)
                              C:\Users\Alex\AppData\Local\Temp\ccGqTIaI.o (printf)
c:/program files (x86)/arm gnu toolchain arm-none-eabi/12.2 rel1/bin/../lib/gcc/arm-none-eabi/12.2.1/thumb/v7e-m+fp/hard\libc_nano.a(libc_a-putchar.o)
                              C:\Users\Alex\AppData\Local\Temp\ccGqTIaI.o (putchar)
c:/program files (x86)/arm gnu toolchain arm-none-eabi/12.2 rel1/bin/../lib/gcc/arm-none-eabi/12.2.1/thumb/v7e-m+fp/hard\libc_nano.a(libc_a-puts.o)
                              C:\Users\Alex\AppData\Local\Temp\ccGqTIaI.o (puts)
c:/program files (x86)/arm gnu toolchain arm-none-eabi/12.2 rel1/bin/../lib/gcc/arm-none-eabi/12.2.1/thumb/v7e-m+fp/hard\libc_nano.a(libc_a-wbuf.o)
                              c:/program files (x86)/arm gnu toolchain arm-none-eabi/12.2 rel1/bin/../lib/gcc/arm-none-eabi/12.2.1/thumb/v7e-m+fp/hard\libc_nano.a(libc_a-puts.o) (__swbuf_r)
c:/program files (x86)/arm gnu toolchain arm-none-eabi/12.2 rel1/bin/../lib/gcc/arm-none-eabi/12.2.1/thumb/v7e-m+fp/hard\libc_nano.a(libc_a-wsetup.o)
                              c:/program files (x86)/arm gnu toolchain arm-none-eabi/12.2 rel1/bin/../lib/gcc/arm-none-eabi/12.2.1/thumb/v7e-m+fp/hard\libc_nano.a(libc_a-puts.o) (__swsetup_r)
c:/program files (x86)/arm gnu toolchain arm-none-eabi/12.2 rel1/bin/../lib/gcc/arm-none-eabi/12.2.1/thumb/v7e-m+fp/hard\libc_nano.a(libc_a-memset.o)
                              C:\Users\Alex\AppData\Local\Temp\ccGqTIaI.o (memset)
c:/program files (x86)/arm gnu toolchain arm-none-eabi/12.2 rel1/bin/../lib/gcc/arm-none-eabi/12.2.1/thumb/v7e-m+fp/hard\libc_nano.a(libc_a-impure.o)
                              c:/program files (x86)/arm gnu toolchain arm-none-eabi/12.2 rel1/bin/../lib/gcc/arm-none-eabi/12.2.1/thumb/v7e-m+fp/hard\libc_nano.a(libc_a-printf.o) (_impure_ptr)
c:/program files (x86)/arm gnu toolchain arm-none-eabi/12.2 rel1/bin/../lib/gcc/arm-none-eabi/12.2.1/thumb/v7e-m+fp/hard\libc_nano.a(libc_a-lock.o)
                              c:/program files (x86)/arm gnu toolchain arm-none-eabi/12.2 rel1/bin/../lib/gcc/arm-none-eabi/12.2.1/thumb/v7e-m+fp/hard\libc_nano.a(libc_a-puts.o) (__retarget_lock_acquire_recursive)
c:/program files (x86)/arm gnu toolchain arm-none-eabi/12.2 rel1/bin/../lib/gcc/arm-none-eabi/12.2.1/thumb/v7e-m+fp/hard\libc_nano.a(libc_a-memcpy-stub.o)
                              C:\Users\Alex\AppData\Local\Temp\ccGqTIaI.o (memcpy)
c:/program files (x86)/arm gnu toolchain arm-none-eabi/12.2 rel1/bin/../lib/gcc/arm-none-eabi/12.2.1/thumb/v7e-m+fp/hard\libc_nano.a(libc_a-freer.o)
                              c:/program files (x86)/arm gnu toolchain arm-none-eabi/12.2 rel1/bin/../lib/gcc/arm-none-eabi/12.2.1/thumb/v7e-m+fp/hard\libc_nano.a(libc_a-wsetup.o) (_free_r)
c:/program files (x86)/arm gnu toolchain arm-none-eabi/12.2 rel1/bin/../lib/gcc/arm-none-eabi/12.2.1/thumb/v7e-m+fp/hard\libc_nano.a(libc_a-mallocr.o)
                              c:/program files (x86)/arm gnu toolchain arm-none-eabi/12.2 rel1/bin/../lib/gcc/arm-none-eabi/12.2.1/thumb/v7e-m+fp/hard\libc_nano.a(libc_a-freer.o) (__malloc_free_list)
c:/program files (x86)/arm gnu toolchain arm-none-eabi/12.2 rel1/bin/../lib/gcc/arm-none-eabi/12.2.1/thumb/v7e-m+fp/hard\libc_nano.a(libc_a-mlock.o)
                              c:/program files (x86)/arm gnu toolchain arm-none-eabi/12.2 rel1/bin/../lib/gcc/arm-none-eabi/12.2.1/thumb/v7e-m+fp/hard\libc_nano.a(libc_a-freer.o) (__malloc_lock)
c:/program files (x86)/arm gnu toolchain arm-none-eabi/12.2 rel1/bin/../lib/gcc/arm-none-eabi/12.2.1/thumb/v7e-m+fp/hard\libc_nano.a(libc_a-nano-vfprintf.o)
                              c:/program files (x86)/arm gnu toolchain arm-none-eabi/12.2 rel1/bin/../lib/gcc/arm-none-eabi/12.2.1/thumb/v7e-m+fp/hard\libc_nano.a(libc_a-printf.o) (_vfprintf_r)
c:/program files (x86)/arm gnu toolchain arm-none-eabi/12.2 rel1/bin/../lib/gcc/arm-none-eabi/12.2.1/thumb/v7e-m+fp/hard\libc_nano.a(libc_a-nano-vfprintf_i.o)
                              c:/program files (x86)/arm gnu toolchain arm-none-eabi/12.2 rel1/bin/../lib/gcc/arm-none-eabi/12.2.1/thumb/v7e-m+fp/hard\libc_nano.a(libc_a-nano-vfprintf.o) (_printf_i)
c:/program files (x86)/arm gnu toolchain arm-none-eabi/12.2 rel1/bin/../lib/gcc/arm-none-eabi/12.2.1/thumb/v7e-m+fp/hard\libc_nano.a(libc_a-fflush.o)
                              c:/program files (x86)/arm gnu toolchain arm-none-eabi/12.2 rel1/bin/../lib/gcc/arm-none-eabi/12.2.1/thumb/v7e-m+fp/hard\libc_nano.a(libc_a-wbuf.o) (_fflush_r)
c:/program files (x86)/arm gnu toolchain arm-none-eabi/12.2 rel1/bin/../lib/gcc/arm-none-eabi/12.2.1/thumb/v7e-m+fp/hard\libc_nano.a(libc_a-findfp.o)
[...]
Memory Configuration

Name             Origin             Length             Attributes
flash            0x08000000         0x00200000         xr
sram             0x20000000         0x00030000         xrw
*default*        0x00000000         0xffffffff

Linker script and memory map

LOAD C:\Users\Alex\AppData\Local\Temp\ccGqTIaI.o
LOAD C:\Users\Alex\AppData\Local\Temp\ccG1KAYm.o
LOAD C:\Users\Alex\AppData\Local\Temp\ccwzlzWc.o
LOAD C:\Users\Alex\AppData\Local\Temp\ccX3EQhf.o
LOAD c:/program files (x86)/arm gnu toolchain arm-none-eabi/12.2 rel1/bin/../lib/gcc/arm-none-eabi/12.2.1/thumb/v7e-m+fp/hard\libc_nano.a
LOAD c:/program files (x86)/arm gnu toolchain arm-none-eabi/12.2 rel1/bin/../lib/gcc/arm-none-eabi/12.2.1/thumb/v7e-m+fp/hard\libgcc.a
                0x20030000                _estack = (ORIGIN (sram) + LENGTH (sram))

.vectors        0x08000000      0x1bc
 *(.vectors)
 .vectors       0x08000000      0x1bc C:\Users\Alex\AppData\Local\Temp\ccG1KAYm.o
                0x08000000                tab

.text           0x080001bc      0xac8
 *(.text*)
 .text.gpio_set_mode
                0x080001bc       0x38 C:\Users\Alex\AppData\Local\Temp\ccGqTIaI.o
 .text.gpio_write
                0x080001f4       0x20 C:\Users\Alex\AppData\Local\Temp\ccGqTIaI.o
 .text.SysTick_Handler
                0x08000214       0x10 C:\Users\Alex\AppData\Local\Temp\ccGqTIaI.o
                0x08000214                SysTick_Handler
 .text.startup.main
                0x08000224       0x88 C:\Users\Alex\AppData\Local\Temp\ccGqTIaI.o
                0x08000224                main
 .text._reset   0x080002ac       0x50 C:\Users\Alex\AppData\Local\Temp\ccG1KAYm.o
                0x080002ac                _reset
 .text._fstat   0x080002fc       0x12 C:\Users\Alex\AppData\Local\Temp\ccwzlzWc.o
                0x080002fc                _fstat
 *fill*         0x0800030e        0x2 
 .text._sbrk    0x08000310       0x1c C:\Users\Alex\AppData\Local\Temp\ccwzlzWc.o
                0x08000310                _sbrk
 .text._close   0x0800032c        0x6 C:\Users\Alex\AppData\Local\Temp\ccwzlzWc.o
                0x0800032c                _close
 .text._isatty  0x08000332        0x4 C:\Users\Alex\AppData\Local\Temp\ccwzlzWc.o
                0x08000332                _isatty
 .text._lseek   0x08000336        0x4 C:\Users\Alex\AppData\Local\Temp\ccwzlzWc.o
                0x08000336                _lseek
 .text._read    0x0800033a        0x6 C:\Users\Alex\AppData\Local\Temp\ccwzlzWc.o
                0x0800033a                _read
 .text._write   0x08000340       0x34 C:\Users\Alex\AppData\Local\Temp\ccwzlzWc.o
                0x08000340                _write
 .text._puts_r  0x08000374       0xaa c:/program files (x86)/arm gnu toolchain arm-none-eabi/12.2 rel1/bin/../lib/gcc/arm-none-eabi/12.2.1/thumb/v7e-m+fp/hard\libc_nano.a(libc_a-puts.o)
                0x08000374                _puts_r
 *fill*         0x0800041e        0x2 
 .text.puts     0x08000420       0x10 c:/program files (x86)/arm gnu toolchain arm-none-eabi/12.2 rel1/bin/../lib/gcc/arm-none-eabi/12.2.1/thumb/v7e-m+fp/hard\libc_nano.a(libc_a-puts.o)
                0x08000420                puts
 .text.__swbuf_r
                0x08000430       0x7c c:/program files (x86)/arm gnu toolchain arm-none-eabi/12.2 rel1/bin/../lib/gcc/arm-none-eabi/12.2.1/thumb/v7e-m+fp/hard\libc_nano.a(libc_a-wbuf.o)
                0x08000430                __swbuf_r
 .text.__swsetup_r
                0x080004ac       0xac c:/program files (x86)/arm gnu toolchain arm-none-eabi/12.2 rel1/bin/../lib/gcc/arm-none-eabi/12.2.1/thumb/v7e-m+fp/hard\libc_nano.a(libc_a-wsetup.o)
                0x080004ac                __swsetup_r
 .text.memset   0x08000558       0x10 c:/program files (x86)/arm gnu toolchain arm-none-eabi/12.2 rel1/bin/../lib/gcc/arm-none-eabi/12.2.1/thumb/v7e-m+fp/hard\libc_nano.a(libc_a-memset.o)
                0x08000558                memset
 .text.__retarget_lock_init_recursive
                0x08000568        0x2 c:/program files (x86)/arm gnu toolchain arm-none-eabi/12.2 rel1/bin/../lib/gcc/arm-none-eabi/12.2.1/thumb/v7e-m+fp/hard\libc_nano.a(libc_a-lock.o)
                0x08000568                __retarget_lock_init_recursive
 .text.__retarget_lock_acquire_recursive
                0x0800056a        0x2 c:/program files (x86)/arm gnu toolchain arm-none-eabi/12.2 rel1/bin/../lib/gcc/arm-none-eabi/12.2.1/thumb/v7e-m+fp/hard\libc_nano.a(libc_a-lock.o)
                0x0800056a                __retarget_lock_acquire_recursive
 .text.__retarget_lock_release_recursive
                0x0800056c        0x2 c:/program files (x86)/arm gnu toolchain arm-none-eabi/12.2 rel1/bin/../lib/gcc/arm-none-eabi/12.2.1/thumb/v7e-m+fp/hard\libc_nano.a(libc_a-lock.o)
                0x0800056c                __retarget_lock_release_recursive
 .text.memcpy   0x0800056e       0x1c c:/program files (x86)/arm gnu toolchain arm-none-eabi/12.2 rel1/bin/../lib/gcc/arm-none-eabi/12.2.1/thumb/v7e-m+fp/hard\libc_nano.a(libc_a-memcpy-stub.o)
                0x0800056e                memcpy
 *fill*         0x0800058a        0x2 
 .text._free_r  0x0800058c       0x94 c:/program files (x86)/arm gnu toolchain arm-none-eabi/12.2 rel1/bin/../lib/gcc/arm-none-eabi/12.2.1/thumb/v7e-m+fp/hard\libc_nano.a(libc_a-freer.o)
                0x0800058c                _free_r
 .text.sbrk_aligned
                0x08000620       0x44 c:/program files (x86)/arm gnu toolchain arm-none-eabi/12.2 rel1/bin/../lib/gcc/arm-none-eabi/12.2.1/thumb/v7e-m+fp/hard\libc_nano.a(libc_a-mallocr.o)
 .text._malloc_r
                0x08000664       0xf0 c:/program files (x86)/arm gnu toolchain arm-none-eabi/12.2 rel1/bin/../lib/gcc/arm-none-eabi/12.2.1/thumb/v7e-m+fp/hard\libc_nano.a(libc_a-mallocr.o)
                0x08000664                _malloc_r
 .text.__malloc_lock
                0x08000754        0xc c:/program files (x86)/arm gnu toolchain arm-none-eabi/12.2 rel1/bin/../lib/gcc/arm-none-eabi/12.2.1/thumb/v7e-m+fp/hard\libc_nano.a(libc_a-mlock.o)
                0x08000754                __malloc_lock
 .text.__malloc_unlock
                0x08000760        0xc c:/program files (x86)/arm gnu toolchain arm-none-eabi/12.2 rel1/bin/../lib/gcc/arm-none-eabi/12.2.1/thumb/v7e-m+fp/hard\libc_nano.a(libc_a-mlock.o)
                0x08000760                __malloc_unlock
 .text.__sflush_r
                0x0800076c      0x108 c:/program files (x86)/arm gnu toolchain arm-none-eabi/12.2 rel1/bin/../lib/gcc/arm-none-eabi/12.2.1/thumb/v7e-m+fp/hard\libc_nano.a(libc_a-fflush.o)
                0x0800076c                __sflush_r
 .text._fflush_r
                0x08000874       0x50 c:/program files (x86)/arm gnu toolchain arm-none-eabi/12.2 rel1/bin/../lib/gcc/arm-none-eabi/12.2.1/thumb/v7e-m+fp/hard\libc_nano.a(libc_a-fflush.o)
                0x08000874                _fflush_r
 .text.std      0x080008c4       0x6c c:/program files (x86)/arm gnu toolchain arm-none-eabi/12.2 rel1/bin/../lib/gcc/arm-none-eabi/12.2.1/thumb/v7e-m+fp/hard\libc_nano.a(libc_a-findfp.o)
 .text.stdio_exit_handler
                0x08000930       0x18 c:/program files (x86)/arm gnu toolchain arm-none-eabi/12.2 rel1/bin/../lib/gcc/arm-none-eabi/12.2.1/thumb/v7e-m+fp/hard\libc_nano.a(libc_a-findfp.o)
 .text.cleanup_stdio
                0x08000948       0x40 c:/program files (x86)/arm gnu toolchain arm-none-eabi/12.2 rel1/bin/../lib/gcc/arm-none-eabi/12.2.1/thumb/v7e-m+fp/hard\libc_nano.a(libc_a-findfp.o)
 .text.global_stdio_init.part.0
                0x08000988       0x3c c:/program files (x86)/arm gnu toolchain arm-none-eabi/12.2 rel1/bin/../lib/gcc/arm-none-eabi/12.2.1/thumb/v7e-m+fp/hard\libc_nano.a(libc_a-findfp.o)
 .text.__sfp_lock_acquire
                0x080009c4        0xc c:/program files (x86)/arm gnu toolchain arm-none-eabi/12.2 rel1/bin/../lib/gcc/arm-none-eabi/12.2.1/thumb/v7e-m+fp/hard\libc_nano.a(libc_a-findfp.o)
                0x080009c4                __sfp_lock_acquire
 .text.__sfp_lock_release
                0x080009d0        0xc c:/program files (x86)/arm gnu toolchain arm-none-eabi/12.2 rel1/bin/../lib/gcc/arm-none-eabi/12.2.1/thumb/v7e-m+fp/hard\libc_nano.a(libc_a-findfp.o)
                0x080009d0                __sfp_lock_release
 .text.__sinit  0x080009dc       0x30 c:/program files (x86)/arm gnu toolchain arm-none-eabi/12.2 rel1/bin/../lib/gcc/arm-none-eabi/12.2.1/thumb/v7e-m+fp/hard\libc_nano.a(libc_a-findfp.o)
                0x080009dc                __sinit
 .text._fwalk_sglue
                0x08000a0c       0x3c c:/program files (x86)/arm gnu toolchain arm-none-eabi/12.2 rel1/bin/../lib/gcc/arm-none-eabi/12.2.1/thumb/v7e-m+fp/hard\libc_nano.a(libc_a-fwalk.o)
                0x08000a0c                _fwalk_sglue
 .text.__swhatbuf_r
                0x08000a48       0x4c c:/program files (x86)/arm gnu toolchain arm-none-eabi/12.2 rel1/bin/../lib/gcc/arm-none-eabi/12.2.1/thumb/v7e-m+fp/hard\libc_nano.a(libc_a-makebuf.o)
                0x08000a48                __swhatbuf_r
 .text.__smakebuf_r
                0x08000a94       0x78 c:/program files (x86)/arm gnu toolchain arm-none-eabi/12.2 rel1/bin/../lib/gcc/arm-none-eabi/12.2.1/thumb/v7e-m+fp/hard\libc_nano.a(libc_a-makebuf.o)
                0x08000a94                __smakebuf_r
 .text.__sread  0x08000b0c       0x22 c:/program files (x86)/arm gnu toolchain arm-none-eabi/12.2 rel1/bin/../lib/gcc/arm-none-eabi/12.2.1/thumb/v7e-m+fp/hard\libc_nano.a(libc_a-stdio.o)
                0x08000b0c                __sread
 .text.__swrite
                0x08000b2e       0x38 c:/program files (x86)/arm gnu toolchain arm-none-eabi/12.2 rel1/bin/../lib/gcc/arm-none-eabi/12.2.1/thumb/v7e-m+fp/hard\libc_nano.a(libc_a-stdio.o)
                0x08000b2e                __swrite
 .text.__sseek  0x08000b66       0x24 c:/program files (x86)/arm gnu toolchain arm-none-eabi/12.2 rel1/bin/../lib/gcc/arm-none-eabi/12.2.1/thumb/v7e-m+fp/hard\libc_nano.a(libc_a-stdio.o)
                0x08000b66                __sseek
 .text.__sclose
                0x08000b8a        0x8 c:/program files (x86)/arm gnu toolchain arm-none-eabi/12.2 rel1/bin/../lib/gcc/arm-none-eabi/12.2.1/thumb/v7e-m+fp/hard\libc_nano.a(libc_a-stdio.o)
                0x08000b8a                __sclose
 *fill*         0x08000b92        0x2 
 .text._close_r
                0x08000b94       0x20 c:/program files (x86)/arm gnu toolchain arm-none-eabi/12.2 rel1/bin/../lib/gcc/arm-none-eabi/12.2.1/thumb/v7e-m+fp/hard\libc_nano.a(libc_a-closer.o)
                0x08000b94                _close_r
 .text._fstat_r
                0x08000bb4       0x24 c:/program files (x86)/arm gnu toolchain arm-none-eabi/12.2 rel1/bin/../lib/gcc/arm-none-eabi/12.2.1/thumb/v7e-m+fp/hard\libc_nano.a(libc_a-fstatr.o)
                0x08000bb4                _fstat_r
 .text._isatty_r
                0x08000bd8       0x20 c:/program files (x86)/arm gnu toolchain arm-none-eabi/12.2 rel1/bin/../lib/gcc/arm-none-eabi/12.2.1/thumb/v7e-m+fp/hard\libc_nano.a(libc_a-isattyr.o)
                0x08000bd8                _isatty_r
 .text._lseek_r
                0x08000bf8       0x24 c:/program files (x86)/arm gnu toolchain arm-none-eabi/12.2 rel1/bin/../lib/gcc/arm-none-eabi/12.2.1/thumb/v7e-m+fp/hard\libc_nano.a(libc_a-lseekr.o)
                0x08000bf8                _lseek_r
 .text._read_r  0x08000c1c       0x24 c:/program files (x86)/arm gnu toolchain arm-none-eabi/12.2 rel1/bin/../lib/gcc/arm-none-eabi/12.2.1/thumb/v7e-m+fp/hard\libc_nano.a(libc_a-readr.o)
                0x08000c1c                _read_r
 .text._sbrk_r  0x08000c40       0x20 c:/program files (x86)/arm gnu toolchain arm-none-eabi/12.2 rel1/bin/../lib/gcc/arm-none-eabi/12.2.1/thumb/v7e-m+fp/hard\libc_nano.a(libc_a-sbrkr.o)
                0x08000c40                _sbrk_r
 .text._write_r
                0x08000c60       0x24 c:/program files (x86)/arm gnu toolchain arm-none-eabi/12.2 rel1/bin/../lib/gcc/arm-none-eabi/12.2.1/thumb/v7e-m+fp/hard\libc_nano.a(libc_a-writer.o)
                0x08000c60                _write_r

.glue_7         0x08000c84        0x0
 .glue_7        0x08000c84        0x0 linker stubs

.glue_7t        0x08000c84        0x0
 .glue_7t       0x08000c84        0x0 linker stubs

.vfp11_veneer   0x08000c84        0x0
 .vfp11_veneer  0x08000c84        0x0 linker stubs

.v4_bx          0x08000c84        0x0
 .v4_bx         0x08000c84        0x0 linker stubs

.iplt           0x08000c84        0x0
 .iplt          0x08000c84        0x0 C:\Users\Alex\AppData\Local\Temp\ccGqTIaI.o

.rodata         0x08000c84       0x37
 *(.rodata*)
 .rodata.main.str1.1
                0x08000c84       0x37 C:\Users\Alex\AppData\Local\Temp\ccGqTIaI.o

.rel.dyn        0x08000cbc        0x0
 .rel.iplt      0x08000cbc        0x0 C:\Users\Alex\AppData\Local\Temp\ccGqTIaI.o

.data           0x20000000       0x5d load address 0x08000cbb
                0x20000000                _sdata = .
 *(.first_data)
 *(.data SORT_BY_NAME(.data.*))
 .data.__sglue  0x20000000        0xc c:/program files (x86)/arm gnu toolchain arm-none-eabi/12.2 rel1/bin/../lib/gcc/arm-none-eabi/12.2.1/thumb/v7e-m+fp/hard\libc_nano.a(libc_a-findfp.o)
                0x20000000                __sglue
 .data._impure_data
                0x2000000c       0x4c c:/program files (x86)/arm gnu toolchain arm-none-eabi/12.2 rel1/bin/../lib/gcc/arm-none-eabi/12.2.1/thumb/v7e-m+fp/hard\libc_nano.a(libc_a-impure.o)
                0x2000000c                _impure_data
 .data._impure_ptr
                0x20000058        0x4 c:/program files (x86)/arm gnu toolchain arm-none-eabi/12.2 rel1/bin/../lib/gcc/arm-none-eabi/12.2.1/thumb/v7e-m+fp/hard\libc_nano.a(libc_a-impure.o)
                0x20000058                _impure_ptr
 .data.on.0     0x2000005c        0x1 C:\Users\Alex\AppData\Local\Temp\ccGqTIaI.o
                0x2000005d                _edata = .
                0x08000cbb                _sidata = LOADADDR (.data)

.igot.plt       0x20000060        0x0 load address 0x08000d18
 .igot.plt      0x20000060        0x0 C:\Users\Alex\AppData\Local\Temp\ccGqTIaI.o

.bss            0x20000060      0x154 load address 0x08000d18
                0x20000060                _sbss = .
 *(.bss SORT_BY_NAME(.bss.*) COMMON)
 .bss.__lock___malloc_recursive_mutex
                0x20000060        0x1 c:/program files (x86)/arm gnu toolchain arm-none-eabi/12.2 rel1/bin/../lib/gcc/arm-none-eabi/12.2.1/thumb/v7e-m+fp/hard\libc_nano.a(libc_a-lock.o)
                0x20000060                __lock___malloc_recursive_mutex
 .bss.__lock___sfp_recursive_mutex
                0x20000061        0x1 c:/program files (x86)/arm gnu toolchain arm-none-eabi/12.2 rel1/bin/../lib/gcc/arm-none-eabi/12.2.1/thumb/v7e-m+fp/hard\libc_nano.a(libc_a-lock.o)
                0x20000061                __lock___sfp_recursive_mutex
 *fill*         0x20000062        0x2 
 .bss.__malloc_free_list
                0x20000064        0x4 c:/program files (x86)/arm gnu toolchain arm-none-eabi/12.2 rel1/bin/../lib/gcc/arm-none-eabi/12.2.1/thumb/v7e-m+fp/hard\libc_nano.a(libc_a-mallocr.o)
                0x20000064                __malloc_free_list
 .bss.__malloc_sbrk_start
                0x20000068        0x4 c:/program files (x86)/arm gnu toolchain arm-none-eabi/12.2 rel1/bin/../lib/gcc/arm-none-eabi/12.2.1/thumb/v7e-m+fp/hard\libc_nano.a(libc_a-mallocr.o)
                0x20000068                __malloc_sbrk_start
 .bss.__sf      0x2000006c      0x138 c:/program files (x86)/arm gnu toolchain arm-none-eabi/12.2 rel1/bin/../lib/gcc/arm-none-eabi/12.2.1/thumb/v7e-m+fp/hard\libc_nano.a(libc_a-findfp.o)
                0x2000006c                __sf
 .bss.__stdio_exit_handler
                0x200001a4        0x4 c:/program files (x86)/arm gnu toolchain arm-none-eabi/12.2 rel1/bin/../lib/gcc/arm-none-eabi/12.2.1/thumb/v7e-m+fp/hard\libc_nano.a(libc_a-findfp.o)
                0x200001a4                __stdio_exit_handler
 .bss.errno     0x200001a8        0x4 c:/program files (x86)/arm gnu toolchain arm-none-eabi/12.2 rel1/bin/../lib/gcc/arm-none-eabi/12.2.1/thumb/v7e-m+fp/hard\libc_nano.a(libc_a-reent.o)
                0x200001a8                errno
 .bss.heap.0    0x200001ac        0x4 C:\Users\Alex\AppData\Local\Temp\ccwzlzWc.o
 .bss.s_ticks   0x200001b0        0x4 C:\Users\Alex\AppData\Local\Temp\ccGqTIaI.o
                0x200001b4                _ebss = .
                0x200001b8                . = ALIGN (0x8)
                0x200001b8                _end = .
OUTPUT(firmware.elf elf32-littlearm)
LOAD linker stubs

.debug_info     0x00000000     0x35b6
 .debug_info    0x00000000     0x2c82 C:\Users\Alex\AppData\Local\Temp\ccGqTIaI.o
 .debug_info    0x00002c82      0x139 C:\Users\Alex\AppData\Local\Temp\ccG1KAYm.o
 .debug_info    0x00002dbb      0x7fb C:\Users\Alex\AppData\Local\Temp\ccwzlzWc.o

.debug_abbrev   0x00000000      0x9a9
 .debug_abbrev  0x00000000      0x623 C:\Users\Alex\AppData\Local\Temp\ccGqTIaI.o
 .debug_abbrev  0x00000623       0xe8 C:\Users\Alex\AppData\Local\Temp\ccG1KAYm.o
 .debug_abbrev  0x0000070b      0x29e C:\Users\Alex\AppData\Local\Temp\ccwzlzWc.o

.debug_loclists
                0x00000000     0x2736
 .debug_loclists
                0x00000000     0x256b C:\Users\Alex\AppData\Local\Temp\ccGqTIaI.o
 .debug_loclists
                0x0000256b      0x1cb C:\Users\Alex\AppData\Local\Temp\ccwzlzWc.o

.debug_aranges  0x00000000      0x240
 .debug_aranges
                0x00000000      0x190 C:\Users\Alex\AppData\Local\Temp\ccGqTIaI.o
 .debug_aranges
                0x00000190       0x20 C:\Users\Alex\AppData\Local\Temp\ccG1KAYm.o
 .debug_aranges
                0x000001b0       0x90 C:\Users\Alex\AppData\Local\Temp\ccwzlzWc.o

.debug_rnglists
                0x00000000      0x36d
 .debug_rnglists
                0x00000000      0x2db C:\Users\Alex\AppData\Local\Temp\ccGqTIaI.o
 .debug_rnglists
                0x000002db       0x13 C:\Users\Alex\AppData\Local\Temp\ccG1KAYm.o
 .debug_rnglists
                0x000002ee       0x7f C:\Users\Alex\AppData\Local\Temp\ccwzlzWc.o

.debug_macro    0x00000000    0x2085a
 .debug_macro   0x00000000      0x2d0 C:\Users\Alex\AppData\Local\Temp\ccGqTIaI.o
 .debug_macro   0x000002d0      0xaa8 C:\Users\Alex\AppData\Local\Temp\ccGqTIaI.o
 .debug_macro   0x00000d78       0x22 C:\Users\Alex\AppData\Local\Temp\ccGqTIaI.o
 .debug_macro   0x00000d9a       0x5b C:\Users\Alex\AppData\Local\Temp\ccGqTIaI.o
 .debug_macro   0x00000df5       0x2a C:\Users\Alex\AppData\Local\Temp\ccGqTIaI.o
 .debug_macro   0x00000e1f       0x94 C:\Users\Alex\AppData\Local\Temp\ccGqTIaI.o
 .debug_macro   0x00000eb3       0x43 C:\Users\Alex\AppData\Local\Temp\ccGqTIaI.o
 .debug_macro   0x00000ef6       0x34 C:\Users\Alex\AppData\Local\Temp\ccGqTIaI.o
 .debug_macro   0x00000f2a       0x16 C:\Users\Alex\AppData\Local\Temp\ccGqTIaI.o
 .debug_macro   0x00000f40       0x57 C:\Users\Alex\AppData\Local\Temp\ccGqTIaI.o
 .debug_macro   0x00000f97       0x9e C:\Users\Alex\AppData\Local\Temp\ccGqTIaI.o
 .debug_macro   0x00001035      0x369 C:\Users\Alex\AppData\Local\Temp\ccGqTIaI.o
 .debug_macro   0x0000139e      0x10b C:\Users\Alex\AppData\Local\Temp\ccGqTIaI.o
 .debug_macro   0x000014a9       0x10 C:\Users\Alex\AppData\Local\Temp\ccGqTIaI.o
 .debug_macro   0x000014b9       0x16 C:\Users\Alex\AppData\Local\Temp\ccGqTIaI.o
 .debug_macro   0x000014cf       0x43 C:\Users\Alex\AppData\Local\Temp\ccGqTIaI.o
 .debug_macro   0x00001512       0x34 C:\Users\Alex\AppData\Local\Temp\ccGqTIaI.o
 .debug_macro   0x00001546       0x10 C:\Users\Alex\AppData\Local\Temp\ccGqTIaI.o
 .debug_macro   0x00001556       0x58 C:\Users\Alex\AppData\Local\Temp\ccGqTIaI.o
 .debug_macro   0x000015ae       0x8e C:\Users\Alex\AppData\Local\Temp\ccGqTIaI.o
 .debug_macro   0x0000163c       0x1c C:\Users\Alex\AppData\Local\Temp\ccGqTIaI.o
 .debug_macro   0x00001658      0x177 C:\Users\Alex\AppData\Local\Temp\ccGqTIaI.o
 .debug_macro   0x000017cf       0x16 C:\Users\Alex\AppData\Local\Temp\ccGqTIaI.o
 .debug_macro   0x000017e5       0x16 C:\Users\Alex\AppData\Local\Temp\ccGqTIaI.o
 .debug_macro   0x000017fb      0x146 C:\Users\Alex\AppData\Local\Temp\ccGqTIaI.o
 .debug_macro   0x00001941      0x103 C:\Users\Alex\AppData\Local\Temp\ccGqTIaI.o
 .debug_macro   0x00001a44       0x6a C:\Users\Alex\AppData\Local\Temp\ccGqTIaI.o
 .debug_macro   0x00001aae      0x1df C:\Users\Alex\AppData\Local\Temp\ccGqTIaI.o
 .debug_macro   0x00001c8d       0x35 C:\Users\Alex\AppData\Local\Temp\ccGqTIaI.o
 .debug_macro   0x00001cc2      0x460 C:\Users\Alex\AppData\Local\Temp\ccGqTIaI.o
 .debug_macro   0x00002122       0x22 C:\Users\Alex\AppData\Local\Temp\ccGqTIaI.o
 .debug_macro   0x00002144       0x16 C:\Users\Alex\AppData\Local\Temp\ccGqTIaI.o
 .debug_macro   0x0000215a       0x16 C:\Users\Alex\AppData\Local\Temp\ccGqTIaI.o
 .debug_macro   0x00002170       0x29 C:\Users\Alex\AppData\Local\Temp\ccGqTIaI.o
 .debug_macro   0x00002199       0x16 C:\Users\Alex\AppData\Local\Temp\ccGqTIaI.o
 .debug_macro   0x000021af       0x10 C:\Users\Alex\AppData\Local\Temp\ccGqTIaI.o
 .debug_macro   0x000021bf       0x10 C:\Users\Alex\AppData\Local\Temp\ccGqTIaI.o
 .debug_macro   0x000021cf       0x10 C:\Users\Alex\AppData\Local\Temp\ccGqTIaI.o
 .debug_macro   0x000021df       0x1c C:\Users\Alex\AppData\Local\Temp\ccGqTIaI.o
 .debug_macro   0x000021fb       0x52 C:\Users\Alex\AppData\Local\Temp\ccGqTIaI.o
 .debug_macro   0x0000224d       0x22 C:\Users\Alex\AppData\Local\Temp\ccGqTIaI.o
 .debug_macro   0x0000226f       0x10 C:\Users\Alex\AppData\Local\Temp\ccGqTIaI.o
 .debug_macro   0x0000227f       0x52 C:\Users\Alex\AppData\Local\Temp\ccGqTIaI.o
 .debug_macro   0x000022d1       0xc1 C:\Users\Alex\AppData\Local\Temp\ccGqTIaI.o
 .debug_macro   0x00002392       0x1c C:\Users\Alex\AppData\Local\Temp\ccGqTIaI.o
 .debug_macro   0x000023ae       0x3d C:\Users\Alex\AppData\Local\Temp\ccGqTIaI.o
 .debug_macro   0x000023eb       0x35 C:\Users\Alex\AppData\Local\Temp\ccGqTIaI.o
 .debug_macro   0x00002420      0x12c C:\Users\Alex\AppData\Local\Temp\ccGqTIaI.o
 .debug_macro   0x0000254c       0x28 C:\Users\Alex\AppData\Local\Temp\ccGqTIaI.o
 .debug_macro   0x00002574       0x1c C:\Users\Alex\AppData\Local\Temp\ccGqTIaI.o
 .debug_macro   0x00002590       0x22 C:\Users\Alex\AppData\Local\Temp\ccGqTIaI.o
 .debug_macro   0x000025b2       0xd9 C:\Users\Alex\AppData\Local\Temp\ccGqTIaI.o
 .debug_macro   0x0000268b     0x102d C:\Users\Alex\AppData\Local\Temp\ccGqTIaI.o
 .debug_macro   0x000036b8      0x11f C:\Users\Alex\AppData\Local\Temp\ccGqTIaI.o
 .debug_macro   0x000037d7    0x1cb71 C:\Users\Alex\AppData\Local\Temp\ccGqTIaI.o
 .debug_macro   0x00020348       0x50 C:\Users\Alex\AppData\Local\Temp\ccGqTIaI.o
 .debug_macro   0x00020398       0x76 C:\Users\Alex\AppData\Local\Temp\ccGqTIaI.o
 .debug_macro   0x0002040e       0x16 C:\Users\Alex\AppData\Local\Temp\ccGqTIaI.o
 .debug_macro   0x00020424       0x11 C:\Users\Alex\AppData\Local\Temp\ccG1KAYm.o
 .debug_macro   0x00020435      0x2b2 C:\Users\Alex\AppData\Local\Temp\ccwzlzWc.o
 .debug_macro   0x000206e7       0x3a C:\Users\Alex\AppData\Local\Temp\ccwzlzWc.o
 .debug_macro   0x00020721       0x89 C:\Users\Alex\AppData\Local\Temp\ccwzlzWc.o
 .debug_macro   0x000207aa       0x1c C:\Users\Alex\AppData\Local\Temp\ccwzlzWc.o
 .debug_macro   0x000207c6       0x94 C:\Users\Alex\AppData\Local\Temp\ccwzlzWc.o

.debug_line     0x00000000     0x2055
 .debug_line    0x00000000     0x190f C:\Users\Alex\AppData\Local\Temp\ccGqTIaI.o
 .debug_line    0x0000190f       0x67 C:\Users\Alex\AppData\Local\Temp\ccG1KAYm.o
 .debug_line    0x00001976      0x6df C:\Users\Alex\AppData\Local\Temp\ccwzlzWc.o

.debug_str      0x00000000    0xb2e79
 .debug_str     0x00000000    0xb2ca3 C:\Users\Alex\AppData\Local\Temp\ccGqTIaI.o
                              0xb2f5f (size before relaxing)
 .debug_str     0x000b2ca3       0x3b C:\Users\Alex\AppData\Local\Temp\ccG1KAYm.o
                               0x2e36 (size before relaxing)
 .debug_str     0x000b2cde      0x19b C:\Users\Alex\AppData\Local\Temp\ccwzlzWc.o
                              0xb26f9 (size before relaxing)

.comment        0x00000000       0x45
 .comment       0x00000000       0x45 C:\Users\Alex\AppData\Local\Temp\ccGqTIaI.o
                                 0x46 (size before relaxing)
 .comment       0x00000045       0x46 C:\Users\Alex\AppData\Local\Temp\ccG1KAYm.o
 .comment       0x00000045       0x46 C:\Users\Alex\AppData\Local\Temp\ccwzlzWc.o

.ARM.attributes
                0x00000000       0x32
 .ARM.attributes
                0x00000000       0x34 C:\Users\Alex\AppData\Local\Temp\ccGqTIaI.o
 .ARM.attributes
                0x00000034       0x34 C:\Users\Alex\AppData\Local\Temp\ccG1KAYm.o
 .ARM.attributes
                0x00000068       0x34 C:\Users\Alex\AppData\Local\Temp\ccwzlzWc.o
 .ARM.attributes
                0x0000009c       0x34 c:/program files (x86)/arm gnu toolchain arm-none-eabi/12.2 rel1/bin/../lib/gcc/arm-none-eabi/12.2.1/thumb/v7e-m+fp/hard\libc_nano.a(libc_a-puts.o)
 .ARM.attributes
                0x000000d0       0x34 c:/program files (x86)/arm gnu toolchain arm-none-eabi/12.2 rel1/bin/../lib/gcc/arm-none-eabi/12.2.1/thumb/v7e-m+fp/hard\libc_nano.a(libc_a-wbuf.o)
 .ARM.attributes
                0x00000104       0x34 c:/program files (x86)/arm gnu toolchain arm-none-eabi/12.2 rel1/bin/../lib/gcc/arm-none-eabi/12.2.1/thumb/v7e-m+fp/hard\libc_nano.a(libc_a-wsetup.o)
 .ARM.attributes
                0x00000138       0x34 c:/program files (x86)/arm gnu toolchain arm-none-eabi/12.2 rel1/bin/../lib/gcc/arm-none-eabi/12.2.1/thumb/v7e-m+fp/hard\libc_nano.a(libc_a-memset.o)
 .ARM.attributes
                0x0000016c       0x34 c:/program files (x86)/arm gnu toolchain arm-none-eabi/12.2 rel1/bin/../lib/gcc/arm-none-eabi/12.2.1/thumb/v7e-m+fp/hard\libc_nano.a(libc_a-impure.o)
 .ARM.attributes
                0x000001a0       0x34 c:/program files (x86)/arm gnu toolchain arm-none-eabi/12.2 rel1/bin/../lib/gcc/arm-none-eabi/12.2.1/thumb/v7e-m+fp/hard\libc_nano.a(libc_a-lock.o)
 .ARM.attributes
                0x000001d4       0x34 c:/program files (x86)/arm gnu toolchain arm-none-eabi/12.2 rel1/bin/../lib/gcc/arm-none-eabi/12.2.1/thumb/v7e-m+fp/hard\libc_nano.a(libc_a-memcpy-stub.o)
 .ARM.attributes
                0x00000208       0x34 c:/program files (x86)/arm gnu toolchain arm-none-eabi/12.2 rel1/bin/../lib/gcc/arm-none-eabi/12.2.1/thumb/v7e-m+fp/hard\libc_nano.a(libc_a-freer.o)
 .ARM.attributes
                0x0000023c       0x34 c:/program files (x86)/arm gnu toolchain arm-none-eabi/12.2 rel1/bin/../lib/gcc/arm-none-eabi/12.2.1/thumb/v7e-m+fp/hard\libc_nano.a(libc_a-mallocr.o)
 .ARM.attributes
                0x00000270       0x34 c:/program files (x86)/arm gnu toolchain arm-none-eabi/12.2 rel1/bin/../lib/gcc/arm-none-eabi/12.2.1/thumb/v7e-m+fp/hard\libc_nano.a(libc_a-mlock.o)
 .ARM.attributes
                0x000002a4       0x34 c:/program files (x86)/arm gnu toolchain arm-none-eabi/12.2 rel1/bin/../lib/gcc/arm-none-eabi/12.2.1/thumb/v7e-m+fp/hard\libc_nano.a(libc_a-fflush.o)
 .ARM.attributes
                0x000002d8       0x34 c:/program files (x86)/arm gnu toolchain arm-none-eabi/12.2 rel1/bin/../lib/gcc/arm-none-eabi/12.2.1/thumb/v7e-m+fp/hard\libc_nano.a(libc_a-findfp.o)
 .ARM.attributes
                0x0000030c       0x34 c:/program files (x86)/arm gnu toolchain arm-none-eabi/12.2 rel1/bin/../lib/gcc/arm-none-eabi/12.2.1/thumb/v7e-m+fp/hard\libc_nano.a(libc_a-fwalk.o)
 .ARM.attributes
                0x00000340       0x34 c:/program files (x86)/arm gnu toolchain arm-none-eabi/12.2 rel1/bin/../lib/gcc/arm-none-eabi/12.2.1/thumb/v7e-m+fp/hard\libc_nano.a(libc_a-makebuf.o)
 .ARM.attributes
                0x00000374       0x34 c:/program files (x86)/arm gnu toolchain arm-none-eabi/12.2 rel1/bin/../lib/gcc/arm-none-eabi/12.2.1/thumb/v7e-m+fp/hard\libc_nano.a(libc_a-stdio.o)
 .ARM.attributes
                0x000003a8       0x34 c:/program files (x86)/arm gnu toolchain arm-none-eabi/12.2 rel1/bin/../lib/gcc/arm-none-eabi/12.2.1/thumb/v7e-m+fp/hard\libc_nano.a(libc_a-closer.o)
 .ARM.attributes
                0x000003dc       0x34 c:/program files (x86)/arm gnu toolchain arm-none-eabi/12.2 rel1/bin/../lib/gcc/arm-none-eabi/12.2.1/thumb/v7e-m+fp/hard\libc_nano.a(libc_a-reent.o)
 .ARM.attributes
                0x00000410       0x34 c:/program files (x86)/arm gnu toolchain arm-none-eabi/12.2 rel1/bin/../lib/gcc/arm-none-eabi/12.2.1/thumb/v7e-m+fp/hard\libc_nano.a(libc_a-fstatr.o)
 .ARM.attributes
                0x00000444       0x34 c:/program files (x86)/arm gnu toolchain arm-none-eabi/12.2 rel1/bin/../lib/gcc/arm-none-eabi/12.2.1/thumb/v7e-m+fp/hard\libc_nano.a(libc_a-isattyr.o)
 .ARM.attributes
                0x00000478       0x34 c:/program files (x86)/arm gnu toolchain arm-none-eabi/12.2 rel1/bin/../lib/gcc/arm-none-eabi/12.2.1/thumb/v7e-m+fp/hard\libc_nano.a(libc_a-lseekr.o)
 .ARM.attributes
                0x000004ac       0x34 c:/program files (x86)/arm gnu toolchain arm-none-eabi/12.2 rel1/bin/../lib/gcc/arm-none-eabi/12.2.1/thumb/v7e-m+fp/hard\libc_nano.a(libc_a-readr.o)
 .ARM.attributes
                0x000004e0       0x34 c:/program files (x86)/arm gnu toolchain arm-none-eabi/12.2 rel1/bin/../lib/gcc/arm-none-eabi/12.2.1/thumb/v7e-m+fp/hard\libc_nano.a(libc_a-sbrkr.o)
 .ARM.attributes
                0x00000514       0x34 c:/program files (x86)/arm gnu toolchain arm-none-eabi/12.2 rel1/bin/../lib/gcc/arm-none-eabi/12.2.1/thumb/v7e-m+fp/hard\libc_nano.a(libc_a-writer.o)

.debug_frame    0x00000000      0xd54
 .debug_frame   0x00000000      0x5b8 C:\Users\Alex\AppData\Local\Temp\ccGqTIaI.o
 .debug_frame   0x000005b8       0x20 C:\Users\Alex\AppData\Local\Temp\ccG1KAYm.o
 .debug_frame   0x000005d8      0x108 C:\Users\Alex\AppData\Local\Temp\ccwzlzWc.o
 .debug_frame   0x000006e0       0x3c c:/program files (x86)/arm gnu toolchain arm-none-eabi/12.2 rel1/bin/../lib/gcc/arm-none-eabi/12.2.1/thumb/v7e-m+fp/hard\libc_nano.a(libc_a-puts.o)
 .debug_frame   0x0000071c       0x40 c:/program files (x86)/arm gnu toolchain arm-none-eabi/12.2 rel1/bin/../lib/gcc/arm-none-eabi/12.2.1/thumb/v7e-m+fp/hard\libc_nano.a(libc_a-wbuf.o)
 .debug_frame   0x0000075c       0x2c c:/program files (x86)/arm gnu toolchain arm-none-eabi/12.2 rel1/bin/../lib/gcc/arm-none-eabi/12.2.1/thumb/v7e-m+fp/hard\libc_nano.a(libc_a-wsetup.o)
 .debug_frame   0x00000788       0x20 c:/program files (x86)/arm gnu toolchain arm-none-eabi/12.2 rel1/bin/../lib/gcc/arm-none-eabi/12.2.1/thumb/v7e-m+fp/hard\libc_nano.a(libc_a-memset.o)
 .debug_frame   0x000007a8       0xb0 c:/program files (x86)/arm gnu toolchain arm-none-eabi/12.2 rel1/bin/../lib/gcc/arm-none-eabi/12.2.1/thumb/v7e-m+fp/hard\libc_nano.a(libc_a-lock.o)
 .debug_frame   0x00000858       0x28 c:/program files (x86)/arm gnu toolchain arm-none-eabi/12.2 rel1/bin/../lib/gcc/arm-none-eabi/12.2.1/thumb/v7e-m+fp/hard\libc_nano.a(libc_a-memcpy-stub.o)
 .debug_frame   0x00000880       0x38 c:/program files (x86)/arm gnu toolchain arm-none-eabi/12.2 rel1/bin/../lib/gcc/arm-none-eabi/12.2.1/thumb/v7e-m+fp/hard\libc_nano.a(libc_a-freer.o)
 .debug_frame   0x000008b8       0x4c c:/program files (x86)/arm gnu toolchain arm-none-eabi/12.2 rel1/bin/../lib/gcc/arm-none-eabi/12.2.1/thumb/v7e-m+fp/hard\libc_nano.a(libc_a-mallocr.o)
 .debug_frame   0x00000904       0x30 c:/program files (x86)/arm gnu toolchain arm-none-eabi/12.2 rel1/bin/../lib/gcc/arm-none-eabi/12.2.1/thumb/v7e-m+fp/hard\libc_nano.a(libc_a-mlock.o)
 .debug_frame   0x00000934       0x5c c:/program files (x86)/arm gnu toolchain arm-none-eabi/12.2 rel1/bin/../lib/gcc/arm-none-eabi/12.2.1/thumb/v7e-m+fp/hard\libc_nano.a(libc_a-fflush.o)
 .debug_frame   0x00000990      0x144 c:/program files (x86)/arm gnu toolchain arm-none-eabi/12.2 rel1/bin/../lib/gcc/arm-none-eabi/12.2.1/thumb/v7e-m+fp/hard\libc_nano.a(libc_a-findfp.o)
 .debug_frame   0x00000ad4       0x34 c:/program files (x86)/arm gnu toolchain arm-none-eabi/12.2 rel1/bin/../lib/gcc/arm-none-eabi/12.2.1/thumb/v7e-m+fp/hard\libc_nano.a(libc_a-fwalk.o)
 .debug_frame   0x00000b08       0x58 c:/program files (x86)/arm gnu toolchain arm-none-eabi/12.2 rel1/bin/../lib/gcc/arm-none-eabi/12.2.1/thumb/v7e-m+fp/hard\libc_nano.a(libc_a-makebuf.o)
 .debug_frame   0x00000b60       0x88 c:/program files (x86)/arm gnu toolchain arm-none-eabi/12.2 rel1/bin/../lib/gcc/arm-none-eabi/12.2.1/thumb/v7e-m+fp/hard\libc_nano.a(libc_a-stdio.o)
 .debug_frame   0x00000be8       0x2c c:/program files (x86)/arm gnu toolchain arm-none-eabi/12.2 rel1/bin/../lib/gcc/arm-none-eabi/12.2.1/thumb/v7e-m+fp/hard\libc_nano.a(libc_a-closer.o)
 .debug_frame   0x00000c14       0x38 c:/program files (x86)/arm gnu toolchain arm-none-eabi/12.2 rel1/bin/../lib/gcc/arm-none-eabi/12.2.1/thumb/v7e-m+fp/hard\libc_nano.a(libc_a-reent.o)
 .debug_frame   0x00000c4c       0x2c c:/program files (x86)/arm gnu toolchain arm-none-eabi/12.2 rel1/bin/../lib/gcc/arm-none-eabi/12.2.1/thumb/v7e-m+fp/hard\libc_nano.a(libc_a-fstatr.o)
 .debug_frame   0x00000c78       0x2c c:/program files (x86)/arm gnu toolchain arm-none-eabi/12.2 rel1/bin/../lib/gcc/arm-none-eabi/12.2.1/thumb/v7e-m+fp/hard\libc_nano.a(libc_a-isattyr.o)
 .debug_frame   0x00000ca4       0x2c c:/program files (x86)/arm gnu toolchain arm-none-eabi/12.2 rel1/bin/../lib/gcc/arm-none-eabi/12.2.1/thumb/v7e-m+fp/hard\libc_nano.a(libc_a-lseekr.o)
 .debug_frame   0x00000cd0       0x2c c:/program files (x86)/arm gnu toolchain arm-none-eabi/12.2 rel1/bin/../lib/gcc/arm-none-eabi/12.2.1/thumb/v7e-m+fp/hard\libc_nano.a(libc_a-readr.o)
 .debug_frame   0x00000cfc       0x2c c:/program files (x86)/arm gnu toolchain arm-none-eabi/12.2 rel1/bin/../lib/gcc/arm-none-eabi/12.2.1/thumb/v7e-m+fp/hard\libc_nano.a(libc_a-sbrkr.o)
 .debug_frame   0x00000d28       0x2c c:/program files (x86)/arm gnu toolchain arm-none-eabi/12.2 rel1/bin/../lib/gcc/arm-none-eabi/12.2.1/thumb/v7e-m+fp/hard\libc_nano.a(libc_a-writer.o)
