Archive member included to satisfy reference by file (symbol)

/opt/gcc-arm-none-eabi-10.3-2021.10/bin/../lib/gcc/arm-none-eabi/10.3.1/../../../../arm-none-eabi/lib/thumb/v7e-m+fp/hard/libc_nano.a(lib_a-memcpy-stub.o)
                              /tmp/cc7qiOWw.o (memcpy)
/opt/gcc-arm-none-eabi-10.3-2021.10/bin/../lib/gcc/arm-none-eabi/10.3.1/../../../../arm-none-eabi/lib/thumb/v7e-m+fp/hard/libc_nano.a(lib_a-memset.o)
                              /tmp/cc7qiOWw.o (memset)
/opt/gcc-arm-none-eabi-10.3-2021.10/bin/../lib/gcc/arm-none-eabi/10.3.1/../../../../arm-none-eabi/lib/thumb/v7e-m+fp/hard/libc_nano.a(lib_a-printf.o)
                              /tmp/ccvC7WIB.o (printf)
/opt/gcc-arm-none-eabi-10.3-2021.10/bin/../lib/gcc/arm-none-eabi/10.3.1/../../../../arm-none-eabi/lib/thumb/v7e-m+fp/hard/libc_nano.a(lib_a-puts.o)
                              /tmp/ccvC7WIB.o (puts)
/opt/gcc-arm-none-eabi-10.3-2021.10/bin/../lib/gcc/arm-none-eabi/10.3.1/../../../../arm-none-eabi/lib/thumb/v7e-m+fp/hard/libc_nano.a(lib_a-wbuf.o)
                              /opt/gcc-arm-none-eabi-10.3-2021.10/bin/../lib/gcc/arm-none-eabi/10.3.1/../../../../arm-none-eabi/lib/thumb/v7e-m+fp/hard/libc_nano.a(lib_a-puts.o) (__swbuf_r)
/opt/gcc-arm-none-eabi-10.3-2021.10/bin/../lib/gcc/arm-none-eabi/10.3.1/../../../../arm-none-eabi/lib/thumb/v7e-m+fp/hard/libc_nano.a(lib_a-wsetup.o)
                              /opt/gcc-arm-none-eabi-10.3-2021.10/bin/../lib/gcc/arm-none-eabi/10.3.1/../../../../arm-none-eabi/lib/thumb/v7e-m+fp/hard/libc_nano.a(lib_a-puts.o) (__swsetup_r)
/opt/gcc-arm-none-eabi-10.3-2021.10/bin/../lib/gcc/arm-none-eabi/10.3.1/../../../../arm-none-eabi/lib/thumb/v7e-m+fp/hard/libc_nano.a(lib_a-fflush.o)
                              /opt/gcc-arm-none-eabi-10.3-2021.10/bin/../lib/gcc/arm-none-eabi/10.3.1/../../../../arm-none-eabi/lib/thumb/v7e-m+fp/hard/libc_nano.a(lib_a-wbuf.o) (_fflush_r)
/opt/gcc-arm-none-eabi-10.3-2021.10/bin/../lib/gcc/arm-none-eabi/10.3.1/../../../../arm-none-eabi/lib/thumb/v7e-m+fp/hard/libc_nano.a(lib_a-findfp.o)
                              /opt/gcc-arm-none-eabi-10.3-2021.10/bin/../lib/gcc/arm-none-eabi/10.3.1/../../../../arm-none-eabi/lib/thumb/v7e-m+fp/hard/libc_nano.a(lib_a-printf.o) (__sinit)
/opt/gcc-arm-none-eabi-10.3-2021.10/bin/../lib/gcc/arm-none-eabi/10.3.1/../../../../arm-none-eabi/lib/thumb/v7e-m+fp/hard/libc_nano.a(lib_a-fwalk.o)
                              /opt/gcc-arm-none-eabi-10.3-2021.10/bin/../lib/gcc/arm-none-eabi/10.3.1/../../../../arm-none-eabi/lib/thumb/v7e-m+fp/hard/libc_nano.a(lib_a-findfp.o) (_fwalk)
/opt/gcc-arm-none-eabi-10.3-2021.10/bin/../lib/gcc/arm-none-eabi/10.3.1/../../../../arm-none-eabi/lib/thumb/v7e-m+fp/hard/libc_nano.a(lib_a-impure.o)
                              /opt/gcc-arm-none-eabi-10.3-2021.10/bin/../lib/gcc/arm-none-eabi/10.3.1/../../../../arm-none-eabi/lib/thumb/v7e-m+fp/hard/libc_nano.a(lib_a-fflush.o) (_global_impure_ptr)
/opt/gcc-arm-none-eabi-10.3-2021.10/bin/../lib/gcc/arm-none-eabi/10.3.1/../../../../arm-none-eabi/lib/thumb/v7e-m+fp/hard/libc_nano.a(lib_a-lock.o)
                              /opt/gcc-arm-none-eabi-10.3-2021.10/bin/../lib/gcc/arm-none-eabi/10.3.1/../../../../arm-none-eabi/lib/thumb/v7e-m+fp/hard/libc_nano.a(lib_a-findfp.o) (__retarget_lock_init_recursive)
/opt/gcc-arm-none-eabi-10.3-2021.10/bin/../lib/gcc/arm-none-eabi/10.3.1/../../../../arm-none-eabi/lib/thumb/v7e-m+fp/hard/libc_nano.a(lib_a-makebuf.o)
                              /opt/gcc-arm-none-eabi-10.3-2021.10/bin/../lib/gcc/arm-none-eabi/10.3.1/../../../../arm-none-eabi/lib/thumb/v7e-m+fp/hard/libc_nano.a(lib_a-wsetup.o) (__smakebuf_r)
/opt/gcc-arm-none-eabi-10.3-2021.10/bin/../lib/gcc/arm-none-eabi/10.3.1/../../../../arm-none-eabi/lib/thumb/v7e-m+fp/hard/libc_nano.a(lib_a-nano-freer.o)
                              /opt/gcc-arm-none-eabi-10.3-2021.10/bin/../lib/gcc/arm-none-eabi/10.3.1/../../../../arm-none-eabi/lib/thumb/v7e-m+fp/hard/libc_nano.a(lib_a-wsetup.o) (_free_r)
/opt/gcc-arm-none-eabi-10.3-2021.10/bin/../lib/gcc/arm-none-eabi/10.3.1/../../../../arm-none-eabi/lib/thumb/v7e-m+fp/hard/libc_nano.a(lib_a-nano-mallocr.o)
                              /opt/gcc-arm-none-eabi-10.3-2021.10/bin/../lib/gcc/arm-none-eabi/10.3.1/../../../../arm-none-eabi/lib/thumb/v7e-m+fp/hard/libc_nano.a(lib_a-findfp.o) (_malloc_r)
/opt/gcc-arm-none-eabi-10.3-2021.10/bin/../lib/gcc/arm-none-eabi/10.3.1/../../../../arm-none-eabi/lib/thumb/v7e-m+fp/hard/libc_nano.a(lib_a-nano-vfprintf.o)
                              /opt/gcc-arm-none-eabi-10.3-2021.10/bin/../lib/gcc/arm-none-eabi/10.3.1/../../../../arm-none-eabi/lib/thumb/v7e-m+fp/hard/libc_nano.a(lib_a-printf.o) (_vfprintf_r)
/opt/gcc-arm-none-eabi-10.3-2021.10/bin/../lib/gcc/arm-none-eabi/10.3.1/../../../../arm-none-eabi/lib/thumb/v7e-m+fp/hard/libc_nano.a(lib_a-nano-vfprintf_i.o)
                              /opt/gcc-arm-none-eabi-10.3-2021.10/bin/../lib/gcc/arm-none-eabi/10.3.1/../../../../arm-none-eabi/lib/thumb/v7e-m+fp/hard/libc_nano.a(lib_a-nano-vfprintf.o) (_printf_i)
/opt/gcc-arm-none-eabi-10.3-2021.10/bin/../lib/gcc/arm-none-eabi/10.3.1/../../../../arm-none-eabi/lib/thumb/v7e-m+fp/hard/libc_nano.a(lib_a-sbrkr.o)
                              /opt/gcc-arm-none-eabi-10.3-2021.10/bin/../lib/gcc/arm-none-eabi/10.3.1/../../../../arm-none-eabi/lib/thumb/v7e-m+fp/hard/libc_nano.a(lib_a-nano-mallocr.o) (_sbrk_r)
/opt/gcc-arm-none-eabi-10.3-2021.10/bin/../lib/gcc/arm-none-eabi/10.3.1/../../../../arm-none-eabi/lib/thumb/v7e-m+fp/hard/libc_nano.a(lib_a-stdio.o)
                              /opt/gcc-arm-none-eabi-10.3-2021.10/bin/../lib/gcc/arm-none-eabi/10.3.1/../../../../arm-none-eabi/lib/thumb/v7e-m+fp/hard/libc_nano.a(lib_a-findfp.o) (__sread)
/opt/gcc-arm-none-eabi-10.3-2021.10/bin/../lib/gcc/arm-none-eabi/10.3.1/../../../../arm-none-eabi/lib/thumb/v7e-m+fp/hard/libc_nano.a(lib_a-writer.o)
                              /opt/gcc-arm-none-eabi-10.3-2021.10/bin/../lib/gcc/arm-none-eabi/10.3.1/../../../../arm-none-eabi/lib/thumb/v7e-m+fp/hard/libc_nano.a(lib_a-stdio.o) (_write_r)
/opt/gcc-arm-none-eabi-10.3-2021.10/bin/../lib/gcc/arm-none-eabi/10.3.1/../../../../arm-none-eabi/lib/thumb/v7e-m+fp/hard/libc_nano.a(lib_a-closer.o)
                              /opt/gcc-arm-none-eabi-10.3-2021.10/bin/../lib/gcc/arm-none-eabi/10.3.1/../../../../arm-none-eabi/lib/thumb/v7e-m+fp/hard/libc_nano.a(lib_a-stdio.o) (_close_r)
/opt/gcc-arm-none-eabi-10.3-2021.10/bin/../lib/gcc/arm-none-eabi/10.3.1/../../../../arm-none-eabi/lib/thumb/v7e-m+fp/hard/libc_nano.a(lib_a-fstatr.o)
                              /opt/gcc-arm-none-eabi-10.3-2021.10/bin/../lib/gcc/arm-none-eabi/10.3.1/../../../../arm-none-eabi/lib/thumb/v7e-m+fp/hard/libc_nano.a(lib_a-makebuf.o) (_fstat_r)
/opt/gcc-arm-none-eabi-10.3-2021.10/bin/../lib/gcc/arm-none-eabi/10.3.1/../../../../arm-none-eabi/lib/thumb/v7e-m+fp/hard/libc_nano.a(lib_a-fvwrite.o)
                              /opt/gcc-arm-none-eabi-10.3-2021.10/bin/../lib/gcc/arm-none-eabi/10.3.1/../../../../arm-none-eabi/lib/thumb/v7e-m+fp/hard/libc_nano.a(lib_a-nano-vfprintf.o) (__sfvwrite_r)
/opt/gcc-arm-none-eabi-10.3-2021.10/bin/../lib/gcc/arm-none-eabi/10.3.1/../../../../arm-none-eabi/lib/thumb/v7e-m+fp/hard/libc_nano.a(lib_a-isattyr.o)
                              /opt/gcc-arm-none-eabi-10.3-2021.10/bin/../lib/gcc/arm-none-eabi/10.3.1/../../../../arm-none-eabi/lib/thumb/v7e-m+fp/hard/libc_nano.a(lib_a-makebuf.o) (_isatty_r)
/opt/gcc-arm-none-eabi-10.3-2021.10/bin/../lib/gcc/arm-none-eabi/10.3.1/../../../../arm-none-eabi/lib/thumb/v7e-m+fp/hard/libc_nano.a(lib_a-lseekr.o)
                              /opt/gcc-arm-none-eabi-10.3-2021.10/bin/../lib/gcc/arm-none-eabi/10.3.1/../../../../arm-none-eabi/lib/thumb/v7e-m+fp/hard/libc_nano.a(lib_a-stdio.o) (_lseek_r)
/opt/gcc-arm-none-eabi-10.3-2021.10/bin/../lib/gcc/arm-none-eabi/10.3.1/../../../../arm-none-eabi/lib/thumb/v7e-m+fp/hard/libc_nano.a(lib_a-memchr.o)
                              /opt/gcc-arm-none-eabi-10.3-2021.10/bin/../lib/gcc/arm-none-eabi/10.3.1/../../../../arm-none-eabi/lib/thumb/v7e-m+fp/hard/libc_nano.a(lib_a-nano-vfprintf.o) (memchr)
/opt/gcc-arm-none-eabi-10.3-2021.10/bin/../lib/gcc/arm-none-eabi/10.3.1/../../../../arm-none-eabi/lib/thumb/v7e-m+fp/hard/libc_nano.a(lib_a-memmove.o)
                              /opt/gcc-arm-none-eabi-10.3-2021.10/bin/../lib/gcc/arm-none-eabi/10.3.1/../../../../arm-none-eabi/lib/thumb/v7e-m+fp/hard/libc_nano.a(lib_a-fvwrite.o) (memmove)
/opt/gcc-arm-none-eabi-10.3-2021.10/bin/../lib/gcc/arm-none-eabi/10.3.1/../../../../arm-none-eabi/lib/thumb/v7e-m+fp/hard/libc_nano.a(lib_a-mlock.o)
                              /opt/gcc-arm-none-eabi-10.3-2021.10/bin/../lib/gcc/arm-none-eabi/10.3.1/../../../../arm-none-eabi/lib/thumb/v7e-m+fp/hard/libc_nano.a(lib_a-nano-freer.o) (__malloc_lock)
/opt/gcc-arm-none-eabi-10.3-2021.10/bin/../lib/gcc/arm-none-eabi/10.3.1/../../../../arm-none-eabi/lib/thumb/v7e-m+fp/hard/libc_nano.a(lib_a-nano-reallocr.o)
                              /opt/gcc-arm-none-eabi-10.3-2021.10/bin/../lib/gcc/arm-none-eabi/10.3.1/../../../../arm-none-eabi/lib/thumb/v7e-m+fp/hard/libc_nano.a(lib_a-fvwrite.o) (_realloc_r)
/opt/gcc-arm-none-eabi-10.3-2021.10/bin/../lib/gcc/arm-none-eabi/10.3.1/../../../../arm-none-eabi/lib/thumb/v7e-m+fp/hard/libc_nano.a(lib_a-readr.o)
                              /opt/gcc-arm-none-eabi-10.3-2021.10/bin/../lib/gcc/arm-none-eabi/10.3.1/../../../../arm-none-eabi/lib/thumb/v7e-m+fp/hard/libc_nano.a(lib_a-stdio.o) (_read_r)
/opt/gcc-arm-none-eabi-10.3-2021.10/bin/../lib/gcc/arm-none-eabi/10.3.1/../../../../arm-none-eabi/lib/thumb/v7e-m+fp/hard/libc_nano.a(lib_a-reent.o)
                              /opt/gcc-arm-none-eabi-10.3-2021.10/bin/../lib/gcc/arm-none-eabi/10.3.1/../../../../arm-none-eabi/lib/thumb/v7e-m+fp/hard/libc_nano.a(lib_a-sbrkr.o) (errno)
/opt/gcc-arm-none-eabi-10.3-2021.10/bin/../lib/gcc/arm-none-eabi/10.3.1/../../../../arm-none-eabi/lib/thumb/v7e-m+fp/hard/libc_nano.a(lib_a-nano-msizer.o)
                              /opt/gcc-arm-none-eabi-10.3-2021.10/bin/../lib/gcc/arm-none-eabi/10.3.1/../../../../arm-none-eabi/lib/thumb/v7e-m+fp/hard/libc_nano.a(lib_a-nano-reallocr.o) (_malloc_usable_size_r)

Discarded input sections

 .group         0x0000000000000000        0xc /tmp/ccvC7WIB.o
 .group         0x0000000000000000        0xc /tmp/ccvC7WIB.o
 .group         0x0000000000000000        0xc /tmp/ccvC7WIB.o
 .group         0x0000000000000000        0xc /tmp/ccvC7WIB.o
 .group         0x0000000000000000        0xc /tmp/ccvC7WIB.o
 .group         0x0000000000000000        0xc /tmp/ccvC7WIB.o
 .group         0x0000000000000000        0xc /tmp/ccvC7WIB.o
 .group         0x0000000000000000        0xc /tmp/ccvC7WIB.o
 .group         0x0000000000000000        0xc /tmp/ccvC7WIB.o
 .group         0x0000000000000000        0xc /tmp/ccvC7WIB.o
 .group         0x0000000000000000        0xc /tmp/ccvC7WIB.o
 .group         0x0000000000000000        0xc /tmp/ccvC7WIB.o
 .group         0x0000000000000000        0xc /tmp/ccvC7WIB.o
 .group         0x0000000000000000        0xc /tmp/ccvC7WIB.o
 .group         0x0000000000000000        0xc /tmp/ccvC7WIB.o
 .group         0x0000000000000000        0xc /tmp/ccvC7WIB.o
 .group         0x0000000000000000        0xc /tmp/ccvC7WIB.o
 .group         0x0000000000000000        0xc /tmp/ccvC7WIB.o
 .group         0x0000000000000000        0xc /tmp/ccvC7WIB.o
 .group         0x0000000000000000        0xc /tmp/ccvC7WIB.o
 .group         0x0000000000000000        0xc /tmp/ccvC7WIB.o
 .group         0x0000000000000000        0xc /tmp/ccvC7WIB.o
 .group         0x0000000000000000        0xc /tmp/ccvC7WIB.o
 .group         0x0000000000000000        0xc /tmp/ccvC7WIB.o
 .group         0x0000000000000000        0xc /tmp/ccvC7WIB.o
 .group         0x0000000000000000        0xc /tmp/ccvC7WIB.o
 .group         0x0000000000000000        0xc /tmp/ccvC7WIB.o
 .group         0x0000000000000000        0xc /tmp/ccvC7WIB.o
 .group         0x0000000000000000        0xc /tmp/ccvC7WIB.o
 .group         0x0000000000000000        0xc /tmp/ccvC7WIB.o
 .group         0x0000000000000000        0xc /tmp/ccvC7WIB.o
 .group         0x0000000000000000        0xc /tmp/ccvC7WIB.o
 .group         0x0000000000000000        0xc /tmp/ccvC7WIB.o
 .group         0x0000000000000000        0xc /tmp/ccvC7WIB.o
 .group         0x0000000000000000        0xc /tmp/ccvC7WIB.o
 .group         0x0000000000000000        0xc /tmp/ccvC7WIB.o
 .group         0x0000000000000000        0xc /tmp/ccvC7WIB.o
 .group         0x0000000000000000        0xc /tmp/ccvC7WIB.o
 .group         0x0000000000000000        0xc /tmp/ccvC7WIB.o
 .group         0x0000000000000000        0xc /tmp/ccvC7WIB.o
 .group         0x0000000000000000        0xc /tmp/ccvC7WIB.o
 .group         0x0000000000000000        0xc /tmp/ccvC7WIB.o
 .group         0x0000000000000000        0xc /tmp/ccvC7WIB.o
 .group         0x0000000000000000        0xc /tmp/ccvC7WIB.o
 .group         0x0000000000000000        0xc /tmp/ccvC7WIB.o
 .group         0x0000000000000000        0xc /tmp/ccvC7WIB.o
 .group         0x0000000000000000        0xc /tmp/ccvC7WIB.o
 .group         0x0000000000000000        0xc /tmp/ccvC7WIB.o
 .group         0x0000000000000000        0xc /tmp/ccvC7WIB.o
 .group         0x0000000000000000        0xc /tmp/ccvC7WIB.o
 .group         0x0000000000000000        0xc /tmp/ccvC7WIB.o
 .group         0x0000000000000000        0xc /tmp/ccvC7WIB.o
 .group         0x0000000000000000        0xc /tmp/ccvC7WIB.o
 .group         0x0000000000000000        0xc /tmp/ccvC7WIB.o
 .text          0x0000000000000000        0x0 /tmp/ccvC7WIB.o
 .data          0x0000000000000000        0x0 /tmp/ccvC7WIB.o
 .bss           0x0000000000000000        0x0 /tmp/ccvC7WIB.o
 .text.update_sensors
                0x0000000000000000        0x2 /tmp/ccvC7WIB.o
 .text.toggle_timeout_flag
                0x0000000000000000        0x2 /tmp/ccvC7WIB.o
 .bss.flightStage
                0x0000000000000000        0x1 /tmp/ccvC7WIB.o
 .group         0x0000000000000000        0xc /tmp/cc7qiOWw.o
 .text          0x0000000000000000        0x0 /tmp/cc7qiOWw.o
 .data          0x0000000000000000        0x0 /tmp/cc7qiOWw.o
 .bss           0x0000000000000000        0x0 /tmp/cc7qiOWw.o
 .debug_macro   0x0000000000000000      0xa6c /tmp/cc7qiOWw.o
 .group         0x0000000000000000        0xc /tmp/cclt69Qo.o
 .group         0x0000000000000000        0xc /tmp/cclt69Qo.o
 .group         0x0000000000000000        0xc /tmp/cclt69Qo.o
 .group         0x0000000000000000        0xc /tmp/cclt69Qo.o
 .group         0x0000000000000000        0xc /tmp/cclt69Qo.o
 .group         0x0000000000000000        0xc /tmp/cclt69Qo.o
 .group         0x0000000000000000        0xc /tmp/cclt69Qo.o
 .group         0x0000000000000000        0xc /tmp/cclt69Qo.o
 .group         0x0000000000000000        0xc /tmp/cclt69Qo.o
 .group         0x0000000000000000        0xc /tmp/cclt69Qo.o
 .group         0x0000000000000000        0xc /tmp/cclt69Qo.o
 .group         0x0000000000000000        0xc /tmp/cclt69Qo.o
 .group         0x0000000000000000        0xc /tmp/cclt69Qo.o
 .group         0x0000000000000000        0xc /tmp/cclt69Qo.o
 .group         0x0000000000000000        0xc /tmp/cclt69Qo.o
 .group         0x0000000000000000        0xc /tmp/cclt69Qo.o
 .group         0x0000000000000000        0xc /tmp/cclt69Qo.o
 .group         0x0000000000000000        0xc /tmp/cclt69Qo.o
 .group         0x0000000000000000        0xc /tmp/cclt69Qo.o
 .group         0x0000000000000000        0xc /tmp/cclt69Qo.o
 .group         0x0000000000000000        0xc /tmp/cclt69Qo.o
 .group         0x0000000000000000        0xc /tmp/cclt69Qo.o
 .group         0x0000000000000000        0xc /tmp/cclt69Qo.o
 .group         0x0000000000000000        0xc /tmp/cclt69Qo.o
 .group         0x0000000000000000        0xc /tmp/cclt69Qo.o
 .group         0x0000000000000000        0xc /tmp/cclt69Qo.o
 .group         0x0000000000000000        0xc /tmp/cclt69Qo.o
 .group         0x0000000000000000        0xc /tmp/cclt69Qo.o
 .group         0x0000000000000000        0xc /tmp/cclt69Qo.o
 .group         0x0000000000000000        0xc /tmp/cclt69Qo.o
 .group         0x0000000000000000        0xc /tmp/cclt69Qo.o
 .group         0x0000000000000000        0xc /tmp/cclt69Qo.o
 .group         0x0000000000000000        0xc /tmp/cclt69Qo.o
 .group         0x0000000000000000        0xc /tmp/cclt69Qo.o
 .group         0x0000000000000000        0xc /tmp/cclt69Qo.o
 .group         0x0000000000000000        0xc /tmp/cclt69Qo.o
 .group         0x0000000000000000        0xc /tmp/cclt69Qo.o
 .group         0x0000000000000000        0xc /tmp/cclt69Qo.o
 .group         0x0000000000000000        0xc /tmp/cclt69Qo.o
 .group         0x0000000000000000        0xc /tmp/cclt69Qo.o
 .group         0x0000000000000000        0xc /tmp/cclt69Qo.o
 .group         0x0000000000000000        0xc /tmp/cclt69Qo.o
 .group         0x0000000000000000        0xc /tmp/cclt69Qo.o
 .group         0x0000000000000000        0xc /tmp/cclt69Qo.o
 .group         0x0000000000000000        0xc /tmp/cclt69Qo.o
 .group         0x0000000000000000        0xc /tmp/cclt69Qo.o
 .group         0x0000000000000000        0xc /tmp/cclt69Qo.o
 .group         0x0000000000000000        0xc /tmp/cclt69Qo.o
 .group         0x0000000000000000        0xc /tmp/cclt69Qo.o
 .group         0x0000000000000000        0xc /tmp/cclt69Qo.o
 .group         0x0000000000000000        0xc /tmp/cclt69Qo.o
 .group         0x0000000000000000        0xc /tmp/cclt69Qo.o
 .group         0x0000000000000000        0xc /tmp/cclt69Qo.o
 .group         0x0000000000000000        0xc /tmp/cclt69Qo.o
 .text          0x0000000000000000        0x0 /tmp/cclt69Qo.o
 .data          0x0000000000000000        0x0 /tmp/cclt69Qo.o
 .bss           0x0000000000000000        0x0 /tmp/cclt69Qo.o
 .text._open    0x0000000000000000        0x6 /tmp/cclt69Qo.o
 .text._exit    0x0000000000000000        0x4 /tmp/cclt69Qo.o
 .text._kill    0x0000000000000000        0x2 /tmp/cclt69Qo.o
 .text._getpid  0x0000000000000000        0x6 /tmp/cclt69Qo.o
 .text._link    0x0000000000000000        0x6 /tmp/cclt69Qo.o
 .text._unlink  0x0000000000000000        0x6 /tmp/cclt69Qo.o
 .text._stat    0x0000000000000000        0x6 /tmp/cclt69Qo.o
 .text.mkdir    0x0000000000000000        0x6 /tmp/cclt69Qo.o
 .debug_macro   0x0000000000000000      0xa6c /tmp/cclt69Qo.o
 .debug_macro   0x0000000000000000       0x22 /tmp/cclt69Qo.o
 .debug_macro   0x0000000000000000       0x4c /tmp/cclt69Qo.o
 .debug_macro   0x0000000000000000       0x1e /tmp/cclt69Qo.o
 .debug_macro   0x0000000000000000       0x94 /tmp/cclt69Qo.o
 .debug_macro   0x0000000000000000       0x3c /tmp/cclt69Qo.o
 .debug_macro   0x0000000000000000      0x103 /tmp/cclt69Qo.o
 .debug_macro   0x0000000000000000       0x57 /tmp/cclt69Qo.o
 .debug_macro   0x0000000000000000       0x6a /tmp/cclt69Qo.o
 .debug_macro   0x0000000000000000      0x460 /tmp/cclt69Qo.o
 .debug_macro   0x0000000000000000       0x22 /tmp/cclt69Qo.o
 .debug_macro   0x0000000000000000       0x97 /tmp/cclt69Qo.o
 .debug_macro   0x0000000000000000      0x341 /tmp/cclt69Qo.o
 .debug_macro   0x0000000000000000       0x10 /tmp/cclt69Qo.o
 .debug_macro   0x0000000000000000       0x16 /tmp/cclt69Qo.o
 .debug_macro   0x0000000000000000       0x43 /tmp/cclt69Qo.o
 .debug_macro   0x0000000000000000       0x34 /tmp/cclt69Qo.o
 .debug_macro   0x0000000000000000       0x10 /tmp/cclt69Qo.o
 .debug_macro   0x0000000000000000       0x58 /tmp/cclt69Qo.o
 .debug_macro   0x0000000000000000       0x71 /tmp/cclt69Qo.o
 .debug_macro   0x0000000000000000       0x1c /tmp/cclt69Qo.o
 .debug_macro   0x0000000000000000      0x12a /tmp/cclt69Qo.o
 .debug_macro   0x0000000000000000       0x10 /tmp/cclt69Qo.o
 .debug_macro   0x0000000000000000       0x1c /tmp/cclt69Qo.o
 .debug_macro   0x0000000000000000       0x52 /tmp/cclt69Qo.o
 .debug_macro   0x0000000000000000       0x22 /tmp/cclt69Qo.o
 .debug_macro   0x0000000000000000       0x10 /tmp/cclt69Qo.o
 .debug_macro   0x0000000000000000       0x52 /tmp/cclt69Qo.o
 .debug_macro   0x0000000000000000       0xd5 /tmp/cclt69Qo.o
 .debug_macro   0x0000000000000000       0x1c /tmp/cclt69Qo.o
 .debug_macro   0x0000000000000000       0x3d /tmp/cclt69Qo.o
 .debug_macro   0x0000000000000000       0x16 /tmp/cclt69Qo.o
 .debug_macro   0x0000000000000000      0x145 /tmp/cclt69Qo.o
 .debug_macro   0x0000000000000000       0x16 /tmp/cclt69Qo.o
 .debug_macro   0x0000000000000000       0x35 /tmp/cclt69Qo.o
 .debug_macro   0x0000000000000000       0x16 /tmp/cclt69Qo.o
 .debug_macro   0x0000000000000000       0x29 /tmp/cclt69Qo.o
 .debug_macro   0x0000000000000000       0x16 /tmp/cclt69Qo.o
 .debug_macro   0x0000000000000000       0x10 /tmp/cclt69Qo.o
 .debug_macro   0x0000000000000000       0x41 /tmp/cclt69Qo.o
 .debug_macro   0x0000000000000000      0x12c /tmp/cclt69Qo.o
 .debug_macro   0x0000000000000000       0x28 /tmp/cclt69Qo.o
 .debug_macro   0x0000000000000000       0x1c /tmp/cclt69Qo.o
 .debug_macro   0x0000000000000000       0x22 /tmp/cclt69Qo.o
 .debug_macro   0x0000000000000000       0xd9 /tmp/cclt69Qo.o
 .debug_macro   0x0000000000000000     0x102d /tmp/cclt69Qo.o
 .debug_macro   0x0000000000000000      0x11f /tmp/cclt69Qo.o
 .debug_macro   0x0000000000000000    0x1cb71 /tmp/cclt69Qo.o
 .debug_macro   0x0000000000000000       0x50 /tmp/cclt69Qo.o
 .group         0x0000000000000000        0xc /tmp/cc2SLXKy.o
 .group         0x0000000000000000        0xc /tmp/cc2SLXKy.o
 .group         0x0000000000000000        0xc /tmp/cc2SLXKy.o
 .group         0x0000000000000000        0xc /tmp/cc2SLXKy.o
 .group         0x0000000000000000        0xc /tmp/cc2SLXKy.o
 .group         0x0000000000000000        0xc /tmp/cc2SLXKy.o
 .group         0x0000000000000000        0xc /tmp/cc2SLXKy.o
 .group         0x0000000000000000        0xc /tmp/cc2SLXKy.o
 .group         0x0000000000000000        0xc /tmp/cc2SLXKy.o
 .group         0x0000000000000000        0xc /tmp/cc2SLXKy.o
 .group         0x0000000000000000        0xc /tmp/cc2SLXKy.o
 .group         0x0000000000000000        0xc /tmp/cc2SLXKy.o
 .group         0x0000000000000000        0xc /tmp/cc2SLXKy.o
 .group         0x0000000000000000        0xc /tmp/cc2SLXKy.o
 .group         0x0000000000000000        0xc /tmp/cc2SLXKy.o
 .group         0x0000000000000000        0xc /tmp/cc2SLXKy.o
 .group         0x0000000000000000        0xc /tmp/cc2SLXKy.o
 .group         0x0000000000000000        0xc /tmp/cc2SLXKy.o
 .group         0x0000000000000000        0xc /tmp/cc2SLXKy.o
 .group         0x0000000000000000        0xc /tmp/cc2SLXKy.o
 .group         0x0000000000000000        0xc /tmp/cc2SLXKy.o
 .group         0x0000000000000000        0xc /tmp/cc2SLXKy.o
 .group         0x0000000000000000        0xc /tmp/cc2SLXKy.o
 .group         0x0000000000000000        0xc /tmp/cc2SLXKy.o
 .group         0x0000000000000000        0xc /tmp/cc2SLXKy.o
 .group         0x0000000000000000        0xc /tmp/cc2SLXKy.o
 .group         0x0000000000000000        0xc /tmp/cc2SLXKy.o
 .group         0x0000000000000000        0xc /tmp/cc2SLXKy.o
 .group         0x0000000000000000        0xc /tmp/cc2SLXKy.o
 .group         0x0000000000000000        0xc /tmp/cc2SLXKy.o
 .group         0x0000000000000000        0xc /tmp/cc2SLXKy.o
 .group         0x0000000000000000        0xc /tmp/cc2SLXKy.o
 .group         0x0000000000000000        0xc /tmp/cc2SLXKy.o
 .group         0x0000000000000000        0xc /tmp/cc2SLXKy.o
 .group         0x0000000000000000        0xc /tmp/cc2SLXKy.o
 .group         0x0000000000000000        0xc /tmp/cc2SLXKy.o
 .group         0x0000000000000000        0xc /tmp/cc2SLXKy.o
 .group         0x0000000000000000        0xc /tmp/cc2SLXKy.o
 .group         0x0000000000000000        0xc /tmp/cc2SLXKy.o
 .group         0x0000000000000000        0xc /tmp/cc2SLXKy.o
 .group         0x0000000000000000        0xc /tmp/cc2SLXKy.o
 .group         0x0000000000000000        0xc /tmp/cc2SLXKy.o
 .group         0x0000000000000000        0xc /tmp/cc2SLXKy.o
 .group         0x0000000000000000        0xc /tmp/cc2SLXKy.o
 .group         0x0000000000000000        0xc /tmp/cc2SLXKy.o
 .group         0x0000000000000000        0xc /tmp/cc2SLXKy.o
 .group         0x0000000000000000        0xc /tmp/cc2SLXKy.o
 .group         0x0000000000000000        0xc /tmp/cc2SLXKy.o
 .group         0x0000000000000000        0xc /tmp/cc2SLXKy.o
 .group         0x0000000000000000        0xc /tmp/cc2SLXKy.o
 .group         0x0000000000000000        0xc /tmp/cc2SLXKy.o
 .group         0x0000000000000000        0xc /tmp/cc2SLXKy.o
 .group         0x0000000000000000        0xc /tmp/cc2SLXKy.o
 .group         0x0000000000000000        0xc /tmp/cc2SLXKy.o
 .group         0x0000000000000000        0xc /tmp/cc2SLXKy.o
 .text          0x0000000000000000        0x0 /tmp/cc2SLXKy.o
 .data          0x0000000000000000        0x0 /tmp/cc2SLXKy.o
 .bss           0x0000000000000000        0x0 /tmp/cc2SLXKy.o
 .text.spin     0x0000000000000000       0x14 /tmp/cc2SLXKy.o
 .text.led_on   0x0000000000000000       0x10 /tmp/cc2SLXKy.o
 .text.led_off  0x0000000000000000       0x10 /tmp/cc2SLXKy.o
 .text.beep_buzzer
                0x0000000000000000       0x3c /tmp/cc2SLXKy.o
 .text.indicate_on_buzzer
                0x0000000000000000       0x3c /tmp/cc2SLXKy.o
 .text.indicate_on_led
                0x0000000000000000       0x28 /tmp/cc2SLXKy.o
 .text.get_battery_capacity
                0x0000000000000000       0x28 /tmp/cc2SLXKy.o
 .rodata._blueLED
                0x0000000000000000        0x2 /tmp/cc2SLXKy.o
 .rodata._buzzer
                0x0000000000000000        0x2 /tmp/cc2SLXKy.o
 .rodata._vBatt
                0x0000000000000000        0x2 /tmp/cc2SLXKy.o
 .rodata._vBatt1
                0x0000000000000000        0x2 /tmp/cc2SLXKy.o
 .rodata._vBatt2
                0x0000000000000000        0x2 /tmp/cc2SLXKy.o
 .rodata._vBatt3
                0x0000000000000000        0x2 /tmp/cc2SLXKy.o
 .debug_macro   0x0000000000000000      0xa6c /tmp/cc2SLXKy.o
 .debug_macro   0x0000000000000000       0x22 /tmp/cc2SLXKy.o
 .debug_macro   0x0000000000000000       0x4c /tmp/cc2SLXKy.o
 .debug_macro   0x0000000000000000       0x1e /tmp/cc2SLXKy.o
 .debug_macro   0x0000000000000000       0x94 /tmp/cc2SLXKy.o
 .debug_macro   0x0000000000000000       0x3c /tmp/cc2SLXKy.o
 .debug_macro   0x0000000000000000      0x103 /tmp/cc2SLXKy.o
 .debug_macro   0x0000000000000000       0x3a /tmp/cc2SLXKy.o
 .debug_macro   0x0000000000000000       0x57 /tmp/cc2SLXKy.o
 .debug_macro   0x0000000000000000       0x6a /tmp/cc2SLXKy.o
 .debug_macro   0x0000000000000000      0x1df /tmp/cc2SLXKy.o
 .debug_macro   0x0000000000000000       0x82 /tmp/cc2SLXKy.o
 .debug_macro   0x0000000000000000      0x460 /tmp/cc2SLXKy.o
 .debug_macro   0x0000000000000000       0x22 /tmp/cc2SLXKy.o
 .debug_macro   0x0000000000000000       0x1c /tmp/cc2SLXKy.o
 .debug_macro   0x0000000000000000       0x97 /tmp/cc2SLXKy.o
 .debug_macro   0x0000000000000000      0x341 /tmp/cc2SLXKy.o
 .debug_macro   0x0000000000000000       0x8d /tmp/cc2SLXKy.o
 .debug_macro   0x0000000000000000       0x10 /tmp/cc2SLXKy.o
 .debug_macro   0x0000000000000000       0x16 /tmp/cc2SLXKy.o
 .debug_macro   0x0000000000000000       0x43 /tmp/cc2SLXKy.o
 .debug_macro   0x0000000000000000       0x34 /tmp/cc2SLXKy.o
 .debug_macro   0x0000000000000000       0x10 /tmp/cc2SLXKy.o
 .debug_macro   0x0000000000000000       0x58 /tmp/cc2SLXKy.o
 .debug_macro   0x0000000000000000       0x71 /tmp/cc2SLXKy.o
 .debug_macro   0x0000000000000000       0x1c /tmp/cc2SLXKy.o
 .debug_macro   0x0000000000000000      0x12a /tmp/cc2SLXKy.o
 .debug_macro   0x0000000000000000       0x10 /tmp/cc2SLXKy.o
 .debug_macro   0x0000000000000000       0x1c /tmp/cc2SLXKy.o
 .debug_macro   0x0000000000000000       0x52 /tmp/cc2SLXKy.o
 .debug_macro   0x0000000000000000       0x22 /tmp/cc2SLXKy.o
 .debug_macro   0x0000000000000000       0x10 /tmp/cc2SLXKy.o
 .debug_macro   0x0000000000000000       0x52 /tmp/cc2SLXKy.o
 .debug_macro   0x0000000000000000       0xd5 /tmp/cc2SLXKy.o
 .debug_macro   0x0000000000000000       0x1c /tmp/cc2SLXKy.o
 .debug_macro   0x0000000000000000       0x3d /tmp/cc2SLXKy.o
 .debug_macro   0x0000000000000000       0x16 /tmp/cc2SLXKy.o
 .debug_macro   0x0000000000000000      0x145 /tmp/cc2SLXKy.o
 .debug_macro   0x0000000000000000       0x16 /tmp/cc2SLXKy.o
 .debug_macro   0x0000000000000000       0x35 /tmp/cc2SLXKy.o
 .debug_macro   0x0000000000000000       0x16 /tmp/cc2SLXKy.o
 .debug_macro   0x0000000000000000       0x29 /tmp/cc2SLXKy.o
 .debug_macro   0x0000000000000000       0x16 /tmp/cc2SLXKy.o
 .debug_macro   0x0000000000000000       0x10 /tmp/cc2SLXKy.o
 .debug_macro   0x0000000000000000       0x41 /tmp/cc2SLXKy.o
 .debug_macro   0x0000000000000000      0x12c /tmp/cc2SLXKy.o
 .debug_macro   0x0000000000000000       0x28 /tmp/cc2SLXKy.o
 .debug_macro   0x0000000000000000       0x1c /tmp/cc2SLXKy.o
 .debug_macro   0x0000000000000000       0x22 /tmp/cc2SLXKy.o
 .debug_macro   0x0000000000000000       0xd9 /tmp/cc2SLXKy.o
 .debug_macro   0x0000000000000000     0x102d /tmp/cc2SLXKy.o
 .debug_macro   0x0000000000000000      0x11f /tmp/cc2SLXKy.o
 .debug_macro   0x0000000000000000    0x1cb71 /tmp/cc2SLXKy.o
 .debug_macro   0x0000000000000000       0x50 /tmp/cc2SLXKy.o
 .text          0x0000000000000000        0x0 /opt/gcc-arm-none-eabi-10.3-2021.10/bin/../lib/gcc/arm-none-eabi/10.3.1/../../../../arm-none-eabi/lib/thumb/v7e-m+fp/hard/libc_nano.a(lib_a-memcpy-stub.o)
 .data          0x0000000000000000        0x0 /opt/gcc-arm-none-eabi-10.3-2021.10/bin/../lib/gcc/arm-none-eabi/10.3.1/../../../../arm-none-eabi/lib/thumb/v7e-m+fp/hard/libc_nano.a(lib_a-memcpy-stub.o)
 .bss           0x0000000000000000        0x0 /opt/gcc-arm-none-eabi-10.3-2021.10/bin/../lib/gcc/arm-none-eabi/10.3.1/../../../../arm-none-eabi/lib/thumb/v7e-m+fp/hard/libc_nano.a(lib_a-memcpy-stub.o)
 .text          0x0000000000000000        0x0 /opt/gcc-arm-none-eabi-10.3-2021.10/bin/../lib/gcc/arm-none-eabi/10.3.1/../../../../arm-none-eabi/lib/thumb/v7e-m+fp/hard/libc_nano.a(lib_a-memset.o)
 .data          0x0000000000000000        0x0 /opt/gcc-arm-none-eabi-10.3-2021.10/bin/../lib/gcc/arm-none-eabi/10.3.1/../../../../arm-none-eabi/lib/thumb/v7e-m+fp/hard/libc_nano.a(lib_a-memset.o)
 .bss           0x0000000000000000        0x0 /opt/gcc-arm-none-eabi-10.3-2021.10/bin/../lib/gcc/arm-none-eabi/10.3.1/../../../../arm-none-eabi/lib/thumb/v7e-m+fp/hard/libc_nano.a(lib_a-memset.o)
 .text          0x0000000000000000        0x0 /opt/gcc-arm-none-eabi-10.3-2021.10/bin/../lib/gcc/arm-none-eabi/10.3.1/../../../../arm-none-eabi/lib/thumb/v7e-m+fp/hard/libc_nano.a(lib_a-printf.o)
 .data          0x0000000000000000        0x0 /opt/gcc-arm-none-eabi-10.3-2021.10/bin/../lib/gcc/arm-none-eabi/10.3.1/../../../../arm-none-eabi/lib/thumb/v7e-m+fp/hard/libc_nano.a(lib_a-printf.o)
 .bss           0x0000000000000000        0x0 /opt/gcc-arm-none-eabi-10.3-2021.10/bin/../lib/gcc/arm-none-eabi/10.3.1/../../../../arm-none-eabi/lib/thumb/v7e-m+fp/hard/libc_nano.a(lib_a-printf.o)
 .text._printf_r
                0x0000000000000000       0x28 /opt/gcc-arm-none-eabi-10.3-2021.10/bin/../lib/gcc/arm-none-eabi/10.3.1/../../../../arm-none-eabi/lib/thumb/v7e-m+fp/hard/libc_nano.a(lib_a-printf.o)
 .text          0x0000000000000000        0x0 /opt/gcc-arm-none-eabi-10.3-2021.10/bin/../lib/gcc/arm-none-eabi/10.3.1/../../../../arm-none-eabi/lib/thumb/v7e-m+fp/hard/libc_nano.a(lib_a-puts.o)
 .data          0x0000000000000000        0x0 /opt/gcc-arm-none-eabi-10.3-2021.10/bin/../lib/gcc/arm-none-eabi/10.3.1/../../../../arm-none-eabi/lib/thumb/v7e-m+fp/hard/libc_nano.a(lib_a-puts.o)
 .bss           0x0000000000000000        0x0 /opt/gcc-arm-none-eabi-10.3-2021.10/bin/../lib/gcc/arm-none-eabi/10.3.1/../../../../arm-none-eabi/lib/thumb/v7e-m+fp/hard/libc_nano.a(lib_a-puts.o)
 .text          0x0000000000000000        0x0 /opt/gcc-arm-none-eabi-10.3-2021.10/bin/../lib/gcc/arm-none-eabi/10.3.1/../../../../arm-none-eabi/lib/thumb/v7e-m+fp/hard/libc_nano.a(lib_a-wbuf.o)
 .data          0x0000000000000000        0x0 /opt/gcc-arm-none-eabi-10.3-2021.10/bin/../lib/gcc/arm-none-eabi/10.3.1/../../../../arm-none-eabi/lib/thumb/v7e-m+fp/hard/libc_nano.a(lib_a-wbuf.o)
 .bss           0x0000000000000000        0x0 /opt/gcc-arm-none-eabi-10.3-2021.10/bin/../lib/gcc/arm-none-eabi/10.3.1/../../../../arm-none-eabi/lib/thumb/v7e-m+fp/hard/libc_nano.a(lib_a-wbuf.o)
 .text.__swbuf  0x0000000000000000       0x10 /opt/gcc-arm-none-eabi-10.3-2021.10/bin/../lib/gcc/arm-none-eabi/10.3.1/../../../../arm-none-eabi/lib/thumb/v7e-m+fp/hard/libc_nano.a(lib_a-wbuf.o)
 .text          0x0000000000000000        0x0 /opt/gcc-arm-none-eabi-10.3-2021.10/bin/../lib/gcc/arm-none-eabi/10.3.1/../../../../arm-none-eabi/lib/thumb/v7e-m+fp/hard/libc_nano.a(lib_a-wsetup.o)
 .data          0x0000000000000000        0x0 /opt/gcc-arm-none-eabi-10.3-2021.10/bin/../lib/gcc/arm-none-eabi/10.3.1/../../../../arm-none-eabi/lib/thumb/v7e-m+fp/hard/libc_nano.a(lib_a-wsetup.o)
 .bss           0x0000000000000000        0x0 /opt/gcc-arm-none-eabi-10.3-2021.10/bin/../lib/gcc/arm-none-eabi/10.3.1/../../../../arm-none-eabi/lib/thumb/v7e-m+fp/hard/libc_nano.a(lib_a-wsetup.o)
 .text          0x0000000000000000        0x0 /opt/gcc-arm-none-eabi-10.3-2021.10/bin/../lib/gcc/arm-none-eabi/10.3.1/../../../../arm-none-eabi/lib/thumb/v7e-m+fp/hard/libc_nano.a(lib_a-fflush.o)
 .data          0x0000000000000000        0x0 /opt/gcc-arm-none-eabi-10.3-2021.10/bin/../lib/gcc/arm-none-eabi/10.3.1/../../../../arm-none-eabi/lib/thumb/v7e-m+fp/hard/libc_nano.a(lib_a-fflush.o)
 .bss           0x0000000000000000        0x0 /opt/gcc-arm-none-eabi-10.3-2021.10/bin/../lib/gcc/arm-none-eabi/10.3.1/../../../../arm-none-eabi/lib/thumb/v7e-m+fp/hard/libc_nano.a(lib_a-fflush.o)
 .text.fflush   0x0000000000000000       0x24 /opt/gcc-arm-none-eabi-10.3-2021.10/bin/../lib/gcc/arm-none-eabi/10.3.1/../../../../arm-none-eabi/lib/thumb/v7e-m+fp/hard/libc_nano.a(lib_a-fflush.o)
 .text          0x0000000000000000        0x0 /opt/gcc-arm-none-eabi-10.3-2021.10/bin/../lib/gcc/arm-none-eabi/10.3.1/../../../../arm-none-eabi/lib/thumb/v7e-m+fp/hard/libc_nano.a(lib_a-findfp.o)
 .data          0x0000000000000000        0x0 /opt/gcc-arm-none-eabi-10.3-2021.10/bin/../lib/gcc/arm-none-eabi/10.3.1/../../../../arm-none-eabi/lib/thumb/v7e-m+fp/hard/libc_nano.a(lib_a-findfp.o)
 .bss           0x0000000000000000        0x0 /opt/gcc-arm-none-eabi-10.3-2021.10/bin/../lib/gcc/arm-none-eabi/10.3.1/../../../../arm-none-eabi/lib/thumb/v7e-m+fp/hard/libc_nano.a(lib_a-findfp.o)
 .text.__fp_lock
                0x0000000000000000       0x18 /opt/gcc-arm-none-eabi-10.3-2021.10/bin/../lib/gcc/arm-none-eabi/10.3.1/../../../../arm-none-eabi/lib/thumb/v7e-m+fp/hard/libc_nano.a(lib_a-findfp.o)
 .text.__fp_unlock
                0x0000000000000000       0x18 /opt/gcc-arm-none-eabi-10.3-2021.10/bin/../lib/gcc/arm-none-eabi/10.3.1/../../../../arm-none-eabi/lib/thumb/v7e-m+fp/hard/libc_nano.a(lib_a-findfp.o)
 .text._cleanup
                0x0000000000000000        0xc /opt/gcc-arm-none-eabi-10.3-2021.10/bin/../lib/gcc/arm-none-eabi/10.3.1/../../../../arm-none-eabi/lib/thumb/v7e-m+fp/hard/libc_nano.a(lib_a-findfp.o)
 .text.__fp_lock_all
                0x0000000000000000       0x1c /opt/gcc-arm-none-eabi-10.3-2021.10/bin/../lib/gcc/arm-none-eabi/10.3.1/../../../../arm-none-eabi/lib/thumb/v7e-m+fp/hard/libc_nano.a(lib_a-findfp.o)
 .text.__fp_unlock_all
                0x0000000000000000       0x1c /opt/gcc-arm-none-eabi-10.3-2021.10/bin/../lib/gcc/arm-none-eabi/10.3.1/../../../../arm-none-eabi/lib/thumb/v7e-m+fp/hard/libc_nano.a(lib_a-findfp.o)
 .text          0x0000000000000000        0x0 /opt/gcc-arm-none-eabi-10.3-2021.10/bin/../lib/gcc/arm-none-eabi/10.3.1/../../../../arm-none-eabi/lib/thumb/v7e-m+fp/hard/libc_nano.a(lib_a-fwalk.o)
 .data          0x0000000000000000        0x0 /opt/gcc-arm-none-eabi-10.3-2021.10/bin/../lib/gcc/arm-none-eabi/10.3.1/../../../../arm-none-eabi/lib/thumb/v7e-m+fp/hard/libc_nano.a(lib_a-fwalk.o)
 .bss           0x0000000000000000        0x0 /opt/gcc-arm-none-eabi-10.3-2021.10/bin/../lib/gcc/arm-none-eabi/10.3.1/../../../../arm-none-eabi/lib/thumb/v7e-m+fp/hard/libc_nano.a(lib_a-fwalk.o)
 .text._fwalk   0x0000000000000000       0x3a /opt/gcc-arm-none-eabi-10.3-2021.10/bin/../lib/gcc/arm-none-eabi/10.3.1/../../../../arm-none-eabi/lib/thumb/v7e-m+fp/hard/libc_nano.a(lib_a-fwalk.o)
 .text          0x0000000000000000        0x0 /opt/gcc-arm-none-eabi-10.3-2021.10/bin/../lib/gcc/arm-none-eabi/10.3.1/../../../../arm-none-eabi/lib/thumb/v7e-m+fp/hard/libc_nano.a(lib_a-impure.o)
 .data          0x0000000000000000        0x0 /opt/gcc-arm-none-eabi-10.3-2021.10/bin/../lib/gcc/arm-none-eabi/10.3.1/../../../../arm-none-eabi/lib/thumb/v7e-m+fp/hard/libc_nano.a(lib_a-impure.o)
 .bss           0x0000000000000000        0x0 /opt/gcc-arm-none-eabi-10.3-2021.10/bin/../lib/gcc/arm-none-eabi/10.3.1/../../../../arm-none-eabi/lib/thumb/v7e-m+fp/hard/libc_nano.a(lib_a-impure.o)
 .text          0x0000000000000000        0x0 /opt/gcc-arm-none-eabi-10.3-2021.10/bin/../lib/gcc/arm-none-eabi/10.3.1/../../../../arm-none-eabi/lib/thumb/v7e-m+fp/hard/libc_nano.a(lib_a-lock.o)
 .data          0x0000000000000000        0x0 /opt/gcc-arm-none-eabi-10.3-2021.10/bin/../lib/gcc/arm-none-eabi/10.3.1/../../../../arm-none-eabi/lib/thumb/v7e-m+fp/hard/libc_nano.a(lib_a-lock.o)
 .bss           0x0000000000000000        0x0 /opt/gcc-arm-none-eabi-10.3-2021.10/bin/../lib/gcc/arm-none-eabi/10.3.1/../../../../arm-none-eabi/lib/thumb/v7e-m+fp/hard/libc_nano.a(lib_a-lock.o)
 .text.__retarget_lock_init
                0x0000000000000000        0x2 /opt/gcc-arm-none-eabi-10.3-2021.10/bin/../lib/gcc/arm-none-eabi/10.3.1/../../../../arm-none-eabi/lib/thumb/v7e-m+fp/hard/libc_nano.a(lib_a-lock.o)
 .text.__retarget_lock_close
                0x0000000000000000        0x2 /opt/gcc-arm-none-eabi-10.3-2021.10/bin/../lib/gcc/arm-none-eabi/10.3.1/../../../../arm-none-eabi/lib/thumb/v7e-m+fp/hard/libc_nano.a(lib_a-lock.o)
 .text.__retarget_lock_close_recursive
                0x0000000000000000        0x2 /opt/gcc-arm-none-eabi-10.3-2021.10/bin/../lib/gcc/arm-none-eabi/10.3.1/../../../../arm-none-eabi/lib/thumb/v7e-m+fp/hard/libc_nano.a(lib_a-lock.o)
 .text.__retarget_lock_acquire
                0x0000000000000000        0x2 /opt/gcc-arm-none-eabi-10.3-2021.10/bin/../lib/gcc/arm-none-eabi/10.3.1/../../../../arm-none-eabi/lib/thumb/v7e-m+fp/hard/libc_nano.a(lib_a-lock.o)
 .text.__retarget_lock_try_acquire
                0x0000000000000000        0x4 /opt/gcc-arm-none-eabi-10.3-2021.10/bin/../lib/gcc/arm-none-eabi/10.3.1/../../../../arm-none-eabi/lib/thumb/v7e-m+fp/hard/libc_nano.a(lib_a-lock.o)
 .text.__retarget_lock_try_acquire_recursive
                0x0000000000000000        0x4 /opt/gcc-arm-none-eabi-10.3-2021.10/bin/../lib/gcc/arm-none-eabi/10.3.1/../../../../arm-none-eabi/lib/thumb/v7e-m+fp/hard/libc_nano.a(lib_a-lock.o)
 .text.__retarget_lock_release
                0x0000000000000000        0x2 /opt/gcc-arm-none-eabi-10.3-2021.10/bin/../lib/gcc/arm-none-eabi/10.3.1/../../../../arm-none-eabi/lib/thumb/v7e-m+fp/hard/libc_nano.a(lib_a-lock.o)
 .bss.__lock___arc4random_mutex
                0x0000000000000000        0x1 /opt/gcc-arm-none-eabi-10.3-2021.10/bin/../lib/gcc/arm-none-eabi/10.3.1/../../../../arm-none-eabi/lib/thumb/v7e-m+fp/hard/libc_nano.a(lib_a-lock.o)
 .bss.__lock___at_quick_exit_mutex
                0x0000000000000000        0x1 /opt/gcc-arm-none-eabi-10.3-2021.10/bin/../lib/gcc/arm-none-eabi/10.3.1/../../../../arm-none-eabi/lib/thumb/v7e-m+fp/hard/libc_nano.a(lib_a-lock.o)
 .bss.__lock___atexit_recursive_mutex
                0x0000000000000000        0x1 /opt/gcc-arm-none-eabi-10.3-2021.10/bin/../lib/gcc/arm-none-eabi/10.3.1/../../../../arm-none-eabi/lib/thumb/v7e-m+fp/hard/libc_nano.a(lib_a-lock.o)
 .bss.__lock___dd_hash_mutex
                0x0000000000000000        0x1 /opt/gcc-arm-none-eabi-10.3-2021.10/bin/../lib/gcc/arm-none-eabi/10.3.1/../../../../arm-none-eabi/lib/thumb/v7e-m+fp/hard/libc_nano.a(lib_a-lock.o)
 .bss.__lock___env_recursive_mutex
                0x0000000000000000        0x1 /opt/gcc-arm-none-eabi-10.3-2021.10/bin/../lib/gcc/arm-none-eabi/10.3.1/../../../../arm-none-eabi/lib/thumb/v7e-m+fp/hard/libc_nano.a(lib_a-lock.o)
 .bss.__lock___tz_mutex
                0x0000000000000000        0x1 /opt/gcc-arm-none-eabi-10.3-2021.10/bin/../lib/gcc/arm-none-eabi/10.3.1/../../../../arm-none-eabi/lib/thumb/v7e-m+fp/hard/libc_nano.a(lib_a-lock.o)
 .text          0x0000000000000000        0x0 /opt/gcc-arm-none-eabi-10.3-2021.10/bin/../lib/gcc/arm-none-eabi/10.3.1/../../../../arm-none-eabi/lib/thumb/v7e-m+fp/hard/libc_nano.a(lib_a-makebuf.o)
 .data          0x0000000000000000        0x0 /opt/gcc-arm-none-eabi-10.3-2021.10/bin/../lib/gcc/arm-none-eabi/10.3.1/../../../../arm-none-eabi/lib/thumb/v7e-m+fp/hard/libc_nano.a(lib_a-makebuf.o)
 .bss           0x0000000000000000        0x0 /opt/gcc-arm-none-eabi-10.3-2021.10/bin/../lib/gcc/arm-none-eabi/10.3.1/../../../../arm-none-eabi/lib/thumb/v7e-m+fp/hard/libc_nano.a(lib_a-makebuf.o)
 .text          0x0000000000000000        0x0 /opt/gcc-arm-none-eabi-10.3-2021.10/bin/../lib/gcc/arm-none-eabi/10.3.1/../../../../arm-none-eabi/lib/thumb/v7e-m+fp/hard/libc_nano.a(lib_a-nano-freer.o)
 .data          0x0000000000000000        0x0 /opt/gcc-arm-none-eabi-10.3-2021.10/bin/../lib/gcc/arm-none-eabi/10.3.1/../../../../arm-none-eabi/lib/thumb/v7e-m+fp/hard/libc_nano.a(lib_a-nano-freer.o)
 .bss           0x0000000000000000        0x0 /opt/gcc-arm-none-eabi-10.3-2021.10/bin/../lib/gcc/arm-none-eabi/10.3.1/../../../../arm-none-eabi/lib/thumb/v7e-m+fp/hard/libc_nano.a(lib_a-nano-freer.o)
 .text          0x0000000000000000        0x0 /opt/gcc-arm-none-eabi-10.3-2021.10/bin/../lib/gcc/arm-none-eabi/10.3.1/../../../../arm-none-eabi/lib/thumb/v7e-m+fp/hard/libc_nano.a(lib_a-nano-mallocr.o)
 .data          0x0000000000000000        0x0 /opt/gcc-arm-none-eabi-10.3-2021.10/bin/../lib/gcc/arm-none-eabi/10.3.1/../../../../arm-none-eabi/lib/thumb/v7e-m+fp/hard/libc_nano.a(lib_a-nano-mallocr.o)
 .bss           0x0000000000000000        0x0 /opt/gcc-arm-none-eabi-10.3-2021.10/bin/../lib/gcc/arm-none-eabi/10.3.1/../../../../arm-none-eabi/lib/thumb/v7e-m+fp/hard/libc_nano.a(lib_a-nano-mallocr.o)
 .text          0x0000000000000000        0x0 /opt/gcc-arm-none-eabi-10.3-2021.10/bin/../lib/gcc/arm-none-eabi/10.3.1/../../../../arm-none-eabi/lib/thumb/v7e-m+fp/hard/libc_nano.a(lib_a-nano-vfprintf.o)
 .data          0x0000000000000000        0x0 /opt/gcc-arm-none-eabi-10.3-2021.10/bin/../lib/gcc/arm-none-eabi/10.3.1/../../../../arm-none-eabi/lib/thumb/v7e-m+fp/hard/libc_nano.a(lib_a-nano-vfprintf.o)
 .bss           0x0000000000000000        0x0 /opt/gcc-arm-none-eabi-10.3-2021.10/bin/../lib/gcc/arm-none-eabi/10.3.1/../../../../arm-none-eabi/lib/thumb/v7e-m+fp/hard/libc_nano.a(lib_a-nano-vfprintf.o)
 .text.__sprint_r
                0x0000000000000000       0x1a /opt/gcc-arm-none-eabi-10.3-2021.10/bin/../lib/gcc/arm-none-eabi/10.3.1/../../../../arm-none-eabi/lib/thumb/v7e-m+fp/hard/libc_nano.a(lib_a-nano-vfprintf.o)
 .text.vfprintf
                0x0000000000000000       0x14 /opt/gcc-arm-none-eabi-10.3-2021.10/bin/../lib/gcc/arm-none-eabi/10.3.1/../../../../arm-none-eabi/lib/thumb/v7e-m+fp/hard/libc_nano.a(lib_a-nano-vfprintf.o)
 .text          0x0000000000000000        0x0 /opt/gcc-arm-none-eabi-10.3-2021.10/bin/../lib/gcc/arm-none-eabi/10.3.1/../../../../arm-none-eabi/lib/thumb/v7e-m+fp/hard/libc_nano.a(lib_a-nano-vfprintf_i.o)
 .data          0x0000000000000000        0x0 /opt/gcc-arm-none-eabi-10.3-2021.10/bin/../lib/gcc/arm-none-eabi/10.3.1/../../../../arm-none-eabi/lib/thumb/v7e-m+fp/hard/libc_nano.a(lib_a-nano-vfprintf_i.o)
 .bss           0x0000000000000000        0x0 /opt/gcc-arm-none-eabi-10.3-2021.10/bin/../lib/gcc/arm-none-eabi/10.3.1/../../../../arm-none-eabi/lib/thumb/v7e-m+fp/hard/libc_nano.a(lib_a-nano-vfprintf_i.o)
 .text          0x0000000000000000        0x0 /opt/gcc-arm-none-eabi-10.3-2021.10/bin/../lib/gcc/arm-none-eabi/10.3.1/../../../../arm-none-eabi/lib/thumb/v7e-m+fp/hard/libc_nano.a(lib_a-sbrkr.o)
 .data          0x0000000000000000        0x0 /opt/gcc-arm-none-eabi-10.3-2021.10/bin/../lib/gcc/arm-none-eabi/10.3.1/../../../../arm-none-eabi/lib/thumb/v7e-m+fp/hard/libc_nano.a(lib_a-sbrkr.o)
 .bss           0x0000000000000000        0x0 /opt/gcc-arm-none-eabi-10.3-2021.10/bin/../lib/gcc/arm-none-eabi/10.3.1/../../../../arm-none-eabi/lib/thumb/v7e-m+fp/hard/libc_nano.a(lib_a-sbrkr.o)
 .text          0x0000000000000000        0x0 /opt/gcc-arm-none-eabi-10.3-2021.10/bin/../lib/gcc/arm-none-eabi/10.3.1/../../../../arm-none-eabi/lib/thumb/v7e-m+fp/hard/libc_nano.a(lib_a-stdio.o)
 .data          0x0000000000000000        0x0 /opt/gcc-arm-none-eabi-10.3-2021.10/bin/../lib/gcc/arm-none-eabi/10.3.1/../../../../arm-none-eabi/lib/thumb/v7e-m+fp/hard/libc_nano.a(lib_a-stdio.o)
 .bss           0x0000000000000000        0x0 /opt/gcc-arm-none-eabi-10.3-2021.10/bin/../lib/gcc/arm-none-eabi/10.3.1/../../../../arm-none-eabi/lib/thumb/v7e-m+fp/hard/libc_nano.a(lib_a-stdio.o)
 .text.__seofread
                0x0000000000000000        0x4 /opt/gcc-arm-none-eabi-10.3-2021.10/bin/../lib/gcc/arm-none-eabi/10.3.1/../../../../arm-none-eabi/lib/thumb/v7e-m+fp/hard/libc_nano.a(lib_a-stdio.o)
 .text          0x0000000000000000        0x0 /opt/gcc-arm-none-eabi-10.3-2021.10/bin/../lib/gcc/arm-none-eabi/10.3.1/../../../../arm-none-eabi/lib/thumb/v7e-m+fp/hard/libc_nano.a(lib_a-writer.o)
 .data          0x0000000000000000        0x0 /opt/gcc-arm-none-eabi-10.3-2021.10/bin/../lib/gcc/arm-none-eabi/10.3.1/../../../../arm-none-eabi/lib/thumb/v7e-m+fp/hard/libc_nano.a(lib_a-writer.o)
 .bss           0x0000000000000000        0x0 /opt/gcc-arm-none-eabi-10.3-2021.10/bin/../lib/gcc/arm-none-eabi/10.3.1/../../../../arm-none-eabi/lib/thumb/v7e-m+fp/hard/libc_nano.a(lib_a-writer.o)
 .text          0x0000000000000000        0x0 /opt/gcc-arm-none-eabi-10.3-2021.10/bin/../lib/gcc/arm-none-eabi/10.3.1/../../../../arm-none-eabi/lib/thumb/v7e-m+fp/hard/libc_nano.a(lib_a-closer.o)
 .data          0x0000000000000000        0x0 /opt/gcc-arm-none-eabi-10.3-2021.10/bin/../lib/gcc/arm-none-eabi/10.3.1/../../../../arm-none-eabi/lib/thumb/v7e-m+fp/hard/libc_nano.a(lib_a-closer.o)
 .bss           0x0000000000000000        0x0 /opt/gcc-arm-none-eabi-10.3-2021.10/bin/../lib/gcc/arm-none-eabi/10.3.1/../../../../arm-none-eabi/lib/thumb/v7e-m+fp/hard/libc_nano.a(lib_a-closer.o)
 .text          0x0000000000000000        0x0 /opt/gcc-arm-none-eabi-10.3-2021.10/bin/../lib/gcc/arm-none-eabi/10.3.1/../../../../arm-none-eabi/lib/thumb/v7e-m+fp/hard/libc_nano.a(lib_a-fstatr.o)
 .data          0x0000000000000000        0x0 /opt/gcc-arm-none-eabi-10.3-2021.10/bin/../lib/gcc/arm-none-eabi/10.3.1/../../../../arm-none-eabi/lib/thumb/v7e-m+fp/hard/libc_nano.a(lib_a-fstatr.o)
 .bss           0x0000000000000000        0x0 /opt/gcc-arm-none-eabi-10.3-2021.10/bin/../lib/gcc/arm-none-eabi/10.3.1/../../../../arm-none-eabi/lib/thumb/v7e-m+fp/hard/libc_nano.a(lib_a-fstatr.o)
 .text          0x0000000000000000        0x0 /opt/gcc-arm-none-eabi-10.3-2021.10/bin/../lib/gcc/arm-none-eabi/10.3.1/../../../../arm-none-eabi/lib/thumb/v7e-m+fp/hard/libc_nano.a(lib_a-fvwrite.o)
 .data          0x0000000000000000        0x0 /opt/gcc-arm-none-eabi-10.3-2021.10/bin/../lib/gcc/arm-none-eabi/10.3.1/../../../../arm-none-eabi/lib/thumb/v7e-m+fp/hard/libc_nano.a(lib_a-fvwrite.o)
 .bss           0x0000000000000000        0x0 /opt/gcc-arm-none-eabi-10.3-2021.10/bin/../lib/gcc/arm-none-eabi/10.3.1/../../../../arm-none-eabi/lib/thumb/v7e-m+fp/hard/libc_nano.a(lib_a-fvwrite.o)
 .text.__sfvwrite_r
                0x0000000000000000      0x294 /opt/gcc-arm-none-eabi-10.3-2021.10/bin/../lib/gcc/arm-none-eabi/10.3.1/../../../../arm-none-eabi/lib/thumb/v7e-m+fp/hard/libc_nano.a(lib_a-fvwrite.o)
 .debug_frame   0x0000000000000000       0x3c /opt/gcc-arm-none-eabi-10.3-2021.10/bin/../lib/gcc/arm-none-eabi/10.3.1/../../../../arm-none-eabi/lib/thumb/v7e-m+fp/hard/libc_nano.a(lib_a-fvwrite.o)
 .ARM.attributes
                0x0000000000000000       0x34 /opt/gcc-arm-none-eabi-10.3-2021.10/bin/../lib/gcc/arm-none-eabi/10.3.1/../../../../arm-none-eabi/lib/thumb/v7e-m+fp/hard/libc_nano.a(lib_a-fvwrite.o)
 .text          0x0000000000000000        0x0 /opt/gcc-arm-none-eabi-10.3-2021.10/bin/../lib/gcc/arm-none-eabi/10.3.1/../../../../arm-none-eabi/lib/thumb/v7e-m+fp/hard/libc_nano.a(lib_a-isattyr.o)
 .data          0x0000000000000000        0x0 /opt/gcc-arm-none-eabi-10.3-2021.10/bin/../lib/gcc/arm-none-eabi/10.3.1/../../../../arm-none-eabi/lib/thumb/v7e-m+fp/hard/libc_nano.a(lib_a-isattyr.o)
 .bss           0x0000000000000000        0x0 /opt/gcc-arm-none-eabi-10.3-2021.10/bin/../lib/gcc/arm-none-eabi/10.3.1/../../../../arm-none-eabi/lib/thumb/v7e-m+fp/hard/libc_nano.a(lib_a-isattyr.o)
 .text          0x0000000000000000        0x0 /opt/gcc-arm-none-eabi-10.3-2021.10/bin/../lib/gcc/arm-none-eabi/10.3.1/../../../../arm-none-eabi/lib/thumb/v7e-m+fp/hard/libc_nano.a(lib_a-lseekr.o)
 .data          0x0000000000000000        0x0 /opt/gcc-arm-none-eabi-10.3-2021.10/bin/../lib/gcc/arm-none-eabi/10.3.1/../../../../arm-none-eabi/lib/thumb/v7e-m+fp/hard/libc_nano.a(lib_a-lseekr.o)
 .bss           0x0000000000000000        0x0 /opt/gcc-arm-none-eabi-10.3-2021.10/bin/../lib/gcc/arm-none-eabi/10.3.1/../../../../arm-none-eabi/lib/thumb/v7e-m+fp/hard/libc_nano.a(lib_a-lseekr.o)
 .data          0x0000000000000000        0x0 /opt/gcc-arm-none-eabi-10.3-2021.10/bin/../lib/gcc/arm-none-eabi/10.3.1/../../../../arm-none-eabi/lib/thumb/v7e-m+fp/hard/libc_nano.a(lib_a-memchr.o)
 .bss           0x0000000000000000        0x0 /opt/gcc-arm-none-eabi-10.3-2021.10/bin/../lib/gcc/arm-none-eabi/10.3.1/../../../../arm-none-eabi/lib/thumb/v7e-m+fp/hard/libc_nano.a(lib_a-memchr.o)
 .text          0x0000000000000000        0x0 /opt/gcc-arm-none-eabi-10.3-2021.10/bin/../lib/gcc/arm-none-eabi/10.3.1/../../../../arm-none-eabi/lib/thumb/v7e-m+fp/hard/libc_nano.a(lib_a-memmove.o)
 .data          0x0000000000000000        0x0 /opt/gcc-arm-none-eabi-10.3-2021.10/bin/../lib/gcc/arm-none-eabi/10.3.1/../../../../arm-none-eabi/lib/thumb/v7e-m+fp/hard/libc_nano.a(lib_a-memmove.o)
 .bss           0x0000000000000000        0x0 /opt/gcc-arm-none-eabi-10.3-2021.10/bin/../lib/gcc/arm-none-eabi/10.3.1/../../../../arm-none-eabi/lib/thumb/v7e-m+fp/hard/libc_nano.a(lib_a-memmove.o)
 .text.memmove  0x0000000000000000       0x34 /opt/gcc-arm-none-eabi-10.3-2021.10/bin/../lib/gcc/arm-none-eabi/10.3.1/../../../../arm-none-eabi/lib/thumb/v7e-m+fp/hard/libc_nano.a(lib_a-memmove.o)
 .debug_frame   0x0000000000000000       0x28 /opt/gcc-arm-none-eabi-10.3-2021.10/bin/../lib/gcc/arm-none-eabi/10.3.1/../../../../arm-none-eabi/lib/thumb/v7e-m+fp/hard/libc_nano.a(lib_a-memmove.o)
 .ARM.attributes
                0x0000000000000000       0x34 /opt/gcc-arm-none-eabi-10.3-2021.10/bin/../lib/gcc/arm-none-eabi/10.3.1/../../../../arm-none-eabi/lib/thumb/v7e-m+fp/hard/libc_nano.a(lib_a-memmove.o)
 .text          0x0000000000000000        0x0 /opt/gcc-arm-none-eabi-10.3-2021.10/bin/../lib/gcc/arm-none-eabi/10.3.1/../../../../arm-none-eabi/lib/thumb/v7e-m+fp/hard/libc_nano.a(lib_a-mlock.o)
 .data          0x0000000000000000        0x0 /opt/gcc-arm-none-eabi-10.3-2021.10/bin/../lib/gcc/arm-none-eabi/10.3.1/../../../../arm-none-eabi/lib/thumb/v7e-m+fp/hard/libc_nano.a(lib_a-mlock.o)
 .bss           0x0000000000000000        0x0 /opt/gcc-arm-none-eabi-10.3-2021.10/bin/../lib/gcc/arm-none-eabi/10.3.1/../../../../arm-none-eabi/lib/thumb/v7e-m+fp/hard/libc_nano.a(lib_a-mlock.o)
 .text          0x0000000000000000        0x0 /opt/gcc-arm-none-eabi-10.3-2021.10/bin/../lib/gcc/arm-none-eabi/10.3.1/../../../../arm-none-eabi/lib/thumb/v7e-m+fp/hard/libc_nano.a(lib_a-nano-reallocr.o)
 .data          0x0000000000000000        0x0 /opt/gcc-arm-none-eabi-10.3-2021.10/bin/../lib/gcc/arm-none-eabi/10.3.1/../../../../arm-none-eabi/lib/thumb/v7e-m+fp/hard/libc_nano.a(lib_a-nano-reallocr.o)
 .bss           0x0000000000000000        0x0 /opt/gcc-arm-none-eabi-10.3-2021.10/bin/../lib/gcc/arm-none-eabi/10.3.1/../../../../arm-none-eabi/lib/thumb/v7e-m+fp/hard/libc_nano.a(lib_a-nano-reallocr.o)
 .text._realloc_r
                0x0000000000000000       0x5e /opt/gcc-arm-none-eabi-10.3-2021.10/bin/../lib/gcc/arm-none-eabi/10.3.1/../../../../arm-none-eabi/lib/thumb/v7e-m+fp/hard/libc_nano.a(lib_a-nano-reallocr.o)
 .debug_frame   0x0000000000000000       0x3c /opt/gcc-arm-none-eabi-10.3-2021.10/bin/../lib/gcc/arm-none-eabi/10.3.1/../../../../arm-none-eabi/lib/thumb/v7e-m+fp/hard/libc_nano.a(lib_a-nano-reallocr.o)
 .ARM.attributes
                0x0000000000000000       0x34 /opt/gcc-arm-none-eabi-10.3-2021.10/bin/../lib/gcc/arm-none-eabi/10.3.1/../../../../arm-none-eabi/lib/thumb/v7e-m+fp/hard/libc_nano.a(lib_a-nano-reallocr.o)
 .text          0x0000000000000000        0x0 /opt/gcc-arm-none-eabi-10.3-2021.10/bin/../lib/gcc/arm-none-eabi/10.3.1/../../../../arm-none-eabi/lib/thumb/v7e-m+fp/hard/libc_nano.a(lib_a-readr.o)
 .data          0x0000000000000000        0x0 /opt/gcc-arm-none-eabi-10.3-2021.10/bin/../lib/gcc/arm-none-eabi/10.3.1/../../../../arm-none-eabi/lib/thumb/v7e-m+fp/hard/libc_nano.a(lib_a-readr.o)
 .bss           0x0000000000000000        0x0 /opt/gcc-arm-none-eabi-10.3-2021.10/bin/../lib/gcc/arm-none-eabi/10.3.1/../../../../arm-none-eabi/lib/thumb/v7e-m+fp/hard/libc_nano.a(lib_a-readr.o)
 .text          0x0000000000000000        0x0 /opt/gcc-arm-none-eabi-10.3-2021.10/bin/../lib/gcc/arm-none-eabi/10.3.1/../../../../arm-none-eabi/lib/thumb/v7e-m+fp/hard/libc_nano.a(lib_a-reent.o)
 .data          0x0000000000000000        0x0 /opt/gcc-arm-none-eabi-10.3-2021.10/bin/../lib/gcc/arm-none-eabi/10.3.1/../../../../arm-none-eabi/lib/thumb/v7e-m+fp/hard/libc_nano.a(lib_a-reent.o)
 .bss           0x0000000000000000        0x0 /opt/gcc-arm-none-eabi-10.3-2021.10/bin/../lib/gcc/arm-none-eabi/10.3.1/../../../../arm-none-eabi/lib/thumb/v7e-m+fp/hard/libc_nano.a(lib_a-reent.o)
 .text.cleanup_glue
                0x0000000000000000       0x1a /opt/gcc-arm-none-eabi-10.3-2021.10/bin/../lib/gcc/arm-none-eabi/10.3.1/../../../../arm-none-eabi/lib/thumb/v7e-m+fp/hard/libc_nano.a(lib_a-reent.o)
 .text._reclaim_reent
                0x0000000000000000       0xb8 /opt/gcc-arm-none-eabi-10.3-2021.10/bin/../lib/gcc/arm-none-eabi/10.3.1/../../../../arm-none-eabi/lib/thumb/v7e-m+fp/hard/libc_nano.a(lib_a-reent.o)
 .text          0x0000000000000000        0x0 /opt/gcc-arm-none-eabi-10.3-2021.10/bin/../lib/gcc/arm-none-eabi/10.3.1/../../../../arm-none-eabi/lib/thumb/v7e-m+fp/hard/libc_nano.a(lib_a-nano-msizer.o)
 .data          0x0000000000000000        0x0 /opt/gcc-arm-none-eabi-10.3-2021.10/bin/../lib/gcc/arm-none-eabi/10.3.1/../../../../arm-none-eabi/lib/thumb/v7e-m+fp/hard/libc_nano.a(lib_a-nano-msizer.o)
 .bss           0x0000000000000000        0x0 /opt/gcc-arm-none-eabi-10.3-2021.10/bin/../lib/gcc/arm-none-eabi/10.3.1/../../../../arm-none-eabi/lib/thumb/v7e-m+fp/hard/libc_nano.a(lib_a-nano-msizer.o)
 .text._malloc_usable_size_r
                0x0000000000000000       0x10 /opt/gcc-arm-none-eabi-10.3-2021.10/bin/../lib/gcc/arm-none-eabi/10.3.1/../../../../arm-none-eabi/lib/thumb/v7e-m+fp/hard/libc_nano.a(lib_a-nano-msizer.o)
 .debug_frame   0x0000000000000000       0x20 /opt/gcc-arm-none-eabi-10.3-2021.10/bin/../lib/gcc/arm-none-eabi/10.3.1/../../../../arm-none-eabi/lib/thumb/v7e-m+fp/hard/libc_nano.a(lib_a-nano-msizer.o)
 .ARM.attributes
                0x0000000000000000       0x34 /opt/gcc-arm-none-eabi-10.3-2021.10/bin/../lib/gcc/arm-none-eabi/10.3.1/../../../../arm-none-eabi/lib/thumb/v7e-m+fp/hard/libc_nano.a(lib_a-nano-msizer.o)

Memory Configuration

Name             Origin             Length             Attributes
flash            0x0000000008000000 0x0000000000200000 xr
sram             0x0000000020000000 0x0000000000030000 xrw
*default*        0x0000000000000000 0xffffffffffffffff

Linker script and memory map

LOAD /tmp/ccvC7WIB.o
LOAD /tmp/cc7qiOWw.o
LOAD /tmp/cclt69Qo.o
LOAD /tmp/cc2SLXKy.o
LOAD /opt/gcc-arm-none-eabi-10.3-2021.10/bin/../lib/gcc/arm-none-eabi/10.3.1/../../../../arm-none-eabi/lib/thumb/v7e-m+fp/hard/libc_nano.a
LOAD /opt/gcc-arm-none-eabi-10.3-2021.10/bin/../lib/gcc/arm-none-eabi/10.3.1/thumb/v7e-m+fp/hard/libgcc.a
                0x0000000020030000                _estack = (ORIGIN (sram) + LENGTH (sram))

.vectors        0x0000000008000000      0x1bc
 *(.vectors)
 .vectors       0x0000000008000000      0x1bc /tmp/cc7qiOWw.o
                0x0000000008000000                tab

.text           0x00000000080001c0     0x153c
 *(.text*)
 .text.spi_transmit.constprop.0
                0x00000000080001c0       0x20 /tmp/ccvC7WIB.o
 .text.spi_transmit_receive.constprop.0
                0x00000000080001e0       0x44 /tmp/ccvC7WIB.o
 .text.SysTick_Handler
                0x0000000008000224       0x10 /tmp/ccvC7WIB.o
                0x0000000008000224                SysTick_Handler
 .text.startup.main
                0x0000000008000234       0x8c /tmp/ccvC7WIB.o
                0x0000000008000234                main
 .text._reset   0x00000000080002c0       0x50 /tmp/cc7qiOWw.o
                0x00000000080002c0                _reset
 .text._fstat   0x0000000008000310       0x12 /tmp/cclt69Qo.o
                0x0000000008000310                _fstat
 *fill*         0x0000000008000322        0x2 
 .text._sbrk    0x0000000008000324       0x1c /tmp/cclt69Qo.o
                0x0000000008000324                _sbrk
 .text._close   0x0000000008000340        0x6 /tmp/cclt69Qo.o
                0x0000000008000340                _close
 .text._isatty  0x0000000008000346        0x4 /tmp/cclt69Qo.o
                0x0000000008000346                _isatty
 .text._lseek   0x000000000800034a        0x4 /tmp/cclt69Qo.o
                0x000000000800034a                _lseek
 .text._read    0x000000000800034e        0x6 /tmp/cclt69Qo.o
                0x000000000800034e                _read
 .text._write   0x0000000008000354       0x34 /tmp/cclt69Qo.o
                0x0000000008000354                _write
 .text.gpio_set_mode
                0x0000000008000388       0x34 /tmp/cc2SLXKy.o
 .text.gpio_set_af
                0x00000000080003bc       0x2e /tmp/cc2SLXKy.o
 *fill*         0x00000000080003ea        0x2 
 .text.uart_init.constprop.0
                0x00000000080003ec       0xc4 /tmp/cc2SLXKy.o
 .text.init_internals
                0x00000000080004b0      0x110 /tmp/cc2SLXKy.o
                0x00000000080004b0                init_internals
 .text.init_peripherals
                0x00000000080005c0       0x30 /tmp/cc2SLXKy.o
                0x00000000080005c0                init_peripherals
 .text.init_STM32
                0x00000000080005f0       0x30 /tmp/cc2SLXKy.o
                0x00000000080005f0                init_STM32
 .text.memcpy   0x0000000008000620       0x1c /opt/gcc-arm-none-eabi-10.3-2021.10/bin/../lib/gcc/arm-none-eabi/10.3.1/../../../../arm-none-eabi/lib/thumb/v7e-m+fp/hard/libc_nano.a(lib_a-memcpy-stub.o)
                0x0000000008000620                memcpy
 .text.memset   0x000000000800063c       0x10 /opt/gcc-arm-none-eabi-10.3-2021.10/bin/../lib/gcc/arm-none-eabi/10.3.1/../../../../arm-none-eabi/lib/thumb/v7e-m+fp/hard/libc_nano.a(lib_a-memset.o)
                0x000000000800063c                memset
 .text.printf   0x000000000800064c       0x30 /opt/gcc-arm-none-eabi-10.3-2021.10/bin/../lib/gcc/arm-none-eabi/10.3.1/../../../../arm-none-eabi/lib/thumb/v7e-m+fp/hard/libc_nano.a(lib_a-printf.o)
                0x000000000800064c                printf
                0x000000000800064c                iprintf
 .text._puts_r  0x000000000800067c       0xdc /opt/gcc-arm-none-eabi-10.3-2021.10/bin/../lib/gcc/arm-none-eabi/10.3.1/../../../../arm-none-eabi/lib/thumb/v7e-m+fp/hard/libc_nano.a(lib_a-puts.o)
                0x000000000800067c                _puts_r
 .text.puts     0x0000000008000758       0x10 /opt/gcc-arm-none-eabi-10.3-2021.10/bin/../lib/gcc/arm-none-eabi/10.3.1/../../../../arm-none-eabi/lib/thumb/v7e-m+fp/hard/libc_nano.a(lib_a-puts.o)
                0x0000000008000758                puts
 .text.__swbuf_r
                0x0000000008000768       0xa4 /opt/gcc-arm-none-eabi-10.3-2021.10/bin/../lib/gcc/arm-none-eabi/10.3.1/../../../../arm-none-eabi/lib/thumb/v7e-m+fp/hard/libc_nano.a(lib_a-wbuf.o)
                0x0000000008000768                __swbuf_r
 .text.__swsetup_r
                0x000000000800080c       0xdc /opt/gcc-arm-none-eabi-10.3-2021.10/bin/../lib/gcc/arm-none-eabi/10.3.1/../../../../arm-none-eabi/lib/thumb/v7e-m+fp/hard/libc_nano.a(lib_a-wsetup.o)
                0x000000000800080c                __swsetup_r
 .text.__sflush_r
                0x00000000080008e8      0x10c /opt/gcc-arm-none-eabi-10.3-2021.10/bin/../lib/gcc/arm-none-eabi/10.3.1/../../../../arm-none-eabi/lib/thumb/v7e-m+fp/hard/libc_nano.a(lib_a-fflush.o)
                0x00000000080008e8                __sflush_r
 .text._fflush_r
                0x00000000080009f4       0x78 /opt/gcc-arm-none-eabi-10.3-2021.10/bin/../lib/gcc/arm-none-eabi/10.3.1/../../../../arm-none-eabi/lib/thumb/v7e-m+fp/hard/libc_nano.a(lib_a-fflush.o)
                0x00000000080009f4                _fflush_r
 .text.std      0x0000000008000a6c       0x48 /opt/gcc-arm-none-eabi-10.3-2021.10/bin/../lib/gcc/arm-none-eabi/10.3.1/../../../../arm-none-eabi/lib/thumb/v7e-m+fp/hard/libc_nano.a(lib_a-findfp.o)
 .text._cleanup_r
                0x0000000008000ab4        0xc /opt/gcc-arm-none-eabi-10.3-2021.10/bin/../lib/gcc/arm-none-eabi/10.3.1/../../../../arm-none-eabi/lib/thumb/v7e-m+fp/hard/libc_nano.a(lib_a-findfp.o)
                0x0000000008000ab4                _cleanup_r
 .text.__sfmoreglue
                0x0000000008000ac0       0x2c /opt/gcc-arm-none-eabi-10.3-2021.10/bin/../lib/gcc/arm-none-eabi/10.3.1/../../../../arm-none-eabi/lib/thumb/v7e-m+fp/hard/libc_nano.a(lib_a-findfp.o)
                0x0000000008000ac0                __sfmoreglue
 .text.__sfp_lock_acquire
                0x0000000008000aec        0xc /opt/gcc-arm-none-eabi-10.3-2021.10/bin/../lib/gcc/arm-none-eabi/10.3.1/../../../../arm-none-eabi/lib/thumb/v7e-m+fp/hard/libc_nano.a(lib_a-findfp.o)
                0x0000000008000aec                __sfp_lock_acquire
 .text.__sfp_lock_release
                0x0000000008000af8        0xc /opt/gcc-arm-none-eabi-10.3-2021.10/bin/../lib/gcc/arm-none-eabi/10.3.1/../../../../arm-none-eabi/lib/thumb/v7e-m+fp/hard/libc_nano.a(lib_a-findfp.o)
                0x0000000008000af8                __sfp_lock_release
 .text.__sinit_lock_acquire
                0x0000000008000b04        0xc /opt/gcc-arm-none-eabi-10.3-2021.10/bin/../lib/gcc/arm-none-eabi/10.3.1/../../../../arm-none-eabi/lib/thumb/v7e-m+fp/hard/libc_nano.a(lib_a-findfp.o)
                0x0000000008000b04                __sinit_lock_acquire
 .text.__sinit_lock_release
                0x0000000008000b10        0xc /opt/gcc-arm-none-eabi-10.3-2021.10/bin/../lib/gcc/arm-none-eabi/10.3.1/../../../../arm-none-eabi/lib/thumb/v7e-m+fp/hard/libc_nano.a(lib_a-findfp.o)
                0x0000000008000b10                __sinit_lock_release
 .text.__sinit  0x0000000008000b1c       0x70 /opt/gcc-arm-none-eabi-10.3-2021.10/bin/../lib/gcc/arm-none-eabi/10.3.1/../../../../arm-none-eabi/lib/thumb/v7e-m+fp/hard/libc_nano.a(lib_a-findfp.o)
                0x0000000008000b1c                __sinit
 .text.__sfp    0x0000000008000b8c       0x8c /opt/gcc-arm-none-eabi-10.3-2021.10/bin/../lib/gcc/arm-none-eabi/10.3.1/../../../../arm-none-eabi/lib/thumb/v7e-m+fp/hard/libc_nano.a(lib_a-findfp.o)
                0x0000000008000b8c                __sfp
 .text._fwalk_reent
                0x0000000008000c18       0x3e /opt/gcc-arm-none-eabi-10.3-2021.10/bin/../lib/gcc/arm-none-eabi/10.3.1/../../../../arm-none-eabi/lib/thumb/v7e-m+fp/hard/libc_nano.a(lib_a-fwalk.o)
                0x0000000008000c18                _fwalk_reent
 .text.__retarget_lock_init_recursive
                0x0000000008000c56        0x2 /opt/gcc-arm-none-eabi-10.3-2021.10/bin/../lib/gcc/arm-none-eabi/10.3.1/../../../../arm-none-eabi/lib/thumb/v7e-m+fp/hard/libc_nano.a(lib_a-lock.o)
                0x0000000008000c56                __retarget_lock_init_recursive
 .text.__retarget_lock_acquire_recursive
                0x0000000008000c58        0x2 /opt/gcc-arm-none-eabi-10.3-2021.10/bin/../lib/gcc/arm-none-eabi/10.3.1/../../../../arm-none-eabi/lib/thumb/v7e-m+fp/hard/libc_nano.a(lib_a-lock.o)
                0x0000000008000c58                __retarget_lock_acquire_recursive
 .text.__retarget_lock_release_recursive
                0x0000000008000c5a        0x2 /opt/gcc-arm-none-eabi-10.3-2021.10/bin/../lib/gcc/arm-none-eabi/10.3.1/../../../../arm-none-eabi/lib/thumb/v7e-m+fp/hard/libc_nano.a(lib_a-lock.o)
                0x0000000008000c5a                __retarget_lock_release_recursive
 .text.__swhatbuf_r
                0x0000000008000c5c       0x4a /opt/gcc-arm-none-eabi-10.3-2021.10/bin/../lib/gcc/arm-none-eabi/10.3.1/../../../../arm-none-eabi/lib/thumb/v7e-m+fp/hard/libc_nano.a(lib_a-makebuf.o)
                0x0000000008000c5c                __swhatbuf_r
 *fill*         0x0000000008000ca6        0x2 
 .text.__smakebuf_r
                0x0000000008000ca8       0x80 /opt/gcc-arm-none-eabi-10.3-2021.10/bin/../lib/gcc/arm-none-eabi/10.3.1/../../../../arm-none-eabi/lib/thumb/v7e-m+fp/hard/libc_nano.a(lib_a-makebuf.o)
                0x0000000008000ca8                __smakebuf_r
 .text._free_r  0x0000000008000d28       0x98 /opt/gcc-arm-none-eabi-10.3-2021.10/bin/../lib/gcc/arm-none-eabi/10.3.1/../../../../arm-none-eabi/lib/thumb/v7e-m+fp/hard/libc_nano.a(lib_a-nano-freer.o)
                0x0000000008000d28                _free_r
 .text.sbrk_aligned
                0x0000000008000dc0       0x40 /opt/gcc-arm-none-eabi-10.3-2021.10/bin/../lib/gcc/arm-none-eabi/10.3.1/../../../../arm-none-eabi/lib/thumb/v7e-m+fp/hard/libc_nano.a(lib_a-nano-mallocr.o)
 .text._malloc_r
                0x0000000008000e00       0xe8 /opt/gcc-arm-none-eabi-10.3-2021.10/bin/../lib/gcc/arm-none-eabi/10.3.1/../../../../arm-none-eabi/lib/thumb/v7e-m+fp/hard/libc_nano.a(lib_a-nano-mallocr.o)
                0x0000000008000e00                _malloc_r
 .text.__sfputc_r
                0x0000000008000ee8       0x2e /opt/gcc-arm-none-eabi-10.3-2021.10/bin/../lib/gcc/arm-none-eabi/10.3.1/../../../../arm-none-eabi/lib/thumb/v7e-m+fp/hard/libc_nano.a(lib_a-nano-vfprintf.o)
 .text.__sfputs_r
                0x0000000008000f16       0x24 /opt/gcc-arm-none-eabi-10.3-2021.10/bin/../lib/gcc/arm-none-eabi/10.3.1/../../../../arm-none-eabi/lib/thumb/v7e-m+fp/hard/libc_nano.a(lib_a-nano-vfprintf.o)
                0x0000000008000f16                __sfputs_r
 *fill*         0x0000000008000f3a        0x2 
 .text._vfprintf_r
                0x0000000008000f3c      0x260 /opt/gcc-arm-none-eabi-10.3-2021.10/bin/../lib/gcc/arm-none-eabi/10.3.1/../../../../arm-none-eabi/lib/thumb/v7e-m+fp/hard/libc_nano.a(lib_a-nano-vfprintf.o)
                0x0000000008000f3c                _vfiprintf_r
                0x0000000008000f3c                _vfprintf_r
 .text._printf_common
                0x000000000800119c       0xda /opt/gcc-arm-none-eabi-10.3-2021.10/bin/../lib/gcc/arm-none-eabi/10.3.1/../../../../arm-none-eabi/lib/thumb/v7e-m+fp/hard/libc_nano.a(lib_a-nano-vfprintf_i.o)
                0x000000000800119c                _printf_common
 *fill*         0x0000000008001276        0x2 
 .text._printf_i
                0x0000000008001278      0x24c /opt/gcc-arm-none-eabi-10.3-2021.10/bin/../lib/gcc/arm-none-eabi/10.3.1/../../../../arm-none-eabi/lib/thumb/v7e-m+fp/hard/libc_nano.a(lib_a-nano-vfprintf_i.o)
                0x0000000008001278                _printf_i
 .text._sbrk_r  0x00000000080014c4       0x20 /opt/gcc-arm-none-eabi-10.3-2021.10/bin/../lib/gcc/arm-none-eabi/10.3.1/../../../../arm-none-eabi/lib/thumb/v7e-m+fp/hard/libc_nano.a(lib_a-sbrkr.o)
                0x00000000080014c4                _sbrk_r
 .text.__sread  0x00000000080014e4       0x22 /opt/gcc-arm-none-eabi-10.3-2021.10/bin/../lib/gcc/arm-none-eabi/10.3.1/../../../../arm-none-eabi/lib/thumb/v7e-m+fp/hard/libc_nano.a(lib_a-stdio.o)
                0x00000000080014e4                __sread
 .text.__swrite
                0x0000000008001506       0x38 /opt/gcc-arm-none-eabi-10.3-2021.10/bin/../lib/gcc/arm-none-eabi/10.3.1/../../../../arm-none-eabi/lib/thumb/v7e-m+fp/hard/libc_nano.a(lib_a-stdio.o)
                0x0000000008001506                __swrite
 .text.__sseek  0x000000000800153e       0x24 /opt/gcc-arm-none-eabi-10.3-2021.10/bin/../lib/gcc/arm-none-eabi/10.3.1/../../../../arm-none-eabi/lib/thumb/v7e-m+fp/hard/libc_nano.a(lib_a-stdio.o)
                0x000000000800153e                __sseek
 .text.__sclose
                0x0000000008001562        0x8 /opt/gcc-arm-none-eabi-10.3-2021.10/bin/../lib/gcc/arm-none-eabi/10.3.1/../../../../arm-none-eabi/lib/thumb/v7e-m+fp/hard/libc_nano.a(lib_a-stdio.o)
                0x0000000008001562                __sclose
 *fill*         0x000000000800156a        0x2 
 .text._write_r
                0x000000000800156c       0x24 /opt/gcc-arm-none-eabi-10.3-2021.10/bin/../lib/gcc/arm-none-eabi/10.3.1/../../../../arm-none-eabi/lib/thumb/v7e-m+fp/hard/libc_nano.a(lib_a-writer.o)
                0x000000000800156c                _write_r
 .text._close_r
                0x0000000008001590       0x20 /opt/gcc-arm-none-eabi-10.3-2021.10/bin/../lib/gcc/arm-none-eabi/10.3.1/../../../../arm-none-eabi/lib/thumb/v7e-m+fp/hard/libc_nano.a(lib_a-closer.o)
                0x0000000008001590                _close_r
 .text._fstat_r
                0x00000000080015b0       0x24 /opt/gcc-arm-none-eabi-10.3-2021.10/bin/../lib/gcc/arm-none-eabi/10.3.1/../../../../arm-none-eabi/lib/thumb/v7e-m+fp/hard/libc_nano.a(lib_a-fstatr.o)
                0x00000000080015b0                _fstat_r
 .text._isatty_r
                0x00000000080015d4       0x20 /opt/gcc-arm-none-eabi-10.3-2021.10/bin/../lib/gcc/arm-none-eabi/10.3.1/../../../../arm-none-eabi/lib/thumb/v7e-m+fp/hard/libc_nano.a(lib_a-isattyr.o)
                0x00000000080015d4                _isatty_r
 .text._lseek_r
                0x00000000080015f4       0x24 /opt/gcc-arm-none-eabi-10.3-2021.10/bin/../lib/gcc/arm-none-eabi/10.3.1/../../../../arm-none-eabi/lib/thumb/v7e-m+fp/hard/libc_nano.a(lib_a-lseekr.o)
                0x00000000080015f4                _lseek_r
 *fill*         0x0000000008001618        0x8 
 .text          0x0000000008001620       0xa0 /opt/gcc-arm-none-eabi-10.3-2021.10/bin/../lib/gcc/arm-none-eabi/10.3.1/../../../../arm-none-eabi/lib/thumb/v7e-m+fp/hard/libc_nano.a(lib_a-memchr.o)
                0x0000000008001620                memchr
 .text.__malloc_lock
                0x00000000080016c0        0xc /opt/gcc-arm-none-eabi-10.3-2021.10/bin/../lib/gcc/arm-none-eabi/10.3.1/../../../../arm-none-eabi/lib/thumb/v7e-m+fp/hard/libc_nano.a(lib_a-mlock.o)
                0x00000000080016c0                __malloc_lock
 .text.__malloc_unlock
                0x00000000080016cc        0xc /opt/gcc-arm-none-eabi-10.3-2021.10/bin/../lib/gcc/arm-none-eabi/10.3.1/../../../../arm-none-eabi/lib/thumb/v7e-m+fp/hard/libc_nano.a(lib_a-mlock.o)
                0x00000000080016cc                __malloc_unlock
 .text._read_r  0x00000000080016d8       0x24 /opt/gcc-arm-none-eabi-10.3-2021.10/bin/../lib/gcc/arm-none-eabi/10.3.1/../../../../arm-none-eabi/lib/thumb/v7e-m+fp/hard/libc_nano.a(lib_a-readr.o)
                0x00000000080016d8                _read_r

.glue_7         0x00000000080016fc        0x0
 .glue_7        0x00000000080016fc        0x0 linker stubs

.glue_7t        0x00000000080016fc        0x0
 .glue_7t       0x00000000080016fc        0x0 linker stubs

.vfp11_veneer   0x00000000080016fc        0x0
 .vfp11_veneer  0x00000000080016fc        0x0 linker stubs

.v4_bx          0x00000000080016fc        0x0
 .v4_bx         0x00000000080016fc        0x0 linker stubs

.iplt           0x00000000080016fc        0x0
 .iplt          0x00000000080016fc        0x0 /tmp/ccvC7WIB.o

.rodata         0x00000000080016fc       0xb7
 *(.rodata*)
 .rodata.main.str1.1
                0x00000000080016fc       0x1e /tmp/ccvC7WIB.o
 *fill*         0x000000000800171a        0x2 
 .rodata.__sf_fake_stderr
                0x000000000800171c       0x20 /opt/gcc-arm-none-eabi-10.3-2021.10/bin/../lib/gcc/arm-none-eabi/10.3.1/../../../../arm-none-eabi/lib/thumb/v7e-m+fp/hard/libc_nano.a(lib_a-findfp.o)
                0x000000000800171c                __sf_fake_stderr
 .rodata.__sf_fake_stdin
                0x000000000800173c       0x20 /opt/gcc-arm-none-eabi-10.3-2021.10/bin/../lib/gcc/arm-none-eabi/10.3.1/../../../../arm-none-eabi/lib/thumb/v7e-m+fp/hard/libc_nano.a(lib_a-findfp.o)
                0x000000000800173c                __sf_fake_stdin
 .rodata.__sf_fake_stdout
                0x000000000800175c       0x20 /opt/gcc-arm-none-eabi-10.3-2021.10/bin/../lib/gcc/arm-none-eabi/10.3.1/../../../../arm-none-eabi/lib/thumb/v7e-m+fp/hard/libc_nano.a(lib_a-findfp.o)
                0x000000000800175c                __sf_fake_stdout
 .rodata._global_impure_ptr
                0x000000000800177c        0x4 /opt/gcc-arm-none-eabi-10.3-2021.10/bin/../lib/gcc/arm-none-eabi/10.3.1/../../../../arm-none-eabi/lib/thumb/v7e-m+fp/hard/libc_nano.a(lib_a-impure.o)
                0x000000000800177c                _global_impure_ptr
 .rodata._vfprintf_r.str1.1
                0x0000000008001780       0x11 /opt/gcc-arm-none-eabi-10.3-2021.10/bin/../lib/gcc/arm-none-eabi/10.3.1/../../../../arm-none-eabi/lib/thumb/v7e-m+fp/hard/libc_nano.a(lib_a-nano-vfprintf.o)
 .rodata._printf_i.str1.1
                0x0000000008001791       0x22 /opt/gcc-arm-none-eabi-10.3-2021.10/bin/../lib/gcc/arm-none-eabi/10.3.1/../../../../arm-none-eabi/lib/thumb/v7e-m+fp/hard/libc_nano.a(lib_a-nano-vfprintf_i.o)

.rel.dyn        0x00000000080017b4        0x0
 .rel.iplt      0x00000000080017b4        0x0 /tmp/ccvC7WIB.o

.data           0x0000000020000000       0x64 load address 0x00000000080017b3
                0x0000000020000000                _sdata = .
 *(.first_data)
 *(.data SORT_BY_NAME(.data.*))
 .data._impure_ptr
                0x0000000020000000        0x4 /opt/gcc-arm-none-eabi-10.3-2021.10/bin/../lib/gcc/arm-none-eabi/10.3.1/../../../../arm-none-eabi/lib/thumb/v7e-m+fp/hard/libc_nano.a(lib_a-impure.o)
                0x0000000020000000                _impure_ptr
 .data.impure_data
                0x0000000020000004       0x60 /opt/gcc-arm-none-eabi-10.3-2021.10/bin/../lib/gcc/arm-none-eabi/10.3.1/../../../../arm-none-eabi/lib/thumb/v7e-m+fp/hard/libc_nano.a(lib_a-impure.o)
                0x0000000020000064                _edata = .
                0x00000000080017b3                _sidata = LOADADDR (.data)

.igot.plt       0x0000000020000064        0x0 load address 0x0000000008001817
 .igot.plt      0x0000000020000064        0x0 /tmp/ccvC7WIB.o

.bss            0x0000000020000064       0x18 load address 0x0000000008001817
                0x0000000020000064                _sbss = .
 *(.bss SORT_BY_NAME(.bss.*) COMMON)
 .bss.__lock___malloc_recursive_mutex
                0x0000000020000064        0x1 /opt/gcc-arm-none-eabi-10.3-2021.10/bin/../lib/gcc/arm-none-eabi/10.3.1/../../../../arm-none-eabi/lib/thumb/v7e-m+fp/hard/libc_nano.a(lib_a-lock.o)
                0x0000000020000064                __lock___malloc_recursive_mutex
 .bss.__lock___sfp_recursive_mutex
                0x0000000020000065        0x1 /opt/gcc-arm-none-eabi-10.3-2021.10/bin/../lib/gcc/arm-none-eabi/10.3.1/../../../../arm-none-eabi/lib/thumb/v7e-m+fp/hard/libc_nano.a(lib_a-lock.o)
                0x0000000020000065                __lock___sfp_recursive_mutex
 .bss.__lock___sinit_recursive_mutex
                0x0000000020000066        0x1 /opt/gcc-arm-none-eabi-10.3-2021.10/bin/../lib/gcc/arm-none-eabi/10.3.1/../../../../arm-none-eabi/lib/thumb/v7e-m+fp/hard/libc_nano.a(lib_a-lock.o)
                0x0000000020000066                __lock___sinit_recursive_mutex
 *fill*         0x0000000020000067        0x1 
 .bss.__malloc_free_list
                0x0000000020000068        0x4 /opt/gcc-arm-none-eabi-10.3-2021.10/bin/../lib/gcc/arm-none-eabi/10.3.1/../../../../arm-none-eabi/lib/thumb/v7e-m+fp/hard/libc_nano.a(lib_a-nano-mallocr.o)
                0x0000000020000068                __malloc_free_list
 .bss.__malloc_sbrk_start
                0x000000002000006c        0x4 /opt/gcc-arm-none-eabi-10.3-2021.10/bin/../lib/gcc/arm-none-eabi/10.3.1/../../../../arm-none-eabi/lib/thumb/v7e-m+fp/hard/libc_nano.a(lib_a-nano-mallocr.o)
                0x000000002000006c                __malloc_sbrk_start
 .bss.errno     0x0000000020000070        0x4 /opt/gcc-arm-none-eabi-10.3-2021.10/bin/../lib/gcc/arm-none-eabi/10.3.1/../../../../arm-none-eabi/lib/thumb/v7e-m+fp/hard/libc_nano.a(lib_a-reent.o)
                0x0000000020000070                errno
 .bss.heap.0    0x0000000020000074        0x4 /tmp/cclt69Qo.o
 .bss.s_ticks   0x0000000020000078        0x4 /tmp/ccvC7WIB.o
                0x000000002000007c                _ebss = .
                0x0000000020000080                . = ALIGN (0x8)
                0x0000000020000080                _end = .
OUTPUT(firmware.elf elf32-littlearm)
LOAD linker stubs

.debug_info     0x0000000000000000     0x293e
 .debug_info    0x0000000000000000      0xaff /tmp/ccvC7WIB.o
 .debug_info    0x0000000000000aff      0x145 /tmp/cc7qiOWw.o
 .debug_info    0x0000000000000c44      0x83f /tmp/cclt69Qo.o
 .debug_info    0x0000000000001483     0x14bb /tmp/cc2SLXKy.o

.debug_abbrev   0x0000000000000000      0xa00
 .debug_abbrev  0x0000000000000000      0x33f /tmp/ccvC7WIB.o
 .debug_abbrev  0x000000000000033f       0xfc /tmp/cc7qiOWw.o
 .debug_abbrev  0x000000000000043b      0x295 /tmp/cclt69Qo.o
 .debug_abbrev  0x00000000000006d0      0x330 /tmp/cc2SLXKy.o

.debug_loc      0x0000000000000000      0xe1c
 .debug_loc     0x0000000000000000      0x2e6 /tmp/ccvC7WIB.o
 .debug_loc     0x00000000000002e6      0x2d7 /tmp/cclt69Qo.o
 .debug_loc     0x00000000000005bd      0x85f /tmp/cc2SLXKy.o

.debug_aranges  0x0000000000000000      0x160
 .debug_aranges
                0x0000000000000000       0x40 /tmp/ccvC7WIB.o
 .debug_aranges
                0x0000000000000040       0x20 /tmp/cc7qiOWw.o
 .debug_aranges
                0x0000000000000060       0x80 /tmp/cclt69Qo.o
 .debug_aranges
                0x00000000000000e0       0x80 /tmp/cc2SLXKy.o

.debug_ranges   0x0000000000000000      0x488
 .debug_ranges  0x0000000000000000      0x100 /tmp/ccvC7WIB.o
 .debug_ranges  0x0000000000000100       0x10 /tmp/cc7qiOWw.o
 .debug_ranges  0x0000000000000110       0xa0 /tmp/cclt69Qo.o
 .debug_ranges  0x00000000000001b0      0x2d8 /tmp/cc2SLXKy.o

.debug_macro    0x0000000000000000    0x20b97
 .debug_macro   0x0000000000000000      0x2ef /tmp/ccvC7WIB.o
 .debug_macro   0x00000000000002ef      0xa6c /tmp/ccvC7WIB.o
 .debug_macro   0x0000000000000d5b       0x22 /tmp/ccvC7WIB.o
 .debug_macro   0x0000000000000d7d       0x4c /tmp/ccvC7WIB.o
 .debug_macro   0x0000000000000dc9       0x1e /tmp/ccvC7WIB.o
 .debug_macro   0x0000000000000de7       0x94 /tmp/ccvC7WIB.o
 .debug_macro   0x0000000000000e7b       0x3c /tmp/ccvC7WIB.o
 .debug_macro   0x0000000000000eb7       0x34 /tmp/ccvC7WIB.o
 .debug_macro   0x0000000000000eeb       0x16 /tmp/ccvC7WIB.o
 .debug_macro   0x0000000000000f01       0x57 /tmp/ccvC7WIB.o
 .debug_macro   0x0000000000000f58       0x97 /tmp/ccvC7WIB.o
 .debug_macro   0x0000000000000fef      0x341 /tmp/ccvC7WIB.o
 .debug_macro   0x0000000000001330       0xfd /tmp/ccvC7WIB.o
 .debug_macro   0x000000000000142d       0x10 /tmp/ccvC7WIB.o
 .debug_macro   0x000000000000143d       0x16 /tmp/ccvC7WIB.o
 .debug_macro   0x0000000000001453       0x43 /tmp/ccvC7WIB.o
 .debug_macro   0x0000000000001496       0x34 /tmp/ccvC7WIB.o
 .debug_macro   0x00000000000014ca       0x10 /tmp/ccvC7WIB.o
 .debug_macro   0x00000000000014da       0x58 /tmp/ccvC7WIB.o
 .debug_macro   0x0000000000001532       0x71 /tmp/ccvC7WIB.o
 .debug_macro   0x00000000000015a3       0x1c /tmp/ccvC7WIB.o
 .debug_macro   0x00000000000015bf      0x12a /tmp/ccvC7WIB.o
 .debug_macro   0x00000000000016e9       0x10 /tmp/ccvC7WIB.o
 .debug_macro   0x00000000000016f9       0x6a /tmp/ccvC7WIB.o
 .debug_macro   0x0000000000001763       0x1c /tmp/ccvC7WIB.o
 .debug_macro   0x000000000000177f       0x52 /tmp/ccvC7WIB.o
 .debug_macro   0x00000000000017d1       0x22 /tmp/ccvC7WIB.o
 .debug_macro   0x00000000000017f3       0x10 /tmp/ccvC7WIB.o
 .debug_macro   0x0000000000001803       0x52 /tmp/ccvC7WIB.o
 .debug_macro   0x0000000000001855       0xd5 /tmp/ccvC7WIB.o
 .debug_macro   0x000000000000192a       0x1c /tmp/ccvC7WIB.o
 .debug_macro   0x0000000000001946       0x3d /tmp/ccvC7WIB.o
 .debug_macro   0x0000000000001983       0x16 /tmp/ccvC7WIB.o
 .debug_macro   0x0000000000001999      0x145 /tmp/ccvC7WIB.o
 .debug_macro   0x0000000000001ade      0x103 /tmp/ccvC7WIB.o
 .debug_macro   0x0000000000001be1      0x1e5 /tmp/ccvC7WIB.o
 .debug_macro   0x0000000000001dc6       0x35 /tmp/ccvC7WIB.o
 .debug_macro   0x0000000000001dfb      0x460 /tmp/ccvC7WIB.o
 .debug_macro   0x000000000000225b       0x22 /tmp/ccvC7WIB.o
 .debug_macro   0x000000000000227d       0x16 /tmp/ccvC7WIB.o
 .debug_macro   0x0000000000002293       0x16 /tmp/ccvC7WIB.o
 .debug_macro   0x00000000000022a9       0x29 /tmp/ccvC7WIB.o
 .debug_macro   0x00000000000022d2       0x16 /tmp/ccvC7WIB.o
 .debug_macro   0x00000000000022e8       0x10 /tmp/ccvC7WIB.o
 .debug_macro   0x00000000000022f8       0x41 /tmp/ccvC7WIB.o
 .debug_macro   0x0000000000002339      0x12c /tmp/ccvC7WIB.o
 .debug_macro   0x0000000000002465       0x28 /tmp/ccvC7WIB.o
 .debug_macro   0x000000000000248d       0x1c /tmp/ccvC7WIB.o
 .debug_macro   0x00000000000024a9       0x22 /tmp/ccvC7WIB.o
 .debug_macro   0x00000000000024cb       0xd9 /tmp/ccvC7WIB.o
 .debug_macro   0x00000000000025a4     0x102d /tmp/ccvC7WIB.o
 .debug_macro   0x00000000000035d1      0x11f /tmp/ccvC7WIB.o
 .debug_macro   0x00000000000036f0    0x1cb71 /tmp/ccvC7WIB.o
 .debug_macro   0x0000000000020261       0x50 /tmp/ccvC7WIB.o
 .debug_macro   0x00000000000202b1       0x16 /tmp/ccvC7WIB.o
 .debug_macro   0x00000000000202c7       0x11 /tmp/cc7qiOWw.o
 .debug_macro   0x00000000000202d8      0x2ae /tmp/cclt69Qo.o
 .debug_macro   0x0000000000020586       0x3a /tmp/cclt69Qo.o
 .debug_macro   0x00000000000205c0      0x1df /tmp/cclt69Qo.o
 .debug_macro   0x000000000002079f       0x82 /tmp/cclt69Qo.o
 .debug_macro   0x0000000000020821       0x1c /tmp/cclt69Qo.o
 .debug_macro   0x000000000002083d       0x8d /tmp/cclt69Qo.o
 .debug_macro   0x00000000000208ca      0x2bd /tmp/cc2SLXKy.o
 .debug_macro   0x0000000000020b87       0x10 /tmp/cc2SLXKy.o

.debug_line     0x0000000000000000     0x17a2
 .debug_line    0x0000000000000000      0x6b1 /tmp/ccvC7WIB.o
 .debug_line    0x00000000000006b1       0x70 /tmp/cc7qiOWw.o
 .debug_line    0x0000000000000721      0x616 /tmp/cclt69Qo.o
 .debug_line    0x0000000000000d37      0xa6b /tmp/cc2SLXKy.o

.debug_str      0x0000000000000000    0xb2662
 .debug_str     0x0000000000000000    0xb22a1 /tmp/ccvC7WIB.o
                                      0xb24f1 (size before relaxing)
 .debug_str     0x00000000000b22a1       0x55 /tmp/cc7qiOWw.o
                                       0x2d16 (size before relaxing)
 .debug_str     0x00000000000b22f6      0x1a2 /tmp/cclt69Qo.o
                                      0xb22c5 (size before relaxing)
 .debug_str     0x00000000000b2498      0x1ca /tmp/cc2SLXKy.o
                                      0xb2521 (size before relaxing)

.comment        0x0000000000000000       0x49
 .comment       0x0000000000000000       0x49 /tmp/ccvC7WIB.o
                                         0x4a (size before relaxing)
 .comment       0x0000000000000049       0x4a /tmp/cc7qiOWw.o
 .comment       0x0000000000000049       0x4a /tmp/cclt69Qo.o
 .comment       0x0000000000000049       0x4a /tmp/cc2SLXKy.o

.ARM.attributes
                0x0000000000000000       0x32
 .ARM.attributes
                0x0000000000000000       0x34 /tmp/ccvC7WIB.o
 .ARM.attributes
                0x0000000000000034       0x34 /tmp/cc7qiOWw.o
 .ARM.attributes
                0x0000000000000068       0x34 /tmp/cclt69Qo.o
 .ARM.attributes
                0x000000000000009c       0x34 /tmp/cc2SLXKy.o
 .ARM.attributes
                0x00000000000000d0       0x34 /opt/gcc-arm-none-eabi-10.3-2021.10/bin/../lib/gcc/arm-none-eabi/10.3.1/../../../../arm-none-eabi/lib/thumb/v7e-m+fp/hard/libc_nano.a(lib_a-memcpy-stub.o)
 .ARM.attributes
                0x0000000000000104       0x34 /opt/gcc-arm-none-eabi-10.3-2021.10/bin/../lib/gcc/arm-none-eabi/10.3.1/../../../../arm-none-eabi/lib/thumb/v7e-m+fp/hard/libc_nano.a(lib_a-memset.o)
 .ARM.attributes
                0x0000000000000138       0x34 /opt/gcc-arm-none-eabi-10.3-2021.10/bin/../lib/gcc/arm-none-eabi/10.3.1/../../../../arm-none-eabi/lib/thumb/v7e-m+fp/hard/libc_nano.a(lib_a-printf.o)
 .ARM.attributes
                0x000000000000016c       0x34 /opt/gcc-arm-none-eabi-10.3-2021.10/bin/../lib/gcc/arm-none-eabi/10.3.1/../../../../arm-none-eabi/lib/thumb/v7e-m+fp/hard/libc_nano.a(lib_a-puts.o)
 .ARM.attributes
                0x00000000000001a0       0x34 /opt/gcc-arm-none-eabi-10.3-2021.10/bin/../lib/gcc/arm-none-eabi/10.3.1/../../../../arm-none-eabi/lib/thumb/v7e-m+fp/hard/libc_nano.a(lib_a-wbuf.o)
 .ARM.attributes
                0x00000000000001d4       0x34 /opt/gcc-arm-none-eabi-10.3-2021.10/bin/../lib/gcc/arm-none-eabi/10.3.1/../../../../arm-none-eabi/lib/thumb/v7e-m+fp/hard/libc_nano.a(lib_a-wsetup.o)
 .ARM.attributes
                0x0000000000000208       0x34 /opt/gcc-arm-none-eabi-10.3-2021.10/bin/../lib/gcc/arm-none-eabi/10.3.1/../../../../arm-none-eabi/lib/thumb/v7e-m+fp/hard/libc_nano.a(lib_a-fflush.o)
 .ARM.attributes
                0x000000000000023c       0x34 /opt/gcc-arm-none-eabi-10.3-2021.10/bin/../lib/gcc/arm-none-eabi/10.3.1/../../../../arm-none-eabi/lib/thumb/v7e-m+fp/hard/libc_nano.a(lib_a-findfp.o)
 .ARM.attributes
                0x0000000000000270       0x34 /opt/gcc-arm-none-eabi-10.3-2021.10/bin/../lib/gcc/arm-none-eabi/10.3.1/../../../../arm-none-eabi/lib/thumb/v7e-m+fp/hard/libc_nano.a(lib_a-fwalk.o)
 .ARM.attributes
                0x00000000000002a4       0x34 /opt/gcc-arm-none-eabi-10.3-2021.10/bin/../lib/gcc/arm-none-eabi/10.3.1/../../../../arm-none-eabi/lib/thumb/v7e-m+fp/hard/libc_nano.a(lib_a-impure.o)
 .ARM.attributes
                0x00000000000002d8       0x34 /opt/gcc-arm-none-eabi-10.3-2021.10/bin/../lib/gcc/arm-none-eabi/10.3.1/../../../../arm-none-eabi/lib/thumb/v7e-m+fp/hard/libc_nano.a(lib_a-lock.o)
 .ARM.attributes
                0x000000000000030c       0x34 /opt/gcc-arm-none-eabi-10.3-2021.10/bin/../lib/gcc/arm-none-eabi/10.3.1/../../../../arm-none-eabi/lib/thumb/v7e-m+fp/hard/libc_nano.a(lib_a-makebuf.o)
 .ARM.attributes
                0x0000000000000340       0x34 /opt/gcc-arm-none-eabi-10.3-2021.10/bin/../lib/gcc/arm-none-eabi/10.3.1/../../../../arm-none-eabi/lib/thumb/v7e-m+fp/hard/libc_nano.a(lib_a-nano-freer.o)
 .ARM.attributes
                0x0000000000000374       0x34 /opt/gcc-arm-none-eabi-10.3-2021.10/bin/../lib/gcc/arm-none-eabi/10.3.1/../../../../arm-none-eabi/lib/thumb/v7e-m+fp/hard/libc_nano.a(lib_a-nano-mallocr.o)
 .ARM.attributes
                0x00000000000003a8       0x34 /opt/gcc-arm-none-eabi-10.3-2021.10/bin/../lib/gcc/arm-none-eabi/10.3.1/../../../../arm-none-eabi/lib/thumb/v7e-m+fp/hard/libc_nano.a(lib_a-nano-vfprintf.o)
 .ARM.attributes
                0x00000000000003dc       0x34 /opt/gcc-arm-none-eabi-10.3-2021.10/bin/../lib/gcc/arm-none-eabi/10.3.1/../../../../arm-none-eabi/lib/thumb/v7e-m+fp/hard/libc_nano.a(lib_a-nano-vfprintf_i.o)
 .ARM.attributes
                0x0000000000000410       0x34 /opt/gcc-arm-none-eabi-10.3-2021.10/bin/../lib/gcc/arm-none-eabi/10.3.1/../../../../arm-none-eabi/lib/thumb/v7e-m+fp/hard/libc_nano.a(lib_a-sbrkr.o)
 .ARM.attributes
                0x0000000000000444       0x34 /opt/gcc-arm-none-eabi-10.3-2021.10/bin/../lib/gcc/arm-none-eabi/10.3.1/../../../../arm-none-eabi/lib/thumb/v7e-m+fp/hard/libc_nano.a(lib_a-stdio.o)
 .ARM.attributes
                0x0000000000000478       0x34 /opt/gcc-arm-none-eabi-10.3-2021.10/bin/../lib/gcc/arm-none-eabi/10.3.1/../../../../arm-none-eabi/lib/thumb/v7e-m+fp/hard/libc_nano.a(lib_a-writer.o)
 .ARM.attributes
                0x00000000000004ac       0x34 /opt/gcc-arm-none-eabi-10.3-2021.10/bin/../lib/gcc/arm-none-eabi/10.3.1/../../../../arm-none-eabi/lib/thumb/v7e-m+fp/hard/libc_nano.a(lib_a-closer.o)
 .ARM.attributes
                0x00000000000004e0       0x34 /opt/gcc-arm-none-eabi-10.3-2021.10/bin/../lib/gcc/arm-none-eabi/10.3.1/../../../../arm-none-eabi/lib/thumb/v7e-m+fp/hard/libc_nano.a(lib_a-fstatr.o)
 .ARM.attributes
                0x0000000000000514       0x34 /opt/gcc-arm-none-eabi-10.3-2021.10/bin/../lib/gcc/arm-none-eabi/10.3.1/../../../../arm-none-eabi/lib/thumb/v7e-m+fp/hard/libc_nano.a(lib_a-isattyr.o)
 .ARM.attributes
                0x0000000000000548       0x34 /opt/gcc-arm-none-eabi-10.3-2021.10/bin/../lib/gcc/arm-none-eabi/10.3.1/../../../../arm-none-eabi/lib/thumb/v7e-m+fp/hard/libc_nano.a(lib_a-lseekr.o)
 .ARM.attributes
                0x000000000000057c       0x1c /opt/gcc-arm-none-eabi-10.3-2021.10/bin/../lib/gcc/arm-none-eabi/10.3.1/../../../../arm-none-eabi/lib/thumb/v7e-m+fp/hard/libc_nano.a(lib_a-memchr.o)
 .ARM.attributes
                0x0000000000000598       0x34 /opt/gcc-arm-none-eabi-10.3-2021.10/bin/../lib/gcc/arm-none-eabi/10.3.1/../../../../arm-none-eabi/lib/thumb/v7e-m+fp/hard/libc_nano.a(lib_a-mlock.o)
 .ARM.attributes
                0x00000000000005cc       0x34 /opt/gcc-arm-none-eabi-10.3-2021.10/bin/../lib/gcc/arm-none-eabi/10.3.1/../../../../arm-none-eabi/lib/thumb/v7e-m+fp/hard/libc_nano.a(lib_a-readr.o)
 .ARM.attributes
                0x0000000000000600       0x34 /opt/gcc-arm-none-eabi-10.3-2021.10/bin/../lib/gcc/arm-none-eabi/10.3.1/../../../../arm-none-eabi/lib/thumb/v7e-m+fp/hard/libc_nano.a(lib_a-reent.o)

.debug_frame    0x0000000000000000      0xb44
 .debug_frame   0x0000000000000000       0x88 /tmp/ccvC7WIB.o
 .debug_frame   0x0000000000000088       0x20 /tmp/cc7qiOWw.o
 .debug_frame   0x00000000000000a8      0x108 /tmp/cclt69Qo.o
 .debug_frame   0x00000000000001b0      0x154 /tmp/cc2SLXKy.o
 .debug_frame   0x0000000000000304       0x28 /opt/gcc-arm-none-eabi-10.3-2021.10/bin/../lib/gcc/arm-none-eabi/10.3.1/../../../../arm-none-eabi/lib/thumb/v7e-m+fp/hard/libc_nano.a(lib_a-memcpy-stub.o)
 .debug_frame   0x000000000000032c       0x20 /opt/gcc-arm-none-eabi-10.3-2021.10/bin/../lib/gcc/arm-none-eabi/10.3.1/../../../../arm-none-eabi/lib/thumb/v7e-m+fp/hard/libc_nano.a(lib_a-memset.o)
 .debug_frame   0x000000000000034c       0x74 /opt/gcc-arm-none-eabi-10.3-2021.10/bin/../lib/gcc/arm-none-eabi/10.3.1/../../../../arm-none-eabi/lib/thumb/v7e-m+fp/hard/libc_nano.a(lib_a-printf.o)
 .debug_frame   0x00000000000003c0       0x3c /opt/gcc-arm-none-eabi-10.3-2021.10/bin/../lib/gcc/arm-none-eabi/10.3.1/../../../../arm-none-eabi/lib/thumb/v7e-m+fp/hard/libc_nano.a(lib_a-puts.o)
 .debug_frame   0x00000000000003fc       0x40 /opt/gcc-arm-none-eabi-10.3-2021.10/bin/../lib/gcc/arm-none-eabi/10.3.1/../../../../arm-none-eabi/lib/thumb/v7e-m+fp/hard/libc_nano.a(lib_a-wbuf.o)
 .debug_frame   0x000000000000043c       0x2c /opt/gcc-arm-none-eabi-10.3-2021.10/bin/../lib/gcc/arm-none-eabi/10.3.1/../../../../arm-none-eabi/lib/thumb/v7e-m+fp/hard/libc_nano.a(lib_a-wsetup.o)
 .debug_frame   0x0000000000000468       0x5c /opt/gcc-arm-none-eabi-10.3-2021.10/bin/../lib/gcc/arm-none-eabi/10.3.1/../../../../arm-none-eabi/lib/thumb/v7e-m+fp/hard/libc_nano.a(lib_a-fflush.o)
 .debug_frame   0x00000000000004c4      0x14c /opt/gcc-arm-none-eabi-10.3-2021.10/bin/../lib/gcc/arm-none-eabi/10.3.1/../../../../arm-none-eabi/lib/thumb/v7e-m+fp/hard/libc_nano.a(lib_a-findfp.o)
 .debug_frame   0x0000000000000610       0x54 /opt/gcc-arm-none-eabi-10.3-2021.10/bin/../lib/gcc/arm-none-eabi/10.3.1/../../../../arm-none-eabi/lib/thumb/v7e-m+fp/hard/libc_nano.a(lib_a-fwalk.o)
 .debug_frame   0x0000000000000664       0xb0 /opt/gcc-arm-none-eabi-10.3-2021.10/bin/../lib/gcc/arm-none-eabi/10.3.1/../../../../arm-none-eabi/lib/thumb/v7e-m+fp/hard/libc_nano.a(lib_a-lock.o)
 .debug_frame   0x0000000000000714       0x58 /opt/gcc-arm-none-eabi-10.3-2021.10/bin/../lib/gcc/arm-none-eabi/10.3.1/../../../../arm-none-eabi/lib/thumb/v7e-m+fp/hard/libc_nano.a(lib_a-makebuf.o)
 .debug_frame   0x000000000000076c       0x38 /opt/gcc-arm-none-eabi-10.3-2021.10/bin/../lib/gcc/arm-none-eabi/10.3.1/../../../../arm-none-eabi/lib/thumb/v7e-m+fp/hard/libc_nano.a(lib_a-nano-freer.o)
 .debug_frame   0x00000000000007a4       0x4c /opt/gcc-arm-none-eabi-10.3-2021.10/bin/../lib/gcc/arm-none-eabi/10.3.1/../../../../arm-none-eabi/lib/thumb/v7e-m+fp/hard/libc_nano.a(lib_a-nano-mallocr.o)
 .debug_frame   0x00000000000007f0       0xac /opt/gcc-arm-none-eabi-10.3-2021.10/bin/../lib/gcc/arm-none-eabi/10.3.1/../../../../arm-none-eabi/lib/thumb/v7e-m+fp/hard/libc_nano.a(lib_a-nano-vfprintf.o)
 .debug_frame   0x000000000000089c       0x60 /opt/gcc-arm-none-eabi-10.3-2021.10/bin/../lib/gcc/arm-none-eabi/10.3.1/../../../../arm-none-eabi/lib/thumb/v7e-m+fp/hard/libc_nano.a(lib_a-nano-vfprintf_i.o)
 .debug_frame   0x00000000000008fc       0x2c /opt/gcc-arm-none-eabi-10.3-2021.10/bin/../lib/gcc/arm-none-eabi/10.3.1/../../../../arm-none-eabi/lib/thumb/v7e-m+fp/hard/libc_nano.a(lib_a-sbrkr.o)
 .debug_frame   0x0000000000000928       0x88 /opt/gcc-arm-none-eabi-10.3-2021.10/bin/../lib/gcc/arm-none-eabi/10.3.1/../../../../arm-none-eabi/lib/thumb/v7e-m+fp/hard/libc_nano.a(lib_a-stdio.o)
 .debug_frame   0x00000000000009b0       0x2c /opt/gcc-arm-none-eabi-10.3-2021.10/bin/../lib/gcc/arm-none-eabi/10.3.1/../../../../arm-none-eabi/lib/thumb/v7e-m+fp/hard/libc_nano.a(lib_a-writer.o)
 .debug_frame   0x00000000000009dc       0x2c /opt/gcc-arm-none-eabi-10.3-2021.10/bin/../lib/gcc/arm-none-eabi/10.3.1/../../../../arm-none-eabi/lib/thumb/v7e-m+fp/hard/libc_nano.a(lib_a-closer.o)
 .debug_frame   0x0000000000000a08       0x2c /opt/gcc-arm-none-eabi-10.3-2021.10/bin/../lib/gcc/arm-none-eabi/10.3.1/../../../../arm-none-eabi/lib/thumb/v7e-m+fp/hard/libc_nano.a(lib_a-fstatr.o)
 .debug_frame   0x0000000000000a34       0x2c /opt/gcc-arm-none-eabi-10.3-2021.10/bin/../lib/gcc/arm-none-eabi/10.3.1/../../../../arm-none-eabi/lib/thumb/v7e-m+fp/hard/libc_nano.a(lib_a-isattyr.o)
 .debug_frame   0x0000000000000a60       0x2c /opt/gcc-arm-none-eabi-10.3-2021.10/bin/../lib/gcc/arm-none-eabi/10.3.1/../../../../arm-none-eabi/lib/thumb/v7e-m+fp/hard/libc_nano.a(lib_a-lseekr.o)
 .debug_frame   0x0000000000000a8c       0x30 /opt/gcc-arm-none-eabi-10.3-2021.10/bin/../lib/gcc/arm-none-eabi/10.3.1/../../../../arm-none-eabi/lib/thumb/v7e-m+fp/hard/libc_nano.a(lib_a-mlock.o)
 .debug_frame   0x0000000000000abc       0x2c /opt/gcc-arm-none-eabi-10.3-2021.10/bin/../lib/gcc/arm-none-eabi/10.3.1/../../../../arm-none-eabi/lib/thumb/v7e-m+fp/hard/libc_nano.a(lib_a-readr.o)
 .debug_frame   0x0000000000000ae8       0x5c /opt/gcc-arm-none-eabi-10.3-2021.10/bin/../lib/gcc/arm-none-eabi/10.3.1/../../../../arm-none-eabi/lib/thumb/v7e-m+fp/hard/libc_nano.a(lib_a-reent.o)
