Archive member included to satisfy reference by file (symbol)

/opt/arm-none-eabi/bin/../lib/gcc/arm-none-eabi/13.2.1/../../../../arm-none-eabi/lib/thumb/v7e-m+fp/hard/libc_nano.a(libc_a-printf.o)
                              /tmp/ccgklXX2.o (printf)
/opt/arm-none-eabi/bin/../lib/gcc/arm-none-eabi/13.2.1/../../../../arm-none-eabi/lib/thumb/v7e-m+fp/hard/libc_nano.a(libc_a-nano-vfprintf.o)
                              /opt/arm-none-eabi/bin/../lib/gcc/arm-none-eabi/13.2.1/../../../../arm-none-eabi/lib/thumb/v7e-m+fp/hard/libc_nano.a(libc_a-printf.o) (_vfprintf_r)
/opt/arm-none-eabi/bin/../lib/gcc/arm-none-eabi/13.2.1/../../../../arm-none-eabi/lib/thumb/v7e-m+fp/hard/libc_nano.a(libc_a-wbuf.o)
                              /opt/arm-none-eabi/bin/../lib/gcc/arm-none-eabi/13.2.1/../../../../arm-none-eabi/lib/thumb/v7e-m+fp/hard/libc_nano.a(libc_a-nano-vfprintf.o) (__swbuf_r)
/opt/arm-none-eabi/bin/../lib/gcc/arm-none-eabi/13.2.1/../../../../arm-none-eabi/lib/thumb/v7e-m+fp/hard/libc_nano.a(libc_a-wsetup.o)
                              /opt/arm-none-eabi/bin/../lib/gcc/arm-none-eabi/13.2.1/../../../../arm-none-eabi/lib/thumb/v7e-m+fp/hard/libc_nano.a(libc_a-nano-vfprintf.o) (__swsetup_r)
/opt/arm-none-eabi/bin/../lib/gcc/arm-none-eabi/13.2.1/../../../../arm-none-eabi/lib/thumb/v7e-m+fp/hard/libc_nano.a(libc_a-nano-vfprintf_i.o)
                              /opt/arm-none-eabi/bin/../lib/gcc/arm-none-eabi/13.2.1/../../../../arm-none-eabi/lib/thumb/v7e-m+fp/hard/libc_nano.a(libc_a-nano-vfprintf.o) (_printf_i)
/opt/arm-none-eabi/bin/../lib/gcc/arm-none-eabi/13.2.1/../../../../arm-none-eabi/lib/thumb/v7e-m+fp/hard/libc_nano.a(libc_a-puts.o)
                              /tmp/ccgklXX2.o (puts)
/opt/arm-none-eabi/bin/../lib/gcc/arm-none-eabi/13.2.1/../../../../arm-none-eabi/lib/thumb/v7e-m+fp/hard/libc_nano.a(libc_a-impure.o)
                              /opt/arm-none-eabi/bin/../lib/gcc/arm-none-eabi/13.2.1/../../../../arm-none-eabi/lib/thumb/v7e-m+fp/hard/libc_nano.a(libc_a-printf.o) (_impure_ptr)
/opt/arm-none-eabi/bin/../lib/gcc/arm-none-eabi/13.2.1/../../../../arm-none-eabi/lib/thumb/v7e-m+fp/hard/libc_nano.a(libc_a-fflush.o)
                              /opt/arm-none-eabi/bin/../lib/gcc/arm-none-eabi/13.2.1/../../../../arm-none-eabi/lib/thumb/v7e-m+fp/hard/libc_nano.a(libc_a-wbuf.o) (_fflush_r)
/opt/arm-none-eabi/bin/../lib/gcc/arm-none-eabi/13.2.1/../../../../arm-none-eabi/lib/thumb/v7e-m+fp/hard/libc_nano.a(libc_a-memchr.o)
                              /opt/arm-none-eabi/bin/../lib/gcc/arm-none-eabi/13.2.1/../../../../arm-none-eabi/lib/thumb/v7e-m+fp/hard/libc_nano.a(libc_a-nano-vfprintf.o) (memchr)
/opt/arm-none-eabi/bin/../lib/gcc/arm-none-eabi/13.2.1/../../../../arm-none-eabi/lib/thumb/v7e-m+fp/hard/libc_nano.a(libc_a-memcpy-stub.o)
                              /tmp/ccUVe0hr.o (memcpy)
/opt/arm-none-eabi/bin/../lib/gcc/arm-none-eabi/13.2.1/../../../../arm-none-eabi/lib/thumb/v7e-m+fp/hard/libc_nano.a(libc_a-findfp.o)
                              /opt/arm-none-eabi/bin/../lib/gcc/arm-none-eabi/13.2.1/../../../../arm-none-eabi/lib/thumb/v7e-m+fp/hard/libc_nano.a(libc_a-fflush.o) (__sglue)
/opt/arm-none-eabi/bin/../lib/gcc/arm-none-eabi/13.2.1/../../../../arm-none-eabi/lib/thumb/v7e-m+fp/hard/libc_nano.a(libc_a-stdio.o)
                              /opt/arm-none-eabi/bin/../lib/gcc/arm-none-eabi/13.2.1/../../../../arm-none-eabi/lib/thumb/v7e-m+fp/hard/libc_nano.a(libc_a-findfp.o) (__sread)
/opt/arm-none-eabi/bin/../lib/gcc/arm-none-eabi/13.2.1/../../../../arm-none-eabi/lib/thumb/v7e-m+fp/hard/libc_nano.a(libc_a-readr.o)
                              /opt/arm-none-eabi/bin/../lib/gcc/arm-none-eabi/13.2.1/../../../../arm-none-eabi/lib/thumb/v7e-m+fp/hard/libc_nano.a(libc_a-stdio.o) (_read_r)
/opt/arm-none-eabi/bin/../lib/gcc/arm-none-eabi/13.2.1/../../../../arm-none-eabi/lib/thumb/v7e-m+fp/hard/libc_nano.a(libc_a-writer.o)
                              /opt/arm-none-eabi/bin/../lib/gcc/arm-none-eabi/13.2.1/../../../../arm-none-eabi/lib/thumb/v7e-m+fp/hard/libc_nano.a(libc_a-stdio.o) (_write_r)
/opt/arm-none-eabi/bin/../lib/gcc/arm-none-eabi/13.2.1/../../../../arm-none-eabi/lib/thumb/v7e-m+fp/hard/libc_nano.a(libc_a-fvwrite.o)
                              /opt/arm-none-eabi/bin/../lib/gcc/arm-none-eabi/13.2.1/../../../../arm-none-eabi/lib/thumb/v7e-m+fp/hard/libc_nano.a(libc_a-nano-vfprintf.o) (__sfvwrite_r)
/opt/arm-none-eabi/bin/../lib/gcc/arm-none-eabi/13.2.1/../../../../arm-none-eabi/lib/thumb/v7e-m+fp/hard/libc_nano.a(libc_a-fwalk.o)
                              /opt/arm-none-eabi/bin/../lib/gcc/arm-none-eabi/13.2.1/../../../../arm-none-eabi/lib/thumb/v7e-m+fp/hard/libc_nano.a(libc_a-fflush.o) (_fwalk_sglue)
/opt/arm-none-eabi/bin/../lib/gcc/arm-none-eabi/13.2.1/../../../../arm-none-eabi/lib/thumb/v7e-m+fp/hard/libc_nano.a(libc_a-memmove.o)
[...]
Memory Configuration

Name             Origin             Length             Attributes
flash            0x08000000         0x00200000         xr
sram             0x20000000         0x00030000         xrw
*default*        0x00000000         0xffffffff

Linker script and memory map

LOAD /tmp/ccgklXX2.o
LOAD /tmp/ccUVe0hr.o
LOAD /tmp/ccvljgUL.o
LOAD /tmp/cc96eXCn.o
LOAD /tmp/ccZ9Bvom.o
LOAD /tmp/ccSGI4pI.o
LOAD /tmp/ccVvhp7s.o
LOAD /tmp/ccJk7Puv.o
LOAD /opt/arm-none-eabi/bin/../lib/gcc/arm-none-eabi/13.2.1/../../../../arm-none-eabi/lib/thumb/v7e-m+fp/hard/libc_nano.a
LOAD /opt/arm-none-eabi/bin/../lib/gcc/arm-none-eabi/13.2.1/thumb/v7e-m+fp/hard/libgcc.a
                0x20030000                        _estack = (ORIGIN (sram) + LENGTH (sram))

.vectors        0x08000000      0x1bc
 *(.vectors)
 .vectors       0x08000000      0x1bc /tmp/ccUVe0hr.o
                0x08000000                tab

.text           0x080001c0     0x202c
 *(.text*)
 .text.systick_init
                0x080001c0       0x34 /tmp/ccgklXX2.o
 .text.gpio_set_mode
                0x080001f4       0x34 /tmp/ccgklXX2.o
 .text.gpio_set_af
                0x08000228       0x2e /tmp/ccgklXX2.o
 .text.timer_expired
                0x08000256       0x26 /tmp/ccgklXX2.o
 .text.pwr_vdd2_init
                0x0800027c       0x1c /tmp/ccgklXX2.o
 .text.uart_init.constprop.0
                0x08000298       0x60 /tmp/ccgklXX2.o
 .text.gpio_write.constprop.0
                0x080002f8       0x18 /tmp/ccgklXX2.o
 .text.SysTick_Handler
                0x08000310       0x10 /tmp/ccgklXX2.o
                0x08000310                SysTick_Handler
 .text.run_MS5611_routine
                0x08000320       0x64 /tmp/ccgklXX2.o
                0x08000320                run_MS5611_routine
 .text.startup.main
                0x08000384       0x34 /tmp/ccgklXX2.o
                0x08000384                main
 .text._reset   0x080003b8       0x50 /tmp/ccUVe0hr.o
                0x080003b8                _reset
 .text._fstat   0x08000408       0x12 /tmp/ccvljgUL.o
                0x08000408                _fstat
 *fill*         0x0800041a        0x2 
 .text._sbrk    0x0800041c       0x1c /tmp/ccvljgUL.o
                0x0800041c                _sbrk
 .text._close   0x08000438        0x6 /tmp/ccvljgUL.o
                0x08000438                _close
 .text._isatty  0x0800043e        0x4 /tmp/ccvljgUL.o
                0x0800043e                _isatty
 .text._lseek   0x08000442        0x4 /tmp/ccvljgUL.o
                0x08000442                _lseek
 .text._read    0x08000446        0x6 /tmp/ccvljgUL.o
                0x08000446                _read
 .text._write   0x0800044c       0x34 /tmp/ccvljgUL.o
                0x0800044c                _write
 .text.systick_init
                0x08000480       0x34 /tmp/cc96eXCn.o
 .text.gpio_set_mode
                0x080004b4       0x34 /tmp/cc96eXCn.o
 .text.gpio_set_af
                0x080004e8       0x2e /tmp/cc96eXCn.o
 *fill*         0x08000516        0x2 
 .text.uart_init.constprop.0
                0x08000518       0xd0 /tmp/cc96eXCn.o
 .text.STM32_init_clock
                0x080005e8       0x78 /tmp/cc96eXCn.o
                0x080005e8                STM32_init_clock
 .text.STM32_init_internals
                0x08000660      0x10c /tmp/cc96eXCn.o
                0x08000660                STM32_init_internals
 .text.STM32_init_peripherals
                0x0800076c       0x30 /tmp/cc96eXCn.o
                0x0800076c                STM32_init_peripherals
 .text.STM32_init
                0x0800079c       0x24 /tmp/cc96eXCn.o
                0x0800079c                STM32_init
 .text.spi_enable_cs.part.0
                0x080007c0        0xe /tmp/ccZ9Bvom.o
 .text.spi_disable_cs.part.0
                0x080007ce        0xe /tmp/ccZ9Bvom.o
 .text.spi_ReadWrite_byte
                0x080007dc       0x18 /tmp/ccZ9Bvom.o
 .text.spi_transmit_receive.constprop.0.isra.0
                0x080007f4       0x58 /tmp/ccZ9Bvom.o
 .text.MS5611_read_PROM
                0x0800084c       0x58 /tmp/ccZ9Bvom.o
                0x0800084c                MS5611_read_PROM
 .text.MS5611_get_data
                0x080008a4      0x188 /tmp/ccZ9Bvom.o
                0x080008a4                MS5611_get_data
 .text.MS5611_init
                0x08000a2c       0x44 /tmp/ccZ9Bvom.o
                0x08000a2c                MS5611_init
 .text.MS5611_get_data_test
                0x08000a70       0x20 /tmp/ccZ9Bvom.o
                0x08000a70                MS5611_get_data_test
 .text.printf   0x08000a90       0x24 /opt/arm-none-eabi/bin/../lib/gcc/arm-none-eabi/13.2.1/../../../../arm-none-eabi/lib/thumb/v7e-m+fp/hard/libc_nano.a(libc_a-printf.o)
                0x08000a90                printf
                0x08000a90                iprintf
 .text.__sfputc_r
                0x08000ab4       0x2e /opt/arm-none-eabi/bin/../lib/gcc/arm-none-eabi/13.2.1/../../../../arm-none-eabi/lib/thumb/v7e-m+fp/hard/libc_nano.a(libc_a-nano-vfprintf.o)
 .text.__sfputs_r
                0x08000ae2       0x24 /opt/arm-none-eabi/bin/../lib/gcc/arm-none-eabi/13.2.1/../../../../arm-none-eabi/lib/thumb/v7e-m+fp/hard/libc_nano.a(libc_a-nano-vfprintf.o)
                0x08000ae2                __sfputs_r
 *fill*         0x08000b06        0x2 
 .text._vfprintf_r
                0x08000b08      0x230 /opt/arm-none-eabi/bin/../lib/gcc/arm-none-eabi/13.2.1/../../../../arm-none-eabi/lib/thumb/v7e-m+fp/hard/libc_nano.a(libc_a-nano-vfprintf.o)
                0x08000b08                _vfiprintf_r
                0x08000b08                _vfprintf_r
 .text.__swbuf_r
                0x08000d38       0x7c /opt/arm-none-eabi/bin/../lib/gcc/arm-none-eabi/13.2.1/../../../../arm-none-eabi/lib/thumb/v7e-m+fp/hard/libc_nano.a(libc_a-wbuf.o)
                0x08000d38                __swbuf_r
 .text.__swsetup_r
                0x08000db4       0xac /opt/arm-none-eabi/bin/../lib/gcc/arm-none-eabi/13.2.1/../../../../arm-none-eabi/lib/thumb/v7e-m+fp/hard/libc_nano.a(libc_a-wsetup.o)
                0x08000db4                __swsetup_r
 .text._printf_common
                0x08000e60       0xda /opt/arm-none-eabi/bin/../lib/gcc/arm-none-eabi/13.2.1/../../../../arm-none-eabi/lib/thumb/v7e-m+fp/hard/libc_nano.a(libc_a-nano-vfprintf_i.o)
                0x08000e60                _printf_common
 *fill*         0x08000f3a        0x2 
 .text._printf_i
                0x08000f3c      0x23c /opt/arm-none-eabi/bin/../lib/gcc/arm-none-eabi/13.2.1/../../../../arm-none-eabi/lib/thumb/v7e-m+fp/hard/libc_nano.a(libc_a-nano-vfprintf_i.o)
                0x08000f3c                _printf_i
 .text._puts_r  0x08001178       0xaa /opt/arm-none-eabi/bin/../lib/gcc/arm-none-eabi/13.2.1/../../../../arm-none-eabi/lib/thumb/v7e-m+fp/hard/libc_nano.a(libc_a-puts.o)
                0x08001178                _puts_r
 *fill*         0x08001222        0x2 
 .text.puts     0x08001224       0x10 /opt/arm-none-eabi/bin/../lib/gcc/arm-none-eabi/13.2.1/../../../../arm-none-eabi/lib/thumb/v7e-m+fp/hard/libc_nano.a(libc_a-puts.o)
                0x08001224                puts
 .text.__sflush_r
                0x08001234      0x108 /opt/arm-none-eabi/bin/../lib/gcc/arm-none-eabi/13.2.1/../../../../arm-none-eabi/lib/thumb/v7e-m+fp/hard/libc_nano.a(libc_a-fflush.o)
                0x08001234                __sflush_r
 .text._fflush_r
                0x0800133c       0x50 /opt/arm-none-eabi/bin/../lib/gcc/arm-none-eabi/13.2.1/../../../../arm-none-eabi/lib/thumb/v7e-m+fp/hard/libc_nano.a(libc_a-fflush.o)
                0x0800133c                _fflush_r
 *fill*         0x0800138c        0x4 
 .text          0x08001390       0xa0 /opt/arm-none-eabi/bin/../lib/gcc/arm-none-eabi/13.2.1/../../../../arm-none-eabi/lib/thumb/v7e-m+fp/hard/libc_nano.a(libc_a-memchr.o)
                0x08001390                memchr
 .text.memcpy   0x08001430       0x1c /opt/arm-none-eabi/bin/../lib/gcc/arm-none-eabi/13.2.1/../../../../arm-none-eabi/lib/thumb/v7e-m+fp/hard/libc_nano.a(libc_a-memcpy-stub.o)
                0x08001430                memcpy
 .text.std      0x0800144c       0x6c /opt/arm-none-eabi/bin/../lib/gcc/arm-none-eabi/13.2.1/../../../../arm-none-eabi/lib/thumb/v7e-m+fp/hard/libc_nano.a(libc_a-findfp.o)
 .text.stdio_exit_handler
                0x080014b8       0x18 /opt/arm-none-eabi/bin/../lib/gcc/arm-none-eabi/13.2.1/../../../../arm-none-eabi/lib/thumb/v7e-m+fp/hard/libc_nano.a(libc_a-findfp.o)
 .text.cleanup_stdio
                0x080014d0       0x40 /opt/arm-none-eabi/bin/../lib/gcc/arm-none-eabi/13.2.1/../../../../arm-none-eabi/lib/thumb/v7e-m+fp/hard/libc_nano.a(libc_a-findfp.o)
 .text.global_stdio_init.part.0
                0x08001510       0x3c /opt/arm-none-eabi/bin/../lib/gcc/arm-none-eabi/13.2.1/../../../../arm-none-eabi/lib/thumb/v7e-m+fp/hard/libc_nano.a(libc_a-findfp.o)
 .text.__sfp_lock_acquire
                0x0800154c        0xc /opt/arm-none-eabi/bin/../lib/gcc/arm-none-eabi/13.2.1/../../../../arm-none-eabi/lib/thumb/v7e-m+fp/hard/libc_nano.a(libc_a-findfp.o)
                0x0800154c                __sfp_lock_acquire
 .text.__sfp_lock_release
                0x08001558        0xc /opt/arm-none-eabi/bin/../lib/gcc/arm-none-eabi/13.2.1/../../../../arm-none-eabi/lib/thumb/v7e-m+fp/hard/libc_nano.a(libc_a-findfp.o)
                0x08001558                __sfp_lock_release
 .text.__sinit  0x08001564       0x30 /opt/arm-none-eabi/bin/../lib/gcc/arm-none-eabi/13.2.1/../../../../arm-none-eabi/lib/thumb/v7e-m+fp/hard/libc_nano.a(libc_a-findfp.o)
                0x08001564                __sinit
 .text.__sread  0x08001594       0x22 /opt/arm-none-eabi/bin/../lib/gcc/arm-none-eabi/13.2.1/../../../../arm-none-eabi/lib/thumb/v7e-m+fp/hard/libc_nano.a(libc_a-stdio.o)
                0x08001594                __sread
 .text.__swrite
                0x080015b6       0x38 /opt/arm-none-eabi/bin/../lib/gcc/arm-none-eabi/13.2.1/../../../../arm-none-eabi/lib/thumb/v7e-m+fp/hard/libc_nano.a(libc_a-stdio.o)
                0x080015b6                __swrite
 .text.__sseek  0x080015ee       0x24 /opt/arm-none-eabi/bin/../lib/gcc/arm-none-eabi/13.2.1/../../../../arm-none-eabi/lib/thumb/v7e-m+fp/hard/libc_nano.a(libc_a-stdio.o)
                0x080015ee                __sseek
 .text.__sclose
                0x08001612        0x8 /opt/arm-none-eabi/bin/../lib/gcc/arm-none-eabi/13.2.1/../../../../arm-none-eabi/lib/thumb/v7e-m+fp/hard/libc_nano.a(libc_a-stdio.o)
                0x08001612                __sclose
 *fill*         0x0800161a        0x2 
 .text._read_r  0x0800161c       0x24 /opt/arm-none-eabi/bin/../lib/gcc/arm-none-eabi/13.2.1/../../../../arm-none-eabi/lib/thumb/v7e-m+fp/hard/libc_nano.a(libc_a-readr.o)
                0x0800161c                _read_r
 .text._write_r
                0x08001640       0x24 /opt/arm-none-eabi/bin/../lib/gcc/arm-none-eabi/13.2.1/../../../../arm-none-eabi/lib/thumb/v7e-m+fp/hard/libc_nano.a(libc_a-writer.o)
                0x08001640                _write_r
 .text._fwalk_sglue
                0x08001664       0x3c /opt/arm-none-eabi/bin/../lib/gcc/arm-none-eabi/13.2.1/../../../../arm-none-eabi/lib/thumb/v7e-m+fp/hard/libc_nano.a(libc_a-fwalk.o)
                0x08001664                _fwalk_sglue
 .text.memset   0x080016a0       0x10 /opt/arm-none-eabi/bin/../lib/gcc/arm-none-eabi/13.2.1/../../../../arm-none-eabi/lib/thumb/v7e-m+fp/hard/libc_nano.a(libc_a-memset.o)
                0x080016a0                memset
 .text._free_r  0x080016b0       0x94 /opt/arm-none-eabi/bin/../lib/gcc/arm-none-eabi/13.2.1/../../../../arm-none-eabi/lib/thumb/v7e-m+fp/hard/libc_nano.a(libc_a-freer.o)
                0x080016b0                _free_r
 .text.__retarget_lock_init_recursive
                0x08001744        0x2 /opt/arm-none-eabi/bin/../lib/gcc/arm-none-eabi/13.2.1/../../../../arm-none-eabi/lib/thumb/v7e-m+fp/hard/libc_nano.a(libc_a-lock.o)
                0x08001744                __retarget_lock_init_recursive
 .text.__retarget_lock_acquire_recursive
                0x08001746        0x2 /opt/arm-none-eabi/bin/../lib/gcc/arm-none-eabi/13.2.1/../../../../arm-none-eabi/lib/thumb/v7e-m+fp/hard/libc_nano.a(libc_a-lock.o)
                0x08001746                __retarget_lock_acquire_recursive
 .text.__retarget_lock_release_recursive
                0x08001748        0x2 /opt/arm-none-eabi/bin/../lib/gcc/arm-none-eabi/13.2.1/../../../../arm-none-eabi/lib/thumb/v7e-m+fp/hard/libc_nano.a(libc_a-lock.o)
                0x08001748                __retarget_lock_release_recursive
 .text.__swhatbuf_r
                0x0800174a       0x4c /opt/arm-none-eabi/bin/../lib/gcc/arm-none-eabi/13.2.1/../../../../arm-none-eabi/lib/thumb/v7e-m+fp/hard/libc_nano.a(libc_a-makebuf.o)
                0x0800174a                __swhatbuf_r
 .text.__smakebuf_r
                0x08001796       0x78 /opt/arm-none-eabi/bin/../lib/gcc/arm-none-eabi/13.2.1/../../../../arm-none-eabi/lib/thumb/v7e-m+fp/hard/libc_nano.a(libc_a-makebuf.o)
                0x08001796                __smakebuf_r
 *fill*         0x0800180e        0x2 
 .text._close_r
                0x08001810       0x20 /opt/arm-none-eabi/bin/../lib/gcc/arm-none-eabi/13.2.1/../../../../arm-none-eabi/lib/thumb/v7e-m+fp/hard/libc_nano.a(libc_a-closer.o)
                0x08001810                _close_r
 .text.sbrk_aligned
                0x08001830       0x44 /opt/arm-none-eabi/bin/../lib/gcc/arm-none-eabi/13.2.1/../../../../arm-none-eabi/lib/thumb/v7e-m+fp/hard/libc_nano.a(libc_a-mallocr.o)
 .text._malloc_r
                0x08001874      0x100 /opt/arm-none-eabi/bin/../lib/gcc/arm-none-eabi/13.2.1/../../../../arm-none-eabi/lib/thumb/v7e-m+fp/hard/libc_nano.a(libc_a-mallocr.o)
                0x08001874                _malloc_r
 .text._fstat_r
                0x08001974       0x24 /opt/arm-none-eabi/bin/../lib/gcc/arm-none-eabi/13.2.1/../../../../arm-none-eabi/lib/thumb/v7e-m+fp/hard/libc_nano.a(libc_a-fstatr.o)
                0x08001974                _fstat_r
 .text._isatty_r
                0x08001998       0x20 /opt/arm-none-eabi/bin/../lib/gcc/arm-none-eabi/13.2.1/../../../../arm-none-eabi/lib/thumb/v7e-m+fp/hard/libc_nano.a(libc_a-isattyr.o)
                0x08001998                _isatty_r
 .text._lseek_r
                0x080019b8       0x24 /opt/arm-none-eabi/bin/../lib/gcc/arm-none-eabi/13.2.1/../../../../arm-none-eabi/lib/thumb/v7e-m+fp/hard/libc_nano.a(libc_a-lseekr.o)
                0x080019b8                _lseek_r
 .text.__malloc_lock
                0x080019dc        0xc /opt/arm-none-eabi/bin/../lib/gcc/arm-none-eabi/13.2.1/../../../../arm-none-eabi/lib/thumb/v7e-m+fp/hard/libc_nano.a(libc_a-mlock.o)
                0x080019dc                __malloc_lock
 .text.__malloc_unlock
                0x080019e8        0xc /opt/arm-none-eabi/bin/../lib/gcc/arm-none-eabi/13.2.1/../../../../arm-none-eabi/lib/thumb/v7e-m+fp/hard/libc_nano.a(libc_a-mlock.o)
                0x080019e8                __malloc_unlock
 .text._sbrk_r  0x080019f4       0x20 /opt/arm-none-eabi/bin/../lib/gcc/arm-none-eabi/13.2.1/../../../../arm-none-eabi/lib/thumb/v7e-m+fp/hard/libc_nano.a(libc_a-sbrkr.o)
                0x080019f4                _sbrk_r
 .text          0x08001a14      0x254 /opt/arm-none-eabi/bin/../lib/gcc/arm-none-eabi/13.2.1/thumb/v7e-m+fp/hard/libgcc.a(_arm_muldf3.o)
                0x08001a14                __aeabi_dmul
                0x08001a14                __muldf3
 .text          0x08001c68      0x378 /opt/arm-none-eabi/bin/../lib/gcc/arm-none-eabi/13.2.1/thumb/v7e-m+fp/hard/libgcc.a(_arm_addsubdf3.o)
                0x08001c68                __aeabi_drsub
                0x08001c70                __aeabi_dsub
                0x08001c70                __subdf3
                0x08001c74                __adddf3
                0x08001c74                __aeabi_dadd
                0x08001eec                __aeabi_ui2d
                0x08001eec                __floatunsidf
                0x08001f0c                __floatsidf
                0x08001f0c                __aeabi_i2d
                0x08001f30                __extendsfdf2
                0x08001f30                __aeabi_f2d
                0x08001f74                __aeabi_ul2d
                0x08001f74                __floatundidf
                0x08001f84                __floatdidf
                0x08001f84                __aeabi_l2d
 .text          0x08001fe0       0x50 /opt/arm-none-eabi/bin/../lib/gcc/arm-none-eabi/13.2.1/thumb/v7e-m+fp/hard/libgcc.a(_arm_fixdfsi.o)
                0x08001fe0                __fixdfsi
                0x08001fe0                __aeabi_d2iz
 .text.__fixdfdi
                0x08002030       0x30 /opt/arm-none-eabi/bin/../lib/gcc/arm-none-eabi/13.2.1/thumb/v7e-m+fp/hard/libgcc.a(_fixdfdi.o)
                0x08002030                __aeabi_d2lz
                0x08002030                __fixdfdi
 .text.__fixunsdfdi
                0x08002060       0x3c /opt/arm-none-eabi/bin/../lib/gcc/arm-none-eabi/13.2.1/thumb/v7e-m+fp/hard/libgcc.a(_fixunsdfdi.o)
                0x08002060                __aeabi_d2ulz
                0x08002060                __fixunsdfdi
 .text          0x0800209c      0x110 /opt/arm-none-eabi/bin/../lib/gcc/arm-none-eabi/13.2.1/thumb/v7e-m+fp/hard/libgcc.a(_arm_cmpdf2.o)
                0x0800209c                __gtdf2
                0x0800209c                __gedf2
                0x080020a4                __ltdf2
                0x080020a4                __ledf2
                0x080020ac                __cmpdf2
                0x080020ac                __eqdf2
                0x080020ac                __nedf2
                0x08002128                __aeabi_cdrcmple
                0x08002138                __aeabi_cdcmple
                0x08002138                __aeabi_cdcmpeq
                0x08002148                __aeabi_dcmpeq
                0x0800215c                __aeabi_dcmplt
                0x08002170                __aeabi_dcmple
                0x08002184                __aeabi_dcmpge
                0x08002198                __aeabi_dcmpgt
 .text          0x080021ac       0x40 /opt/arm-none-eabi/bin/../lib/gcc/arm-none-eabi/13.2.1/thumb/v7e-m+fp/hard/libgcc.a(_arm_fixunsdfsi.o)
                0x080021ac                __fixunsdfsi
                0x080021ac                __aeabi_d2uiz

.glue_7         0x080021ec        0x0
 .glue_7        0x080021ec        0x0 linker stubs

.glue_7t        0x080021ec        0x0
 .glue_7t       0x080021ec        0x0 linker stubs

.vfp11_veneer   0x080021ec        0x0
 .vfp11_veneer  0x080021ec        0x0 linker stubs

.v4_bx          0x080021ec        0x0
 .v4_bx         0x080021ec        0x0 linker stubs

.iplt           0x080021ec        0x0
 .iplt          0x080021ec        0x0 /tmp/ccgklXX2.o

.rodata         0x080021ec       0x97
 *(.rodata*)
 .rodata.main.str1.1
                0x080021ec       0x97 /tmp/ccgklXX2.o
                                 0x3e (size before relaxing)
 .rodata.MS5611_init.str1.1
                0x08002283        0xd /tmp/ccZ9Bvom.o
 .rodata.MS5611_get_data_test.str1.1
                0x08002283       0x19 /tmp/ccZ9Bvom.o
 .rodata._vfprintf_r.str1.1
                0x08002283       0x11 /opt/arm-none-eabi/bin/../lib/gcc/arm-none-eabi/13.2.1/../../../../arm-none-eabi/lib/thumb/v7e-m+fp/hard/libc_nano.a(libc_a-nano-vfprintf.o)
 .rodata._printf_i.str1.1
                0x08002283       0x22 /opt/arm-none-eabi/bin/../lib/gcc/arm-none-eabi/13.2.1/../../../../arm-none-eabi/lib/thumb/v7e-m+fp/hard/libc_nano.a(libc_a-nano-vfprintf_i.o)

.ARM.exidx      0x08002284        0x8
 .ARM.exidx     0x08002284        0x8 /opt/arm-none-eabi/bin/../lib/gcc/arm-none-eabi/13.2.1/../../../../arm-none-eabi/lib/thumb/v7e-m+fp/hard/libc_nano.a(libc_a-memchr.o)

.rel.dyn        0x0800228c        0x0
 .rel.iplt      0x0800228c        0x0 /tmp/ccgklXX2.o

.data           0x20000000       0x61 load address 0x0800228c
                0x20000000                        _sdata = .
 *(.first_data)
 *(.data SORT_BY_NAME(.data.*))
 .data.FREQ     0x20000000        0x4 /tmp/cc96eXCn.o
                0x20000000                FREQ
 .data.__sglue  0x20000004        0xc /opt/arm-none-eabi/bin/../lib/gcc/arm-none-eabi/13.2.1/../../../../arm-none-eabi/lib/thumb/v7e-m+fp/hard/libc_nano.a(libc_a-findfp.o)
                0x20000004                __sglue
 .data._impure_data
                0x20000010       0x4c /opt/arm-none-eabi/bin/../lib/gcc/arm-none-eabi/13.2.1/../../../../arm-none-eabi/lib/thumb/v7e-m+fp/hard/libc_nano.a(libc_a-impure.o)
                0x20000010                _impure_data
 .data._impure_ptr
                0x2000005c        0x4 /opt/arm-none-eabi/bin/../lib/gcc/arm-none-eabi/13.2.1/../../../../arm-none-eabi/lib/thumb/v7e-m+fp/hard/libc_nano.a(libc_a-impure.o)
                0x2000005c                _impure_ptr
 .data.on.2     0x20000060        0x1 /tmp/ccgklXX2.o
                0x20000061                        _edata = .
                0x0800228c                        _sidata = LOADADDR (.data)

.igot.plt       0x20000064        0x0 load address 0x080022ed
 .igot.plt      0x20000064        0x0 /tmp/ccgklXX2.o

.bss            0x20000064      0x168 load address 0x080022ed
                0x20000064                        _sbss = .
 *(.bss SORT_BY_NAME(.bss.*) COMMON)
 .bss.MS5611_SPI
                0x20000064        0x4 /tmp/ccZ9Bvom.o
                0x20000064                MS5611_SPI
 .bss.__lock___malloc_recursive_mutex
                0x20000068        0x1 /opt/arm-none-eabi/bin/../lib/gcc/arm-none-eabi/13.2.1/../../../../arm-none-eabi/lib/thumb/v7e-m+fp/hard/libc_nano.a(libc_a-lock.o)
                0x20000068                __lock___malloc_recursive_mutex
 .bss.__lock___sfp_recursive_mutex
                0x20000069        0x1 /opt/arm-none-eabi/bin/../lib/gcc/arm-none-eabi/13.2.1/../../../../arm-none-eabi/lib/thumb/v7e-m+fp/hard/libc_nano.a(libc_a-lock.o)
                0x20000069                __lock___sfp_recursive_mutex
 *fill*         0x2000006a        0x2 
 .bss.__malloc_free_list
                0x2000006c        0x4 /opt/arm-none-eabi/bin/../lib/gcc/arm-none-eabi/13.2.1/../../../../arm-none-eabi/lib/thumb/v7e-m+fp/hard/libc_nano.a(libc_a-mallocr.o)
                0x2000006c                __malloc_free_list
 .bss.__malloc_sbrk_start
                0x20000070        0x4 /opt/arm-none-eabi/bin/../lib/gcc/arm-none-eabi/13.2.1/../../../../arm-none-eabi/lib/thumb/v7e-m+fp/hard/libc_nano.a(libc_a-mallocr.o)
                0x20000070                __malloc_sbrk_start
 .bss.__sf      0x20000074      0x138 /opt/arm-none-eabi/bin/../lib/gcc/arm-none-eabi/13.2.1/../../../../arm-none-eabi/lib/thumb/v7e-m+fp/hard/libc_nano.a(libc_a-findfp.o)
                0x20000074                __sf
 .bss.__stdio_exit_handler
                0x200001ac        0x4 /opt/arm-none-eabi/bin/../lib/gcc/arm-none-eabi/13.2.1/../../../../arm-none-eabi/lib/thumb/v7e-m+fp/hard/libc_nano.a(libc_a-findfp.o)
                0x200001ac                __stdio_exit_handler
 .bss.errno     0x200001b0        0x4 /opt/arm-none-eabi/bin/../lib/gcc/arm-none-eabi/13.2.1/../../../../arm-none-eabi/lib/thumb/v7e-m+fp/hard/libc_nano.a(libc_a-reent.o)
                0x200001b0                errno
 .bss.heap.0    0x200001b4        0x4 /tmp/ccvljgUL.o
 .bss.ms5611_prom_data
                0x200001b8       0x10 /tmp/ccZ9Bvom.o
                0x200001b8                ms5611_prom_data
 .bss.s_ticks   0x200001c8        0x4 /tmp/ccgklXX2.o
                0x200001c8                s_ticks
                0x200001cc                        _ebss = .
                0x200001d0                        . = ALIGN (0x8)
                0x200001d0                        _end = .
OUTPUT(firmware.elf elf32-littlearm)
LOAD linker stubs

.debug_info     0x00000000     0x3bd3
 .debug_info    0x00000000     0x15ca /tmp/ccgklXX2.o
 .debug_info    0x000015ca      0x139 /tmp/ccUVe0hr.o
 .debug_info    0x00001703      0x7f9 /tmp/ccvljgUL.o
 .debug_info    0x00001efc      0xdda /tmp/cc96eXCn.o
 .debug_info    0x00002cd6      0xefd /tmp/ccZ9Bvom.o

.debug_abbrev   0x00000000      0xfef
 .debug_abbrev  0x00000000      0x511 /tmp/ccgklXX2.o
 .debug_abbrev  0x00000511       0xe8 /tmp/ccUVe0hr.o
 .debug_abbrev  0x000005f9      0x29f /tmp/ccvljgUL.o
 .debug_abbrev  0x00000898      0x324 /tmp/cc96eXCn.o
 .debug_abbrev  0x00000bbc      0x433 /tmp/ccZ9Bvom.o

.debug_loclists
                0x00000000      0xd97
 .debug_loclists
                0x00000000      0x3af /tmp/ccgklXX2.o
 .debug_loclists
                0x000003af      0x225 /tmp/ccvljgUL.o
 .debug_loclists
                0x000005d4      0x300 /tmp/cc96eXCn.o
 .debug_loclists
                0x000008d4      0x4c3 /tmp/ccZ9Bvom.o

.debug_aranges  0x00000000      0x240
 .debug_aranges
                0x00000000       0xc8 /tmp/ccgklXX2.o
 .debug_aranges
                0x000000c8       0x20 /tmp/ccUVe0hr.o
 .debug_aranges
                0x000000e8       0x90 /tmp/ccvljgUL.o
 .debug_aranges
                0x00000178       0x70 /tmp/cc96eXCn.o
 .debug_aranges
                0x000001e8       0x58 /tmp/ccZ9Bvom.o

.debug_rnglists
                0x00000000      0x2a0
 .debug_rnglists
                0x00000000      0x11e /tmp/ccgklXX2.o
 .debug_rnglists
                0x0000011e       0x13 /tmp/ccUVe0hr.o
 .debug_rnglists
                0x00000131       0x7f /tmp/ccvljgUL.o
 .debug_rnglists
                0x000001b0       0x5e /tmp/cc96eXCn.o
 .debug_rnglists
                0x0000020e       0x92 /tmp/ccZ9Bvom.o

.debug_macro    0x00000000    0x21354
 .debug_macro   0x00000000      0x2eb /tmp/ccgklXX2.o
 .debug_macro   0x000002eb      0xacc /tmp/ccgklXX2.o
 .debug_macro   0x00000db7       0x22 /tmp/ccgklXX2.o
 .debug_macro   0x00000dd9       0x5b /tmp/ccgklXX2.o
 .debug_macro   0x00000e34       0x2a /tmp/ccgklXX2.o
 .debug_macro   0x00000e5e       0x94 /tmp/ccgklXX2.o
 .debug_macro   0x00000ef2       0x43 /tmp/ccgklXX2.o
 .debug_macro   0x00000f35       0x34 /tmp/ccgklXX2.o
 .debug_macro   0x00000f69       0x16 /tmp/ccgklXX2.o
 .debug_macro   0x00000f7f       0x57 /tmp/ccgklXX2.o
 .debug_macro   0x00000fd6       0x9e /tmp/ccgklXX2.o
 .debug_macro   0x00001074      0x370 /tmp/ccgklXX2.o
 .debug_macro   0x000013e4      0x112 /tmp/ccgklXX2.o
 .debug_macro   0x000014f6       0x10 /tmp/ccgklXX2.o
 .debug_macro   0x00001506       0x16 /tmp/ccgklXX2.o
 .debug_macro   0x0000151c       0x4a /tmp/ccgklXX2.o
 .debug_macro   0x00001566       0x34 /tmp/ccgklXX2.o
 .debug_macro   0x0000159a       0x10 /tmp/ccgklXX2.o
 .debug_macro   0x000015aa       0x58 /tmp/ccgklXX2.o
 .debug_macro   0x00001602       0x8e /tmp/ccgklXX2.o
 .debug_macro   0x00001690       0x1c /tmp/ccgklXX2.o
 .debug_macro   0x000016ac      0x177 /tmp/ccgklXX2.o
 .debug_macro   0x00001823       0x16 /tmp/ccgklXX2.o
 .debug_macro   0x00001839       0x16 /tmp/ccgklXX2.o
 .debug_macro   0x0000184f      0x146 /tmp/ccgklXX2.o
 .debug_macro   0x00001995      0x103 /tmp/ccgklXX2.o
 .debug_macro   0x00001a98       0x6a /tmp/ccgklXX2.o
 .debug_macro   0x00001b02      0x1df /tmp/ccgklXX2.o
 .debug_macro   0x00001ce1       0x3c /tmp/ccgklXX2.o
 .debug_macro   0x00001d1d      0x460 /tmp/ccgklXX2.o
 .debug_macro   0x0000217d       0x22 /tmp/ccgklXX2.o
 .debug_macro   0x0000219f       0x16 /tmp/ccgklXX2.o
 .debug_macro   0x000021b5       0x16 /tmp/ccgklXX2.o
 .debug_macro   0x000021cb       0x29 /tmp/ccgklXX2.o
 .debug_macro   0x000021f4       0x16 /tmp/ccgklXX2.o
 .debug_macro   0x0000220a       0x10 /tmp/ccgklXX2.o
 .debug_macro   0x0000221a       0x10 /tmp/ccgklXX2.o
 .debug_macro   0x0000222a       0x10 /tmp/ccgklXX2.o
 .debug_macro   0x0000223a       0x1c /tmp/ccgklXX2.o
 .debug_macro   0x00002256       0x52 /tmp/ccgklXX2.o
 .debug_macro   0x000022a8       0x22 /tmp/ccgklXX2.o
 .debug_macro   0x000022ca       0x10 /tmp/ccgklXX2.o
 .debug_macro   0x000022da       0x52 /tmp/ccgklXX2.o
 .debug_macro   0x0000232c       0xc1 /tmp/ccgklXX2.o
 .debug_macro   0x000023ed       0x1c /tmp/ccgklXX2.o
 .debug_macro   0x00002409       0x3d /tmp/ccgklXX2.o
 .debug_macro   0x00002446       0x35 /tmp/ccgklXX2.o
 .debug_macro   0x0000247b      0x12c /tmp/ccgklXX2.o
 .debug_macro   0x000025a7       0x28 /tmp/ccgklXX2.o
 .debug_macro   0x000025cf       0x1c /tmp/ccgklXX2.o
 .debug_macro   0x000025eb       0x22 /tmp/ccgklXX2.o
 .debug_macro   0x0000260d       0xd9 /tmp/ccgklXX2.o
 .debug_macro   0x000026e6     0x102d /tmp/ccgklXX2.o
 .debug_macro   0x00003713      0x11f /tmp/ccgklXX2.o
 .debug_macro   0x00003832    0x1cb71 /tmp/ccgklXX2.o
 .debug_macro   0x000203a3       0xd6 /tmp/ccgklXX2.o
 .debug_macro   0x00020479       0x3a /tmp/ccgklXX2.o
 .debug_macro   0x000204b3       0x88 /tmp/ccgklXX2.o
 .debug_macro   0x0002053b      0x172 /tmp/ccgklXX2.o
 .debug_macro   0x000206ad       0x3a /tmp/ccgklXX2.o
 .debug_macro   0x000206e7       0xb2 /tmp/ccgklXX2.o
 .debug_macro   0x00020799       0x11 /tmp/ccUVe0hr.o
 .debug_macro   0x000207aa      0x2b2 /tmp/ccvljgUL.o
 .debug_macro   0x00020a5c       0x3a /tmp/ccvljgUL.o
 .debug_macro   0x00020a96       0x89 /tmp/ccvljgUL.o
 .debug_macro   0x00020b1f       0x1c /tmp/ccvljgUL.o
 .debug_macro   0x00020b3b       0x9b /tmp/ccvljgUL.o
 .debug_macro   0x00020bd6      0x2c1 /tmp/cc96eXCn.o
 .debug_macro   0x00020e97       0x34 /tmp/cc96eXCn.o
 .debug_macro   0x00020ecb      0x2c7 /tmp/ccZ9Bvom.o
 .debug_macro   0x00021192       0x8e /tmp/ccZ9Bvom.o
 .debug_macro   0x00021220       0x51 /tmp/ccZ9Bvom.o
 .debug_macro   0x00021271       0x61 /tmp/ccZ9Bvom.o
 .debug_macro   0x000212d2       0x82 /tmp/ccZ9Bvom.o

.debug_line     0x00000000     0x239f
 .debug_line    0x00000000      0xb21 /tmp/ccgklXX2.o
 .debug_line    0x00000b21       0x6b /tmp/ccUVe0hr.o
 .debug_line    0x00000b8c      0x5e8 /tmp/ccvljgUL.o
 .debug_line    0x00001174      0x8fe /tmp/cc96eXCn.o
 .debug_line    0x00001a72      0x92d /tmp/ccZ9Bvom.o

.debug_str      0x00000000    0xb3b66
 .debug_str     0x00000000    0xb3b66 /tmp/ccgklXX2.o
                              0xb3a1e (size before relaxing)
 .debug_str     0x000b3b66     0x2ea6 /tmp/ccUVe0hr.o
 .debug_str     0x000b3b66    0xb2827 /tmp/ccvljgUL.o
 .debug_str     0x000b3b66    0xb2a82 /tmp/cc96eXCn.o
 .debug_str     0x000b3b66    0xb2b15 /tmp/ccZ9Bvom.o

.comment        0x00000000       0x44
 .comment       0x00000000       0x44 /tmp/ccgklXX2.o
                                 0x45 (size before relaxing)
 .comment       0x00000044       0x45 /tmp/ccUVe0hr.o
 .comment       0x00000044       0x45 /tmp/ccvljgUL.o
 .comment       0x00000044       0x45 /tmp/cc96eXCn.o
 .comment       0x00000044       0x45 /tmp/ccZ9Bvom.o

.ARM.attributes
                0x00000000       0x32
 .ARM.attributes
                0x00000000       0x34 /tmp/ccgklXX2.o
 .ARM.attributes
                0x00000034       0x34 /tmp/ccUVe0hr.o
 .ARM.attributes
                0x00000068       0x34 /tmp/ccvljgUL.o
 .ARM.attributes
                0x0000009c       0x34 /tmp/cc96eXCn.o
 .ARM.attributes
                0x000000d0       0x34 /tmp/ccZ9Bvom.o
 .ARM.attributes
                0x00000104       0x34 /opt/arm-none-eabi/bin/../lib/gcc/arm-none-eabi/13.2.1/../../../../arm-none-eabi/lib/thumb/v7e-m+fp/hard/libc_nano.a(libc_a-printf.o)
 .ARM.attributes
                0x00000138       0x34 /opt/arm-none-eabi/bin/../lib/gcc/arm-none-eabi/13.2.1/../../../../arm-none-eabi/lib/thumb/v7e-m+fp/hard/libc_nano.a(libc_a-nano-vfprintf.o)
 .ARM.attributes
                0x0000016c       0x34 /opt/arm-none-eabi/bin/../lib/gcc/arm-none-eabi/13.2.1/../../../../arm-none-eabi/lib/thumb/v7e-m+fp/hard/libc_nano.a(libc_a-wbuf.o)
 .ARM.attributes
                0x000001a0       0x34 /opt/arm-none-eabi/bin/../lib/gcc/arm-none-eabi/13.2.1/../../../../arm-none-eabi/lib/thumb/v7e-m+fp/hard/libc_nano.a(libc_a-wsetup.o)
 .ARM.attributes
                0x000001d4       0x34 /opt/arm-none-eabi/bin/../lib/gcc/arm-none-eabi/13.2.1/../../../../arm-none-eabi/lib/thumb/v7e-m+fp/hard/libc_nano.a(libc_a-nano-vfprintf_i.o)
 .ARM.attributes
                0x00000208       0x34 /opt/arm-none-eabi/bin/../lib/gcc/arm-none-eabi/13.2.1/../../../../arm-none-eabi/lib/thumb/v7e-m+fp/hard/libc_nano.a(libc_a-puts.o)
 .ARM.attributes
                0x0000023c       0x34 /opt/arm-none-eabi/bin/../lib/gcc/arm-none-eabi/13.2.1/../../../../arm-none-eabi/lib/thumb/v7e-m+fp/hard/libc_nano.a(libc_a-impure.o)
 .ARM.attributes
                0x00000270       0x34 /opt/arm-none-eabi/bin/../lib/gcc/arm-none-eabi/13.2.1/../../../../arm-none-eabi/lib/thumb/v7e-m+fp/hard/libc_nano.a(libc_a-fflush.o)
 .ARM.attributes
                0x000002a4       0x1c /opt/arm-none-eabi/bin/../lib/gcc/arm-none-eabi/13.2.1/../../../../arm-none-eabi/lib/thumb/v7e-m+fp/hard/libc_nano.a(libc_a-memchr.o)
 .ARM.attributes
                0x000002c0       0x34 /opt/arm-none-eabi/bin/../lib/gcc/arm-none-eabi/13.2.1/../../../../arm-none-eabi/lib/thumb/v7e-m+fp/hard/libc_nano.a(libc_a-memcpy-stub.o)
 .ARM.attributes
                0x000002f4       0x34 /opt/arm-none-eabi/bin/../lib/gcc/arm-none-eabi/13.2.1/../../../../arm-none-eabi/lib/thumb/v7e-m+fp/hard/libc_nano.a(libc_a-findfp.o)
 .ARM.attributes
                0x00000328       0x34 /opt/arm-none-eabi/bin/../lib/gcc/arm-none-eabi/13.2.1/../../../../arm-none-eabi/lib/thumb/v7e-m+fp/hard/libc_nano.a(libc_a-stdio.o)
 .ARM.attributes
                0x0000035c       0x34 /opt/arm-none-eabi/bin/../lib/gcc/arm-none-eabi/13.2.1/../../../../arm-none-eabi/lib/thumb/v7e-m+fp/hard/libc_nano.a(libc_a-readr.o)
 .ARM.attributes
                0x00000390       0x34 /opt/arm-none-eabi/bin/../lib/gcc/arm-none-eabi/13.2.1/../../../../arm-none-eabi/lib/thumb/v7e-m+fp/hard/libc_nano.a(libc_a-writer.o)
 .ARM.attributes
                0x000003c4       0x34 /opt/arm-none-eabi/bin/../lib/gcc/arm-none-eabi/13.2.1/../../../../arm-none-eabi/lib/thumb/v7e-m+fp/hard/libc_nano.a(libc_a-fwalk.o)
 .ARM.attributes
                0x000003f8       0x34 /opt/arm-none-eabi/bin/../lib/gcc/arm-none-eabi/13.2.1/../../../../arm-none-eabi/lib/thumb/v7e-m+fp/hard/libc_nano.a(libc_a-memset.o)
 .ARM.attributes
                0x0000042c       0x34 /opt/arm-none-eabi/bin/../lib/gcc/arm-none-eabi/13.2.1/../../../../arm-none-eabi/lib/thumb/v7e-m+fp/hard/libc_nano.a(libc_a-freer.o)
 .ARM.attributes
                0x00000460       0x34 /opt/arm-none-eabi/bin/../lib/gcc/arm-none-eabi/13.2.1/../../../../arm-none-eabi/lib/thumb/v7e-m+fp/hard/libc_nano.a(libc_a-lock.o)
 .ARM.attributes
                0x00000494       0x34 /opt/arm-none-eabi/bin/../lib/gcc/arm-none-eabi/13.2.1/../../../../arm-none-eabi/lib/thumb/v7e-m+fp/hard/libc_nano.a(libc_a-makebuf.o)
 .ARM.attributes
                0x000004c8       0x34 /opt/arm-none-eabi/bin/../lib/gcc/arm-none-eabi/13.2.1/../../../../arm-none-eabi/lib/thumb/v7e-m+fp/hard/libc_nano.a(libc_a-closer.o)
 .ARM.attributes
                0x000004fc       0x34 /opt/arm-none-eabi/bin/../lib/gcc/arm-none-eabi/13.2.1/../../../../arm-none-eabi/lib/thumb/v7e-m+fp/hard/libc_nano.a(libc_a-reent.o)
 .ARM.attributes
                0x00000530       0x34 /opt/arm-none-eabi/bin/../lib/gcc/arm-none-eabi/13.2.1/../../../../arm-none-eabi/lib/thumb/v7e-m+fp/hard/libc_nano.a(libc_a-mallocr.o)
 .ARM.attributes
                0x00000564       0x34 /opt/arm-none-eabi/bin/../lib/gcc/arm-none-eabi/13.2.1/../../../../arm-none-eabi/lib/thumb/v7e-m+fp/hard/libc_nano.a(libc_a-fstatr.o)
 .ARM.attributes
                0x00000598       0x34 /opt/arm-none-eabi/bin/../lib/gcc/arm-none-eabi/13.2.1/../../../../arm-none-eabi/lib/thumb/v7e-m+fp/hard/libc_nano.a(libc_a-isattyr.o)
 .ARM.attributes
                0x000005cc       0x34 /opt/arm-none-eabi/bin/../lib/gcc/arm-none-eabi/13.2.1/../../../../arm-none-eabi/lib/thumb/v7e-m+fp/hard/libc_nano.a(libc_a-lseekr.o)
 .ARM.attributes
                0x00000600       0x34 /opt/arm-none-eabi/bin/../lib/gcc/arm-none-eabi/13.2.1/../../../../arm-none-eabi/lib/thumb/v7e-m+fp/hard/libc_nano.a(libc_a-mlock.o)
 .ARM.attributes
                0x00000634       0x34 /opt/arm-none-eabi/bin/../lib/gcc/arm-none-eabi/13.2.1/../../../../arm-none-eabi/lib/thumb/v7e-m+fp/hard/libc_nano.a(libc_a-sbrkr.o)
 .ARM.attributes
                0x00000668       0x22 /opt/arm-none-eabi/bin/../lib/gcc/arm-none-eabi/13.2.1/thumb/v7e-m+fp/hard/libgcc.a(_arm_muldf3.o)
 .ARM.attributes
                0x0000068a       0x22 /opt/arm-none-eabi/bin/../lib/gcc/arm-none-eabi/13.2.1/thumb/v7e-m+fp/hard/libgcc.a(_arm_addsubdf3.o)
 .ARM.attributes
                0x000006ac       0x22 /opt/arm-none-eabi/bin/../lib/gcc/arm-none-eabi/13.2.1/thumb/v7e-m+fp/hard/libgcc.a(_arm_fixdfsi.o)
 .ARM.attributes
                0x000006ce       0x34 /opt/arm-none-eabi/bin/../lib/gcc/arm-none-eabi/13.2.1/thumb/v7e-m+fp/hard/libgcc.a(_fixdfdi.o)
 .ARM.attributes
                0x00000702       0x34 /opt/arm-none-eabi/bin/../lib/gcc/arm-none-eabi/13.2.1/thumb/v7e-m+fp/hard/libgcc.a(_fixunsdfdi.o)
 .ARM.attributes
                0x00000736       0x22 /opt/arm-none-eabi/bin/../lib/gcc/arm-none-eabi/13.2.1/thumb/v7e-m+fp/hard/libgcc.a(_arm_cmpdf2.o)
 .ARM.attributes
                0x00000758       0x22 /opt/arm-none-eabi/bin/../lib/gcc/arm-none-eabi/13.2.1/thumb/v7e-m+fp/hard/libgcc.a(_arm_fixunsdfsi.o)

.debug_frame    0x00000000      0xf48
 .debug_frame   0x00000000      0x208 /tmp/ccgklXX2.o
 .debug_frame   0x00000208       0x20 /tmp/ccUVe0hr.o
 .debug_frame   0x00000228      0x108 /tmp/ccvljgUL.o
 .debug_frame   0x00000330      0x100 /tmp/cc96eXCn.o
 .debug_frame   0x00000430       0xe0 /tmp/ccZ9Bvom.o
 .debug_frame   0x00000510       0x6c /opt/arm-none-eabi/bin/../lib/gcc/arm-none-eabi/13.2.1/../../../../arm-none-eabi/lib/thumb/v7e-m+fp/hard/libc_nano.a(libc_a-printf.o)
 .debug_frame   0x0000057c       0xa8 /opt/arm-none-eabi/bin/../lib/gcc/arm-none-eabi/13.2.1/../../../../arm-none-eabi/lib/thumb/v7e-m+fp/hard/libc_nano.a(libc_a-nano-vfprintf.o)
 .debug_frame   0x00000624       0x40 /opt/arm-none-eabi/bin/../lib/gcc/arm-none-eabi/13.2.1/../../../../arm-none-eabi/lib/thumb/v7e-m+fp/hard/libc_nano.a(libc_a-wbuf.o)
 .debug_frame   0x00000664       0x2c /opt/arm-none-eabi/bin/../lib/gcc/arm-none-eabi/13.2.1/../../../../arm-none-eabi/lib/thumb/v7e-m+fp/hard/libc_nano.a(libc_a-wsetup.o)
 .debug_frame   0x00000690       0x60 /opt/arm-none-eabi/bin/../lib/gcc/arm-none-eabi/13.2.1/../../../../arm-none-eabi/lib/thumb/v7e-m+fp/hard/libc_nano.a(libc_a-nano-vfprintf_i.o)
 .debug_frame   0x000006f0       0x3c /opt/arm-none-eabi/bin/../lib/gcc/arm-none-eabi/13.2.1/../../../../arm-none-eabi/lib/thumb/v7e-m+fp/hard/libc_nano.a(libc_a-puts.o)
 .debug_frame   0x0000072c       0x5c /opt/arm-none-eabi/bin/../lib/gcc/arm-none-eabi/13.2.1/../../../../arm-none-eabi/lib/thumb/v7e-m+fp/hard/libc_nano.a(libc_a-fflush.o)
 .debug_frame   0x00000788       0x28 /opt/arm-none-eabi/bin/../lib/gcc/arm-none-eabi/13.2.1/../../../../arm-none-eabi/lib/thumb/v7e-m+fp/hard/libc_nano.a(libc_a-memcpy-stub.o)
 .debug_frame   0x000007b0      0x144 /opt/arm-none-eabi/bin/../lib/gcc/arm-none-eabi/13.2.1/../../../../arm-none-eabi/lib/thumb/v7e-m+fp/hard/libc_nano.a(libc_a-findfp.o)
 .debug_frame   0x000008f4       0x88 /opt/arm-none-eabi/bin/../lib/gcc/arm-none-eabi/13.2.1/../../../../arm-none-eabi/lib/thumb/v7e-m+fp/hard/libc_nano.a(libc_a-stdio.o)
 .debug_frame   0x0000097c       0x2c /opt/arm-none-eabi/bin/../lib/gcc/arm-none-eabi/13.2.1/../../../../arm-none-eabi/lib/thumb/v7e-m+fp/hard/libc_nano.a(libc_a-readr.o)
 .debug_frame   0x000009a8       0x2c /opt/arm-none-eabi/bin/../lib/gcc/arm-none-eabi/13.2.1/../../../../arm-none-eabi/lib/thumb/v7e-m+fp/hard/libc_nano.a(libc_a-writer.o)
 .debug_frame   0x000009d4       0x34 /opt/arm-none-eabi/bin/../lib/gcc/arm-none-eabi/13.2.1/../../../../arm-none-eabi/lib/thumb/v7e-m+fp/hard/libc_nano.a(libc_a-fwalk.o)
 .debug_frame   0x00000a08       0x20 /opt/arm-none-eabi/bin/../lib/gcc/arm-none-eabi/13.2.1/../../../../arm-none-eabi/lib/thumb/v7e-m+fp/hard/libc_nano.a(libc_a-memset.o)
 .debug_frame   0x00000a28       0x38 /opt/arm-none-eabi/bin/../lib/gcc/arm-none-eabi/13.2.1/../../../../arm-none-eabi/lib/thumb/v7e-m+fp/hard/libc_nano.a(libc_a-freer.o)
 .debug_frame   0x00000a60       0xb0 /opt/arm-none-eabi/bin/../lib/gcc/arm-none-eabi/13.2.1/../../../../arm-none-eabi/lib/thumb/v7e-m+fp/hard/libc_nano.a(libc_a-lock.o)
 .debug_frame   0x00000b10       0x58 /opt/arm-none-eabi/bin/../lib/gcc/arm-none-eabi/13.2.1/../../../../arm-none-eabi/lib/thumb/v7e-m+fp/hard/libc_nano.a(libc_a-makebuf.o)
 .debug_frame   0x00000b68       0x2c /opt/arm-none-eabi/bin/../lib/gcc/arm-none-eabi/13.2.1/../../../../arm-none-eabi/lib/thumb/v7e-m+fp/hard/libc_nano.a(libc_a-closer.o)
 .debug_frame   0x00000b94       0x38 /opt/arm-none-eabi/bin/../lib/gcc/arm-none-eabi/13.2.1/../../../../arm-none-eabi/lib/thumb/v7e-m+fp/hard/libc_nano.a(libc_a-reent.o)
 .debug_frame   0x00000bcc       0x50 /opt/arm-none-eabi/bin/../lib/gcc/arm-none-eabi/13.2.1/../../../../arm-none-eabi/lib/thumb/v7e-m+fp/hard/libc_nano.a(libc_a-mallocr.o)
 .debug_frame   0x00000c1c       0x2c /opt/arm-none-eabi/bin/../lib/gcc/arm-none-eabi/13.2.1/../../../../arm-none-eabi/lib/thumb/v7e-m+fp/hard/libc_nano.a(libc_a-fstatr.o)
 .debug_frame   0x00000c48       0x2c /opt/arm-none-eabi/bin/../lib/gcc/arm-none-eabi/13.2.1/../../../../arm-none-eabi/lib/thumb/v7e-m+fp/hard/libc_nano.a(libc_a-isattyr.o)
 .debug_frame   0x00000c74       0x2c /opt/arm-none-eabi/bin/../lib/gcc/arm-none-eabi/13.2.1/../../../../arm-none-eabi/lib/thumb/v7e-m+fp/hard/libc_nano.a(libc_a-lseekr.o)
 .debug_frame   0x00000ca0       0x30 /opt/arm-none-eabi/bin/../lib/gcc/arm-none-eabi/13.2.1/../../../../arm-none-eabi/lib/thumb/v7e-m+fp/hard/libc_nano.a(libc_a-mlock.o)
 .debug_frame   0x00000cd0       0x2c /opt/arm-none-eabi/bin/../lib/gcc/arm-none-eabi/13.2.1/../../../../arm-none-eabi/lib/thumb/v7e-m+fp/hard/libc_nano.a(libc_a-sbrkr.o)
 .debug_frame   0x00000cfc       0x30 /opt/arm-none-eabi/bin/../lib/gcc/arm-none-eabi/13.2.1/thumb/v7e-m+fp/hard/libgcc.a(_arm_muldf3.o)
 .debug_frame   0x00000d2c       0xac /opt/arm-none-eabi/bin/../lib/gcc/arm-none-eabi/13.2.1/thumb/v7e-m+fp/hard/libgcc.a(_arm_addsubdf3.o)
 .debug_frame   0x00000dd8       0x24 /opt/arm-none-eabi/bin/../lib/gcc/arm-none-eabi/13.2.1/thumb/v7e-m+fp/hard/libgcc.a(_arm_fixdfsi.o)
 .debug_frame   0x00000dfc       0x38 /opt/arm-none-eabi/bin/../lib/gcc/arm-none-eabi/13.2.1/thumb/v7e-m+fp/hard/libgcc.a(_fixdfdi.o)
 .debug_frame   0x00000e34       0x2c /opt/arm-none-eabi/bin/../lib/gcc/arm-none-eabi/13.2.1/thumb/v7e-m+fp/hard/libgcc.a(_fixunsdfdi.o)
 .debug_frame   0x00000e60       0xc4 /opt/arm-none-eabi/bin/../lib/gcc/arm-none-eabi/13.2.1/thumb/v7e-m+fp/hard/libgcc.a(_arm_cmpdf2.o)
 .debug_frame   0x00000f24       0x24 /opt/arm-none-eabi/bin/../lib/gcc/arm-none-eabi/13.2.1/thumb/v7e-m+fp/hard/libgcc.a(_arm_fixunsdfsi.o)

.debug_line_str
                0x00000000      0x1a1
 .debug_line_str
                0x00000000      0x1a1 /opt/arm-none-eabi/bin/../lib/gcc/arm-none-eabi/13.2.1/../../../../arm-none-eabi/lib/thumb/v7e-m+fp/hard/libc_nano.a(libc_a-memchr.o)
                                 0xda (size before relaxing)
 .debug_line_str
                0x000001a1       0xc7 /opt/arm-none-eabi/bin/../lib/gcc/arm-none-eabi/13.2.1/thumb/v7e-m+fp/hard/libgcc.a(_arm_muldf3.o)
 .debug_line_str
                0x000001a1       0xc7 /opt/arm-none-eabi/bin/../lib/gcc/arm-none-eabi/13.2.1/thumb/v7e-m+fp/hard/libgcc.a(_arm_addsubdf3.o)
 .debug_line_str
                0x000001a1       0xc7 /opt/arm-none-eabi/bin/../lib/gcc/arm-none-eabi/13.2.1/thumb/v7e-m+fp/hard/libgcc.a(_arm_fixdfsi.o)
 .debug_line_str
                0x000001a1       0xc7 /opt/arm-none-eabi/bin/../lib/gcc/arm-none-eabi/13.2.1/thumb/v7e-m+fp/hard/libgcc.a(_arm_cmpdf2.o)
 .debug_line_str
                0x000001a1       0xc7 /opt/arm-none-eabi/bin/../lib/gcc/arm-none-eabi/13.2.1/thumb/v7e-m+fp/hard/libgcc.a(_arm_fixunsdfsi.o)
