Archive member included to satisfy reference by file (symbol)

/opt/arm-none-eabi/bin/../lib/gcc/arm-none-eabi/13.2.1/../../../../arm-none-eabi/lib/thumb/v7e-m+fp/hard/libc_nano.a(libc_a-printf.o)
                              /tmp/ccrwQO69.o (printf)
/opt/arm-none-eabi/bin/../lib/gcc/arm-none-eabi/13.2.1/../../../../arm-none-eabi/lib/thumb/v7e-m+fp/hard/libc_nano.a(libc_a-nano-vfprintf.o)
                              /opt/arm-none-eabi/bin/../lib/gcc/arm-none-eabi/13.2.1/../../../../arm-none-eabi/lib/thumb/v7e-m+fp/hard/libc_nano.a(libc_a-printf.o) (_vfprintf_r)
/opt/arm-none-eabi/bin/../lib/gcc/arm-none-eabi/13.2.1/../../../../arm-none-eabi/lib/thumb/v7e-m+fp/hard/libc_nano.a(libc_a-wbuf.o)
                              /opt/arm-none-eabi/bin/../lib/gcc/arm-none-eabi/13.2.1/../../../../arm-none-eabi/lib/thumb/v7e-m+fp/hard/libc_nano.a(libc_a-nano-vfprintf.o) (__swbuf_r)
/opt/arm-none-eabi/bin/../lib/gcc/arm-none-eabi/13.2.1/../../../../arm-none-eabi/lib/thumb/v7e-m+fp/hard/libc_nano.a(libc_a-wsetup.o)
                              /opt/arm-none-eabi/bin/../lib/gcc/arm-none-eabi/13.2.1/../../../../arm-none-eabi/lib/thumb/v7e-m+fp/hard/libc_nano.a(libc_a-nano-vfprintf.o) (__swsetup_r)
/opt/arm-none-eabi/bin/../lib/gcc/arm-none-eabi/13.2.1/../../../../arm-none-eabi/lib/thumb/v7e-m+fp/hard/libc_nano.a(libc_a-putchar.o)
                              /tmp/ccrwQO69.o (putchar)
/opt/arm-none-eabi/bin/../lib/gcc/arm-none-eabi/13.2.1/../../../../arm-none-eabi/lib/thumb/v7e-m+fp/hard/libc_nano.a(libc_a-nano-vfprintf_i.o)
                              /opt/arm-none-eabi/bin/../lib/gcc/arm-none-eabi/13.2.1/../../../../arm-none-eabi/lib/thumb/v7e-m+fp/hard/libc_nano.a(libc_a-nano-vfprintf.o) (_printf_i)
/opt/arm-none-eabi/bin/../lib/gcc/arm-none-eabi/13.2.1/../../../../arm-none-eabi/lib/thumb/v7e-m+fp/hard/libc_nano.a(libc_a-puts.o)
                              /tmp/ccrwQO69.o (puts)
/opt/arm-none-eabi/bin/../lib/gcc/arm-none-eabi/13.2.1/../../../../arm-none-eabi/lib/thumb/v7e-m+fp/hard/libc_nano.a(libc_a-impure.o)
                              /opt/arm-none-eabi/bin/../lib/gcc/arm-none-eabi/13.2.1/../../../../arm-none-eabi/lib/thumb/v7e-m+fp/hard/libc_nano.a(libc_a-printf.o) (_impure_ptr)
/opt/arm-none-eabi/bin/../lib/gcc/arm-none-eabi/13.2.1/../../../../arm-none-eabi/lib/thumb/v7e-m+fp/hard/libc_nano.a(libc_a-fflush.o)
                              /opt/arm-none-eabi/bin/../lib/gcc/arm-none-eabi/13.2.1/../../../../arm-none-eabi/lib/thumb/v7e-m+fp/hard/libc_nano.a(libc_a-wbuf.o) (_fflush_r)
/opt/arm-none-eabi/bin/../lib/gcc/arm-none-eabi/13.2.1/../../../../arm-none-eabi/lib/thumb/v7e-m+fp/hard/libc_nano.a(libc_a-memchr.o)
                              /opt/arm-none-eabi/bin/../lib/gcc/arm-none-eabi/13.2.1/../../../../arm-none-eabi/lib/thumb/v7e-m+fp/hard/libc_nano.a(libc_a-nano-vfprintf.o) (memchr)
/opt/arm-none-eabi/bin/../lib/gcc/arm-none-eabi/13.2.1/../../../../arm-none-eabi/lib/thumb/v7e-m+fp/hard/libc_nano.a(libc_a-memcpy-stub.o)
                              /tmp/ccrwQO69.o (memcpy)
/opt/arm-none-eabi/bin/../lib/gcc/arm-none-eabi/13.2.1/../../../../arm-none-eabi/lib/thumb/v7e-m+fp/hard/libc_nano.a(libc_a-findfp.o)
                              /opt/arm-none-eabi/bin/../lib/gcc/arm-none-eabi/13.2.1/../../../../arm-none-eabi/lib/thumb/v7e-m+fp/hard/libc_nano.a(libc_a-fflush.o) (__sglue)
/opt/arm-none-eabi/bin/../lib/gcc/arm-none-eabi/13.2.1/../../../../arm-none-eabi/lib/thumb/v7e-m+fp/hard/libc_nano.a(libc_a-stdio.o)
                              /opt/arm-none-eabi/bin/../lib/gcc/arm-none-eabi/13.2.1/../../../../arm-none-eabi/lib/thumb/v7e-m+fp/hard/libc_nano.a(libc_a-findfp.o) (__sread)
/opt/arm-none-eabi/bin/../lib/gcc/arm-none-eabi/13.2.1/../../../../arm-none-eabi/lib/thumb/v7e-m+fp/hard/libc_nano.a(libc_a-readr.o)
                              /opt/arm-none-eabi/bin/../lib/gcc/arm-none-eabi/13.2.1/../../../../arm-none-eabi/lib/thumb/v7e-m+fp/hard/libc_nano.a(libc_a-stdio.o) (_read_r)
/opt/arm-none-eabi/bin/../lib/gcc/arm-none-eabi/13.2.1/../../../../arm-none-eabi/lib/thumb/v7e-m+fp/hard/libc_nano.a(libc_a-qsort.o)
                              /tmp/ccAhYaZR.o (qsort)
/opt/arm-none-eabi/bin/../lib/gcc/arm-none-eabi/13.2.1/../../../../arm-none-eabi/lib/thumb/v7e-m+fp/hard/libc_nano.a(libc_a-writer.o)
                              /opt/arm-none-eabi/bin/../lib/gcc/arm-none-eabi/13.2.1/../../../../arm-none-eabi/lib/thumb/v7e-m+fp/hard/libc_nano.a(libc_a-stdio.o) (_write_r)
/opt/arm-none-eabi/bin/../lib/gcc/arm-none-eabi/13.2.1/../../../../arm-none-eabi/lib/thumb/v7e-m+fp/hard/libc_nano.a(libc_a-fvwrite.o)
                              /opt/arm-none-eabi/bin/../lib/gcc/arm-none-eabi/13.2.1/../../../../arm-none-eabi/lib/thumb/v7e-m+fp/hard/libc_nano.a(libc_a-nano-vfprintf.o) (__sfvwrite_r)
/opt/arm-none-eabi/bin/../lib/gcc/arm-none-eabi/13.2.1/../../../../arm-none-eabi/lib/thumb/v7e-m+fp/hard/libc_nano.a(libc_a-fwalk.o)
[...]
Memory Configuration

Name             Origin             Length             Attributes
flash            0x08000000         0x00200000         xr
sram             0x20000000         0x00030000         xrw
*default*        0x00000000         0xffffffff

Linker script and memory map

LOAD /tmp/ccrwQO69.o
LOAD /tmp/ccAvNeyr.o
LOAD /tmp/cc4g1blP.o
LOAD /tmp/cchyO77l.o
LOAD /tmp/cc9iFRRk.o
LOAD /tmp/ccTPu2Ap.o
LOAD /tmp/ccjSjuRi.o
LOAD /tmp/ccAhYaZR.o
LOAD /opt/arm-none-eabi/bin/../lib/gcc/arm-none-eabi/13.2.1/../../../../arm-none-eabi/lib/thumb/v7e-m+fp/hard/libc_nano.a
LOAD /opt/arm-none-eabi/bin/../lib/gcc/arm-none-eabi/13.2.1/thumb/v7e-m+fp/hard/libgcc.a
                0x20030000                        _estack = (ORIGIN (sram) + LENGTH (sram))

.vectors        0x08000000      0x1bc
 *(.vectors)
 .vectors       0x08000000      0x1bc /tmp/ccAvNeyr.o
                0x08000000                tab

.text           0x080001c0     0x1794
 *(.text*)
 .text.delay_ms
                0x080001c0       0x14 /tmp/ccrwQO69.o
 .text.gpio_set_mode
                0x080001d4       0x38 /tmp/ccrwQO69.o
 .text.gpio_set_af
                0x0800020c       0x2e /tmp/ccrwQO69.o
 *fill*         0x0800023a        0x2 
 .text.SysTick_Handler
                0x0800023c       0x10 /tmp/ccrwQO69.o
                0x0800023c                SysTick_Handler
 .text.STM32_beep_buzzer
                0x0800024c       0x38 /tmp/ccrwQO69.o
                0x0800024c                STM32_beep_buzzer
 .text.STM32_indicate_on_buzzer
                0x08000284        0xa /tmp/ccrwQO69.o
                0x08000284                STM32_indicate_on_buzzer
 .text.STM32_indicate_on_led
                0x0800028e       0x1e /tmp/ccrwQO69.o
                0x0800028e                STM32_indicate_on_led
 .text.startup.main
                0x080002ac      0x120 /tmp/ccrwQO69.o
                0x080002ac                main
 .text._reset   0x080003cc       0x50 /tmp/ccAvNeyr.o
                0x080003cc                _reset
 .text._fstat   0x0800041c       0x12 /tmp/cc4g1blP.o
                0x0800041c                _fstat
 *fill*         0x0800042e        0x2 
 .text._sbrk    0x08000430       0x1c /tmp/cc4g1blP.o
                0x08000430                _sbrk
 .text._close   0x0800044c        0x6 /tmp/cc4g1blP.o
                0x0800044c                _close
 .text._isatty  0x08000452        0x4 /tmp/cc4g1blP.o
                0x08000452                _isatty
 .text._lseek   0x08000456        0x4 /tmp/cc4g1blP.o
                0x08000456                _lseek
 .text._read    0x0800045a        0x6 /tmp/cc4g1blP.o
                0x0800045a                _read
 .text._write   0x08000460       0x34 /tmp/cc4g1blP.o
                0x08000460                _write
 .text.systick_init
                0x08000494       0x34 /tmp/cchyO77l.o
 .text.gpio_set_mode
                0x080004c8       0x34 /tmp/cchyO77l.o
 .text.gpio_set_af
                0x080004fc       0x2e /tmp/cchyO77l.o
 *fill*         0x0800052a        0x2 
 .text.uart_init.constprop.0
                0x0800052c       0xd0 /tmp/cchyO77l.o
 .text.STM32_init_clock
                0x080005fc       0x78 /tmp/cchyO77l.o
                0x080005fc                STM32_init_clock
 .text.STM32_init_internals
                0x08000674      0x10c /tmp/cchyO77l.o
                0x08000674                STM32_init_internals
 .text.STM32_init_peripherals
                0x08000780       0x30 /tmp/cchyO77l.o
                0x08000780                STM32_init_peripherals
 .text.STM32_init
                0x080007b0       0x24 /tmp/cchyO77l.o
                0x080007b0                STM32_init
 .text.STM32_led_on
                0x080007d4       0x10 /tmp/cchyO77l.o
                0x080007d4                STM32_led_on
 .text.STM32_led_off
                0x080007e4       0x10 /tmp/cchyO77l.o
                0x080007e4                STM32_led_off
 .text.delay_ms
                0x080007f4       0x14 /tmp/ccTPu2Ap.o
 .text.spi_enable_cs.part.0
                0x08000808        0xe /tmp/ccTPu2Ap.o
 .text.spi_disable_cs.part.0
                0x08000816        0xe /tmp/ccTPu2Ap.o
 .text.spi_transmit
                0x08000824       0x18 /tmp/ccTPu2Ap.o
 .text.ADXL375_get_data
                0x0800083c       0x80 /tmp/ccTPu2Ap.o
                0x0800083c                ADXL375_get_data
 .text.ADXL375_reg_write
                0x080008bc       0x54 /tmp/ccTPu2Ap.o
                0x080008bc                ADXL375_reg_write
 .text.ADXL375_init
                0x08000910       0x88 /tmp/ccTPu2Ap.o
                0x08000910                ADXL375_init
 .text.update_buffer
                0x08000998       0x3c /tmp/ccAhYaZR.o
                0x08000998                update_buffer
 .text.printf   0x080009d4       0x24 /opt/arm-none-eabi/bin/../lib/gcc/arm-none-eabi/13.2.1/../../../../arm-none-eabi/lib/thumb/v7e-m+fp/hard/libc_nano.a(libc_a-printf.o)
                0x080009d4                printf
                0x080009d4                iprintf
 .text.__sfputc_r
                0x080009f8       0x2e /opt/arm-none-eabi/bin/../lib/gcc/arm-none-eabi/13.2.1/../../../../arm-none-eabi/lib/thumb/v7e-m+fp/hard/libc_nano.a(libc_a-nano-vfprintf.o)
 .text.__sfputs_r
                0x08000a26       0x24 /opt/arm-none-eabi/bin/../lib/gcc/arm-none-eabi/13.2.1/../../../../arm-none-eabi/lib/thumb/v7e-m+fp/hard/libc_nano.a(libc_a-nano-vfprintf.o)
                0x08000a26                __sfputs_r
 *fill*         0x08000a4a        0x2 
 .text._vfprintf_r
                0x08000a4c      0x230 /opt/arm-none-eabi/bin/../lib/gcc/arm-none-eabi/13.2.1/../../../../arm-none-eabi/lib/thumb/v7e-m+fp/hard/libc_nano.a(libc_a-nano-vfprintf.o)
                0x08000a4c                _vfiprintf_r
                0x08000a4c                _vfprintf_r
 .text.__swbuf_r
                0x08000c7c       0x7c /opt/arm-none-eabi/bin/../lib/gcc/arm-none-eabi/13.2.1/../../../../arm-none-eabi/lib/thumb/v7e-m+fp/hard/libc_nano.a(libc_a-wbuf.o)
                0x08000c7c                __swbuf_r
 .text.__swsetup_r
                0x08000cf8       0xac /opt/arm-none-eabi/bin/../lib/gcc/arm-none-eabi/13.2.1/../../../../arm-none-eabi/lib/thumb/v7e-m+fp/hard/libc_nano.a(libc_a-wsetup.o)
                0x08000cf8                __swsetup_r
 .text._printf_common
                0x08000da4       0xda /opt/arm-none-eabi/bin/../lib/gcc/arm-none-eabi/13.2.1/../../../../arm-none-eabi/lib/thumb/v7e-m+fp/hard/libc_nano.a(libc_a-nano-vfprintf_i.o)
                0x08000da4                _printf_common
 *fill*         0x08000e7e        0x2 
 .text._printf_i
                0x08000e80      0x23c /opt/arm-none-eabi/bin/../lib/gcc/arm-none-eabi/13.2.1/../../../../arm-none-eabi/lib/thumb/v7e-m+fp/hard/libc_nano.a(libc_a-nano-vfprintf_i.o)
                0x08000e80                _printf_i
 .text._puts_r  0x080010bc       0xaa /opt/arm-none-eabi/bin/../lib/gcc/arm-none-eabi/13.2.1/../../../../arm-none-eabi/lib/thumb/v7e-m+fp/hard/libc_nano.a(libc_a-puts.o)
                0x080010bc                _puts_r
 *fill*         0x08001166        0x2 
 .text.puts     0x08001168       0x10 /opt/arm-none-eabi/bin/../lib/gcc/arm-none-eabi/13.2.1/../../../../arm-none-eabi/lib/thumb/v7e-m+fp/hard/libc_nano.a(libc_a-puts.o)
                0x08001168                puts
 .text.__sflush_r
                0x08001178      0x108 /opt/arm-none-eabi/bin/../lib/gcc/arm-none-eabi/13.2.1/../../../../arm-none-eabi/lib/thumb/v7e-m+fp/hard/libc_nano.a(libc_a-fflush.o)
                0x08001178                __sflush_r
 .text._fflush_r
                0x08001280       0x50 /opt/arm-none-eabi/bin/../lib/gcc/arm-none-eabi/13.2.1/../../../../arm-none-eabi/lib/thumb/v7e-m+fp/hard/libc_nano.a(libc_a-fflush.o)
                0x08001280                _fflush_r
 .text          0x080012d0       0xa0 /opt/arm-none-eabi/bin/../lib/gcc/arm-none-eabi/13.2.1/../../../../arm-none-eabi/lib/thumb/v7e-m+fp/hard/libc_nano.a(libc_a-memchr.o)
                0x080012d0                memchr
 .text.memcpy   0x08001370       0x1c /opt/arm-none-eabi/bin/../lib/gcc/arm-none-eabi/13.2.1/../../../../arm-none-eabi/lib/thumb/v7e-m+fp/hard/libc_nano.a(libc_a-memcpy-stub.o)
                0x08001370                memcpy
 .text.std      0x0800138c       0x6c /opt/arm-none-eabi/bin/../lib/gcc/arm-none-eabi/13.2.1/../../../../arm-none-eabi/lib/thumb/v7e-m+fp/hard/libc_nano.a(libc_a-findfp.o)
 .text.stdio_exit_handler
                0x080013f8       0x18 /opt/arm-none-eabi/bin/../lib/gcc/arm-none-eabi/13.2.1/../../../../arm-none-eabi/lib/thumb/v7e-m+fp/hard/libc_nano.a(libc_a-findfp.o)
 .text.cleanup_stdio
                0x08001410       0x40 /opt/arm-none-eabi/bin/../lib/gcc/arm-none-eabi/13.2.1/../../../../arm-none-eabi/lib/thumb/v7e-m+fp/hard/libc_nano.a(libc_a-findfp.o)
 .text.global_stdio_init.part.0
                0x08001450       0x3c /opt/arm-none-eabi/bin/../lib/gcc/arm-none-eabi/13.2.1/../../../../arm-none-eabi/lib/thumb/v7e-m+fp/hard/libc_nano.a(libc_a-findfp.o)
 .text.__sfp_lock_acquire
                0x0800148c        0xc /opt/arm-none-eabi/bin/../lib/gcc/arm-none-eabi/13.2.1/../../../../arm-none-eabi/lib/thumb/v7e-m+fp/hard/libc_nano.a(libc_a-findfp.o)
                0x0800148c                __sfp_lock_acquire
 .text.__sfp_lock_release
                0x08001498        0xc /opt/arm-none-eabi/bin/../lib/gcc/arm-none-eabi/13.2.1/../../../../arm-none-eabi/lib/thumb/v7e-m+fp/hard/libc_nano.a(libc_a-findfp.o)
                0x08001498                __sfp_lock_release
 .text.__sinit  0x080014a4       0x30 /opt/arm-none-eabi/bin/../lib/gcc/arm-none-eabi/13.2.1/../../../../arm-none-eabi/lib/thumb/v7e-m+fp/hard/libc_nano.a(libc_a-findfp.o)
                0x080014a4                __sinit
 .text.__sread  0x080014d4       0x22 /opt/arm-none-eabi/bin/../lib/gcc/arm-none-eabi/13.2.1/../../../../arm-none-eabi/lib/thumb/v7e-m+fp/hard/libc_nano.a(libc_a-stdio.o)
                0x080014d4                __sread
 .text.__swrite
                0x080014f6       0x38 /opt/arm-none-eabi/bin/../lib/gcc/arm-none-eabi/13.2.1/../../../../arm-none-eabi/lib/thumb/v7e-m+fp/hard/libc_nano.a(libc_a-stdio.o)
                0x080014f6                __swrite
 .text.__sseek  0x0800152e       0x24 /opt/arm-none-eabi/bin/../lib/gcc/arm-none-eabi/13.2.1/../../../../arm-none-eabi/lib/thumb/v7e-m+fp/hard/libc_nano.a(libc_a-stdio.o)
                0x0800152e                __sseek
 .text.__sclose
                0x08001552        0x8 /opt/arm-none-eabi/bin/../lib/gcc/arm-none-eabi/13.2.1/../../../../arm-none-eabi/lib/thumb/v7e-m+fp/hard/libc_nano.a(libc_a-stdio.o)
                0x08001552                __sclose
 *fill*         0x0800155a        0x2 
 .text._read_r  0x0800155c       0x24 /opt/arm-none-eabi/bin/../lib/gcc/arm-none-eabi/13.2.1/../../../../arm-none-eabi/lib/thumb/v7e-m+fp/hard/libc_nano.a(libc_a-readr.o)
                0x0800155c                _read_r
 .text._write_r
                0x08001580       0x24 /opt/arm-none-eabi/bin/../lib/gcc/arm-none-eabi/13.2.1/../../../../arm-none-eabi/lib/thumb/v7e-m+fp/hard/libc_nano.a(libc_a-writer.o)
                0x08001580                _write_r
 .text._fwalk_sglue
                0x080015a4       0x3c /opt/arm-none-eabi/bin/../lib/gcc/arm-none-eabi/13.2.1/../../../../arm-none-eabi/lib/thumb/v7e-m+fp/hard/libc_nano.a(libc_a-fwalk.o)
                0x080015a4                _fwalk_sglue
 .text.memset   0x080015e0       0x10 /opt/arm-none-eabi/bin/../lib/gcc/arm-none-eabi/13.2.1/../../../../arm-none-eabi/lib/thumb/v7e-m+fp/hard/libc_nano.a(libc_a-memset.o)
                0x080015e0                memset
 .text._free_r  0x080015f0       0x94 /opt/arm-none-eabi/bin/../lib/gcc/arm-none-eabi/13.2.1/../../../../arm-none-eabi/lib/thumb/v7e-m+fp/hard/libc_nano.a(libc_a-freer.o)
                0x080015f0                _free_r
 .text.__retarget_lock_init_recursive
                0x08001684        0x2 /opt/arm-none-eabi/bin/../lib/gcc/arm-none-eabi/13.2.1/../../../../arm-none-eabi/lib/thumb/v7e-m+fp/hard/libc_nano.a(libc_a-lock.o)
                0x08001684                __retarget_lock_init_recursive
 .text.__retarget_lock_acquire_recursive
                0x08001686        0x2 /opt/arm-none-eabi/bin/../lib/gcc/arm-none-eabi/13.2.1/../../../../arm-none-eabi/lib/thumb/v7e-m+fp/hard/libc_nano.a(libc_a-lock.o)
                0x08001686                __retarget_lock_acquire_recursive
 .text.__retarget_lock_release_recursive
                0x08001688        0x2 /opt/arm-none-eabi/bin/../lib/gcc/arm-none-eabi/13.2.1/../../../../arm-none-eabi/lib/thumb/v7e-m+fp/hard/libc_nano.a(libc_a-lock.o)
                0x08001688                __retarget_lock_release_recursive
 .text.__swhatbuf_r
                0x0800168a       0x4c /opt/arm-none-eabi/bin/../lib/gcc/arm-none-eabi/13.2.1/../../../../arm-none-eabi/lib/thumb/v7e-m+fp/hard/libc_nano.a(libc_a-makebuf.o)
                0x0800168a                __swhatbuf_r
 .text.__smakebuf_r
                0x080016d6       0x78 /opt/arm-none-eabi/bin/../lib/gcc/arm-none-eabi/13.2.1/../../../../arm-none-eabi/lib/thumb/v7e-m+fp/hard/libc_nano.a(libc_a-makebuf.o)
                0x080016d6                __smakebuf_r
 *fill*         0x0800174e        0x2 
 .text._close_r
                0x08001750       0x20 /opt/arm-none-eabi/bin/../lib/gcc/arm-none-eabi/13.2.1/../../../../arm-none-eabi/lib/thumb/v7e-m+fp/hard/libc_nano.a(libc_a-closer.o)
                0x08001750                _close_r
 .text.sbrk_aligned
                0x08001770       0x44 /opt/arm-none-eabi/bin/../lib/gcc/arm-none-eabi/13.2.1/../../../../arm-none-eabi/lib/thumb/v7e-m+fp/hard/libc_nano.a(libc_a-mallocr.o)
 .text._malloc_r
                0x080017b4      0x100 /opt/arm-none-eabi/bin/../lib/gcc/arm-none-eabi/13.2.1/../../../../arm-none-eabi/lib/thumb/v7e-m+fp/hard/libc_nano.a(libc_a-mallocr.o)
                0x080017b4                _malloc_r
 .text._fstat_r
                0x080018b4       0x24 /opt/arm-none-eabi/bin/../lib/gcc/arm-none-eabi/13.2.1/../../../../arm-none-eabi/lib/thumb/v7e-m+fp/hard/libc_nano.a(libc_a-fstatr.o)
                0x080018b4                _fstat_r
 .text._isatty_r
                0x080018d8       0x20 /opt/arm-none-eabi/bin/../lib/gcc/arm-none-eabi/13.2.1/../../../../arm-none-eabi/lib/thumb/v7e-m+fp/hard/libc_nano.a(libc_a-isattyr.o)
                0x080018d8                _isatty_r
 .text._lseek_r
                0x080018f8       0x24 /opt/arm-none-eabi/bin/../lib/gcc/arm-none-eabi/13.2.1/../../../../arm-none-eabi/lib/thumb/v7e-m+fp/hard/libc_nano.a(libc_a-lseekr.o)
                0x080018f8                _lseek_r
 .text.__malloc_lock
                0x0800191c        0xc /opt/arm-none-eabi/bin/../lib/gcc/arm-none-eabi/13.2.1/../../../../arm-none-eabi/lib/thumb/v7e-m+fp/hard/libc_nano.a(libc_a-mlock.o)
                0x0800191c                __malloc_lock
 .text.__malloc_unlock
                0x08001928        0xc /opt/arm-none-eabi/bin/../lib/gcc/arm-none-eabi/13.2.1/../../../../arm-none-eabi/lib/thumb/v7e-m+fp/hard/libc_nano.a(libc_a-mlock.o)
                0x08001928                __malloc_unlock
 .text._sbrk_r  0x08001934       0x20 /opt/arm-none-eabi/bin/../lib/gcc/arm-none-eabi/13.2.1/../../../../arm-none-eabi/lib/thumb/v7e-m+fp/hard/libc_nano.a(libc_a-sbrkr.o)
                0x08001934                _sbrk_r

.glue_7         0x08001954        0x0
 .glue_7        0x08001954        0x0 linker stubs

.glue_7t        0x08001954        0x0
 .glue_7t       0x08001954        0x0 linker stubs

.vfp11_veneer   0x08001954        0x0
 .vfp11_veneer  0x08001954        0x0 linker stubs

.v4_bx          0x08001954        0x0
 .v4_bx         0x08001954        0x0 linker stubs

.iplt           0x08001954        0x0
 .iplt          0x08001954        0x0 /tmp/ccrwQO69.o

.rodata         0x08001954      0x11e
 *(.rodata*)
 .rodata.main.str1.1
                0x08001954      0x11e /tmp/ccrwQO69.o
                                 0xc4 (size before relaxing)
 .rodata.ADXL375_get_data.str1.1
                0x08001a72        0x5 /tmp/ccTPu2Ap.o
 .rodata.ADXL375_reg_write.str1.1
                0x08001a72        0x9 /tmp/ccTPu2Ap.o
 .rodata.ADXL375_init.str1.1
                0x08001a72       0x1e /tmp/ccTPu2Ap.o
 .rodata._vfprintf_r.str1.1
                0x08001a72       0x11 /opt/arm-none-eabi/bin/../lib/gcc/arm-none-eabi/13.2.1/../../../../arm-none-eabi/lib/thumb/v7e-m+fp/hard/libc_nano.a(libc_a-nano-vfprintf.o)
 .rodata._printf_i.str1.1
                0x08001a72       0x22 /opt/arm-none-eabi/bin/../lib/gcc/arm-none-eabi/13.2.1/../../../../arm-none-eabi/lib/thumb/v7e-m+fp/hard/libc_nano.a(libc_a-nano-vfprintf_i.o)

.ARM.exidx      0x08001a74        0x8
 .ARM.exidx     0x08001a74        0x8 /opt/arm-none-eabi/bin/../lib/gcc/arm-none-eabi/13.2.1/../../../../arm-none-eabi/lib/thumb/v7e-m+fp/hard/libc_nano.a(libc_a-memchr.o)

.rel.dyn        0x08001a7c        0x0
 .rel.iplt      0x08001a7c        0x0 /tmp/ccrwQO69.o

.data           0x20000000       0x60 load address 0x08001a7c
                0x20000000                        _sdata = .
 *(.first_data)
 *(.data SORT_BY_NAME(.data.*))
 .data.FREQ     0x20000000        0x4 /tmp/cchyO77l.o
                0x20000000                FREQ
 .data.__sglue  0x20000004        0xc /opt/arm-none-eabi/bin/../lib/gcc/arm-none-eabi/13.2.1/../../../../arm-none-eabi/lib/thumb/v7e-m+fp/hard/libc_nano.a(libc_a-findfp.o)
                0x20000004                __sglue
 .data._impure_data
                0x20000010       0x4c /opt/arm-none-eabi/bin/../lib/gcc/arm-none-eabi/13.2.1/../../../../arm-none-eabi/lib/thumb/v7e-m+fp/hard/libc_nano.a(libc_a-impure.o)
                0x20000010                _impure_data
 .data._impure_ptr
                0x2000005c        0x4 /opt/arm-none-eabi/bin/../lib/gcc/arm-none-eabi/13.2.1/../../../../arm-none-eabi/lib/thumb/v7e-m+fp/hard/libc_nano.a(libc_a-impure.o)
                0x2000005c                _impure_ptr
                0x20000060                        _edata = .
                0x08001a7c                        _sidata = LOADADDR (.data)

.igot.plt       0x20000060        0x0 load address 0x08001adc
 .igot.plt      0x20000060        0x0 /tmp/ccrwQO69.o

.bss            0x20000060      0x15c load address 0x08001adc
                0x20000060                        _sbss = .
 *(.bss SORT_BY_NAME(.bss.*) COMMON)
 .bss.ADXL375_SPI
                0x20000060        0x4 /tmp/ccTPu2Ap.o
                0x20000060                ADXL375_SPI
 .bss.__lock___malloc_recursive_mutex
                0x20000064        0x1 /opt/arm-none-eabi/bin/../lib/gcc/arm-none-eabi/13.2.1/../../../../arm-none-eabi/lib/thumb/v7e-m+fp/hard/libc_nano.a(libc_a-lock.o)
                0x20000064                __lock___malloc_recursive_mutex
 .bss.__lock___sfp_recursive_mutex
                0x20000065        0x1 /opt/arm-none-eabi/bin/../lib/gcc/arm-none-eabi/13.2.1/../../../../arm-none-eabi/lib/thumb/v7e-m+fp/hard/libc_nano.a(libc_a-lock.o)
                0x20000065                __lock___sfp_recursive_mutex
 *fill*         0x20000066        0x2 
 .bss.__malloc_free_list
                0x20000068        0x4 /opt/arm-none-eabi/bin/../lib/gcc/arm-none-eabi/13.2.1/../../../../arm-none-eabi/lib/thumb/v7e-m+fp/hard/libc_nano.a(libc_a-mallocr.o)
                0x20000068                __malloc_free_list
 .bss.__malloc_sbrk_start
                0x2000006c        0x4 /opt/arm-none-eabi/bin/../lib/gcc/arm-none-eabi/13.2.1/../../../../arm-none-eabi/lib/thumb/v7e-m+fp/hard/libc_nano.a(libc_a-mallocr.o)
                0x2000006c                __malloc_sbrk_start
 .bss.__sf      0x20000070      0x138 /opt/arm-none-eabi/bin/../lib/gcc/arm-none-eabi/13.2.1/../../../../arm-none-eabi/lib/thumb/v7e-m+fp/hard/libc_nano.a(libc_a-findfp.o)
                0x20000070                __sf
 .bss.__stdio_exit_handler
                0x200001a8        0x4 /opt/arm-none-eabi/bin/../lib/gcc/arm-none-eabi/13.2.1/../../../../arm-none-eabi/lib/thumb/v7e-m+fp/hard/libc_nano.a(libc_a-findfp.o)
                0x200001a8                __stdio_exit_handler
 .bss.errno     0x200001ac        0x4 /opt/arm-none-eabi/bin/../lib/gcc/arm-none-eabi/13.2.1/../../../../arm-none-eabi/lib/thumb/v7e-m+fp/hard/libc_nano.a(libc_a-reent.o)
                0x200001ac                errno
 .bss.flightStage
                0x200001b0        0x1 /tmp/ccrwQO69.o
                0x200001b0                flightStage
 *fill*         0x200001b1        0x3 
 .bss.heap.0    0x200001b4        0x4 /tmp/cc4g1blP.o
 .bss.s_ticks   0x200001b8        0x4 /tmp/ccrwQO69.o
                0x200001b8                s_ticks
                0x200001bc                        _ebss = .
                0x200001c0                        . = ALIGN (0x8)
                0x200001c0                        _end = .
OUTPUT(firmware.elf elf32-littlearm)
LOAD linker stubs

.debug_info     0x00000000     0x5997
 .debug_info    0x00000000     0x3489 /tmp/ccrwQO69.o
 .debug_info    0x00003489      0x139 /tmp/ccAvNeyr.o
 .debug_info    0x000035c2      0x7f9 /tmp/cc4g1blP.o
 .debug_info    0x00003dbb      0xda4 /tmp/cchyO77l.o
 .debug_info    0x00004b5f      0xbc1 /tmp/ccTPu2Ap.o
 .debug_info    0x00005720      0x277 /tmp/ccAhYaZR.o

.debug_abbrev   0x00000000     0x1263
 .debug_abbrev  0x00000000      0x68e /tmp/ccrwQO69.o
 .debug_abbrev  0x0000068e       0xe8 /tmp/ccAvNeyr.o
 .debug_abbrev  0x00000776      0x29f /tmp/cc4g1blP.o
 .debug_abbrev  0x00000a15      0x307 /tmp/cchyO77l.o
 .debug_abbrev  0x00000d1c      0x39e /tmp/ccTPu2Ap.o
 .debug_abbrev  0x000010ba      0x1a9 /tmp/ccAhYaZR.o

.debug_loclists
                0x00000000     0x330d
 .debug_loclists
                0x00000000     0x28f0 /tmp/ccrwQO69.o
 .debug_loclists
                0x000028f0      0x225 /tmp/cc4g1blP.o
 .debug_loclists
                0x00002b15      0x2ea /tmp/cchyO77l.o
 .debug_loclists
                0x00002dff      0x44b /tmp/ccTPu2Ap.o
 .debug_loclists
                0x0000324a       0xc3 /tmp/ccAhYaZR.o

.debug_aranges  0x00000000      0x350
 .debug_aranges
                0x00000000      0x1b0 /tmp/ccrwQO69.o
 .debug_aranges
                0x000001b0       0x20 /tmp/ccAvNeyr.o
 .debug_aranges
                0x000001d0       0x90 /tmp/cc4g1blP.o
 .debug_aranges
                0x00000260       0x68 /tmp/cchyO77l.o
 .debug_aranges
                0x000002c8       0x58 /tmp/ccTPu2Ap.o
 .debug_aranges
                0x00000320       0x30 /tmp/ccAhYaZR.o

.debug_rnglists
                0x00000000      0x47f
 .debug_rnglists
                0x00000000      0x2ce /tmp/ccrwQO69.o
 .debug_rnglists
                0x000002ce       0x13 /tmp/ccAvNeyr.o
 .debug_rnglists
                0x000002e1       0x7f /tmp/cc4g1blP.o
 .debug_rnglists
                0x00000360       0x58 /tmp/cchyO77l.o
 .debug_rnglists
                0x000003b8       0x99 /tmp/ccTPu2Ap.o
 .debug_rnglists
                0x00000451       0x2e /tmp/ccAhYaZR.o

.debug_macro    0x00000000    0x215b3
 .debug_macro   0x00000000      0x2eb /tmp/ccrwQO69.o
 .debug_macro   0x000002eb      0xacc /tmp/ccrwQO69.o
 .debug_macro   0x00000db7       0x22 /tmp/ccrwQO69.o
 .debug_macro   0x00000dd9       0x5b /tmp/ccrwQO69.o
 .debug_macro   0x00000e34       0x2a /tmp/ccrwQO69.o
 .debug_macro   0x00000e5e       0x94 /tmp/ccrwQO69.o
 .debug_macro   0x00000ef2       0x43 /tmp/ccrwQO69.o
 .debug_macro   0x00000f35       0x34 /tmp/ccrwQO69.o
 .debug_macro   0x00000f69       0x16 /tmp/ccrwQO69.o
 .debug_macro   0x00000f7f       0x57 /tmp/ccrwQO69.o
 .debug_macro   0x00000fd6       0x9e /tmp/ccrwQO69.o
 .debug_macro   0x00001074      0x370 /tmp/ccrwQO69.o
 .debug_macro   0x000013e4      0x112 /tmp/ccrwQO69.o
 .debug_macro   0x000014f6       0x10 /tmp/ccrwQO69.o
 .debug_macro   0x00001506       0x16 /tmp/ccrwQO69.o
 .debug_macro   0x0000151c       0x4a /tmp/ccrwQO69.o
 .debug_macro   0x00001566       0x34 /tmp/ccrwQO69.o
 .debug_macro   0x0000159a       0x10 /tmp/ccrwQO69.o
 .debug_macro   0x000015aa       0x58 /tmp/ccrwQO69.o
 .debug_macro   0x00001602       0x8e /tmp/ccrwQO69.o
 .debug_macro   0x00001690       0x1c /tmp/ccrwQO69.o
 .debug_macro   0x000016ac      0x177 /tmp/ccrwQO69.o
 .debug_macro   0x00001823       0x16 /tmp/ccrwQO69.o
 .debug_macro   0x00001839       0x16 /tmp/ccrwQO69.o
 .debug_macro   0x0000184f      0x146 /tmp/ccrwQO69.o
 .debug_macro   0x00001995      0x103 /tmp/ccrwQO69.o
 .debug_macro   0x00001a98       0x6a /tmp/ccrwQO69.o
 .debug_macro   0x00001b02      0x1df /tmp/ccrwQO69.o
 .debug_macro   0x00001ce1       0x3c /tmp/ccrwQO69.o
 .debug_macro   0x00001d1d      0x460 /tmp/ccrwQO69.o
 .debug_macro   0x0000217d       0x22 /tmp/ccrwQO69.o
 .debug_macro   0x0000219f       0x16 /tmp/ccrwQO69.o
 .debug_macro   0x000021b5       0x16 /tmp/ccrwQO69.o
 .debug_macro   0x000021cb       0x29 /tmp/ccrwQO69.o
 .debug_macro   0x000021f4       0x16 /tmp/ccrwQO69.o
 .debug_macro   0x0000220a       0x10 /tmp/ccrwQO69.o
 .debug_macro   0x0000221a       0x10 /tmp/ccrwQO69.o
 .debug_macro   0x0000222a       0x10 /tmp/ccrwQO69.o
 .debug_macro   0x0000223a       0x1c /tmp/ccrwQO69.o
 .debug_macro   0x00002256       0x52 /tmp/ccrwQO69.o
 .debug_macro   0x000022a8       0x22 /tmp/ccrwQO69.o
 .debug_macro   0x000022ca       0x10 /tmp/ccrwQO69.o
 .debug_macro   0x000022da       0x52 /tmp/ccrwQO69.o
 .debug_macro   0x0000232c       0xc1 /tmp/ccrwQO69.o
 .debug_macro   0x000023ed       0x1c /tmp/ccrwQO69.o
 .debug_macro   0x00002409       0x3d /tmp/ccrwQO69.o
 .debug_macro   0x00002446       0x35 /tmp/ccrwQO69.o
 .debug_macro   0x0000247b      0x12c /tmp/ccrwQO69.o
 .debug_macro   0x000025a7       0x28 /tmp/ccrwQO69.o
 .debug_macro   0x000025cf       0x1c /tmp/ccrwQO69.o
 .debug_macro   0x000025eb       0x22 /tmp/ccrwQO69.o
 .debug_macro   0x0000260d       0xd9 /tmp/ccrwQO69.o
 .debug_macro   0x000026e6     0x102d /tmp/ccrwQO69.o
 .debug_macro   0x00003713      0x11f /tmp/ccrwQO69.o
 .debug_macro   0x00003832    0x1cb71 /tmp/ccrwQO69.o
 .debug_macro   0x000203a3       0xd6 /tmp/ccrwQO69.o
 .debug_macro   0x00020479       0x3a /tmp/ccrwQO69.o
 .debug_macro   0x000204b3       0x7c /tmp/ccrwQO69.o
 .debug_macro   0x0002052f       0x88 /tmp/ccrwQO69.o
 .debug_macro   0x000205b7      0x190 /tmp/ccrwQO69.o
 .debug_macro   0x00020747       0x1c /tmp/ccrwQO69.o
 .debug_macro   0x00020763       0x11 /tmp/ccAvNeyr.o
 .debug_macro   0x00020774      0x2b2 /tmp/cc4g1blP.o
 .debug_macro   0x00020a26       0x3a /tmp/cc4g1blP.o
 .debug_macro   0x00020a60       0x89 /tmp/cc4g1blP.o
 .debug_macro   0x00020ae9       0x1c /tmp/cc4g1blP.o
 .debug_macro   0x00020b05       0x9b /tmp/cc4g1blP.o
 .debug_macro   0x00020ba0      0x2c1 /tmp/cchyO77l.o
 .debug_macro   0x00020e61       0x34 /tmp/cchyO77l.o
 .debug_macro   0x00020e95      0x2c1 /tmp/ccTPu2Ap.o
 .debug_macro   0x00021156      0x18a /tmp/ccTPu2Ap.o
 .debug_macro   0x000212e0      0x2d3 /tmp/ccAhYaZR.o

.debug_line     0x00000000     0x34c7
 .debug_line    0x00000000     0x194f /tmp/ccrwQO69.o
 .debug_line    0x0000194f       0x6b /tmp/ccAvNeyr.o
 .debug_line    0x000019ba      0x5e8 /tmp/cc4g1blP.o
 .debug_line    0x00001fa2      0x8de /tmp/cchyO77l.o
 .debug_line    0x00002880      0x792 /tmp/ccTPu2Ap.o
 .debug_line    0x00003012      0x4b5 /tmp/ccAhYaZR.o

.debug_str      0x00000000    0xb3e60
 .debug_str     0x00000000    0xb3e60 /tmp/ccrwQO69.o
                              0xb3e27 (size before relaxing)
 .debug_str     0x000b3e60     0x2ea6 /tmp/ccAvNeyr.o
 .debug_str     0x000b3e60    0xb2827 /tmp/cc4g1blP.o
 .debug_str     0x000b3e60    0xb2a56 /tmp/cchyO77l.o
 .debug_str     0x000b3e60    0xb2fa0 /tmp/ccTPu2Ap.o
 .debug_str     0x000b3e60    0xb30e4 /tmp/ccAhYaZR.o

.comment        0x00000000       0x44
 .comment       0x00000000       0x44 /tmp/ccrwQO69.o
                                 0x45 (size before relaxing)
 .comment       0x00000044       0x45 /tmp/ccAvNeyr.o
 .comment       0x00000044       0x45 /tmp/cc4g1blP.o
 .comment       0x00000044       0x45 /tmp/cchyO77l.o
 .comment       0x00000044       0x45 /tmp/ccTPu2Ap.o
 .comment       0x00000044       0x45 /tmp/ccAhYaZR.o

.ARM.attributes
                0x00000000       0x32
 .ARM.attributes
                0x00000000       0x34 /tmp/ccrwQO69.o
 .ARM.attributes
                0x00000034       0x34 /tmp/ccAvNeyr.o
 .ARM.attributes
                0x00000068       0x34 /tmp/cc4g1blP.o
 .ARM.attributes
                0x0000009c       0x34 /tmp/cchyO77l.o
 .ARM.attributes
                0x000000d0       0x34 /tmp/ccTPu2Ap.o
 .ARM.attributes
                0x00000104       0x34 /tmp/ccAhYaZR.o
 .ARM.attributes
                0x00000138       0x34 /opt/arm-none-eabi/bin/../lib/gcc/arm-none-eabi/13.2.1/../../../../arm-none-eabi/lib/thumb/v7e-m+fp/hard/libc_nano.a(libc_a-printf.o)
 .ARM.attributes
                0x0000016c       0x34 /opt/arm-none-eabi/bin/../lib/gcc/arm-none-eabi/13.2.1/../../../../arm-none-eabi/lib/thumb/v7e-m+fp/hard/libc_nano.a(libc_a-nano-vfprintf.o)
 .ARM.attributes
                0x000001a0       0x34 /opt/arm-none-eabi/bin/../lib/gcc/arm-none-eabi/13.2.1/../../../../arm-none-eabi/lib/thumb/v7e-m+fp/hard/libc_nano.a(libc_a-wbuf.o)
 .ARM.attributes
                0x000001d4       0x34 /opt/arm-none-eabi/bin/../lib/gcc/arm-none-eabi/13.2.1/../../../../arm-none-eabi/lib/thumb/v7e-m+fp/hard/libc_nano.a(libc_a-wsetup.o)
 .ARM.attributes
                0x00000208       0x34 /opt/arm-none-eabi/bin/../lib/gcc/arm-none-eabi/13.2.1/../../../../arm-none-eabi/lib/thumb/v7e-m+fp/hard/libc_nano.a(libc_a-nano-vfprintf_i.o)
 .ARM.attributes
                0x0000023c       0x34 /opt/arm-none-eabi/bin/../lib/gcc/arm-none-eabi/13.2.1/../../../../arm-none-eabi/lib/thumb/v7e-m+fp/hard/libc_nano.a(libc_a-puts.o)
 .ARM.attributes
                0x00000270       0x34 /opt/arm-none-eabi/bin/../lib/gcc/arm-none-eabi/13.2.1/../../../../arm-none-eabi/lib/thumb/v7e-m+fp/hard/libc_nano.a(libc_a-impure.o)
 .ARM.attributes
                0x000002a4       0x34 /opt/arm-none-eabi/bin/../lib/gcc/arm-none-eabi/13.2.1/../../../../arm-none-eabi/lib/thumb/v7e-m+fp/hard/libc_nano.a(libc_a-fflush.o)
 .ARM.attributes
                0x000002d8       0x1c /opt/arm-none-eabi/bin/../lib/gcc/arm-none-eabi/13.2.1/../../../../arm-none-eabi/lib/thumb/v7e-m+fp/hard/libc_nano.a(libc_a-memchr.o)
 .ARM.attributes
                0x000002f4       0x34 /opt/arm-none-eabi/bin/../lib/gcc/arm-none-eabi/13.2.1/../../../../arm-none-eabi/lib/thumb/v7e-m+fp/hard/libc_nano.a(libc_a-memcpy-stub.o)
 .ARM.attributes
                0x00000328       0x34 /opt/arm-none-eabi/bin/../lib/gcc/arm-none-eabi/13.2.1/../../../../arm-none-eabi/lib/thumb/v7e-m+fp/hard/libc_nano.a(libc_a-findfp.o)
 .ARM.attributes
                0x0000035c       0x34 /opt/arm-none-eabi/bin/../lib/gcc/arm-none-eabi/13.2.1/../../../../arm-none-eabi/lib/thumb/v7e-m+fp/hard/libc_nano.a(libc_a-stdio.o)
 .ARM.attributes
                0x00000390       0x34 /opt/arm-none-eabi/bin/../lib/gcc/arm-none-eabi/13.2.1/../../../../arm-none-eabi/lib/thumb/v7e-m+fp/hard/libc_nano.a(libc_a-readr.o)
 .ARM.attributes
                0x000003c4       0x34 /opt/arm-none-eabi/bin/../lib/gcc/arm-none-eabi/13.2.1/../../../../arm-none-eabi/lib/thumb/v7e-m+fp/hard/libc_nano.a(libc_a-writer.o)
 .ARM.attributes
                0x000003f8       0x34 /opt/arm-none-eabi/bin/../lib/gcc/arm-none-eabi/13.2.1/../../../../arm-none-eabi/lib/thumb/v7e-m+fp/hard/libc_nano.a(libc_a-fwalk.o)
 .ARM.attributes
                0x0000042c       0x34 /opt/arm-none-eabi/bin/../lib/gcc/arm-none-eabi/13.2.1/../../../../arm-none-eabi/lib/thumb/v7e-m+fp/hard/libc_nano.a(libc_a-memset.o)
 .ARM.attributes
                0x00000460       0x34 /opt/arm-none-eabi/bin/../lib/gcc/arm-none-eabi/13.2.1/../../../../arm-none-eabi/lib/thumb/v7e-m+fp/hard/libc_nano.a(libc_a-freer.o)
 .ARM.attributes
                0x00000494       0x34 /opt/arm-none-eabi/bin/../lib/gcc/arm-none-eabi/13.2.1/../../../../arm-none-eabi/lib/thumb/v7e-m+fp/hard/libc_nano.a(libc_a-lock.o)
 .ARM.attributes
                0x000004c8       0x34 /opt/arm-none-eabi/bin/../lib/gcc/arm-none-eabi/13.2.1/../../../../arm-none-eabi/lib/thumb/v7e-m+fp/hard/libc_nano.a(libc_a-makebuf.o)
 .ARM.attributes
                0x000004fc       0x34 /opt/arm-none-eabi/bin/../lib/gcc/arm-none-eabi/13.2.1/../../../../arm-none-eabi/lib/thumb/v7e-m+fp/hard/libc_nano.a(libc_a-closer.o)
 .ARM.attributes
                0x00000530       0x34 /opt/arm-none-eabi/bin/../lib/gcc/arm-none-eabi/13.2.1/../../../../arm-none-eabi/lib/thumb/v7e-m+fp/hard/libc_nano.a(libc_a-reent.o)
 .ARM.attributes
                0x00000564       0x34 /opt/arm-none-eabi/bin/../lib/gcc/arm-none-eabi/13.2.1/../../../../arm-none-eabi/lib/thumb/v7e-m+fp/hard/libc_nano.a(libc_a-mallocr.o)
 .ARM.attributes
                0x00000598       0x34 /opt/arm-none-eabi/bin/../lib/gcc/arm-none-eabi/13.2.1/../../../../arm-none-eabi/lib/thumb/v7e-m+fp/hard/libc_nano.a(libc_a-fstatr.o)
 .ARM.attributes
                0x000005cc       0x34 /opt/arm-none-eabi/bin/../lib/gcc/arm-none-eabi/13.2.1/../../../../arm-none-eabi/lib/thumb/v7e-m+fp/hard/libc_nano.a(libc_a-isattyr.o)
 .ARM.attributes
                0x00000600       0x34 /opt/arm-none-eabi/bin/../lib/gcc/arm-none-eabi/13.2.1/../../../../arm-none-eabi/lib/thumb/v7e-m+fp/hard/libc_nano.a(libc_a-lseekr.o)
 .ARM.attributes
                0x00000634       0x34 /opt/arm-none-eabi/bin/../lib/gcc/arm-none-eabi/13.2.1/../../../../arm-none-eabi/lib/thumb/v7e-m+fp/hard/libc_nano.a(libc_a-mlock.o)
 .ARM.attributes
                0x00000668       0x34 /opt/arm-none-eabi/bin/../lib/gcc/arm-none-eabi/13.2.1/../../../../arm-none-eabi/lib/thumb/v7e-m+fp/hard/libc_nano.a(libc_a-sbrkr.o)

.debug_frame    0x00000000     0x1144
 .debug_frame   0x00000000      0x614 /tmp/ccrwQO69.o
 .debug_frame   0x00000614       0x20 /tmp/ccAvNeyr.o
 .debug_frame   0x00000634      0x108 /tmp/cc4g1blP.o
 .debug_frame   0x0000073c       0xf0 /tmp/cchyO77l.o
 .debug_frame   0x0000082c       0xdc /tmp/ccTPu2Ap.o
 .debug_frame   0x00000908       0x50 /tmp/ccAhYaZR.o
 .debug_frame   0x00000958       0x6c /opt/arm-none-eabi/bin/../lib/gcc/arm-none-eabi/13.2.1/../../../../arm-none-eabi/lib/thumb/v7e-m+fp/hard/libc_nano.a(libc_a-printf.o)
 .debug_frame   0x000009c4       0xa8 /opt/arm-none-eabi/bin/../lib/gcc/arm-none-eabi/13.2.1/../../../../arm-none-eabi/lib/thumb/v7e-m+fp/hard/libc_nano.a(libc_a-nano-vfprintf.o)
 .debug_frame   0x00000a6c       0x40 /opt/arm-none-eabi/bin/../lib/gcc/arm-none-eabi/13.2.1/../../../../arm-none-eabi/lib/thumb/v7e-m+fp/hard/libc_nano.a(libc_a-wbuf.o)
 .debug_frame   0x00000aac       0x2c /opt/arm-none-eabi/bin/../lib/gcc/arm-none-eabi/13.2.1/../../../../arm-none-eabi/lib/thumb/v7e-m+fp/hard/libc_nano.a(libc_a-wsetup.o)
 .debug_frame   0x00000ad8       0x60 /opt/arm-none-eabi/bin/../lib/gcc/arm-none-eabi/13.2.1/../../../../arm-none-eabi/lib/thumb/v7e-m+fp/hard/libc_nano.a(libc_a-nano-vfprintf_i.o)
 .debug_frame   0x00000b38       0x3c /opt/arm-none-eabi/bin/../lib/gcc/arm-none-eabi/13.2.1/../../../../arm-none-eabi/lib/thumb/v7e-m+fp/hard/libc_nano.a(libc_a-puts.o)
 .debug_frame   0x00000b74       0x5c /opt/arm-none-eabi/bin/../lib/gcc/arm-none-eabi/13.2.1/../../../../arm-none-eabi/lib/thumb/v7e-m+fp/hard/libc_nano.a(libc_a-fflush.o)
 .debug_frame   0x00000bd0       0x28 /opt/arm-none-eabi/bin/../lib/gcc/arm-none-eabi/13.2.1/../../../../arm-none-eabi/lib/thumb/v7e-m+fp/hard/libc_nano.a(libc_a-memcpy-stub.o)
 .debug_frame   0x00000bf8      0x144 /opt/arm-none-eabi/bin/../lib/gcc/arm-none-eabi/13.2.1/../../../../arm-none-eabi/lib/thumb/v7e-m+fp/hard/libc_nano.a(libc_a-findfp.o)
 .debug_frame   0x00000d3c       0x88 /opt/arm-none-eabi/bin/../lib/gcc/arm-none-eabi/13.2.1/../../../../arm-none-eabi/lib/thumb/v7e-m+fp/hard/libc_nano.a(libc_a-stdio.o)
 .debug_frame   0x00000dc4       0x2c /opt/arm-none-eabi/bin/../lib/gcc/arm-none-eabi/13.2.1/../../../../arm-none-eabi/lib/thumb/v7e-m+fp/hard/libc_nano.a(libc_a-readr.o)
 .debug_frame   0x00000df0       0x2c /opt/arm-none-eabi/bin/../lib/gcc/arm-none-eabi/13.2.1/../../../../arm-none-eabi/lib/thumb/v7e-m+fp/hard/libc_nano.a(libc_a-writer.o)
 .debug_frame   0x00000e1c       0x34 /opt/arm-none-eabi/bin/../lib/gcc/arm-none-eabi/13.2.1/../../../../arm-none-eabi/lib/thumb/v7e-m+fp/hard/libc_nano.a(libc_a-fwalk.o)
 .debug_frame   0x00000e50       0x20 /opt/arm-none-eabi/bin/../lib/gcc/arm-none-eabi/13.2.1/../../../../arm-none-eabi/lib/thumb/v7e-m+fp/hard/libc_nano.a(libc_a-memset.o)
 .debug_frame   0x00000e70       0x38 /opt/arm-none-eabi/bin/../lib/gcc/arm-none-eabi/13.2.1/../../../../arm-none-eabi/lib/thumb/v7e-m+fp/hard/libc_nano.a(libc_a-freer.o)
 .debug_frame   0x00000ea8       0xb0 /opt/arm-none-eabi/bin/../lib/gcc/arm-none-eabi/13.2.1/../../../../arm-none-eabi/lib/thumb/v7e-m+fp/hard/libc_nano.a(libc_a-lock.o)
 .debug_frame   0x00000f58       0x58 /opt/arm-none-eabi/bin/../lib/gcc/arm-none-eabi/13.2.1/../../../../arm-none-eabi/lib/thumb/v7e-m+fp/hard/libc_nano.a(libc_a-makebuf.o)
 .debug_frame   0x00000fb0       0x2c /opt/arm-none-eabi/bin/../lib/gcc/arm-none-eabi/13.2.1/../../../../arm-none-eabi/lib/thumb/v7e-m+fp/hard/libc_nano.a(libc_a-closer.o)
 .debug_frame   0x00000fdc       0x38 /opt/arm-none-eabi/bin/../lib/gcc/arm-none-eabi/13.2.1/../../../../arm-none-eabi/lib/thumb/v7e-m+fp/hard/libc_nano.a(libc_a-reent.o)
 .debug_frame   0x00001014       0x50 /opt/arm-none-eabi/bin/../lib/gcc/arm-none-eabi/13.2.1/../../../../arm-none-eabi/lib/thumb/v7e-m+fp/hard/libc_nano.a(libc_a-mallocr.o)
 .debug_frame   0x00001064       0x2c /opt/arm-none-eabi/bin/../lib/gcc/arm-none-eabi/13.2.1/../../../../arm-none-eabi/lib/thumb/v7e-m+fp/hard/libc_nano.a(libc_a-fstatr.o)
 .debug_frame   0x00001090       0x2c /opt/arm-none-eabi/bin/../lib/gcc/arm-none-eabi/13.2.1/../../../../arm-none-eabi/lib/thumb/v7e-m+fp/hard/libc_nano.a(libc_a-isattyr.o)
 .debug_frame   0x000010bc       0x2c /opt/arm-none-eabi/bin/../lib/gcc/arm-none-eabi/13.2.1/../../../../arm-none-eabi/lib/thumb/v7e-m+fp/hard/libc_nano.a(libc_a-lseekr.o)
 .debug_frame   0x000010e8       0x30 /opt/arm-none-eabi/bin/../lib/gcc/arm-none-eabi/13.2.1/../../../../arm-none-eabi/lib/thumb/v7e-m+fp/hard/libc_nano.a(libc_a-mlock.o)
 .debug_frame   0x00001118       0x2c /opt/arm-none-eabi/bin/../lib/gcc/arm-none-eabi/13.2.1/../../../../arm-none-eabi/lib/thumb/v7e-m+fp/hard/libc_nano.a(libc_a-sbrkr.o)

.debug_line_str
                0x00000000       0xda
 .debug_line_str
                0x00000000       0xda /opt/arm-none-eabi/bin/../lib/gcc/arm-none-eabi/13.2.1/../../../../arm-none-eabi/lib/thumb/v7e-m+fp/hard/libc_nano.a(libc_a-memchr.o)
