Archive member included to satisfy reference by file (symbol)

/opt/arm-none-eabi/bin/../lib/gcc/arm-none-eabi/13.2.1/../../../../arm-none-eabi/lib/thumb/v7e-m+fp/hard/libc_nano.a(libc_a-printf.o)
                              /tmp/ccVlVARj.o (printf)
/opt/arm-none-eabi/bin/../lib/gcc/arm-none-eabi/13.2.1/../../../../arm-none-eabi/lib/thumb/v7e-m+fp/hard/libc_nano.a(libc_a-nano-vfprintf.o)
                              /opt/arm-none-eabi/bin/../lib/gcc/arm-none-eabi/13.2.1/../../../../arm-none-eabi/lib/thumb/v7e-m+fp/hard/libc_nano.a(libc_a-printf.o) (_vfprintf_r)
/opt/arm-none-eabi/bin/../lib/gcc/arm-none-eabi/13.2.1/../../../../arm-none-eabi/lib/thumb/v7e-m+fp/hard/libc_nano.a(libc_a-wbuf.o)
                              /opt/arm-none-eabi/bin/../lib/gcc/arm-none-eabi/13.2.1/../../../../arm-none-eabi/lib/thumb/v7e-m+fp/hard/libc_nano.a(libc_a-nano-vfprintf.o) (__swbuf_r)
/opt/arm-none-eabi/bin/../lib/gcc/arm-none-eabi/13.2.1/../../../../arm-none-eabi/lib/thumb/v7e-m+fp/hard/libc_nano.a(libc_a-wsetup.o)
                              /opt/arm-none-eabi/bin/../lib/gcc/arm-none-eabi/13.2.1/../../../../arm-none-eabi/lib/thumb/v7e-m+fp/hard/libc_nano.a(libc_a-nano-vfprintf.o) (__swsetup_r)
/opt/arm-none-eabi/bin/../lib/gcc/arm-none-eabi/13.2.1/../../../../arm-none-eabi/lib/thumb/v7e-m+fp/hard/libc_nano.a(libc_a-putchar.o)
                              /tmp/ccVlVARj.o (putchar)
/opt/arm-none-eabi/bin/../lib/gcc/arm-none-eabi/13.2.1/../../../../arm-none-eabi/lib/thumb/v7e-m+fp/hard/libc_nano.a(libc_a-nano-vfprintf_i.o)
                              /opt/arm-none-eabi/bin/../lib/gcc/arm-none-eabi/13.2.1/../../../../arm-none-eabi/lib/thumb/v7e-m+fp/hard/libc_nano.a(libc_a-nano-vfprintf.o) (_printf_i)
/opt/arm-none-eabi/bin/../lib/gcc/arm-none-eabi/13.2.1/../../../../arm-none-eabi/lib/thumb/v7e-m+fp/hard/libc_nano.a(libc_a-puts.o)
                              /tmp/ccVlVARj.o (puts)
/opt/arm-none-eabi/bin/../lib/gcc/arm-none-eabi/13.2.1/../../../../arm-none-eabi/lib/thumb/v7e-m+fp/hard/libc_nano.a(libc_a-impure.o)
                              /opt/arm-none-eabi/bin/../lib/gcc/arm-none-eabi/13.2.1/../../../../arm-none-eabi/lib/thumb/v7e-m+fp/hard/libc_nano.a(libc_a-printf.o) (_impure_ptr)
/opt/arm-none-eabi/bin/../lib/gcc/arm-none-eabi/13.2.1/../../../../arm-none-eabi/lib/thumb/v7e-m+fp/hard/libc_nano.a(libc_a-fflush.o)
                              /opt/arm-none-eabi/bin/../lib/gcc/arm-none-eabi/13.2.1/../../../../arm-none-eabi/lib/thumb/v7e-m+fp/hard/libc_nano.a(libc_a-wbuf.o) (_fflush_r)
/opt/arm-none-eabi/bin/../lib/gcc/arm-none-eabi/13.2.1/../../../../arm-none-eabi/lib/thumb/v7e-m+fp/hard/libc_nano.a(libc_a-memchr.o)
                              /opt/arm-none-eabi/bin/../lib/gcc/arm-none-eabi/13.2.1/../../../../arm-none-eabi/lib/thumb/v7e-m+fp/hard/libc_nano.a(libc_a-nano-vfprintf.o) (memchr)
/opt/arm-none-eabi/bin/../lib/gcc/arm-none-eabi/13.2.1/../../../../arm-none-eabi/lib/thumb/v7e-m+fp/hard/libc_nano.a(libc_a-memcpy-stub.o)
                              /tmp/ccVlVARj.o (memcpy)
/opt/arm-none-eabi/bin/../lib/gcc/arm-none-eabi/13.2.1/../../../../arm-none-eabi/lib/thumb/v7e-m+fp/hard/libc_nano.a(libc_a-findfp.o)
                              /opt/arm-none-eabi/bin/../lib/gcc/arm-none-eabi/13.2.1/../../../../arm-none-eabi/lib/thumb/v7e-m+fp/hard/libc_nano.a(libc_a-fflush.o) (__sglue)
/opt/arm-none-eabi/bin/../lib/gcc/arm-none-eabi/13.2.1/../../../../arm-none-eabi/lib/thumb/v7e-m+fp/hard/libc_nano.a(libc_a-stdio.o)
                              /opt/arm-none-eabi/bin/../lib/gcc/arm-none-eabi/13.2.1/../../../../arm-none-eabi/lib/thumb/v7e-m+fp/hard/libc_nano.a(libc_a-findfp.o) (__sread)
/opt/arm-none-eabi/bin/../lib/gcc/arm-none-eabi/13.2.1/../../../../arm-none-eabi/lib/thumb/v7e-m+fp/hard/libc_nano.a(libc_a-readr.o)
                              /opt/arm-none-eabi/bin/../lib/gcc/arm-none-eabi/13.2.1/../../../../arm-none-eabi/lib/thumb/v7e-m+fp/hard/libc_nano.a(libc_a-stdio.o) (_read_r)
/opt/arm-none-eabi/bin/../lib/gcc/arm-none-eabi/13.2.1/../../../../arm-none-eabi/lib/thumb/v7e-m+fp/hard/libc_nano.a(libc_a-qsort.o)
                              /tmp/ccmsMVqw.o (qsort)
/opt/arm-none-eabi/bin/../lib/gcc/arm-none-eabi/13.2.1/../../../../arm-none-eabi/lib/thumb/v7e-m+fp/hard/libc_nano.a(libc_a-writer.o)
                              /opt/arm-none-eabi/bin/../lib/gcc/arm-none-eabi/13.2.1/../../../../arm-none-eabi/lib/thumb/v7e-m+fp/hard/libc_nano.a(libc_a-stdio.o) (_write_r)
/opt/arm-none-eabi/bin/../lib/gcc/arm-none-eabi/13.2.1/../../../../arm-none-eabi/lib/thumb/v7e-m+fp/hard/libc_nano.a(libc_a-fvwrite.o)
                              /opt/arm-none-eabi/bin/../lib/gcc/arm-none-eabi/13.2.1/../../../../arm-none-eabi/lib/thumb/v7e-m+fp/hard/libc_nano.a(libc_a-nano-vfprintf.o) (__sfvwrite_r)
/opt/arm-none-eabi/bin/../lib/gcc/arm-none-eabi/13.2.1/../../../../arm-none-eabi/lib/thumb/v7e-m+fp/hard/libc_nano.a(libc_a-fwalk.o)
[...]
Memory Configuration

Name             Origin             Length             Attributes
flash            0x08000000         0x00200000         xr
sram             0x20000000         0x00030000         xrw
*default*        0x00000000         0xffffffff

Linker script and memory map

LOAD /tmp/ccVlVARj.o
LOAD /tmp/ccnKy06Q.o
LOAD /tmp/ccfRjgwc.o
LOAD /tmp/ccFrwKUQ.o
LOAD /tmp/ccLKUO9e.o
LOAD /tmp/ccqypRKp.o
LOAD /tmp/cc8VazPp.o
LOAD /tmp/ccmsMVqw.o
LOAD /tmp/ccWWnuZr.o
LOAD /opt/arm-none-eabi/bin/../lib/gcc/arm-none-eabi/13.2.1/../../../../arm-none-eabi/lib/thumb/v7e-m+fp/hard/libc_nano.a
LOAD /opt/arm-none-eabi/bin/../lib/gcc/arm-none-eabi/13.2.1/thumb/v7e-m+fp/hard/libgcc.a
                0x20030000                        _estack = (ORIGIN (sram) + LENGTH (sram))

.vectors        0x08000000      0x1bc
 *(.vectors)
 .vectors       0x08000000      0x1bc /tmp/ccnKy06Q.o
                0x08000000                tab

.text           0x080001c0     0x397c
 *(.text*)
 .text.delay_ms
                0x080001c0       0x14 /tmp/ccVlVARj.o
 .text.gpio_set_mode
                0x080001d4       0x38 /tmp/ccVlVARj.o
 .text.gpio_write
                0x0800020c       0x20 /tmp/ccVlVARj.o
 .text.gpio_read
                0x0800022c       0x1a /tmp/ccVlVARj.o
 .text.unzip    0x08000246      0x1ce /tmp/ccVlVARj.o
 .text.set_pin_modes
                0x08000414       0x84 /tmp/ccVlVARj.o
 .text.set_control_pins
                0x08000498       0x64 /tmp/ccVlVARj.o
 .text.send_byte_to_flash
                0x080004fc       0xa8 /tmp/ccVlVARj.o
 .text.receive_byte_from_flash
                0x080005a4       0xc8 /tmp/ccVlVARj.o
 .text.wait_for_ready_flag
                0x0800066c       0x38 /tmp/ccVlVARj.o
 .text.read_flash_ID
                0x080006a4       0x98 /tmp/ccVlVARj.o
 .text.send_addr_to_flash.constprop.0
                0x0800073c       0x46 /tmp/ccVlVARj.o
 .text.read_frame
                0x08000782       0x36 /tmp/ccVlVARj.o
 .text.get_next_available_frame_addr
                0x080007b8       0x6c /tmp/ccVlVARj.o
 .text.log_frame.isra.0
                0x08000824      0x36c /tmp/ccVlVARj.o
 .text.SysTick_Handler
                0x08000b90       0x10 /tmp/ccVlVARj.o
                0x08000b90                SysTick_Handler
 .text.get_frame_array
                0x08000ba0       0xa0 /tmp/ccVlVARj.o
                0x08000ba0                get_frame_array
 .text.update_sensors
                0x08000c40       0x50 /tmp/ccVlVARj.o
                0x08000c40                update_sensors
 .text.startup.main
                0x08000c90      0x39c /tmp/ccVlVARj.o
                0x08000c90                main
 .text._reset   0x0800102c       0x50 /tmp/ccnKy06Q.o
                0x0800102c                _reset
 .text._fstat   0x0800107c       0x12 /tmp/ccfRjgwc.o
                0x0800107c                _fstat
 *fill*         0x0800108e        0x2 
 .text._sbrk    0x08001090       0x1c /tmp/ccfRjgwc.o
                0x08001090                _sbrk
 .text._close   0x080010ac        0x6 /tmp/ccfRjgwc.o
                0x080010ac                _close
 .text._isatty  0x080010b2        0x4 /tmp/ccfRjgwc.o
                0x080010b2                _isatty
 .text._lseek   0x080010b6        0x4 /tmp/ccfRjgwc.o
                0x080010b6                _lseek
 .text._read    0x080010ba        0x6 /tmp/ccfRjgwc.o
                0x080010ba                _read
 .text._write   0x080010c0       0x34 /tmp/ccfRjgwc.o
                0x080010c0                _write
 .text.delay_ms
                0x080010f4       0x14 /tmp/ccFrwKUQ.o
 .text.gpio_set_mode
                0x08001108       0x34 /tmp/ccFrwKUQ.o
 .text.gpio_set_af
                0x0800113c       0x2e /tmp/ccFrwKUQ.o
 *fill*         0x0800116a        0x2 
 .text.uart_init.constprop.0
                0x0800116c       0xd0 /tmp/ccFrwKUQ.o
 .text.STM32_init_clock
                0x0800123c       0x78 /tmp/ccFrwKUQ.o
                0x0800123c                STM32_init_clock
 .text.init_delay_timer
                0x080012b4       0x2c /tmp/ccFrwKUQ.o
                0x080012b4                init_delay_timer
 .text.STM32_init_internals
                0x080012e0      0x100 /tmp/ccFrwKUQ.o
                0x080012e0                STM32_init_internals
 .text.STM32_init
                0x080013e0       0x58 /tmp/ccFrwKUQ.o
                0x080013e0                STM32_init
 .text.STM32_beep_buzzer
                0x08001438       0x3c /tmp/ccFrwKUQ.o
                0x08001438                STM32_beep_buzzer
 .text.STM32_indicate_on
                0x08001474       0x3c /tmp/ccFrwKUQ.o
                0x08001474                STM32_indicate_on
 .text.spi_enable_cs.part.0
                0x080014b0        0xe /tmp/ccLKUO9e.o
 .text.spi_disable_cs.part.0
                0x080014be        0xe /tmp/ccLKUO9e.o
 .text.spi_transmit
                0x080014cc       0x18 /tmp/ccLKUO9e.o
 .text.spi_transmit_receive.constprop.0.isra.0
                0x080014e4       0x5a /tmp/ccLKUO9e.o
 *fill*         0x0800153e        0x2 
 .text.MS5611_read_PROM
                0x08001540       0x58 /tmp/ccLKUO9e.o
                0x08001540                MS5611_read_PROM
 .text.MS5611_init
                0x08001598       0x40 /tmp/ccLKUO9e.o
                0x08001598                MS5611_init
 .text.MS5611_get_data
                0x080015d8      0x1a0 /tmp/ccLKUO9e.o
                0x080015d8                MS5611_get_data
 .text.spi_enable_cs.part.0
                0x08001778        0xe /tmp/ccqypRKp.o
 .text.spi_disable_cs.part.0
                0x08001786        0xe /tmp/ccqypRKp.o
 .text.delay_ms.constprop.0
                0x08001794       0x10 /tmp/ccqypRKp.o
 .text.spi_transmit
                0x080017a4       0x18 /tmp/ccqypRKp.o
 .text.spi_transmit_receive.constprop.0.isra.0
                0x080017bc       0x32 /tmp/ccqypRKp.o
 *fill*         0x080017ee        0x2 
 .text.ADXL375_reg_write
                0x080017f0       0x3c /tmp/ccqypRKp.o
                0x080017f0                ADXL375_reg_write
 .text.ADXL375_init
                0x0800182c       0x90 /tmp/ccqypRKp.o
                0x0800182c                ADXL375_init
 .text.ADXL375_reg_read
                0x080018bc       0x48 /tmp/ccqypRKp.o
                0x080018bc                ADXL375_reg_read
 .text.ADXL375_get_data
                0x08001904       0xb4 /tmp/ccqypRKp.o
                0x08001904                ADXL375_get_data
 .text.cmpfunc  0x080019b8        0x8 /tmp/ccmsMVqw.o
                0x080019b8                cmpfunc
 .text.init_buffer
                0x080019c0       0x14 /tmp/ccmsMVqw.o
                0x080019c0                init_buffer
 .text.get_median
                0x080019d4       0x30 /tmp/ccmsMVqw.o
                0x080019d4                get_median
 .text.set_ground_reference
                0x08001a04       0x2e /tmp/ccmsMVqw.o
                0x08001a04                set_ground_reference
 .text.update_buffer
                0x08001a32       0x5e /tmp/ccmsMVqw.o
                0x08001a32                update_buffer
 .text.is_stationary
                0x08001a90       0x1c /tmp/ccmsMVqw.o
                0x08001a90                is_stationary
 .text.delay_ms
                0x08001aac       0x14 /tmp/ccWWnuZr.o
 .text.spi_enable_cs.part.0
                0x08001ac0        0xe /tmp/ccWWnuZr.o
 .text.spi_disable_cs.part.0
                0x08001ace        0xe /tmp/ccWWnuZr.o
 .text.spi_ready_write.isra.0
                0x08001adc        0x8 /tmp/ccWWnuZr.o
 .text.spi_transmit_receive.isra.0
                0x08001ae4       0x4e /tmp/ccWWnuZr.o
 *fill*         0x08001b32        0x2 
 .text.lsm6ds6WriteRegister
                0x08001b34       0x60 /tmp/ccWWnuZr.o
 .text.lsm6ds6WriteRegisterBits
                0x08001b94       0x7c /tmp/ccWWnuZr.o
 .text.lsm6ds6Config
                0x08001c10       0x6e /tmp/ccWWnuZr.o
                0x08001c10                lsm6ds6Config
 *fill*         0x08001c7e        0x2 
 .text.lsm6ds6GyroRead
                0x08001c80       0xb8 /tmp/ccWWnuZr.o
                0x08001c80                lsm6ds6GyroRead
 .text.lsm6ds6GyroOffsets
                0x08001d38       0x7a /tmp/ccWWnuZr.o
                0x08001d38                lsm6ds6GyroOffsets
 *fill*         0x08001db2        0x2 
 .text.lsm6ds6_init
                0x08001db4       0x80 /tmp/ccWWnuZr.o
                0x08001db4                lsm6ds6_init
 .text.LSM6DS3_angle_overflow
                0x08001e34       0x28 /tmp/ccWWnuZr.o
                0x08001e34                LSM6DS3_angle_overflow
 .text.lsm6ds6GyroReadAngle
                0x08001e5c       0xac /tmp/ccWWnuZr.o
                0x08001e5c                lsm6ds6GyroReadAngle
 .text.printf   0x08001f08       0x24 /opt/arm-none-eabi/bin/../lib/gcc/arm-none-eabi/13.2.1/../../../../arm-none-eabi/lib/thumb/v7e-m+fp/hard/libc_nano.a(libc_a-printf.o)
                0x08001f08                printf
                0x08001f08                iprintf
 .text.__sfputc_r
                0x08001f2c       0x2e /opt/arm-none-eabi/bin/../lib/gcc/arm-none-eabi/13.2.1/../../../../arm-none-eabi/lib/thumb/v7e-m+fp/hard/libc_nano.a(libc_a-nano-vfprintf.o)
 .text.__sfputs_r
                0x08001f5a       0x24 /opt/arm-none-eabi/bin/../lib/gcc/arm-none-eabi/13.2.1/../../../../arm-none-eabi/lib/thumb/v7e-m+fp/hard/libc_nano.a(libc_a-nano-vfprintf.o)
                0x08001f5a                __sfputs_r
 *fill*         0x08001f7e        0x2 
 .text._vfprintf_r
                0x08001f80      0x230 /opt/arm-none-eabi/bin/../lib/gcc/arm-none-eabi/13.2.1/../../../../arm-none-eabi/lib/thumb/v7e-m+fp/hard/libc_nano.a(libc_a-nano-vfprintf.o)
                0x08001f80                _vfiprintf_r
                0x08001f80                _vfprintf_r
 .text.__swbuf_r
                0x080021b0       0x7c /opt/arm-none-eabi/bin/../lib/gcc/arm-none-eabi/13.2.1/../../../../arm-none-eabi/lib/thumb/v7e-m+fp/hard/libc_nano.a(libc_a-wbuf.o)
                0x080021b0                __swbuf_r
 .text.__swsetup_r
                0x0800222c       0xac /opt/arm-none-eabi/bin/../lib/gcc/arm-none-eabi/13.2.1/../../../../arm-none-eabi/lib/thumb/v7e-m+fp/hard/libc_nano.a(libc_a-wsetup.o)
                0x0800222c                __swsetup_r
 .text._printf_common
                0x080022d8       0xda /opt/arm-none-eabi/bin/../lib/gcc/arm-none-eabi/13.2.1/../../../../arm-none-eabi/lib/thumb/v7e-m+fp/hard/libc_nano.a(libc_a-nano-vfprintf_i.o)
                0x080022d8                _printf_common
 *fill*         0x080023b2        0x2 
 .text._printf_i
                0x080023b4      0x23c /opt/arm-none-eabi/bin/../lib/gcc/arm-none-eabi/13.2.1/../../../../arm-none-eabi/lib/thumb/v7e-m+fp/hard/libc_nano.a(libc_a-nano-vfprintf_i.o)
                0x080023b4                _printf_i
 .text._puts_r  0x080025f0       0xaa /opt/arm-none-eabi/bin/../lib/gcc/arm-none-eabi/13.2.1/../../../../arm-none-eabi/lib/thumb/v7e-m+fp/hard/libc_nano.a(libc_a-puts.o)
                0x080025f0                _puts_r
 *fill*         0x0800269a        0x2 
 .text.puts     0x0800269c       0x10 /opt/arm-none-eabi/bin/../lib/gcc/arm-none-eabi/13.2.1/../../../../arm-none-eabi/lib/thumb/v7e-m+fp/hard/libc_nano.a(libc_a-puts.o)
                0x0800269c                puts
 .text.__sflush_r
                0x080026ac      0x108 /opt/arm-none-eabi/bin/../lib/gcc/arm-none-eabi/13.2.1/../../../../arm-none-eabi/lib/thumb/v7e-m+fp/hard/libc_nano.a(libc_a-fflush.o)
                0x080026ac                __sflush_r
 .text._fflush_r
                0x080027b4       0x50 /opt/arm-none-eabi/bin/../lib/gcc/arm-none-eabi/13.2.1/../../../../arm-none-eabi/lib/thumb/v7e-m+fp/hard/libc_nano.a(libc_a-fflush.o)
                0x080027b4                _fflush_r
 *fill*         0x08002804        0xc 
 .text          0x08002810       0xa0 /opt/arm-none-eabi/bin/../lib/gcc/arm-none-eabi/13.2.1/../../../../arm-none-eabi/lib/thumb/v7e-m+fp/hard/libc_nano.a(libc_a-memchr.o)
                0x08002810                memchr
 .text.memcpy   0x080028b0       0x1c /opt/arm-none-eabi/bin/../lib/gcc/arm-none-eabi/13.2.1/../../../../arm-none-eabi/lib/thumb/v7e-m+fp/hard/libc_nano.a(libc_a-memcpy-stub.o)
                0x080028b0                memcpy
 .text.std      0x080028cc       0x6c /opt/arm-none-eabi/bin/../lib/gcc/arm-none-eabi/13.2.1/../../../../arm-none-eabi/lib/thumb/v7e-m+fp/hard/libc_nano.a(libc_a-findfp.o)
 .text.stdio_exit_handler
                0x08002938       0x18 /opt/arm-none-eabi/bin/../lib/gcc/arm-none-eabi/13.2.1/../../../../arm-none-eabi/lib/thumb/v7e-m+fp/hard/libc_nano.a(libc_a-findfp.o)
 .text.cleanup_stdio
                0x08002950       0x40 /opt/arm-none-eabi/bin/../lib/gcc/arm-none-eabi/13.2.1/../../../../arm-none-eabi/lib/thumb/v7e-m+fp/hard/libc_nano.a(libc_a-findfp.o)
 .text.global_stdio_init.part.0
                0x08002990       0x3c /opt/arm-none-eabi/bin/../lib/gcc/arm-none-eabi/13.2.1/../../../../arm-none-eabi/lib/thumb/v7e-m+fp/hard/libc_nano.a(libc_a-findfp.o)
 .text.__sfp_lock_acquire
                0x080029cc        0xc /opt/arm-none-eabi/bin/../lib/gcc/arm-none-eabi/13.2.1/../../../../arm-none-eabi/lib/thumb/v7e-m+fp/hard/libc_nano.a(libc_a-findfp.o)
                0x080029cc                __sfp_lock_acquire
 .text.__sfp_lock_release
                0x080029d8        0xc /opt/arm-none-eabi/bin/../lib/gcc/arm-none-eabi/13.2.1/../../../../arm-none-eabi/lib/thumb/v7e-m+fp/hard/libc_nano.a(libc_a-findfp.o)
                0x080029d8                __sfp_lock_release
 .text.__sinit  0x080029e4       0x30 /opt/arm-none-eabi/bin/../lib/gcc/arm-none-eabi/13.2.1/../../../../arm-none-eabi/lib/thumb/v7e-m+fp/hard/libc_nano.a(libc_a-findfp.o)
                0x080029e4                __sinit
 .text.__sread  0x08002a14       0x22 /opt/arm-none-eabi/bin/../lib/gcc/arm-none-eabi/13.2.1/../../../../arm-none-eabi/lib/thumb/v7e-m+fp/hard/libc_nano.a(libc_a-stdio.o)
                0x08002a14                __sread
 .text.__swrite
                0x08002a36       0x38 /opt/arm-none-eabi/bin/../lib/gcc/arm-none-eabi/13.2.1/../../../../arm-none-eabi/lib/thumb/v7e-m+fp/hard/libc_nano.a(libc_a-stdio.o)
                0x08002a36                __swrite
 .text.__sseek  0x08002a6e       0x24 /opt/arm-none-eabi/bin/../lib/gcc/arm-none-eabi/13.2.1/../../../../arm-none-eabi/lib/thumb/v7e-m+fp/hard/libc_nano.a(libc_a-stdio.o)
                0x08002a6e                __sseek
 .text.__sclose
                0x08002a92        0x8 /opt/arm-none-eabi/bin/../lib/gcc/arm-none-eabi/13.2.1/../../../../arm-none-eabi/lib/thumb/v7e-m+fp/hard/libc_nano.a(libc_a-stdio.o)
                0x08002a92                __sclose
 *fill*         0x08002a9a        0x2 
 .text._read_r  0x08002a9c       0x24 /opt/arm-none-eabi/bin/../lib/gcc/arm-none-eabi/13.2.1/../../../../arm-none-eabi/lib/thumb/v7e-m+fp/hard/libc_nano.a(libc_a-readr.o)
                0x08002a9c                _read_r
 .text.swapfunc
                0x08002ac0       0x32 /opt/arm-none-eabi/bin/../lib/gcc/arm-none-eabi/13.2.1/../../../../arm-none-eabi/lib/thumb/v7e-m+fp/hard/libc_nano.a(libc_a-qsort.o)
 .text.med3.constprop.0
                0x08002af2       0x40 /opt/arm-none-eabi/bin/../lib/gcc/arm-none-eabi/13.2.1/../../../../arm-none-eabi/lib/thumb/v7e-m+fp/hard/libc_nano.a(libc_a-qsort.o)
 .text.qsort    0x08002b32      0x28e /opt/arm-none-eabi/bin/../lib/gcc/arm-none-eabi/13.2.1/../../../../arm-none-eabi/lib/thumb/v7e-m+fp/hard/libc_nano.a(libc_a-qsort.o)
                0x08002b32                qsort
 .text._write_r
                0x08002dc0       0x24 /opt/arm-none-eabi/bin/../lib/gcc/arm-none-eabi/13.2.1/../../../../arm-none-eabi/lib/thumb/v7e-m+fp/hard/libc_nano.a(libc_a-writer.o)
                0x08002dc0                _write_r
 .text._fwalk_sglue
                0x08002de4       0x3c /opt/arm-none-eabi/bin/../lib/gcc/arm-none-eabi/13.2.1/../../../../arm-none-eabi/lib/thumb/v7e-m+fp/hard/libc_nano.a(libc_a-fwalk.o)
                0x08002de4                _fwalk_sglue
 .text.memset   0x08002e20       0x10 /opt/arm-none-eabi/bin/../lib/gcc/arm-none-eabi/13.2.1/../../../../arm-none-eabi/lib/thumb/v7e-m+fp/hard/libc_nano.a(libc_a-memset.o)
                0x08002e20                memset
 .text._free_r  0x08002e30       0x94 /opt/arm-none-eabi/bin/../lib/gcc/arm-none-eabi/13.2.1/../../../../arm-none-eabi/lib/thumb/v7e-m+fp/hard/libc_nano.a(libc_a-freer.o)
                0x08002e30                _free_r
 .text.__retarget_lock_init_recursive
                0x08002ec4        0x2 /opt/arm-none-eabi/bin/../lib/gcc/arm-none-eabi/13.2.1/../../../../arm-none-eabi/lib/thumb/v7e-m+fp/hard/libc_nano.a(libc_a-lock.o)
                0x08002ec4                __retarget_lock_init_recursive
 .text.__retarget_lock_acquire_recursive
                0x08002ec6        0x2 /opt/arm-none-eabi/bin/../lib/gcc/arm-none-eabi/13.2.1/../../../../arm-none-eabi/lib/thumb/v7e-m+fp/hard/libc_nano.a(libc_a-lock.o)
                0x08002ec6                __retarget_lock_acquire_recursive
 .text.__retarget_lock_release_recursive
                0x08002ec8        0x2 /opt/arm-none-eabi/bin/../lib/gcc/arm-none-eabi/13.2.1/../../../../arm-none-eabi/lib/thumb/v7e-m+fp/hard/libc_nano.a(libc_a-lock.o)
                0x08002ec8                __retarget_lock_release_recursive
 .text.__swhatbuf_r
                0x08002eca       0x4c /opt/arm-none-eabi/bin/../lib/gcc/arm-none-eabi/13.2.1/../../../../arm-none-eabi/lib/thumb/v7e-m+fp/hard/libc_nano.a(libc_a-makebuf.o)
                0x08002eca                __swhatbuf_r
 .text.__smakebuf_r
                0x08002f16       0x78 /opt/arm-none-eabi/bin/../lib/gcc/arm-none-eabi/13.2.1/../../../../arm-none-eabi/lib/thumb/v7e-m+fp/hard/libc_nano.a(libc_a-makebuf.o)
                0x08002f16                __smakebuf_r
 *fill*         0x08002f8e        0x2 
 .text._close_r
                0x08002f90       0x20 /opt/arm-none-eabi/bin/../lib/gcc/arm-none-eabi/13.2.1/../../../../arm-none-eabi/lib/thumb/v7e-m+fp/hard/libc_nano.a(libc_a-closer.o)
                0x08002f90                _close_r
 .text.sbrk_aligned
                0x08002fb0       0x44 /opt/arm-none-eabi/bin/../lib/gcc/arm-none-eabi/13.2.1/../../../../arm-none-eabi/lib/thumb/v7e-m+fp/hard/libc_nano.a(libc_a-mallocr.o)
 .text._malloc_r
                0x08002ff4      0x100 /opt/arm-none-eabi/bin/../lib/gcc/arm-none-eabi/13.2.1/../../../../arm-none-eabi/lib/thumb/v7e-m+fp/hard/libc_nano.a(libc_a-mallocr.o)
                0x08002ff4                _malloc_r
 .text._fstat_r
                0x080030f4       0x24 /opt/arm-none-eabi/bin/../lib/gcc/arm-none-eabi/13.2.1/../../../../arm-none-eabi/lib/thumb/v7e-m+fp/hard/libc_nano.a(libc_a-fstatr.o)
                0x080030f4                _fstat_r
 .text._isatty_r
                0x08003118       0x20 /opt/arm-none-eabi/bin/../lib/gcc/arm-none-eabi/13.2.1/../../../../arm-none-eabi/lib/thumb/v7e-m+fp/hard/libc_nano.a(libc_a-isattyr.o)
                0x08003118                _isatty_r
 .text._lseek_r
                0x08003138       0x24 /opt/arm-none-eabi/bin/../lib/gcc/arm-none-eabi/13.2.1/../../../../arm-none-eabi/lib/thumb/v7e-m+fp/hard/libc_nano.a(libc_a-lseekr.o)
                0x08003138                _lseek_r
 .text.__malloc_lock
                0x0800315c        0xc /opt/arm-none-eabi/bin/../lib/gcc/arm-none-eabi/13.2.1/../../../../arm-none-eabi/lib/thumb/v7e-m+fp/hard/libc_nano.a(libc_a-mlock.o)
                0x0800315c                __malloc_lock
 .text.__malloc_unlock
                0x08003168        0xc /opt/arm-none-eabi/bin/../lib/gcc/arm-none-eabi/13.2.1/../../../../arm-none-eabi/lib/thumb/v7e-m+fp/hard/libc_nano.a(libc_a-mlock.o)
                0x08003168                __malloc_unlock
 .text._sbrk_r  0x08003174       0x20 /opt/arm-none-eabi/bin/../lib/gcc/arm-none-eabi/13.2.1/../../../../arm-none-eabi/lib/thumb/v7e-m+fp/hard/libc_nano.a(libc_a-sbrkr.o)
                0x08003174                _sbrk_r
 .text          0x08003194      0x378 /opt/arm-none-eabi/bin/../lib/gcc/arm-none-eabi/13.2.1/thumb/v7e-m+fp/hard/libgcc.a(_arm_addsubdf3.o)
                0x08003194                __aeabi_drsub
                0x0800319c                __aeabi_dsub
                0x0800319c                __subdf3
                0x080031a0                __adddf3
                0x080031a0                __aeabi_dadd
                0x08003418                __aeabi_ui2d
                0x08003418                __floatunsidf
                0x08003438                __floatsidf
                0x08003438                __aeabi_i2d
                0x0800345c                __extendsfdf2
                0x0800345c                __aeabi_f2d
                0x080034a0                __aeabi_ul2d
                0x080034a0                __floatundidf
                0x080034b0                __floatdidf
                0x080034b0                __aeabi_l2d
 .text          0x0800350c      0x424 /opt/arm-none-eabi/bin/../lib/gcc/arm-none-eabi/13.2.1/thumb/v7e-m+fp/hard/libgcc.a(_arm_muldivdf3.o)
                0x0800350c                __aeabi_dmul
                0x0800350c                __muldf3
                0x08003760                __aeabi_ddiv
                0x08003760                __divdf3
 .text          0x08003930      0x110 /opt/arm-none-eabi/bin/../lib/gcc/arm-none-eabi/13.2.1/thumb/v7e-m+fp/hard/libgcc.a(_arm_cmpdf2.o)
                0x08003930                __gtdf2
                0x08003930                __gedf2
                0x08003938                __ltdf2
                0x08003938                __ledf2
                0x08003940                __cmpdf2
                0x08003940                __eqdf2
                0x08003940                __nedf2
                0x080039bc                __aeabi_cdrcmple
                0x080039cc                __aeabi_cdcmple
                0x080039cc                __aeabi_cdcmpeq
                0x080039dc                __aeabi_dcmpeq
                0x080039f0                __aeabi_dcmplt
                0x08003a04                __aeabi_dcmple
                0x08003a18                __aeabi_dcmpge
                0x08003a2c                __aeabi_dcmpgt
 .text          0x08003a40       0x50 /opt/arm-none-eabi/bin/../lib/gcc/arm-none-eabi/13.2.1/thumb/v7e-m+fp/hard/libgcc.a(_arm_fixdfsi.o)
                0x08003a40                __fixdfsi
                0x08003a40                __aeabi_d2iz
 .text.__fixdfdi
                0x08003a90       0x30 /opt/arm-none-eabi/bin/../lib/gcc/arm-none-eabi/13.2.1/thumb/v7e-m+fp/hard/libgcc.a(_fixdfdi.o)
                0x08003a90                __aeabi_d2lz
                0x08003a90                __fixdfdi
 .text.__fixunsdfdi
                0x08003ac0       0x3c /opt/arm-none-eabi/bin/../lib/gcc/arm-none-eabi/13.2.1/thumb/v7e-m+fp/hard/libgcc.a(_fixunsdfdi.o)
                0x08003ac0                __aeabi_d2ulz
                0x08003ac0                __fixunsdfdi
 .text          0x08003afc       0x40 /opt/arm-none-eabi/bin/../lib/gcc/arm-none-eabi/13.2.1/thumb/v7e-m+fp/hard/libgcc.a(_arm_fixunsdfsi.o)
                0x08003afc                __fixunsdfsi
                0x08003afc                __aeabi_d2uiz

.glue_7         0x08003b3c        0x0
 .glue_7        0x08003b3c        0x0 linker stubs

.glue_7t        0x08003b3c        0x0
 .glue_7t       0x08003b3c        0x0 linker stubs

.vfp11_veneer   0x08003b3c        0x0
 .vfp11_veneer  0x08003b3c        0x0 linker stubs

.v4_bx          0x08003b3c        0x0
 .v4_bx         0x08003b3c        0x0 linker stubs

.iplt           0x08003b3c        0x0
 .iplt          0x08003b3c        0x0 /tmp/ccVlVARj.o

.rodata         0x08003b3c      0x1c1
 *(.rodata*)
 .rodata.wait_for_ready_flag.str1.1
                0x08003b3c      0x1c1 /tmp/ccVlVARj.o
                                 0x1b (size before relaxing)
 .rodata.read_flash_ID.str1.1
                0x08003cfd        0xf /tmp/ccVlVARj.o
 .rodata.log_frame.isra.0.str1.1
                0x08003cfd       0x10 /tmp/ccVlVARj.o
 .rodata.update_sensors.str1.1
                0x08003cfd       0x3f /tmp/ccVlVARj.o
 .rodata.main.str1.1
                0x08003cfd       0xfe /tmp/ccVlVARj.o
 .rodata.ADXL375_init.str1.1
                0x08003cfd       0x1e /tmp/ccqypRKp.o
 .rodata._vfprintf_r.str1.1
                0x08003cfd       0x11 /opt/arm-none-eabi/bin/../lib/gcc/arm-none-eabi/13.2.1/../../../../arm-none-eabi/lib/thumb/v7e-m+fp/hard/libc_nano.a(libc_a-nano-vfprintf.o)
 .rodata._printf_i.str1.1
                0x08003cfd       0x22 /opt/arm-none-eabi/bin/../lib/gcc/arm-none-eabi/13.2.1/../../../../arm-none-eabi/lib/thumb/v7e-m+fp/hard/libc_nano.a(libc_a-nano-vfprintf_i.o)

.ARM.exidx      0x08003d00        0x8
 .ARM.exidx     0x08003d00        0x8 /opt/arm-none-eabi/bin/../lib/gcc/arm-none-eabi/13.2.1/../../../../arm-none-eabi/lib/thumb/v7e-m+fp/hard/libc_nano.a(libc_a-memchr.o)

.rel.dyn        0x08003d08        0x0
 .rel.iplt      0x08003d08        0x0 /tmp/ccVlVARj.o

.data           0x20000000       0x81 load address 0x08003d08
                0x20000000                        _sdata = .
 *(.first_data)
 *(.data SORT_BY_NAME(.data.*))
 .data.ALE      0x20000000        0x2 /tmp/ccVlVARj.o
                0x20000000                ALE
 .data.CE       0x20000002        0x2 /tmp/ccVlVARj.o
                0x20000002                CE
 .data.CLE      0x20000004        0x2 /tmp/ccVlVARj.o
                0x20000004                CLE
 *fill*         0x20000006        0x2 
 .data.FREQ     0x20000008        0x4 /tmp/ccFrwKUQ.o
                0x20000008                FREQ
 .data.RB       0x2000000c        0x2 /tmp/ccVlVARj.o
                0x2000000c                RB
 .data.RE       0x2000000e        0x2 /tmp/ccVlVARj.o
                0x2000000e                RE
 .data.WE       0x20000010        0x2 /tmp/ccVlVARj.o
                0x20000010                WE
 .data.WP       0x20000012        0x2 /tmp/ccVlVARj.o
                0x20000012                WP
 .data.__sglue  0x20000014        0xc /opt/arm-none-eabi/bin/../lib/gcc/arm-none-eabi/13.2.1/../../../../arm-none-eabi/lib/thumb/v7e-m+fp/hard/libc_nano.a(libc_a-findfp.o)
                0x20000014                __sglue
 .data._impure_data
                0x20000020       0x4c /opt/arm-none-eabi/bin/../lib/gcc/arm-none-eabi/13.2.1/../../../../arm-none-eabi/lib/thumb/v7e-m+fp/hard/libc_nano.a(libc_a-impure.o)
                0x20000020                _impure_data
 .data._impure_ptr
                0x2000006c        0x4 /opt/arm-none-eabi/bin/../lib/gcc/arm-none-eabi/13.2.1/../../../../arm-none-eabi/lib/thumb/v7e-m+fp/hard/libc_nano.a(libc_a-impure.o)
                0x2000006c                _impure_ptr
 .data.data0    0x20000070        0x2 /tmp/ccVlVARj.o
                0x20000070                data0
 .data.data1    0x20000072        0x2 /tmp/ccVlVARj.o
                0x20000072                data1
 .data.data2    0x20000074        0x2 /tmp/ccVlVARj.o
                0x20000074                data2
 .data.data3    0x20000076        0x2 /tmp/ccVlVARj.o
                0x20000076                data3
 .data.data4    0x20000078        0x2 /tmp/ccVlVARj.o
                0x20000078                data4
 .data.data5    0x2000007a        0x2 /tmp/ccVlVARj.o
                0x2000007a                data5
 .data.data6    0x2000007c        0x2 /tmp/ccVlVARj.o
                0x2000007c                data6
 .data.data7    0x2000007e        0x2 /tmp/ccVlVARj.o
                0x2000007e                data7
 .data.globalPinMode
                0x20000080        0x1 /tmp/ccVlVARj.o
                0x20000080                globalPinMode
                0x20000081                        _edata = .
                0x08003d08                        _sidata = LOADADDR (.data)

.igot.plt       0x20000084        0x0 load address 0x08003d89
 .igot.plt      0x20000084        0x0 /tmp/ccVlVARj.o

.bss            0x20000084      0x174 load address 0x08003d89
                0x20000084                        _sbss = .
 *(.bss SORT_BY_NAME(.bss.*) COMMON)
 .bss.ADXL375_SPI
                0x20000084        0x4 /tmp/ccqypRKp.o
                0x20000084                ADXL375_SPI
 .bss.MS5611_SPI
                0x20000088        0x4 /tmp/ccLKUO9e.o
                0x20000088                MS5611_SPI
 .bss.__lock___malloc_recursive_mutex
                0x2000008c        0x1 /opt/arm-none-eabi/bin/../lib/gcc/arm-none-eabi/13.2.1/../../../../arm-none-eabi/lib/thumb/v7e-m+fp/hard/libc_nano.a(libc_a-lock.o)
                0x2000008c                __lock___malloc_recursive_mutex
 .bss.__lock___sfp_recursive_mutex
                0x2000008d        0x1 /opt/arm-none-eabi/bin/../lib/gcc/arm-none-eabi/13.2.1/../../../../arm-none-eabi/lib/thumb/v7e-m+fp/hard/libc_nano.a(libc_a-lock.o)
                0x2000008d                __lock___sfp_recursive_mutex
 *fill*         0x2000008e        0x2 
 .bss.__malloc_free_list
                0x20000090        0x4 /opt/arm-none-eabi/bin/../lib/gcc/arm-none-eabi/13.2.1/../../../../arm-none-eabi/lib/thumb/v7e-m+fp/hard/libc_nano.a(libc_a-mallocr.o)
                0x20000090                __malloc_free_list
 .bss.__malloc_sbrk_start
                0x20000094        0x4 /opt/arm-none-eabi/bin/../lib/gcc/arm-none-eabi/13.2.1/../../../../arm-none-eabi/lib/thumb/v7e-m+fp/hard/libc_nano.a(libc_a-mallocr.o)
                0x20000094                __malloc_sbrk_start
 .bss.__sf      0x20000098      0x138 /opt/arm-none-eabi/bin/../lib/gcc/arm-none-eabi/13.2.1/../../../../arm-none-eabi/lib/thumb/v7e-m+fp/hard/libc_nano.a(libc_a-findfp.o)
                0x20000098                __sf
 .bss.__stdio_exit_handler
                0x200001d0        0x4 /opt/arm-none-eabi/bin/../lib/gcc/arm-none-eabi/13.2.1/../../../../arm-none-eabi/lib/thumb/v7e-m+fp/hard/libc_nano.a(libc_a-findfp.o)
                0x200001d0                __stdio_exit_handler
 .bss.errno     0x200001d4        0x4 /opt/arm-none-eabi/bin/../lib/gcc/arm-none-eabi/13.2.1/../../../../arm-none-eabi/lib/thumb/v7e-m+fp/hard/libc_nano.a(libc_a-reent.o)
                0x200001d4                errno
 .bss.flightStage
                0x200001d8        0x1 /tmp/ccVlVARj.o
                0x200001d8                flightStage
 *fill*         0x200001d9        0x3 
 .bss.frameAddressPointer
                0x200001dc        0x4 /tmp/ccVlVARj.o
                0x200001dc                frameAddressPointer
 .bss.heap.0    0x200001e0        0x4 /tmp/ccfRjgwc.o
 .bss.ms5611_prom_data
                0x200001e4       0x10 /tmp/ccLKUO9e.o
                0x200001e4                ms5611_prom_data
 .bss.s_ticks   0x200001f4        0x4 /tmp/ccVlVARj.o
                0x200001f4                s_ticks
                0x200001f8                        _ebss = .
                0x200001f8                        . = ALIGN (0x8)
                0x200001f8                        _end = .
OUTPUT(firmware.elf elf32-littlearm)
LOAD linker stubs

.debug_info     0x00000000     0x884c
 .debug_info    0x00000000     0x3549 /tmp/ccVlVARj.o
 .debug_info    0x00003549      0x139 /tmp/ccnKy06Q.o
 .debug_info    0x00003682      0x7f9 /tmp/ccfRjgwc.o
 .debug_info    0x00003e7b     0x1209 /tmp/ccFrwKUQ.o
 .debug_info    0x00005084      0xea9 /tmp/ccLKUO9e.o
 .debug_info    0x00005f2d      0xe00 /tmp/ccqypRKp.o
 .debug_info    0x00006d2d      0x620 /tmp/ccmsMVqw.o
 .debug_info    0x0000734d     0x14ff /tmp/ccWWnuZr.o

.debug_abbrev   0x00000000     0x1c36
 .debug_abbrev  0x00000000      0x6e3 /tmp/ccVlVARj.o
 .debug_abbrev  0x000006e3       0xe8 /tmp/ccnKy06Q.o
 .debug_abbrev  0x000007cb      0x2e7 /tmp/ccfRjgwc.o
 .debug_abbrev  0x00000ab2      0x34b /tmp/ccFrwKUQ.o
 .debug_abbrev  0x00000dfd      0x3fc /tmp/ccLKUO9e.o
 .debug_abbrev  0x000011f9      0x424 /tmp/ccqypRKp.o
 .debug_abbrev  0x0000161d      0x1e6 /tmp/ccmsMVqw.o
 .debug_abbrev  0x00001803      0x433 /tmp/ccWWnuZr.o

.debug_loclists
                0x00000000     0x3b5f
 .debug_loclists
                0x00000000     0x2181 /tmp/ccVlVARj.o
 .debug_loclists
                0x00002181      0x225 /tmp/ccfRjgwc.o
 .debug_loclists
                0x000023a6      0x537 /tmp/ccFrwKUQ.o
 .debug_loclists
                0x000028dd      0x4c4 /tmp/ccLKUO9e.o
 .debug_loclists
                0x00002da1      0x4a3 /tmp/ccqypRKp.o
 .debug_loclists
                0x00003244      0x148 /tmp/ccmsMVqw.o
 .debug_loclists
                0x0000338c      0x7d3 /tmp/ccWWnuZr.o

.debug_aranges  0x00000000      0x370
 .debug_aranges
                0x00000000       0xc8 /tmp/ccVlVARj.o
 .debug_aranges
                0x000000c8       0x20 /tmp/ccnKy06Q.o
 .debug_aranges
                0x000000e8       0x90 /tmp/ccfRjgwc.o
 .debug_aranges
                0x00000178       0x78 /tmp/ccFrwKUQ.o
 .debug_aranges
                0x000001f0       0x50 /tmp/ccLKUO9e.o
 .debug_aranges
                0x00000240       0x60 /tmp/ccqypRKp.o
 .debug_aranges
                0x000002a0       0x48 /tmp/ccmsMVqw.o
 .debug_aranges
                0x000002e8       0x88 /tmp/ccWWnuZr.o

.debug_rnglists
                0x00000000      0x6fa
 .debug_rnglists
                0x00000000      0x302 /tmp/ccVlVARj.o
 .debug_rnglists
                0x00000302       0x13 /tmp/ccnKy06Q.o
 .debug_rnglists
                0x00000315       0x7f /tmp/ccfRjgwc.o
 .debug_rnglists
                0x00000394       0xc7 /tmp/ccFrwKUQ.o
 .debug_rnglists
                0x0000045b       0x89 /tmp/ccLKUO9e.o
 .debug_rnglists
                0x000004e4       0xba /tmp/ccqypRKp.o
 .debug_rnglists
                0x0000059e       0x55 /tmp/ccmsMVqw.o
 .debug_rnglists
                0x000005f3      0x107 /tmp/ccWWnuZr.o

.debug_macro    0x00000000    0x22061
 .debug_macro   0x00000000      0x30c /tmp/ccVlVARj.o
 .debug_macro   0x0000030c      0xacc /tmp/ccVlVARj.o
 .debug_macro   0x00000dd8       0x22 /tmp/ccVlVARj.o
 .debug_macro   0x00000dfa       0x5b /tmp/ccVlVARj.o
 .debug_macro   0x00000e55       0x2a /tmp/ccVlVARj.o
 .debug_macro   0x00000e7f       0x94 /tmp/ccVlVARj.o
 .debug_macro   0x00000f13       0x43 /tmp/ccVlVARj.o
 .debug_macro   0x00000f56       0x34 /tmp/ccVlVARj.o
 .debug_macro   0x00000f8a       0x16 /tmp/ccVlVARj.o
 .debug_macro   0x00000fa0       0x57 /tmp/ccVlVARj.o
 .debug_macro   0x00000ff7       0x9e /tmp/ccVlVARj.o
 .debug_macro   0x00001095      0x370 /tmp/ccVlVARj.o
 .debug_macro   0x00001405      0x112 /tmp/ccVlVARj.o
 .debug_macro   0x00001517       0x10 /tmp/ccVlVARj.o
 .debug_macro   0x00001527       0x16 /tmp/ccVlVARj.o
 .debug_macro   0x0000153d       0x4a /tmp/ccVlVARj.o
 .debug_macro   0x00001587       0x34 /tmp/ccVlVARj.o
 .debug_macro   0x000015bb       0x10 /tmp/ccVlVARj.o
 .debug_macro   0x000015cb       0x58 /tmp/ccVlVARj.o
 .debug_macro   0x00001623       0x8e /tmp/ccVlVARj.o
 .debug_macro   0x000016b1       0x1c /tmp/ccVlVARj.o
 .debug_macro   0x000016cd      0x177 /tmp/ccVlVARj.o
 .debug_macro   0x00001844       0x16 /tmp/ccVlVARj.o
 .debug_macro   0x0000185a       0x16 /tmp/ccVlVARj.o
 .debug_macro   0x00001870      0x146 /tmp/ccVlVARj.o
 .debug_macro   0x000019b6      0x103 /tmp/ccVlVARj.o
 .debug_macro   0x00001ab9       0x6a /tmp/ccVlVARj.o
 .debug_macro   0x00001b23      0x1df /tmp/ccVlVARj.o
 .debug_macro   0x00001d02       0x3c /tmp/ccVlVARj.o
 .debug_macro   0x00001d3e      0x460 /tmp/ccVlVARj.o
 .debug_macro   0x0000219e       0x22 /tmp/ccVlVARj.o
 .debug_macro   0x000021c0       0x16 /tmp/ccVlVARj.o
 .debug_macro   0x000021d6       0x16 /tmp/ccVlVARj.o
 .debug_macro   0x000021ec       0x29 /tmp/ccVlVARj.o
 .debug_macro   0x00002215       0x16 /tmp/ccVlVARj.o
 .debug_macro   0x0000222b       0x10 /tmp/ccVlVARj.o
 .debug_macro   0x0000223b       0x10 /tmp/ccVlVARj.o
 .debug_macro   0x0000224b       0x10 /tmp/ccVlVARj.o
 .debug_macro   0x0000225b       0x1c /tmp/ccVlVARj.o
 .debug_macro   0x00002277       0x52 /tmp/ccVlVARj.o
 .debug_macro   0x000022c9       0x22 /tmp/ccVlVARj.o
 .debug_macro   0x000022eb       0x10 /tmp/ccVlVARj.o
 .debug_macro   0x000022fb       0x52 /tmp/ccVlVARj.o
 .debug_macro   0x0000234d       0xc1 /tmp/ccVlVARj.o
 .debug_macro   0x0000240e       0x1c /tmp/ccVlVARj.o
 .debug_macro   0x0000242a       0x3d /tmp/ccVlVARj.o
 .debug_macro   0x00002467       0x35 /tmp/ccVlVARj.o
 .debug_macro   0x0000249c      0x12c /tmp/ccVlVARj.o
 .debug_macro   0x000025c8       0x28 /tmp/ccVlVARj.o
 .debug_macro   0x000025f0       0x1c /tmp/ccVlVARj.o
 .debug_macro   0x0000260c       0x22 /tmp/ccVlVARj.o
 .debug_macro   0x0000262e       0xd9 /tmp/ccVlVARj.o
 .debug_macro   0x00002707     0x102d /tmp/ccVlVARj.o
 .debug_macro   0x00003734      0x11f /tmp/ccVlVARj.o
 .debug_macro   0x00003853    0x1cb71 /tmp/ccVlVARj.o
 .debug_macro   0x000203c4       0xd7 /tmp/ccVlVARj.o
 .debug_macro   0x0002049b       0x22 /tmp/ccVlVARj.o
 .debug_macro   0x000204bd       0x7c /tmp/ccVlVARj.o
 .debug_macro   0x00020539       0x88 /tmp/ccVlVARj.o
 .debug_macro   0x000205c1      0x190 /tmp/ccVlVARj.o
 .debug_macro   0x00020751      0x19c /tmp/ccVlVARj.o
 .debug_macro   0x000208ed       0x2e /tmp/ccVlVARj.o
 .debug_macro   0x0002091b       0x11 /tmp/ccnKy06Q.o
 .debug_macro   0x0002092c      0x2b2 /tmp/ccfRjgwc.o
 .debug_macro   0x00020bde       0x3a /tmp/ccfRjgwc.o
 .debug_macro   0x00020c18       0x89 /tmp/ccfRjgwc.o
 .debug_macro   0x00020ca1       0x1c /tmp/ccfRjgwc.o
 .debug_macro   0x00020cbd       0x9b /tmp/ccfRjgwc.o
 .debug_macro   0x00020d58      0x2c1 /tmp/ccFrwKUQ.o
 .debug_macro   0x00021019       0x1c /tmp/ccFrwKUQ.o
 .debug_macro   0x00021035      0x2c7 /tmp/ccLKUO9e.o
 .debug_macro   0x000212fc       0x8e /tmp/ccLKUO9e.o
 .debug_macro   0x0002138a       0x51 /tmp/ccLKUO9e.o
 .debug_macro   0x000213db       0x61 /tmp/ccLKUO9e.o
 .debug_macro   0x0002143c       0x82 /tmp/ccLKUO9e.o
 .debug_macro   0x000214be      0x2c1 /tmp/ccqypRKp.o
 .debug_macro   0x0002177f      0x18a /tmp/ccqypRKp.o
 .debug_macro   0x00021909      0x2d9 /tmp/ccmsMVqw.o
 .debug_macro   0x00021be2       0x28 /tmp/ccmsMVqw.o
 .debug_macro   0x00021c0a      0x2c1 /tmp/ccWWnuZr.o
 .debug_macro   0x00021ecb      0x196 /tmp/ccWWnuZr.o

.debug_line     0x00000000     0x4ac4
 .debug_line    0x00000000     0x1667 /tmp/ccVlVARj.o
 .debug_line    0x00001667       0x6b /tmp/ccnKy06Q.o
 .debug_line    0x000016d2      0x5e8 /tmp/ccfRjgwc.o
 .debug_line    0x00001cba      0xad4 /tmp/ccFrwKUQ.o
 .debug_line    0x0000278e      0x907 /tmp/ccLKUO9e.o
 .debug_line    0x00003095      0x8e6 /tmp/ccqypRKp.o
 .debug_line    0x0000397b      0x590 /tmp/ccmsMVqw.o
 .debug_line    0x00003f0b      0xbb9 /tmp/ccWWnuZr.o

.debug_str      0x00000000    0xb4a71
 .debug_str     0x00000000    0xb4a71 /tmp/ccVlVARj.o
                              0xb45ac (size before relaxing)
 .debug_str     0x000b4a71     0x2ea6 /tmp/ccnKy06Q.o
 .debug_str     0x000b4a71    0xb282e /tmp/ccfRjgwc.o
 .debug_str     0x000b4a71    0xb2af3 /tmp/ccFrwKUQ.o
 .debug_str     0x000b4a71    0xb2ae6 /tmp/ccLKUO9e.o
 .debug_str     0x000b4a71    0xb301d /tmp/ccqypRKp.o
 .debug_str     0x000b4a71    0xb32d3 /tmp/ccmsMVqw.o
 .debug_str     0x000b4a71    0xb3184 /tmp/ccWWnuZr.o

.comment        0x00000000       0x44
 .comment       0x00000000       0x44 /tmp/ccVlVARj.o
                                 0x45 (size before relaxing)
 .comment       0x00000044       0x45 /tmp/ccnKy06Q.o
 .comment       0x00000044       0x45 /tmp/ccfRjgwc.o
 .comment       0x00000044       0x45 /tmp/ccFrwKUQ.o
 .comment       0x00000044       0x45 /tmp/ccLKUO9e.o
 .comment       0x00000044       0x45 /tmp/ccqypRKp.o
 .comment       0x00000044       0x45 /tmp/ccmsMVqw.o
 .comment       0x00000044       0x45 /tmp/ccWWnuZr.o

.ARM.attributes
                0x00000000       0x32
 .ARM.attributes
                0x00000000       0x34 /tmp/ccVlVARj.o
 .ARM.attributes
                0x00000034       0x34 /tmp/ccnKy06Q.o
 .ARM.attributes
                0x00000068       0x34 /tmp/ccfRjgwc.o
 .ARM.attributes
                0x0000009c       0x34 /tmp/ccFrwKUQ.o
 .ARM.attributes
                0x000000d0       0x34 /tmp/ccLKUO9e.o
 .ARM.attributes
                0x00000104       0x34 /tmp/ccqypRKp.o
 .ARM.attributes
                0x00000138       0x34 /tmp/ccmsMVqw.o
 .ARM.attributes
                0x0000016c       0x34 /tmp/ccWWnuZr.o
 .ARM.attributes
                0x000001a0       0x34 /opt/arm-none-eabi/bin/../lib/gcc/arm-none-eabi/13.2.1/../../../../arm-none-eabi/lib/thumb/v7e-m+fp/hard/libc_nano.a(libc_a-printf.o)
 .ARM.attributes
                0x000001d4       0x34 /opt/arm-none-eabi/bin/../lib/gcc/arm-none-eabi/13.2.1/../../../../arm-none-eabi/lib/thumb/v7e-m+fp/hard/libc_nano.a(libc_a-nano-vfprintf.o)
 .ARM.attributes
                0x00000208       0x34 /opt/arm-none-eabi/bin/../lib/gcc/arm-none-eabi/13.2.1/../../../../arm-none-eabi/lib/thumb/v7e-m+fp/hard/libc_nano.a(libc_a-wbuf.o)
 .ARM.attributes
                0x0000023c       0x34 /opt/arm-none-eabi/bin/../lib/gcc/arm-none-eabi/13.2.1/../../../../arm-none-eabi/lib/thumb/v7e-m+fp/hard/libc_nano.a(libc_a-wsetup.o)
 .ARM.attributes
                0x00000270       0x34 /opt/arm-none-eabi/bin/../lib/gcc/arm-none-eabi/13.2.1/../../../../arm-none-eabi/lib/thumb/v7e-m+fp/hard/libc_nano.a(libc_a-nano-vfprintf_i.o)
 .ARM.attributes
                0x000002a4       0x34 /opt/arm-none-eabi/bin/../lib/gcc/arm-none-eabi/13.2.1/../../../../arm-none-eabi/lib/thumb/v7e-m+fp/hard/libc_nano.a(libc_a-puts.o)
 .ARM.attributes
                0x000002d8       0x34 /opt/arm-none-eabi/bin/../lib/gcc/arm-none-eabi/13.2.1/../../../../arm-none-eabi/lib/thumb/v7e-m+fp/hard/libc_nano.a(libc_a-impure.o)
 .ARM.attributes
                0x0000030c       0x34 /opt/arm-none-eabi/bin/../lib/gcc/arm-none-eabi/13.2.1/../../../../arm-none-eabi/lib/thumb/v7e-m+fp/hard/libc_nano.a(libc_a-fflush.o)
 .ARM.attributes
                0x00000340       0x1c /opt/arm-none-eabi/bin/../lib/gcc/arm-none-eabi/13.2.1/../../../../arm-none-eabi/lib/thumb/v7e-m+fp/hard/libc_nano.a(libc_a-memchr.o)
 .ARM.attributes
                0x0000035c       0x34 /opt/arm-none-eabi/bin/../lib/gcc/arm-none-eabi/13.2.1/../../../../arm-none-eabi/lib/thumb/v7e-m+fp/hard/libc_nano.a(libc_a-memcpy-stub.o)
 .ARM.attributes
                0x00000390       0x34 /opt/arm-none-eabi/bin/../lib/gcc/arm-none-eabi/13.2.1/../../../../arm-none-eabi/lib/thumb/v7e-m+fp/hard/libc_nano.a(libc_a-findfp.o)
 .ARM.attributes
                0x000003c4       0x34 /opt/arm-none-eabi/bin/../lib/gcc/arm-none-eabi/13.2.1/../../../../arm-none-eabi/lib/thumb/v7e-m+fp/hard/libc_nano.a(libc_a-stdio.o)
 .ARM.attributes
                0x000003f8       0x34 /opt/arm-none-eabi/bin/../lib/gcc/arm-none-eabi/13.2.1/../../../../arm-none-eabi/lib/thumb/v7e-m+fp/hard/libc_nano.a(libc_a-readr.o)
 .ARM.attributes
                0x0000042c       0x34 /opt/arm-none-eabi/bin/../lib/gcc/arm-none-eabi/13.2.1/../../../../arm-none-eabi/lib/thumb/v7e-m+fp/hard/libc_nano.a(libc_a-qsort.o)
 .ARM.attributes
                0x00000460       0x34 /opt/arm-none-eabi/bin/../lib/gcc/arm-none-eabi/13.2.1/../../../../arm-none-eabi/lib/thumb/v7e-m+fp/hard/libc_nano.a(libc_a-writer.o)
 .ARM.attributes
                0x00000494       0x34 /opt/arm-none-eabi/bin/../lib/gcc/arm-none-eabi/13.2.1/../../../../arm-none-eabi/lib/thumb/v7e-m+fp/hard/libc_nano.a(libc_a-fwalk.o)
 .ARM.attributes
                0x000004c8       0x34 /opt/arm-none-eabi/bin/../lib/gcc/arm-none-eabi/13.2.1/../../../../arm-none-eabi/lib/thumb/v7e-m+fp/hard/libc_nano.a(libc_a-memset.o)
 .ARM.attributes
                0x000004fc       0x34 /opt/arm-none-eabi/bin/../lib/gcc/arm-none-eabi/13.2.1/../../../../arm-none-eabi/lib/thumb/v7e-m+fp/hard/libc_nano.a(libc_a-freer.o)
 .ARM.attributes
                0x00000530       0x34 /opt/arm-none-eabi/bin/../lib/gcc/arm-none-eabi/13.2.1/../../../../arm-none-eabi/lib/thumb/v7e-m+fp/hard/libc_nano.a(libc_a-lock.o)
 .ARM.attributes
                0x00000564       0x34 /opt/arm-none-eabi/bin/../lib/gcc/arm-none-eabi/13.2.1/../../../../arm-none-eabi/lib/thumb/v7e-m+fp/hard/libc_nano.a(libc_a-makebuf.o)
 .ARM.attributes
                0x00000598       0x34 /opt/arm-none-eabi/bin/../lib/gcc/arm-none-eabi/13.2.1/../../../../arm-none-eabi/lib/thumb/v7e-m+fp/hard/libc_nano.a(libc_a-closer.o)
 .ARM.attributes
                0x000005cc       0x34 /opt/arm-none-eabi/bin/../lib/gcc/arm-none-eabi/13.2.1/../../../../arm-none-eabi/lib/thumb/v7e-m+fp/hard/libc_nano.a(libc_a-reent.o)
 .ARM.attributes
                0x00000600       0x34 /opt/arm-none-eabi/bin/../lib/gcc/arm-none-eabi/13.2.1/../../../../arm-none-eabi/lib/thumb/v7e-m+fp/hard/libc_nano.a(libc_a-mallocr.o)
 .ARM.attributes
                0x00000634       0x34 /opt/arm-none-eabi/bin/../lib/gcc/arm-none-eabi/13.2.1/../../../../arm-none-eabi/lib/thumb/v7e-m+fp/hard/libc_nano.a(libc_a-fstatr.o)
 .ARM.attributes
                0x00000668       0x34 /opt/arm-none-eabi/bin/../lib/gcc/arm-none-eabi/13.2.1/../../../../arm-none-eabi/lib/thumb/v7e-m+fp/hard/libc_nano.a(libc_a-isattyr.o)
 .ARM.attributes
                0x0000069c       0x34 /opt/arm-none-eabi/bin/../lib/gcc/arm-none-eabi/13.2.1/../../../../arm-none-eabi/lib/thumb/v7e-m+fp/hard/libc_nano.a(libc_a-lseekr.o)
 .ARM.attributes
                0x000006d0       0x34 /opt/arm-none-eabi/bin/../lib/gcc/arm-none-eabi/13.2.1/../../../../arm-none-eabi/lib/thumb/v7e-m+fp/hard/libc_nano.a(libc_a-mlock.o)
 .ARM.attributes
                0x00000704       0x34 /opt/arm-none-eabi/bin/../lib/gcc/arm-none-eabi/13.2.1/../../../../arm-none-eabi/lib/thumb/v7e-m+fp/hard/libc_nano.a(libc_a-sbrkr.o)
 .ARM.attributes
                0x00000738       0x22 /opt/arm-none-eabi/bin/../lib/gcc/arm-none-eabi/13.2.1/thumb/v7e-m+fp/hard/libgcc.a(_arm_addsubdf3.o)
 .ARM.attributes
                0x0000075a       0x22 /opt/arm-none-eabi/bin/../lib/gcc/arm-none-eabi/13.2.1/thumb/v7e-m+fp/hard/libgcc.a(_arm_muldivdf3.o)
 .ARM.attributes
                0x0000077c       0x22 /opt/arm-none-eabi/bin/../lib/gcc/arm-none-eabi/13.2.1/thumb/v7e-m+fp/hard/libgcc.a(_arm_cmpdf2.o)
 .ARM.attributes
                0x0000079e       0x22 /opt/arm-none-eabi/bin/../lib/gcc/arm-none-eabi/13.2.1/thumb/v7e-m+fp/hard/libgcc.a(_arm_fixdfsi.o)
 .ARM.attributes
                0x000007c0       0x34 /opt/arm-none-eabi/bin/../lib/gcc/arm-none-eabi/13.2.1/thumb/v7e-m+fp/hard/libgcc.a(_fixdfdi.o)
 .ARM.attributes
                0x000007f4       0x34 /opt/arm-none-eabi/bin/../lib/gcc/arm-none-eabi/13.2.1/thumb/v7e-m+fp/hard/libgcc.a(_fixunsdfdi.o)
 .ARM.attributes
                0x00000828       0x22 /opt/arm-none-eabi/bin/../lib/gcc/arm-none-eabi/13.2.1/thumb/v7e-m+fp/hard/libgcc.a(_arm_fixunsdfsi.o)

.debug_frame    0x00000000     0x1448
 .debug_frame   0x00000000      0x308 /tmp/ccVlVARj.o
 .debug_frame   0x00000308       0x20 /tmp/ccnKy06Q.o
 .debug_frame   0x00000328      0x108 /tmp/ccfRjgwc.o
 .debug_frame   0x00000430      0x134 /tmp/ccFrwKUQ.o
 .debug_frame   0x00000564       0xc8 /tmp/ccLKUO9e.o
 .debug_frame   0x0000062c      0x104 /tmp/ccqypRKp.o
 .debug_frame   0x00000730       0xa4 /tmp/ccmsMVqw.o
 .debug_frame   0x000007d4      0x1a4 /tmp/ccWWnuZr.o
 .debug_frame   0x00000978       0x6c /opt/arm-none-eabi/bin/../lib/gcc/arm-none-eabi/13.2.1/../../../../arm-none-eabi/lib/thumb/v7e-m+fp/hard/libc_nano.a(libc_a-printf.o)
 .debug_frame   0x000009e4       0xa8 /opt/arm-none-eabi/bin/../lib/gcc/arm-none-eabi/13.2.1/../../../../arm-none-eabi/lib/thumb/v7e-m+fp/hard/libc_nano.a(libc_a-nano-vfprintf.o)
 .debug_frame   0x00000a8c       0x40 /opt/arm-none-eabi/bin/../lib/gcc/arm-none-eabi/13.2.1/../../../../arm-none-eabi/lib/thumb/v7e-m+fp/hard/libc_nano.a(libc_a-wbuf.o)
 .debug_frame   0x00000acc       0x2c /opt/arm-none-eabi/bin/../lib/gcc/arm-none-eabi/13.2.1/../../../../arm-none-eabi/lib/thumb/v7e-m+fp/hard/libc_nano.a(libc_a-wsetup.o)
 .debug_frame   0x00000af8       0x60 /opt/arm-none-eabi/bin/../lib/gcc/arm-none-eabi/13.2.1/../../../../arm-none-eabi/lib/thumb/v7e-m+fp/hard/libc_nano.a(libc_a-nano-vfprintf_i.o)
 .debug_frame   0x00000b58       0x3c /opt/arm-none-eabi/bin/../lib/gcc/arm-none-eabi/13.2.1/../../../../arm-none-eabi/lib/thumb/v7e-m+fp/hard/libc_nano.a(libc_a-puts.o)
 .debug_frame   0x00000b94       0x5c /opt/arm-none-eabi/bin/../lib/gcc/arm-none-eabi/13.2.1/../../../../arm-none-eabi/lib/thumb/v7e-m+fp/hard/libc_nano.a(libc_a-fflush.o)
 .debug_frame   0x00000bf0       0x28 /opt/arm-none-eabi/bin/../lib/gcc/arm-none-eabi/13.2.1/../../../../arm-none-eabi/lib/thumb/v7e-m+fp/hard/libc_nano.a(libc_a-memcpy-stub.o)
 .debug_frame   0x00000c18      0x144 /opt/arm-none-eabi/bin/../lib/gcc/arm-none-eabi/13.2.1/../../../../arm-none-eabi/lib/thumb/v7e-m+fp/hard/libc_nano.a(libc_a-findfp.o)
 .debug_frame   0x00000d5c       0x88 /opt/arm-none-eabi/bin/../lib/gcc/arm-none-eabi/13.2.1/../../../../arm-none-eabi/lib/thumb/v7e-m+fp/hard/libc_nano.a(libc_a-stdio.o)
 .debug_frame   0x00000de4       0x2c /opt/arm-none-eabi/bin/../lib/gcc/arm-none-eabi/13.2.1/../../../../arm-none-eabi/lib/thumb/v7e-m+fp/hard/libc_nano.a(libc_a-readr.o)
 .debug_frame   0x00000e10       0x78 /opt/arm-none-eabi/bin/../lib/gcc/arm-none-eabi/13.2.1/../../../../arm-none-eabi/lib/thumb/v7e-m+fp/hard/libc_nano.a(libc_a-qsort.o)
 .debug_frame   0x00000e88       0x2c /opt/arm-none-eabi/bin/../lib/gcc/arm-none-eabi/13.2.1/../../../../arm-none-eabi/lib/thumb/v7e-m+fp/hard/libc_nano.a(libc_a-writer.o)
 .debug_frame   0x00000eb4       0x34 /opt/arm-none-eabi/bin/../lib/gcc/arm-none-eabi/13.2.1/../../../../arm-none-eabi/lib/thumb/v7e-m+fp/hard/libc_nano.a(libc_a-fwalk.o)
 .debug_frame   0x00000ee8       0x20 /opt/arm-none-eabi/bin/../lib/gcc/arm-none-eabi/13.2.1/../../../../arm-none-eabi/lib/thumb/v7e-m+fp/hard/libc_nano.a(libc_a-memset.o)
 .debug_frame   0x00000f08       0x38 /opt/arm-none-eabi/bin/../lib/gcc/arm-none-eabi/13.2.1/../../../../arm-none-eabi/lib/thumb/v7e-m+fp/hard/libc_nano.a(libc_a-freer.o)
 .debug_frame   0x00000f40       0xb0 /opt/arm-none-eabi/bin/../lib/gcc/arm-none-eabi/13.2.1/../../../../arm-none-eabi/lib/thumb/v7e-m+fp/hard/libc_nano.a(libc_a-lock.o)
 .debug_frame   0x00000ff0       0x58 /opt/arm-none-eabi/bin/../lib/gcc/arm-none-eabi/13.2.1/../../../../arm-none-eabi/lib/thumb/v7e-m+fp/hard/libc_nano.a(libc_a-makebuf.o)
 .debug_frame   0x00001048       0x2c /opt/arm-none-eabi/bin/../lib/gcc/arm-none-eabi/13.2.1/../../../../arm-none-eabi/lib/thumb/v7e-m+fp/hard/libc_nano.a(libc_a-closer.o)
 .debug_frame   0x00001074       0x38 /opt/arm-none-eabi/bin/../lib/gcc/arm-none-eabi/13.2.1/../../../../arm-none-eabi/lib/thumb/v7e-m+fp/hard/libc_nano.a(libc_a-reent.o)
 .debug_frame   0x000010ac       0x50 /opt/arm-none-eabi/bin/../lib/gcc/arm-none-eabi/13.2.1/../../../../arm-none-eabi/lib/thumb/v7e-m+fp/hard/libc_nano.a(libc_a-mallocr.o)
 .debug_frame   0x000010fc       0x2c /opt/arm-none-eabi/bin/../lib/gcc/arm-none-eabi/13.2.1/../../../../arm-none-eabi/lib/thumb/v7e-m+fp/hard/libc_nano.a(libc_a-fstatr.o)
 .debug_frame   0x00001128       0x2c /opt/arm-none-eabi/bin/../lib/gcc/arm-none-eabi/13.2.1/../../../../arm-none-eabi/lib/thumb/v7e-m+fp/hard/libc_nano.a(libc_a-isattyr.o)
 .debug_frame   0x00001154       0x2c /opt/arm-none-eabi/bin/../lib/gcc/arm-none-eabi/13.2.1/../../../../arm-none-eabi/lib/thumb/v7e-m+fp/hard/libc_nano.a(libc_a-lseekr.o)
 .debug_frame   0x00001180       0x30 /opt/arm-none-eabi/bin/../lib/gcc/arm-none-eabi/13.2.1/../../../../arm-none-eabi/lib/thumb/v7e-m+fp/hard/libc_nano.a(libc_a-mlock.o)
 .debug_frame   0x000011b0       0x2c /opt/arm-none-eabi/bin/../lib/gcc/arm-none-eabi/13.2.1/../../../../arm-none-eabi/lib/thumb/v7e-m+fp/hard/libc_nano.a(libc_a-sbrkr.o)
 .debug_frame   0x000011dc       0xac /opt/arm-none-eabi/bin/../lib/gcc/arm-none-eabi/13.2.1/thumb/v7e-m+fp/hard/libgcc.a(_arm_addsubdf3.o)
 .debug_frame   0x00001288       0x50 /opt/arm-none-eabi/bin/../lib/gcc/arm-none-eabi/13.2.1/thumb/v7e-m+fp/hard/libgcc.a(_arm_muldivdf3.o)
 .debug_frame   0x000012d8       0xc4 /opt/arm-none-eabi/bin/../lib/gcc/arm-none-eabi/13.2.1/thumb/v7e-m+fp/hard/libgcc.a(_arm_cmpdf2.o)
 .debug_frame   0x0000139c       0x24 /opt/arm-none-eabi/bin/../lib/gcc/arm-none-eabi/13.2.1/thumb/v7e-m+fp/hard/libgcc.a(_arm_fixdfsi.o)
 .debug_frame   0x000013c0       0x38 /opt/arm-none-eabi/bin/../lib/gcc/arm-none-eabi/13.2.1/thumb/v7e-m+fp/hard/libgcc.a(_fixdfdi.o)
 .debug_frame   0x000013f8       0x2c /opt/arm-none-eabi/bin/../lib/gcc/arm-none-eabi/13.2.1/thumb/v7e-m+fp/hard/libgcc.a(_fixunsdfdi.o)
 .debug_frame   0x00001424       0x24 /opt/arm-none-eabi/bin/../lib/gcc/arm-none-eabi/13.2.1/thumb/v7e-m+fp/hard/libgcc.a(_arm_fixunsdfsi.o)

.debug_line_str
                0x00000000      0x1a1
 .debug_line_str
                0x00000000      0x1a1 /opt/arm-none-eabi/bin/../lib/gcc/arm-none-eabi/13.2.1/../../../../arm-none-eabi/lib/thumb/v7e-m+fp/hard/libc_nano.a(libc_a-memchr.o)
                                 0xda (size before relaxing)
 .debug_line_str
                0x000001a1       0xc7 /opt/arm-none-eabi/bin/../lib/gcc/arm-none-eabi/13.2.1/thumb/v7e-m+fp/hard/libgcc.a(_arm_addsubdf3.o)
 .debug_line_str
                0x000001a1       0xc7 /opt/arm-none-eabi/bin/../lib/gcc/arm-none-eabi/13.2.1/thumb/v7e-m+fp/hard/libgcc.a(_arm_muldivdf3.o)
 .debug_line_str
                0x000001a1       0xc7 /opt/arm-none-eabi/bin/../lib/gcc/arm-none-eabi/13.2.1/thumb/v7e-m+fp/hard/libgcc.a(_arm_cmpdf2.o)
 .debug_line_str
                0x000001a1       0xc7 /opt/arm-none-eabi/bin/../lib/gcc/arm-none-eabi/13.2.1/thumb/v7e-m+fp/hard/libgcc.a(_arm_fixdfsi.o)
 .debug_line_str
                0x000001a1       0xc7 /opt/arm-none-eabi/bin/../lib/gcc/arm-none-eabi/13.2.1/thumb/v7e-m+fp/hard/libgcc.a(_arm_fixunsdfsi.o)
