Archive member included to satisfy reference by file (symbol)

c:/program files (x86)/arm gnu toolchain arm-none-eabi/12.3 rel1/bin/../lib/gcc/arm-none-eabi/12.3.1/thumb/v7e-m+fp/hard\libc_nano.a(libc_a-printf.o)
                              C:\Users\lukem\AppData\Local\Temp\ccqf0bX0.o (printf)
c:/program files (x86)/arm gnu toolchain arm-none-eabi/12.3 rel1/bin/../lib/gcc/arm-none-eabi/12.3.1/thumb/v7e-m+fp/hard\libc_nano.a(libc_a-puts.o)
                              C:\Users\lukem\AppData\Local\Temp\ccqf0bX0.o (puts)
c:/program files (x86)/arm gnu toolchain arm-none-eabi/12.3 rel1/bin/../lib/gcc/arm-none-eabi/12.3.1/thumb/v7e-m+fp/hard\libc_nano.a(libc_a-wbuf.o)
                              c:/program files (x86)/arm gnu toolchain arm-none-eabi/12.3 rel1/bin/../lib/gcc/arm-none-eabi/12.3.1/thumb/v7e-m+fp/hard\libc_nano.a(libc_a-puts.o) (__swbuf_r)
c:/program files (x86)/arm gnu toolchain arm-none-eabi/12.3 rel1/bin/../lib/gcc/arm-none-eabi/12.3.1/thumb/v7e-m+fp/hard\libc_nano.a(libc_a-wsetup.o)
                              c:/program files (x86)/arm gnu toolchain arm-none-eabi/12.3 rel1/bin/../lib/gcc/arm-none-eabi/12.3.1/thumb/v7e-m+fp/hard\libc_nano.a(libc_a-puts.o) (__swsetup_r)
c:/program files (x86)/arm gnu toolchain arm-none-eabi/12.3 rel1/bin/../lib/gcc/arm-none-eabi/12.3.1/thumb/v7e-m+fp/hard\libc_nano.a(libc_a-memset.o)
                              C:\Users\lukem\AppData\Local\Temp\ccLC0c8Q.o (memset)
c:/program files (x86)/arm gnu toolchain arm-none-eabi/12.3 rel1/bin/../lib/gcc/arm-none-eabi/12.3.1/thumb/v7e-m+fp/hard\libc_nano.a(libc_a-impure.o)
                              c:/program files (x86)/arm gnu toolchain arm-none-eabi/12.3 rel1/bin/../lib/gcc/arm-none-eabi/12.3.1/thumb/v7e-m+fp/hard\libc_nano.a(libc_a-printf.o) (_impure_ptr)
c:/program files (x86)/arm gnu toolchain arm-none-eabi/12.3 rel1/bin/../lib/gcc/arm-none-eabi/12.3.1/thumb/v7e-m+fp/hard\libc_nano.a(libc_a-lock.o)
                              c:/program files (x86)/arm gnu toolchain arm-none-eabi/12.3 rel1/bin/../lib/gcc/arm-none-eabi/12.3.1/thumb/v7e-m+fp/hard\libc_nano.a(libc_a-puts.o) (__retarget_lock_acquire_recursive)
c:/program files (x86)/arm gnu toolchain arm-none-eabi/12.3 rel1/bin/../lib/gcc/arm-none-eabi/12.3.1/thumb/v7e-m+fp/hard\libc_nano.a(libc_a-memcpy-stub.o)
                              C:\Users\lukem\AppData\Local\Temp\ccLC0c8Q.o (memcpy)
c:/program files (x86)/arm gnu toolchain arm-none-eabi/12.3 rel1/bin/../lib/gcc/arm-none-eabi/12.3.1/thumb/v7e-m+fp/hard\libc_nano.a(libc_a-freer.o)
                              c:/program files (x86)/arm gnu toolchain arm-none-eabi/12.3 rel1/bin/../lib/gcc/arm-none-eabi/12.3.1/thumb/v7e-m+fp/hard\libc_nano.a(libc_a-wsetup.o) (_free_r)
c:/program files (x86)/arm gnu toolchain arm-none-eabi/12.3 rel1/bin/../lib/gcc/arm-none-eabi/12.3.1/thumb/v7e-m+fp/hard\libc_nano.a(libc_a-mallocr.o)
                              c:/program files (x86)/arm gnu toolchain arm-none-eabi/12.3 rel1/bin/../lib/gcc/arm-none-eabi/12.3.1/thumb/v7e-m+fp/hard\libc_nano.a(libc_a-freer.o) (__malloc_free_list)
c:/program files (x86)/arm gnu toolchain arm-none-eabi/12.3 rel1/bin/../lib/gcc/arm-none-eabi/12.3.1/thumb/v7e-m+fp/hard\libc_nano.a(libc_a-mlock.o)
                              c:/program files (x86)/arm gnu toolchain arm-none-eabi/12.3 rel1/bin/../lib/gcc/arm-none-eabi/12.3.1/thumb/v7e-m+fp/hard\libc_nano.a(libc_a-freer.o) (__malloc_lock)
c:/program files (x86)/arm gnu toolchain arm-none-eabi/12.3 rel1/bin/../lib/gcc/arm-none-eabi/12.3.1/thumb/v7e-m+fp/hard\libc_nano.a(libc_a-nano-vfprintf.o)
                              c:/program files (x86)/arm gnu toolchain arm-none-eabi/12.3 rel1/bin/../lib/gcc/arm-none-eabi/12.3.1/thumb/v7e-m+fp/hard\libc_nano.a(libc_a-printf.o) (_vfprintf_r)
c:/program files (x86)/arm gnu toolchain arm-none-eabi/12.3 rel1/bin/../lib/gcc/arm-none-eabi/12.3.1/thumb/v7e-m+fp/hard\libc_nano.a(libc_a-nano-vfprintf_i.o)
                              c:/program files (x86)/arm gnu toolchain arm-none-eabi/12.3 rel1/bin/../lib/gcc/arm-none-eabi/12.3.1/thumb/v7e-m+fp/hard\libc_nano.a(libc_a-nano-vfprintf.o) (_printf_i)
c:/program files (x86)/arm gnu toolchain arm-none-eabi/12.3 rel1/bin/../lib/gcc/arm-none-eabi/12.3.1/thumb/v7e-m+fp/hard\libc_nano.a(libc_a-fflush.o)
                              c:/program files (x86)/arm gnu toolchain arm-none-eabi/12.3 rel1/bin/../lib/gcc/arm-none-eabi/12.3.1/thumb/v7e-m+fp/hard\libc_nano.a(libc_a-wbuf.o) (_fflush_r)
c:/program files (x86)/arm gnu toolchain arm-none-eabi/12.3 rel1/bin/../lib/gcc/arm-none-eabi/12.3.1/thumb/v7e-m+fp/hard\libc_nano.a(libc_a-findfp.o)
                              c:/program files (x86)/arm gnu toolchain arm-none-eabi/12.3 rel1/bin/../lib/gcc/arm-none-eabi/12.3.1/thumb/v7e-m+fp/hard\libc_nano.a(libc_a-fflush.o) (__sglue)
c:/program files (x86)/arm gnu toolchain arm-none-eabi/12.3 rel1/bin/../lib/gcc/arm-none-eabi/12.3.1/thumb/v7e-m+fp/hard\libc_nano.a(libc_a-fvwrite.o)
[...]
Memory Configuration

Name             Origin             Length             Attributes
flash            0x08000000         0x00200000         xr
sram             0x20000000         0x00030000         xrw
*default*        0x00000000         0xffffffff

Linker script and memory map

LOAD C:\Users\lukem\AppData\Local\Temp\ccqf0bX0.o
LOAD C:\Users\lukem\AppData\Local\Temp\ccLC0c8Q.o
LOAD C:\Users\lukem\AppData\Local\Temp\cck9xuvX.o
LOAD C:\Users\lukem\AppData\Local\Temp\ccKiiVqm.o
LOAD C:\Users\lukem\AppData\Local\Temp\cclLBEKo.o
LOAD C:\Users\lukem\AppData\Local\Temp\ccybO9Pr.o
LOAD C:\Users\lukem\AppData\Local\Temp\ccgflvY1.o
LOAD C:\Users\lukem\AppData\Local\Temp\ccPDHs6a.o
LOAD c:/program files (x86)/arm gnu toolchain arm-none-eabi/12.3 rel1/bin/../lib/gcc/arm-none-eabi/12.3.1/thumb/v7e-m+fp/hard\libc_nano.a
LOAD c:/program files (x86)/arm gnu toolchain arm-none-eabi/12.3 rel1/bin/../lib/gcc/arm-none-eabi/12.3.1/thumb/v7e-m+fp/hard\libgcc.a
                0x20030000                        _estack = (ORIGIN (sram) + LENGTH (sram))

.vectors        0x08000000      0x1bc
 *(.vectors)
 .vectors       0x08000000      0x1bc C:\Users\lukem\AppData\Local\Temp\ccLC0c8Q.o
                0x08000000                tab

.text           0x080001c0     0x15f0
 *(.text*)
 .text.systick_init
                0x080001c0       0x34 C:\Users\lukem\AppData\Local\Temp\ccqf0bX0.o
 .text.gpio_set_mode
                0x080001f4       0x34 C:\Users\lukem\AppData\Local\Temp\ccqf0bX0.o
 .text.gpio_set_af
                0x08000228       0x2e C:\Users\lukem\AppData\Local\Temp\ccqf0bX0.o
 .text.timer_expired
                0x08000256       0x26 C:\Users\lukem\AppData\Local\Temp\ccqf0bX0.o
 .text.pwr_vdd2_init
                0x0800027c       0x1c C:\Users\lukem\AppData\Local\Temp\ccqf0bX0.o
 .text.uart_init.constprop.0
                0x08000298       0x60 C:\Users\lukem\AppData\Local\Temp\ccqf0bX0.o
 .text.gpio_write.constprop.0
                0x080002f8       0x18 C:\Users\lukem\AppData\Local\Temp\ccqf0bX0.o
 .text.SysTick_Handler
                0x08000310       0x10 C:\Users\lukem\AppData\Local\Temp\ccqf0bX0.o
                0x08000310                SysTick_Handler
 .text.spi_test_routine
                0x08000320       0x90 C:\Users\lukem\AppData\Local\Temp\ccqf0bX0.o
                0x08000320                spi_test_routine
 .text.startup.main
                0x080003b0       0x34 C:\Users\lukem\AppData\Local\Temp\ccqf0bX0.o
                0x080003b0                main
 .text._reset   0x080003e4       0x50 C:\Users\lukem\AppData\Local\Temp\ccLC0c8Q.o
                0x080003e4                _reset
 .text._fstat   0x08000434       0x12 C:\Users\lukem\AppData\Local\Temp\cck9xuvX.o
                0x08000434                _fstat
 *fill*         0x08000446        0x2 
 .text._sbrk    0x08000448       0x1c C:\Users\lukem\AppData\Local\Temp\cck9xuvX.o
                0x08000448                _sbrk
 .text._close   0x08000464        0x6 C:\Users\lukem\AppData\Local\Temp\cck9xuvX.o
                0x08000464                _close
 .text._isatty  0x0800046a        0x4 C:\Users\lukem\AppData\Local\Temp\cck9xuvX.o
                0x0800046a                _isatty
 .text._lseek   0x0800046e        0x4 C:\Users\lukem\AppData\Local\Temp\cck9xuvX.o
                0x0800046e                _lseek
 .text._read    0x08000472        0x6 C:\Users\lukem\AppData\Local\Temp\cck9xuvX.o
                0x08000472                _read
 .text._write   0x08000478       0x34 C:\Users\lukem\AppData\Local\Temp\cck9xuvX.o
                0x08000478                _write
 .text.systick_init
                0x080004ac       0x34 C:\Users\lukem\AppData\Local\Temp\ccKiiVqm.o
 .text.gpio_set_mode
                0x080004e0       0x34 C:\Users\lukem\AppData\Local\Temp\ccKiiVqm.o
 .text.gpio_set_af
                0x08000514       0x2e C:\Users\lukem\AppData\Local\Temp\ccKiiVqm.o
 *fill*         0x08000542        0x2 
 .text.uart_init.constprop.0
                0x08000544       0xc0 C:\Users\lukem\AppData\Local\Temp\ccKiiVqm.o
 .text.STM32_init_clock
                0x08000604       0x78 C:\Users\lukem\AppData\Local\Temp\ccKiiVqm.o
                0x08000604                STM32_init_clock
 .text.STM32_init_internals
                0x0800067c      0x118 C:\Users\lukem\AppData\Local\Temp\ccKiiVqm.o
                0x0800067c                STM32_init_internals
 .text.STM32_init_peripherals
                0x08000794       0x58 C:\Users\lukem\AppData\Local\Temp\ccKiiVqm.o
                0x08000794                STM32_init_peripherals
 .text.STM32_init
                0x080007ec       0x24 C:\Users\lukem\AppData\Local\Temp\ccKiiVqm.o
                0x080007ec                STM32_init
 .text.printf   0x08000810       0x24 c:/program files (x86)/arm gnu toolchain arm-none-eabi/12.3 rel1/bin/../lib/gcc/arm-none-eabi/12.3.1/thumb/v7e-m+fp/hard\libc_nano.a(libc_a-printf.o)
                0x08000810                iprintf
                0x08000810                printf
 .text._puts_r  0x08000834       0xaa c:/program files (x86)/arm gnu toolchain arm-none-eabi/12.3 rel1/bin/../lib/gcc/arm-none-eabi/12.3.1/thumb/v7e-m+fp/hard\libc_nano.a(libc_a-puts.o)
                0x08000834                _puts_r
 *fill*         0x080008de        0x2 
 .text.puts     0x080008e0       0x10 c:/program files (x86)/arm gnu toolchain arm-none-eabi/12.3 rel1/bin/../lib/gcc/arm-none-eabi/12.3.1/thumb/v7e-m+fp/hard\libc_nano.a(libc_a-puts.o)
                0x080008e0                puts
 .text.__swbuf_r
                0x080008f0       0x7c c:/program files (x86)/arm gnu toolchain arm-none-eabi/12.3 rel1/bin/../lib/gcc/arm-none-eabi/12.3.1/thumb/v7e-m+fp/hard\libc_nano.a(libc_a-wbuf.o)
                0x080008f0                __swbuf_r
 .text.__swsetup_r
                0x0800096c       0xac c:/program files (x86)/arm gnu toolchain arm-none-eabi/12.3 rel1/bin/../lib/gcc/arm-none-eabi/12.3.1/thumb/v7e-m+fp/hard\libc_nano.a(libc_a-wsetup.o)
                0x0800096c                __swsetup_r
 .text.memset   0x08000a18       0x10 c:/program files (x86)/arm gnu toolchain arm-none-eabi/12.3 rel1/bin/../lib/gcc/arm-none-eabi/12.3.1/thumb/v7e-m+fp/hard\libc_nano.a(libc_a-memset.o)
                0x08000a18                memset
 .text.__retarget_lock_init_recursive
                0x08000a28        0x2 c:/program files (x86)/arm gnu toolchain arm-none-eabi/12.3 rel1/bin/../lib/gcc/arm-none-eabi/12.3.1/thumb/v7e-m+fp/hard\libc_nano.a(libc_a-lock.o)
                0x08000a28                __retarget_lock_init_recursive
 .text.__retarget_lock_acquire_recursive
                0x08000a2a        0x2 c:/program files (x86)/arm gnu toolchain arm-none-eabi/12.3 rel1/bin/../lib/gcc/arm-none-eabi/12.3.1/thumb/v7e-m+fp/hard\libc_nano.a(libc_a-lock.o)
                0x08000a2a                __retarget_lock_acquire_recursive
 .text.__retarget_lock_release_recursive
                0x08000a2c        0x2 c:/program files (x86)/arm gnu toolchain arm-none-eabi/12.3 rel1/bin/../lib/gcc/arm-none-eabi/12.3.1/thumb/v7e-m+fp/hard\libc_nano.a(libc_a-lock.o)
                0x08000a2c                __retarget_lock_release_recursive
 .text.memcpy   0x08000a2e       0x1c c:/program files (x86)/arm gnu toolchain arm-none-eabi/12.3 rel1/bin/../lib/gcc/arm-none-eabi/12.3.1/thumb/v7e-m+fp/hard\libc_nano.a(libc_a-memcpy-stub.o)
                0x08000a2e                memcpy
 *fill*         0x08000a4a        0x2 
 .text._free_r  0x08000a4c       0x94 c:/program files (x86)/arm gnu toolchain arm-none-eabi/12.3 rel1/bin/../lib/gcc/arm-none-eabi/12.3.1/thumb/v7e-m+fp/hard\libc_nano.a(libc_a-freer.o)
                0x08000a4c                _free_r
 .text.sbrk_aligned
                0x08000ae0       0x44 c:/program files (x86)/arm gnu toolchain arm-none-eabi/12.3 rel1/bin/../lib/gcc/arm-none-eabi/12.3.1/thumb/v7e-m+fp/hard\libc_nano.a(libc_a-mallocr.o)
 .text._malloc_r
                0x08000b24      0x100 c:/program files (x86)/arm gnu toolchain arm-none-eabi/12.3 rel1/bin/../lib/gcc/arm-none-eabi/12.3.1/thumb/v7e-m+fp/hard\libc_nano.a(libc_a-mallocr.o)
                0x08000b24                _malloc_r
 .text.__malloc_lock
                0x08000c24        0xc c:/program files (x86)/arm gnu toolchain arm-none-eabi/12.3 rel1/bin/../lib/gcc/arm-none-eabi/12.3.1/thumb/v7e-m+fp/hard\libc_nano.a(libc_a-mlock.o)
                0x08000c24                __malloc_lock
 .text.__malloc_unlock
                0x08000c30        0xc c:/program files (x86)/arm gnu toolchain arm-none-eabi/12.3 rel1/bin/../lib/gcc/arm-none-eabi/12.3.1/thumb/v7e-m+fp/hard\libc_nano.a(libc_a-mlock.o)
                0x08000c30                __malloc_unlock
 .text.__sfputc_r
                0x08000c3c       0x2e c:/program files (x86)/arm gnu toolchain arm-none-eabi/12.3 rel1/bin/../lib/gcc/arm-none-eabi/12.3.1/thumb/v7e-m+fp/hard\libc_nano.a(libc_a-nano-vfprintf.o)
 .text.__sfputs_r
                0x08000c6a       0x24 c:/program files (x86)/arm gnu toolchain arm-none-eabi/12.3 rel1/bin/../lib/gcc/arm-none-eabi/12.3.1/thumb/v7e-m+fp/hard\libc_nano.a(libc_a-nano-vfprintf.o)
                0x08000c6a                __sfputs_r
 *fill*         0x08000c8e        0x2 
 .text._vfprintf_r
                0x08000c90      0x230 c:/program files (x86)/arm gnu toolchain arm-none-eabi/12.3 rel1/bin/../lib/gcc/arm-none-eabi/12.3.1/thumb/v7e-m+fp/hard\libc_nano.a(libc_a-nano-vfprintf.o)
                0x08000c90                _vfprintf_r
                0x08000c90                _vfiprintf_r
 .text._printf_common
                0x08000ec0       0xda c:/program files (x86)/arm gnu toolchain arm-none-eabi/12.3 rel1/bin/../lib/gcc/arm-none-eabi/12.3.1/thumb/v7e-m+fp/hard\libc_nano.a(libc_a-nano-vfprintf_i.o)
                0x08000ec0                _printf_common
 *fill*         0x08000f9a        0x2 
 .text._printf_i
                0x08000f9c      0x258 c:/program files (x86)/arm gnu toolchain arm-none-eabi/12.3 rel1/bin/../lib/gcc/arm-none-eabi/12.3.1/thumb/v7e-m+fp/hard\libc_nano.a(libc_a-nano-vfprintf_i.o)
                0x08000f9c                _printf_i
 .text.__sflush_r
                0x080011f4      0x108 c:/program files (x86)/arm gnu toolchain arm-none-eabi/12.3 rel1/bin/../lib/gcc/arm-none-eabi/12.3.1/thumb/v7e-m+fp/hard\libc_nano.a(libc_a-fflush.o)
                0x080011f4                __sflush_r
 .text._fflush_r
                0x080012fc       0x50 c:/program files (x86)/arm gnu toolchain arm-none-eabi/12.3 rel1/bin/../lib/gcc/arm-none-eabi/12.3.1/thumb/v7e-m+fp/hard\libc_nano.a(libc_a-fflush.o)
                0x080012fc                _fflush_r
 .text.std      0x0800134c       0x6c c:/program files (x86)/arm gnu toolchain arm-none-eabi/12.3 rel1/bin/../lib/gcc/arm-none-eabi/12.3.1/thumb/v7e-m+fp/hard\libc_nano.a(libc_a-findfp.o)
 .text.stdio_exit_handler
                0x080013b8       0x18 c:/program files (x86)/arm gnu toolchain arm-none-eabi/12.3 rel1/bin/../lib/gcc/arm-none-eabi/12.3.1/thumb/v7e-m+fp/hard\libc_nano.a(libc_a-findfp.o)
 .text.cleanup_stdio
                0x080013d0       0x40 c:/program files (x86)/arm gnu toolchain arm-none-eabi/12.3 rel1/bin/../lib/gcc/arm-none-eabi/12.3.1/thumb/v7e-m+fp/hard\libc_nano.a(libc_a-findfp.o)
 .text.global_stdio_init.part.0
                0x08001410       0x3c c:/program files (x86)/arm gnu toolchain arm-none-eabi/12.3 rel1/bin/../lib/gcc/arm-none-eabi/12.3.1/thumb/v7e-m+fp/hard\libc_nano.a(libc_a-findfp.o)
 .text.__sfp_lock_acquire
                0x0800144c        0xc c:/program files (x86)/arm gnu toolchain arm-none-eabi/12.3 rel1/bin/../lib/gcc/arm-none-eabi/12.3.1/thumb/v7e-m+fp/hard\libc_nano.a(libc_a-findfp.o)
                0x0800144c                __sfp_lock_acquire
 .text.__sfp_lock_release
                0x08001458        0xc c:/program files (x86)/arm gnu toolchain arm-none-eabi/12.3 rel1/bin/../lib/gcc/arm-none-eabi/12.3.1/thumb/v7e-m+fp/hard\libc_nano.a(libc_a-findfp.o)
                0x08001458                __sfp_lock_release
 .text.__sinit  0x08001464       0x30 c:/program files (x86)/arm gnu toolchain arm-none-eabi/12.3 rel1/bin/../lib/gcc/arm-none-eabi/12.3.1/thumb/v7e-m+fp/hard\libc_nano.a(libc_a-findfp.o)
                0x08001464                __sinit
 .text._fwalk_sglue
                0x08001494       0x3c c:/program files (x86)/arm gnu toolchain arm-none-eabi/12.3 rel1/bin/../lib/gcc/arm-none-eabi/12.3.1/thumb/v7e-m+fp/hard\libc_nano.a(libc_a-fwalk.o)
                0x08001494                _fwalk_sglue
 .text.__swhatbuf_r
                0x080014d0       0x4c c:/program files (x86)/arm gnu toolchain arm-none-eabi/12.3 rel1/bin/../lib/gcc/arm-none-eabi/12.3.1/thumb/v7e-m+fp/hard\libc_nano.a(libc_a-makebuf.o)
                0x080014d0                __swhatbuf_r
 .text.__smakebuf_r
                0x0800151c       0x78 c:/program files (x86)/arm gnu toolchain arm-none-eabi/12.3 rel1/bin/../lib/gcc/arm-none-eabi/12.3.1/thumb/v7e-m+fp/hard\libc_nano.a(libc_a-makebuf.o)
                0x0800151c                __smakebuf_r
 .text.__sread  0x08001594       0x22 c:/program files (x86)/arm gnu toolchain arm-none-eabi/12.3 rel1/bin/../lib/gcc/arm-none-eabi/12.3.1/thumb/v7e-m+fp/hard\libc_nano.a(libc_a-stdio.o)
                0x08001594                __sread
 .text.__swrite
                0x080015b6       0x38 c:/program files (x86)/arm gnu toolchain arm-none-eabi/12.3 rel1/bin/../lib/gcc/arm-none-eabi/12.3.1/thumb/v7e-m+fp/hard\libc_nano.a(libc_a-stdio.o)
                0x080015b6                __swrite
 .text.__sseek  0x080015ee       0x24 c:/program files (x86)/arm gnu toolchain arm-none-eabi/12.3 rel1/bin/../lib/gcc/arm-none-eabi/12.3.1/thumb/v7e-m+fp/hard\libc_nano.a(libc_a-stdio.o)
                0x080015ee                __sseek
 .text.__sclose
                0x08001612        0x8 c:/program files (x86)/arm gnu toolchain arm-none-eabi/12.3 rel1/bin/../lib/gcc/arm-none-eabi/12.3.1/thumb/v7e-m+fp/hard\libc_nano.a(libc_a-stdio.o)
                0x08001612                __sclose
 *fill*         0x0800161a        0x2 
 .text._close_r
                0x0800161c       0x20 c:/program files (x86)/arm gnu toolchain arm-none-eabi/12.3 rel1/bin/../lib/gcc/arm-none-eabi/12.3.1/thumb/v7e-m+fp/hard\libc_nano.a(libc_a-closer.o)
                0x0800161c                _close_r
 .text._fstat_r
                0x0800163c       0x24 c:/program files (x86)/arm gnu toolchain arm-none-eabi/12.3 rel1/bin/../lib/gcc/arm-none-eabi/12.3.1/thumb/v7e-m+fp/hard\libc_nano.a(libc_a-fstatr.o)
                0x0800163c                _fstat_r
 .text._isatty_r
                0x08001660       0x20 c:/program files (x86)/arm gnu toolchain arm-none-eabi/12.3 rel1/bin/../lib/gcc/arm-none-eabi/12.3.1/thumb/v7e-m+fp/hard\libc_nano.a(libc_a-isattyr.o)
                0x08001660                _isatty_r
 .text._lseek_r
                0x08001680       0x24 c:/program files (x86)/arm gnu toolchain arm-none-eabi/12.3 rel1/bin/../lib/gcc/arm-none-eabi/12.3.1/thumb/v7e-m+fp/hard\libc_nano.a(libc_a-lseekr.o)
                0x08001680                _lseek_r
 .text._read_r  0x080016a4       0x24 c:/program files (x86)/arm gnu toolchain arm-none-eabi/12.3 rel1/bin/../lib/gcc/arm-none-eabi/12.3.1/thumb/v7e-m+fp/hard\libc_nano.a(libc_a-readr.o)
                0x080016a4                _read_r
 .text._sbrk_r  0x080016c8       0x20 c:/program files (x86)/arm gnu toolchain arm-none-eabi/12.3 rel1/bin/../lib/gcc/arm-none-eabi/12.3.1/thumb/v7e-m+fp/hard\libc_nano.a(libc_a-sbrkr.o)
                0x080016c8                _sbrk_r
 .text._write_r
                0x080016e8       0x24 c:/program files (x86)/arm gnu toolchain arm-none-eabi/12.3 rel1/bin/../lib/gcc/arm-none-eabi/12.3.1/thumb/v7e-m+fp/hard\libc_nano.a(libc_a-writer.o)
                0x080016e8                _write_r
 *fill*         0x0800170c        0x4 
 .text          0x08001710       0xa0 c:/program files (x86)/arm gnu toolchain arm-none-eabi/12.3 rel1/bin/../lib/gcc/arm-none-eabi/12.3.1/thumb/v7e-m+fp/hard\libc_nano.a(libc_a-memchr.o)
                0x08001710                memchr

.glue_7         0x080017b0        0x0
 .glue_7        0x080017b0        0x0 linker stubs

.glue_7t        0x080017b0        0x0
 .glue_7t       0x080017b0        0x0 linker stubs

.vfp11_veneer   0x080017b0        0x0
 .vfp11_veneer  0x080017b0        0x0 linker stubs

.v4_bx          0x080017b0        0x0
 .v4_bx         0x080017b0        0x0 linker stubs

.iplt           0x080017b0        0x0
 .iplt          0x080017b0        0x0 C:\Users\lukem\AppData\Local\Temp\ccqf0bX0.o

.rodata         0x080017b0       0xa6
 *(.rodata*)
 .rodata.run_test_routine.str1.1
                0x080017b0       0x15 C:\Users\lukem\AppData\Local\Temp\ccqf0bX0.o
 .rodata.spi_test_routine.str1.1
                0x080017c5       0x20 C:\Users\lukem\AppData\Local\Temp\ccqf0bX0.o
 .rodata.main.str1.1
                0x080017e5       0x3e C:\Users\lukem\AppData\Local\Temp\ccqf0bX0.o
 .rodata._vfprintf_r.str1.1
                0x08001823       0x11 c:/program files (x86)/arm gnu toolchain arm-none-eabi/12.3 rel1/bin/../lib/gcc/arm-none-eabi/12.3.1/thumb/v7e-m+fp/hard\libc_nano.a(libc_a-nano-vfprintf.o)
 .rodata._printf_i.str1.1
                0x08001834       0x22 c:/program files (x86)/arm gnu toolchain arm-none-eabi/12.3 rel1/bin/../lib/gcc/arm-none-eabi/12.3.1/thumb/v7e-m+fp/hard\libc_nano.a(libc_a-nano-vfprintf_i.o)

.ARM.exidx      0x08001858        0x8
 .ARM.exidx     0x08001858        0x8 c:/program files (x86)/arm gnu toolchain arm-none-eabi/12.3 rel1/bin/../lib/gcc/arm-none-eabi/12.3.1/thumb/v7e-m+fp/hard\libc_nano.a(libc_a-memchr.o)

.rel.dyn        0x08001860        0x0
 .rel.iplt      0x08001860        0x0 C:\Users\lukem\AppData\Local\Temp\ccqf0bX0.o

.data           0x20000000       0x61 load address 0x08001860
                0x20000000                        _sdata = .
 *(.first_data)
 *(.data SORT_BY_NAME(.data.*))
 .data.FREQ     0x20000000        0x4 C:\Users\lukem\AppData\Local\Temp\ccKiiVqm.o
                0x20000000                FREQ
 .data.__sglue  0x20000004        0xc c:/program files (x86)/arm gnu toolchain arm-none-eabi/12.3 rel1/bin/../lib/gcc/arm-none-eabi/12.3.1/thumb/v7e-m+fp/hard\libc_nano.a(libc_a-findfp.o)
                0x20000004                __sglue
 .data._impure_data
                0x20000010       0x4c c:/program files (x86)/arm gnu toolchain arm-none-eabi/12.3 rel1/bin/../lib/gcc/arm-none-eabi/12.3.1/thumb/v7e-m+fp/hard\libc_nano.a(libc_a-impure.o)
                0x20000010                _impure_data
 .data._impure_ptr
                0x2000005c        0x4 c:/program files (x86)/arm gnu toolchain arm-none-eabi/12.3 rel1/bin/../lib/gcc/arm-none-eabi/12.3.1/thumb/v7e-m+fp/hard\libc_nano.a(libc_a-impure.o)
                0x2000005c                _impure_ptr
 .data.on.0     0x20000060        0x1 C:\Users\lukem\AppData\Local\Temp\ccqf0bX0.o
                0x20000061                        _edata = .
                0x08001860                        _sidata = LOADADDR (.data)

.igot.plt       0x20000064        0x0 load address 0x080018c1
 .igot.plt      0x20000064        0x0 C:\Users\lukem\AppData\Local\Temp\ccqf0bX0.o

.bss            0x20000064      0x154 load address 0x080018c1
                0x20000064                        _sbss = .
 *(.bss SORT_BY_NAME(.bss.*) COMMON)
 .bss.__lock___malloc_recursive_mutex
                0x20000064        0x1 c:/program files (x86)/arm gnu toolchain arm-none-eabi/12.3 rel1/bin/../lib/gcc/arm-none-eabi/12.3.1/thumb/v7e-m+fp/hard\libc_nano.a(libc_a-lock.o)
                0x20000064                __lock___malloc_recursive_mutex
 .bss.__lock___sfp_recursive_mutex
                0x20000065        0x1 c:/program files (x86)/arm gnu toolchain arm-none-eabi/12.3 rel1/bin/../lib/gcc/arm-none-eabi/12.3.1/thumb/v7e-m+fp/hard\libc_nano.a(libc_a-lock.o)
                0x20000065                __lock___sfp_recursive_mutex
 *fill*         0x20000066        0x2 
 .bss.__malloc_free_list
                0x20000068        0x4 c:/program files (x86)/arm gnu toolchain arm-none-eabi/12.3 rel1/bin/../lib/gcc/arm-none-eabi/12.3.1/thumb/v7e-m+fp/hard\libc_nano.a(libc_a-mallocr.o)
                0x20000068                __malloc_free_list
 .bss.__malloc_sbrk_start
                0x2000006c        0x4 c:/program files (x86)/arm gnu toolchain arm-none-eabi/12.3 rel1/bin/../lib/gcc/arm-none-eabi/12.3.1/thumb/v7e-m+fp/hard\libc_nano.a(libc_a-mallocr.o)
                0x2000006c                __malloc_sbrk_start
 .bss.__sf      0x20000070      0x138 c:/program files (x86)/arm gnu toolchain arm-none-eabi/12.3 rel1/bin/../lib/gcc/arm-none-eabi/12.3.1/thumb/v7e-m+fp/hard\libc_nano.a(libc_a-findfp.o)
                0x20000070                __sf
 .bss.__stdio_exit_handler
                0x200001a8        0x4 c:/program files (x86)/arm gnu toolchain arm-none-eabi/12.3 rel1/bin/../lib/gcc/arm-none-eabi/12.3.1/thumb/v7e-m+fp/hard\libc_nano.a(libc_a-findfp.o)
                0x200001a8                __stdio_exit_handler
 .bss.errno     0x200001ac        0x4 c:/program files (x86)/arm gnu toolchain arm-none-eabi/12.3 rel1/bin/../lib/gcc/arm-none-eabi/12.3.1/thumb/v7e-m+fp/hard\libc_nano.a(libc_a-reent.o)
                0x200001ac                errno
 .bss.heap.0    0x200001b0        0x4 C:\Users\lukem\AppData\Local\Temp\cck9xuvX.o
 .bss.s_ticks   0x200001b4        0x4 C:\Users\lukem\AppData\Local\Temp\ccqf0bX0.o
                0x200001b4                s_ticks
                0x200001b8                        _ebss = .
                0x200001b8                        . = ALIGN (0x8)
                0x200001b8                        _end = .
OUTPUT(firmware.elf elf32-littlearm)
LOAD linker stubs

.debug_info     0x00000000     0x2b84
 .debug_info    0x00000000     0x1410 C:\Users\lukem\AppData\Local\Temp\ccqf0bX0.o
 .debug_info    0x00001410      0x139 C:\Users\lukem\AppData\Local\Temp\ccLC0c8Q.o
 .debug_info    0x00001549      0x7f9 C:\Users\lukem\AppData\Local\Temp\cck9xuvX.o
 .debug_info    0x00001d42      0xe42 C:\Users\lukem\AppData\Local\Temp\ccKiiVqm.o

.debug_abbrev   0x00000000      0xb79
 .debug_abbrev  0x00000000      0x4b8 C:\Users\lukem\AppData\Local\Temp\ccqf0bX0.o
 .debug_abbrev  0x000004b8       0xe8 C:\Users\lukem\AppData\Local\Temp\ccLC0c8Q.o
 .debug_abbrev  0x000005a0      0x29f C:\Users\lukem\AppData\Local\Temp\cck9xuvX.o
 .debug_abbrev  0x0000083f      0x33a C:\Users\lukem\AppData\Local\Temp\ccKiiVqm.o

.debug_loclists
                0x00000000      0x6bc
 .debug_loclists
                0x00000000      0x27d C:\Users\lukem\AppData\Local\Temp\ccqf0bX0.o
 .debug_loclists
                0x0000027d      0x1cb C:\Users\lukem\AppData\Local\Temp\cck9xuvX.o
 .debug_loclists
                0x00000448      0x274 C:\Users\lukem\AppData\Local\Temp\ccKiiVqm.o

.debug_aranges  0x00000000      0x1e0
 .debug_aranges
                0x00000000       0xc0 C:\Users\lukem\AppData\Local\Temp\ccqf0bX0.o
 .debug_aranges
                0x000000c0       0x20 C:\Users\lukem\AppData\Local\Temp\ccLC0c8Q.o
 .debug_aranges
                0x000000e0       0x90 C:\Users\lukem\AppData\Local\Temp\cck9xuvX.o
 .debug_aranges
                0x00000170       0x70 C:\Users\lukem\AppData\Local\Temp\ccKiiVqm.o

.debug_rnglists
                0x00000000      0x1d3
 .debug_rnglists
                0x00000000       0xd7 C:\Users\lukem\AppData\Local\Temp\ccqf0bX0.o
 .debug_rnglists
                0x000000d7       0x13 C:\Users\lukem\AppData\Local\Temp\ccLC0c8Q.o
 .debug_rnglists
                0x000000ea       0x7f C:\Users\lukem\AppData\Local\Temp\cck9xuvX.o
 .debug_rnglists
                0x00000169       0x6a C:\Users\lukem\AppData\Local\Temp\ccKiiVqm.o

.debug_macro    0x00000000    0x20e8a
 .debug_macro   0x00000000      0x2eb C:\Users\lukem\AppData\Local\Temp\ccqf0bX0.o
 .debug_macro   0x000002eb      0xaae C:\Users\lukem\AppData\Local\Temp\ccqf0bX0.o
 .debug_macro   0x00000d99       0x22 C:\Users\lukem\AppData\Local\Temp\ccqf0bX0.o
 .debug_macro   0x00000dbb       0x5b C:\Users\lukem\AppData\Local\Temp\ccqf0bX0.o
 .debug_macro   0x00000e16       0x2a C:\Users\lukem\AppData\Local\Temp\ccqf0bX0.o
 .debug_macro   0x00000e40       0x94 C:\Users\lukem\AppData\Local\Temp\ccqf0bX0.o
 .debug_macro   0x00000ed4       0x43 C:\Users\lukem\AppData\Local\Temp\ccqf0bX0.o
 .debug_macro   0x00000f17       0x34 C:\Users\lukem\AppData\Local\Temp\ccqf0bX0.o
 .debug_macro   0x00000f4b       0x16 C:\Users\lukem\AppData\Local\Temp\ccqf0bX0.o
 .debug_macro   0x00000f61       0x57 C:\Users\lukem\AppData\Local\Temp\ccqf0bX0.o
 .debug_macro   0x00000fb8       0x9e C:\Users\lukem\AppData\Local\Temp\ccqf0bX0.o
 .debug_macro   0x00001056      0x369 C:\Users\lukem\AppData\Local\Temp\ccqf0bX0.o
 .debug_macro   0x000013bf      0x10b C:\Users\lukem\AppData\Local\Temp\ccqf0bX0.o
 .debug_macro   0x000014ca       0x10 C:\Users\lukem\AppData\Local\Temp\ccqf0bX0.o
 .debug_macro   0x000014da       0x16 C:\Users\lukem\AppData\Local\Temp\ccqf0bX0.o
 .debug_macro   0x000014f0       0x43 C:\Users\lukem\AppData\Local\Temp\ccqf0bX0.o
 .debug_macro   0x00001533       0x34 C:\Users\lukem\AppData\Local\Temp\ccqf0bX0.o
 .debug_macro   0x00001567       0x10 C:\Users\lukem\AppData\Local\Temp\ccqf0bX0.o
 .debug_macro   0x00001577       0x58 C:\Users\lukem\AppData\Local\Temp\ccqf0bX0.o
 .debug_macro   0x000015cf       0x8e C:\Users\lukem\AppData\Local\Temp\ccqf0bX0.o
 .debug_macro   0x0000165d       0x1c C:\Users\lukem\AppData\Local\Temp\ccqf0bX0.o
 .debug_macro   0x00001679      0x177 C:\Users\lukem\AppData\Local\Temp\ccqf0bX0.o
 .debug_macro   0x000017f0       0x16 C:\Users\lukem\AppData\Local\Temp\ccqf0bX0.o
 .debug_macro   0x00001806       0x16 C:\Users\lukem\AppData\Local\Temp\ccqf0bX0.o
 .debug_macro   0x0000181c      0x146 C:\Users\lukem\AppData\Local\Temp\ccqf0bX0.o
 .debug_macro   0x00001962      0x103 C:\Users\lukem\AppData\Local\Temp\ccqf0bX0.o
 .debug_macro   0x00001a65       0x6a C:\Users\lukem\AppData\Local\Temp\ccqf0bX0.o
 .debug_macro   0x00001acf      0x1df C:\Users\lukem\AppData\Local\Temp\ccqf0bX0.o
 .debug_macro   0x00001cae       0x35 C:\Users\lukem\AppData\Local\Temp\ccqf0bX0.o
 .debug_macro   0x00001ce3      0x460 C:\Users\lukem\AppData\Local\Temp\ccqf0bX0.o
 .debug_macro   0x00002143       0x22 C:\Users\lukem\AppData\Local\Temp\ccqf0bX0.o
 .debug_macro   0x00002165       0x16 C:\Users\lukem\AppData\Local\Temp\ccqf0bX0.o
 .debug_macro   0x0000217b       0x16 C:\Users\lukem\AppData\Local\Temp\ccqf0bX0.o
 .debug_macro   0x00002191       0x29 C:\Users\lukem\AppData\Local\Temp\ccqf0bX0.o
 .debug_macro   0x000021ba       0x16 C:\Users\lukem\AppData\Local\Temp\ccqf0bX0.o
 .debug_macro   0x000021d0       0x10 C:\Users\lukem\AppData\Local\Temp\ccqf0bX0.o
 .debug_macro   0x000021e0       0x10 C:\Users\lukem\AppData\Local\Temp\ccqf0bX0.o
 .debug_macro   0x000021f0       0x10 C:\Users\lukem\AppData\Local\Temp\ccqf0bX0.o
 .debug_macro   0x00002200       0x1c C:\Users\lukem\AppData\Local\Temp\ccqf0bX0.o
 .debug_macro   0x0000221c       0x52 C:\Users\lukem\AppData\Local\Temp\ccqf0bX0.o
 .debug_macro   0x0000226e       0x22 C:\Users\lukem\AppData\Local\Temp\ccqf0bX0.o
 .debug_macro   0x00002290       0x10 C:\Users\lukem\AppData\Local\Temp\ccqf0bX0.o
 .debug_macro   0x000022a0       0x52 C:\Users\lukem\AppData\Local\Temp\ccqf0bX0.o
 .debug_macro   0x000022f2       0xc1 C:\Users\lukem\AppData\Local\Temp\ccqf0bX0.o
 .debug_macro   0x000023b3       0x1c C:\Users\lukem\AppData\Local\Temp\ccqf0bX0.o
 .debug_macro   0x000023cf       0x3d C:\Users\lukem\AppData\Local\Temp\ccqf0bX0.o
 .debug_macro   0x0000240c       0x35 C:\Users\lukem\AppData\Local\Temp\ccqf0bX0.o
 .debug_macro   0x00002441      0x12c C:\Users\lukem\AppData\Local\Temp\ccqf0bX0.o
 .debug_macro   0x0000256d       0x28 C:\Users\lukem\AppData\Local\Temp\ccqf0bX0.o
 .debug_macro   0x00002595       0x1c C:\Users\lukem\AppData\Local\Temp\ccqf0bX0.o
 .debug_macro   0x000025b1       0x22 C:\Users\lukem\AppData\Local\Temp\ccqf0bX0.o
 .debug_macro   0x000025d3       0xd9 C:\Users\lukem\AppData\Local\Temp\ccqf0bX0.o
 .debug_macro   0x000026ac     0x102d C:\Users\lukem\AppData\Local\Temp\ccqf0bX0.o
 .debug_macro   0x000036d9      0x11f C:\Users\lukem\AppData\Local\Temp\ccqf0bX0.o
 .debug_macro   0x000037f8    0x1cb71 C:\Users\lukem\AppData\Local\Temp\ccqf0bX0.o
 .debug_macro   0x00020369       0xd6 C:\Users\lukem\AppData\Local\Temp\ccqf0bX0.o
 .debug_macro   0x0002043f       0x3a C:\Users\lukem\AppData\Local\Temp\ccqf0bX0.o
 .debug_macro   0x00020479       0x88 C:\Users\lukem\AppData\Local\Temp\ccqf0bX0.o
 .debug_macro   0x00020501      0x172 C:\Users\lukem\AppData\Local\Temp\ccqf0bX0.o
 .debug_macro   0x00020673       0x3a C:\Users\lukem\AppData\Local\Temp\ccqf0bX0.o
 .debug_macro   0x000206ad       0xb2 C:\Users\lukem\AppData\Local\Temp\ccqf0bX0.o
 .debug_macro   0x0002075f       0x11 C:\Users\lukem\AppData\Local\Temp\ccLC0c8Q.o
 .debug_macro   0x00020770      0x2b2 C:\Users\lukem\AppData\Local\Temp\cck9xuvX.o
 .debug_macro   0x00020a22       0x3a C:\Users\lukem\AppData\Local\Temp\cck9xuvX.o
 .debug_macro   0x00020a5c       0x89 C:\Users\lukem\AppData\Local\Temp\cck9xuvX.o
 .debug_macro   0x00020ae5       0x1c C:\Users\lukem\AppData\Local\Temp\cck9xuvX.o
 .debug_macro   0x00020b01       0x94 C:\Users\lukem\AppData\Local\Temp\cck9xuvX.o
 .debug_macro   0x00020b95      0x2c1 C:\Users\lukem\AppData\Local\Temp\ccKiiVqm.o
 .debug_macro   0x00020e56       0x34 C:\Users\lukem\AppData\Local\Temp\ccKiiVqm.o

.debug_line     0x00000000     0x1b2f
 .debug_line    0x00000000      0xa80 C:\Users\lukem\AppData\Local\Temp\ccqf0bX0.o
 .debug_line    0x00000a80       0x67 C:\Users\lukem\AppData\Local\Temp\ccLC0c8Q.o
 .debug_line    0x00000ae7      0x6cb C:\Users\lukem\AppData\Local\Temp\cck9xuvX.o
 .debug_line    0x000011b2      0x97d C:\Users\lukem\AppData\Local\Temp\ccKiiVqm.o

.debug_str      0x00000000    0xb3973
 .debug_str     0x00000000    0xb36f5 C:\Users\lukem\AppData\Local\Temp\ccqf0bX0.o
                              0xb3955 (size before relaxing)
 .debug_str     0x000b36f5       0x5d C:\Users\lukem\AppData\Local\Temp\ccLC0c8Q.o
                               0x2e5e (size before relaxing)
 .debug_str     0x000b3752      0x190 C:\Users\lukem\AppData\Local\Temp\cck9xuvX.o
                              0xb27be (size before relaxing)
 .debug_str     0x000b38e2       0x91 C:\Users\lukem\AppData\Local\Temp\ccKiiVqm.o
                              0xb2a2a (size before relaxing)

.comment        0x00000000       0x45
 .comment       0x00000000       0x45 C:\Users\lukem\AppData\Local\Temp\ccqf0bX0.o
                                 0x46 (size before relaxing)
 .comment       0x00000045       0x46 C:\Users\lukem\AppData\Local\Temp\ccLC0c8Q.o
 .comment       0x00000045       0x46 C:\Users\lukem\AppData\Local\Temp\cck9xuvX.o
 .comment       0x00000045       0x46 C:\Users\lukem\AppData\Local\Temp\ccKiiVqm.o

.ARM.attributes
                0x00000000       0x32
 .ARM.attributes
                0x00000000       0x34 C:\Users\lukem\AppData\Local\Temp\ccqf0bX0.o
 .ARM.attributes
                0x00000034       0x34 C:\Users\lukem\AppData\Local\Temp\ccLC0c8Q.o
 .ARM.attributes
                0x00000068       0x34 C:\Users\lukem\AppData\Local\Temp\cck9xuvX.o
 .ARM.attributes
                0x0000009c       0x34 C:\Users\lukem\AppData\Local\Temp\ccKiiVqm.o
 .ARM.attributes
                0x000000d0       0x34 c:/program files (x86)/arm gnu toolchain arm-none-eabi/12.3 rel1/bin/../lib/gcc/arm-none-eabi/12.3.1/thumb/v7e-m+fp/hard\libc_nano.a(libc_a-printf.o)
 .ARM.attributes
                0x00000104       0x34 c:/program files (x86)/arm gnu toolchain arm-none-eabi/12.3 rel1/bin/../lib/gcc/arm-none-eabi/12.3.1/thumb/v7e-m+fp/hard\libc_nano.a(libc_a-puts.o)
 .ARM.attributes
                0x00000138       0x34 c:/program files (x86)/arm gnu toolchain arm-none-eabi/12.3 rel1/bin/../lib/gcc/arm-none-eabi/12.3.1/thumb/v7e-m+fp/hard\libc_nano.a(libc_a-wbuf.o)
 .ARM.attributes
                0x0000016c       0x34 c:/program files (x86)/arm gnu toolchain arm-none-eabi/12.3 rel1/bin/../lib/gcc/arm-none-eabi/12.3.1/thumb/v7e-m+fp/hard\libc_nano.a(libc_a-wsetup.o)
 .ARM.attributes
                0x000001a0       0x34 c:/program files (x86)/arm gnu toolchain arm-none-eabi/12.3 rel1/bin/../lib/gcc/arm-none-eabi/12.3.1/thumb/v7e-m+fp/hard\libc_nano.a(libc_a-memset.o)
 .ARM.attributes
                0x000001d4       0x34 c:/program files (x86)/arm gnu toolchain arm-none-eabi/12.3 rel1/bin/../lib/gcc/arm-none-eabi/12.3.1/thumb/v7e-m+fp/hard\libc_nano.a(libc_a-impure.o)
 .ARM.attributes
                0x00000208       0x34 c:/program files (x86)/arm gnu toolchain arm-none-eabi/12.3 rel1/bin/../lib/gcc/arm-none-eabi/12.3.1/thumb/v7e-m+fp/hard\libc_nano.a(libc_a-lock.o)
 .ARM.attributes
                0x0000023c       0x34 c:/program files (x86)/arm gnu toolchain arm-none-eabi/12.3 rel1/bin/../lib/gcc/arm-none-eabi/12.3.1/thumb/v7e-m+fp/hard\libc_nano.a(libc_a-memcpy-stub.o)
 .ARM.attributes
                0x00000270       0x34 c:/program files (x86)/arm gnu toolchain arm-none-eabi/12.3 rel1/bin/../lib/gcc/arm-none-eabi/12.3.1/thumb/v7e-m+fp/hard\libc_nano.a(libc_a-freer.o)
 .ARM.attributes
                0x000002a4       0x34 c:/program files (x86)/arm gnu toolchain arm-none-eabi/12.3 rel1/bin/../lib/gcc/arm-none-eabi/12.3.1/thumb/v7e-m+fp/hard\libc_nano.a(libc_a-mallocr.o)
 .ARM.attributes
                0x000002d8       0x34 c:/program files (x86)/arm gnu toolchain arm-none-eabi/12.3 rel1/bin/../lib/gcc/arm-none-eabi/12.3.1/thumb/v7e-m+fp/hard\libc_nano.a(libc_a-mlock.o)
 .ARM.attributes
                0x0000030c       0x34 c:/program files (x86)/arm gnu toolchain arm-none-eabi/12.3 rel1/bin/../lib/gcc/arm-none-eabi/12.3.1/thumb/v7e-m+fp/hard\libc_nano.a(libc_a-nano-vfprintf.o)
 .ARM.attributes
                0x00000340       0x34 c:/program files (x86)/arm gnu toolchain arm-none-eabi/12.3 rel1/bin/../lib/gcc/arm-none-eabi/12.3.1/thumb/v7e-m+fp/hard\libc_nano.a(libc_a-nano-vfprintf_i.o)
 .ARM.attributes
                0x00000374       0x34 c:/program files (x86)/arm gnu toolchain arm-none-eabi/12.3 rel1/bin/../lib/gcc/arm-none-eabi/12.3.1/thumb/v7e-m+fp/hard\libc_nano.a(libc_a-fflush.o)
 .ARM.attributes
                0x000003a8       0x34 c:/program files (x86)/arm gnu toolchain arm-none-eabi/12.3 rel1/bin/../lib/gcc/arm-none-eabi/12.3.1/thumb/v7e-m+fp/hard\libc_nano.a(libc_a-findfp.o)
 .ARM.attributes
                0x000003dc       0x34 c:/program files (x86)/arm gnu toolchain arm-none-eabi/12.3 rel1/bin/../lib/gcc/arm-none-eabi/12.3.1/thumb/v7e-m+fp/hard\libc_nano.a(libc_a-fwalk.o)
 .ARM.attributes
                0x00000410       0x34 c:/program files (x86)/arm gnu toolchain arm-none-eabi/12.3 rel1/bin/../lib/gcc/arm-none-eabi/12.3.1/thumb/v7e-m+fp/hard\libc_nano.a(libc_a-makebuf.o)
 .ARM.attributes
                0x00000444       0x34 c:/program files (x86)/arm gnu toolchain arm-none-eabi/12.3 rel1/bin/../lib/gcc/arm-none-eabi/12.3.1/thumb/v7e-m+fp/hard\libc_nano.a(libc_a-stdio.o)
 .ARM.attributes
                0x00000478       0x34 c:/program files (x86)/arm gnu toolchain arm-none-eabi/12.3 rel1/bin/../lib/gcc/arm-none-eabi/12.3.1/thumb/v7e-m+fp/hard\libc_nano.a(libc_a-closer.o)
 .ARM.attributes
                0x000004ac       0x34 c:/program files (x86)/arm gnu toolchain arm-none-eabi/12.3 rel1/bin/../lib/gcc/arm-none-eabi/12.3.1/thumb/v7e-m+fp/hard\libc_nano.a(libc_a-reent.o)
 .ARM.attributes
                0x000004e0       0x34 c:/program files (x86)/arm gnu toolchain arm-none-eabi/12.3 rel1/bin/../lib/gcc/arm-none-eabi/12.3.1/thumb/v7e-m+fp/hard\libc_nano.a(libc_a-fstatr.o)
 .ARM.attributes
                0x00000514       0x34 c:/program files (x86)/arm gnu toolchain arm-none-eabi/12.3 rel1/bin/../lib/gcc/arm-none-eabi/12.3.1/thumb/v7e-m+fp/hard\libc_nano.a(libc_a-isattyr.o)
 .ARM.attributes
                0x00000548       0x34 c:/program files (x86)/arm gnu toolchain arm-none-eabi/12.3 rel1/bin/../lib/gcc/arm-none-eabi/12.3.1/thumb/v7e-m+fp/hard\libc_nano.a(libc_a-lseekr.o)
 .ARM.attributes
                0x0000057c       0x34 c:/program files (x86)/arm gnu toolchain arm-none-eabi/12.3 rel1/bin/../lib/gcc/arm-none-eabi/12.3.1/thumb/v7e-m+fp/hard\libc_nano.a(libc_a-readr.o)
 .ARM.attributes
                0x000005b0       0x34 c:/program files (x86)/arm gnu toolchain arm-none-eabi/12.3 rel1/bin/../lib/gcc/arm-none-eabi/12.3.1/thumb/v7e-m+fp/hard\libc_nano.a(libc_a-sbrkr.o)
 .ARM.attributes
                0x000005e4       0x34 c:/program files (x86)/arm gnu toolchain arm-none-eabi/12.3 rel1/bin/../lib/gcc/arm-none-eabi/12.3.1/thumb/v7e-m+fp/hard\libc_nano.a(libc_a-writer.o)
 .ARM.attributes
                0x00000618       0x1c c:/program files (x86)/arm gnu toolchain arm-none-eabi/12.3 rel1/bin/../lib/gcc/arm-none-eabi/12.3.1/thumb/v7e-m+fp/hard\libc_nano.a(libc_a-memchr.o)

.debug_frame    0x00000000      0xc10
 .debug_frame   0x00000000      0x1fc C:\Users\lukem\AppData\Local\Temp\ccqf0bX0.o
 .debug_frame   0x000001fc       0x20 C:\Users\lukem\AppData\Local\Temp\ccLC0c8Q.o
 .debug_frame   0x0000021c      0x108 C:\Users\lukem\AppData\Local\Temp\cck9xuvX.o
 .debug_frame   0x00000324      0x100 C:\Users\lukem\AppData\Local\Temp\ccKiiVqm.o
 .debug_frame   0x00000424       0x6c c:/program files (x86)/arm gnu toolchain arm-none-eabi/12.3 rel1/bin/../lib/gcc/arm-none-eabi/12.3.1/thumb/v7e-m+fp/hard\libc_nano.a(libc_a-printf.o)
 .debug_frame   0x00000490       0x3c c:/program files (x86)/arm gnu toolchain arm-none-eabi/12.3 rel1/bin/../lib/gcc/arm-none-eabi/12.3.1/thumb/v7e-m+fp/hard\libc_nano.a(libc_a-puts.o)
 .debug_frame   0x000004cc       0x40 c:/program files (x86)/arm gnu toolchain arm-none-eabi/12.3 rel1/bin/../lib/gcc/arm-none-eabi/12.3.1/thumb/v7e-m+fp/hard\libc_nano.a(libc_a-wbuf.o)
 .debug_frame   0x0000050c       0x2c c:/program files (x86)/arm gnu toolchain arm-none-eabi/12.3 rel1/bin/../lib/gcc/arm-none-eabi/12.3.1/thumb/v7e-m+fp/hard\libc_nano.a(libc_a-wsetup.o)
 .debug_frame   0x00000538       0x20 c:/program files (x86)/arm gnu toolchain arm-none-eabi/12.3 rel1/bin/../lib/gcc/arm-none-eabi/12.3.1/thumb/v7e-m+fp/hard\libc_nano.a(libc_a-memset.o)
 .debug_frame   0x00000558       0xb0 c:/program files (x86)/arm gnu toolchain arm-none-eabi/12.3 rel1/bin/../lib/gcc/arm-none-eabi/12.3.1/thumb/v7e-m+fp/hard\libc_nano.a(libc_a-lock.o)
 .debug_frame   0x00000608       0x28 c:/program files (x86)/arm gnu toolchain arm-none-eabi/12.3 rel1/bin/../lib/gcc/arm-none-eabi/12.3.1/thumb/v7e-m+fp/hard\libc_nano.a(libc_a-memcpy-stub.o)
 .debug_frame   0x00000630       0x38 c:/program files (x86)/arm gnu toolchain arm-none-eabi/12.3 rel1/bin/../lib/gcc/arm-none-eabi/12.3.1/thumb/v7e-m+fp/hard\libc_nano.a(libc_a-freer.o)
 .debug_frame   0x00000668       0x50 c:/program files (x86)/arm gnu toolchain arm-none-eabi/12.3 rel1/bin/../lib/gcc/arm-none-eabi/12.3.1/thumb/v7e-m+fp/hard\libc_nano.a(libc_a-mallocr.o)
 .debug_frame   0x000006b8       0x30 c:/program files (x86)/arm gnu toolchain arm-none-eabi/12.3 rel1/bin/../lib/gcc/arm-none-eabi/12.3.1/thumb/v7e-m+fp/hard\libc_nano.a(libc_a-mlock.o)
 .debug_frame   0x000006e8       0xa8 c:/program files (x86)/arm gnu toolchain arm-none-eabi/12.3 rel1/bin/../lib/gcc/arm-none-eabi/12.3.1/thumb/v7e-m+fp/hard\libc_nano.a(libc_a-nano-vfprintf.o)
 .debug_frame   0x00000790       0x60 c:/program files (x86)/arm gnu toolchain arm-none-eabi/12.3 rel1/bin/../lib/gcc/arm-none-eabi/12.3.1/thumb/v7e-m+fp/hard\libc_nano.a(libc_a-nano-vfprintf_i.o)
 .debug_frame   0x000007f0       0x5c c:/program files (x86)/arm gnu toolchain arm-none-eabi/12.3 rel1/bin/../lib/gcc/arm-none-eabi/12.3.1/thumb/v7e-m+fp/hard\libc_nano.a(libc_a-fflush.o)
 .debug_frame   0x0000084c      0x144 c:/program files (x86)/arm gnu toolchain arm-none-eabi/12.3 rel1/bin/../lib/gcc/arm-none-eabi/12.3.1/thumb/v7e-m+fp/hard\libc_nano.a(libc_a-findfp.o)
 .debug_frame   0x00000990       0x34 c:/program files (x86)/arm gnu toolchain arm-none-eabi/12.3 rel1/bin/../lib/gcc/arm-none-eabi/12.3.1/thumb/v7e-m+fp/hard\libc_nano.a(libc_a-fwalk.o)
 .debug_frame   0x000009c4       0x58 c:/program files (x86)/arm gnu toolchain arm-none-eabi/12.3 rel1/bin/../lib/gcc/arm-none-eabi/12.3.1/thumb/v7e-m+fp/hard\libc_nano.a(libc_a-makebuf.o)
 .debug_frame   0x00000a1c       0x88 c:/program files (x86)/arm gnu toolchain arm-none-eabi/12.3 rel1/bin/../lib/gcc/arm-none-eabi/12.3.1/thumb/v7e-m+fp/hard\libc_nano.a(libc_a-stdio.o)
 .debug_frame   0x00000aa4       0x2c c:/program files (x86)/arm gnu toolchain arm-none-eabi/12.3 rel1/bin/../lib/gcc/arm-none-eabi/12.3.1/thumb/v7e-m+fp/hard\libc_nano.a(libc_a-closer.o)
 .debug_frame   0x00000ad0       0x38 c:/program files (x86)/arm gnu toolchain arm-none-eabi/12.3 rel1/bin/../lib/gcc/arm-none-eabi/12.3.1/thumb/v7e-m+fp/hard\libc_nano.a(libc_a-reent.o)
 .debug_frame   0x00000b08       0x2c c:/program files (x86)/arm gnu toolchain arm-none-eabi/12.3 rel1/bin/../lib/gcc/arm-none-eabi/12.3.1/thumb/v7e-m+fp/hard\libc_nano.a(libc_a-fstatr.o)
 .debug_frame   0x00000b34       0x2c c:/program files (x86)/arm gnu toolchain arm-none-eabi/12.3 rel1/bin/../lib/gcc/arm-none-eabi/12.3.1/thumb/v7e-m+fp/hard\libc_nano.a(libc_a-isattyr.o)
 .debug_frame   0x00000b60       0x2c c:/program files (x86)/arm gnu toolchain arm-none-eabi/12.3 rel1/bin/../lib/gcc/arm-none-eabi/12.3.1/thumb/v7e-m+fp/hard\libc_nano.a(libc_a-lseekr.o)
 .debug_frame   0x00000b8c       0x2c c:/program files (x86)/arm gnu toolchain arm-none-eabi/12.3 rel1/bin/../lib/gcc/arm-none-eabi/12.3.1/thumb/v7e-m+fp/hard\libc_nano.a(libc_a-readr.o)
 .debug_frame   0x00000bb8       0x2c c:/program files (x86)/arm gnu toolchain arm-none-eabi/12.3 rel1/bin/../lib/gcc/arm-none-eabi/12.3.1/thumb/v7e-m+fp/hard\libc_nano.a(libc_a-sbrkr.o)
 .debug_frame   0x00000be4       0x2c c:/program files (x86)/arm gnu toolchain arm-none-eabi/12.3 rel1/bin/../lib/gcc/arm-none-eabi/12.3.1/thumb/v7e-m+fp/hard\libc_nano.a(libc_a-writer.o)

.debug_line_str
                0x00000000       0xe1
 .debug_line_str
                0x00000000       0xe1 c:/program files (x86)/arm gnu toolchain arm-none-eabi/12.3 rel1/bin/../lib/gcc/arm-none-eabi/12.3.1/thumb/v7e-m+fp/hard\libc_nano.a(libc_a-memchr.o)
