Archive member included to satisfy reference by file (symbol)

/opt/arm-none-eabi/bin/../lib/gcc/arm-none-eabi/13.2.1/../../../../arm-none-eabi/lib/thumb/v7e-m+fp/hard/libm.a(libm_a-s_trunc.o)
                              /tmp/ccxg6iGf.o (trunc)
/opt/arm-none-eabi/bin/../lib/gcc/arm-none-eabi/13.2.1/../../../../arm-none-eabi/lib/thumb/v7e-m+fp/hard/libm.a(libm_a-w_sqrt.o)
                              /tmp/cciJjZcu.o (sqrt)
/opt/arm-none-eabi/bin/../lib/gcc/arm-none-eabi/13.2.1/../../../../arm-none-eabi/lib/thumb/v7e-m+fp/hard/libm.a(libm_a-powl.o)
                              /tmp/ccq0omN6.o (powl)
/opt/arm-none-eabi/bin/../lib/gcc/arm-none-eabi/13.2.1/../../../../arm-none-eabi/lib/thumb/v7e-m+fp/hard/libm.a(libm_a-e_sqrt.o)
                              /opt/arm-none-eabi/bin/../lib/gcc/arm-none-eabi/13.2.1/../../../../arm-none-eabi/lib/thumb/v7e-m+fp/hard/libm.a(libm_a-w_sqrt.o) (__ieee754_sqrt)
/opt/arm-none-eabi/bin/../lib/gcc/arm-none-eabi/13.2.1/../../../../arm-none-eabi/lib/thumb/v7e-m+fp/hard/libm.a(libm_a-w_pow.o)
                              /tmp/cciJjZcu.o (pow)
/opt/arm-none-eabi/bin/../lib/gcc/arm-none-eabi/13.2.1/../../../../arm-none-eabi/lib/thumb/v7e-m+fp/hard/libm.a(libm_a-s_finite.o)
                              /opt/arm-none-eabi/bin/../lib/gcc/arm-none-eabi/13.2.1/../../../../arm-none-eabi/lib/thumb/v7e-m+fp/hard/libm.a(libm_a-w_pow.o) (finite)
/opt/arm-none-eabi/bin/../lib/gcc/arm-none-eabi/13.2.1/../../../../arm-none-eabi/lib/thumb/v7e-m+fp/hard/libm.a(libm_a-e_pow.o)
                              /opt/arm-none-eabi/bin/../lib/gcc/arm-none-eabi/13.2.1/../../../../arm-none-eabi/lib/thumb/v7e-m+fp/hard/libm.a(libm_a-w_pow.o) (__ieee754_pow)
/opt/arm-none-eabi/bin/../lib/gcc/arm-none-eabi/13.2.1/../../../../arm-none-eabi/lib/thumb/v7e-m+fp/hard/libm.a(libm_a-math_err.o)
                              /opt/arm-none-eabi/bin/../lib/gcc/arm-none-eabi/13.2.1/../../../../arm-none-eabi/lib/thumb/v7e-m+fp/hard/libm.a(libm_a-e_pow.o) (__math_uflow)
/opt/arm-none-eabi/bin/../lib/gcc/arm-none-eabi/13.2.1/../../../../arm-none-eabi/lib/thumb/v7e-m+fp/hard/libm.a(libm_a-s_fabs.o)
                              /opt/arm-none-eabi/bin/../lib/gcc/arm-none-eabi/13.2.1/../../../../arm-none-eabi/lib/thumb/v7e-m+fp/hard/libm.a(libm_a-e_pow.o) (fabs)
/opt/arm-none-eabi/bin/../lib/gcc/arm-none-eabi/13.2.1/../../../../arm-none-eabi/lib/thumb/v7e-m+fp/hard/libm.a(libm_a-s_scalbn.o)
                              /opt/arm-none-eabi/bin/../lib/gcc/arm-none-eabi/13.2.1/../../../../arm-none-eabi/lib/thumb/v7e-m+fp/hard/libm.a(libm_a-e_pow.o) (scalbn)
/opt/arm-none-eabi/bin/../lib/gcc/arm-none-eabi/13.2.1/../../../../arm-none-eabi/lib/thumb/v7e-m+fp/hard/libc_nano.a(libc_a-printf.o)
                              /tmp/ccxg6iGf.o (printf)
/opt/arm-none-eabi/bin/../lib/gcc/arm-none-eabi/13.2.1/../../../../arm-none-eabi/lib/thumb/v7e-m+fp/hard/libc_nano.a(libc_a-nano-vfprintf.o)
                              /opt/arm-none-eabi/bin/../lib/gcc/arm-none-eabi/13.2.1/../../../../arm-none-eabi/lib/thumb/v7e-m+fp/hard/libc_nano.a(libc_a-printf.o) (_vfprintf_r)
/opt/arm-none-eabi/bin/../lib/gcc/arm-none-eabi/13.2.1/../../../../arm-none-eabi/lib/thumb/v7e-m+fp/hard/libc_nano.a(libc_a-wbuf.o)
                              /opt/arm-none-eabi/bin/../lib/gcc/arm-none-eabi/13.2.1/../../../../arm-none-eabi/lib/thumb/v7e-m+fp/hard/libc_nano.a(libc_a-nano-vfprintf.o) (__swbuf_r)
/opt/arm-none-eabi/bin/../lib/gcc/arm-none-eabi/13.2.1/../../../../arm-none-eabi/lib/thumb/v7e-m+fp/hard/libc_nano.a(libc_a-wsetup.o)
                              /opt/arm-none-eabi/bin/../lib/gcc/arm-none-eabi/13.2.1/../../../../arm-none-eabi/lib/thumb/v7e-m+fp/hard/libc_nano.a(libc_a-nano-vfprintf.o) (__swsetup_r)
/opt/arm-none-eabi/bin/../lib/gcc/arm-none-eabi/13.2.1/../../../../arm-none-eabi/lib/thumb/v7e-m+fp/hard/libc_nano.a(libc_a-putchar.o)
                              /tmp/ccxg6iGf.o (putchar)
/opt/arm-none-eabi/bin/../lib/gcc/arm-none-eabi/13.2.1/../../../../arm-none-eabi/lib/thumb/v7e-m+fp/hard/libc_nano.a(libc_a-nano-vfprintf_i.o)
                              /opt/arm-none-eabi/bin/../lib/gcc/arm-none-eabi/13.2.1/../../../../arm-none-eabi/lib/thumb/v7e-m+fp/hard/libc_nano.a(libc_a-nano-vfprintf.o) (_printf_i)
/opt/arm-none-eabi/bin/../lib/gcc/arm-none-eabi/13.2.1/../../../../arm-none-eabi/lib/thumb/v7e-m+fp/hard/libc_nano.a(libc_a-puts.o)
                              /tmp/ccxg6iGf.o (puts)
/opt/arm-none-eabi/bin/../lib/gcc/arm-none-eabi/13.2.1/../../../../arm-none-eabi/lib/thumb/v7e-m+fp/hard/libc_nano.a(libc_a-impure.o)
                              /opt/arm-none-eabi/bin/../lib/gcc/arm-none-eabi/13.2.1/../../../../arm-none-eabi/lib/thumb/v7e-m+fp/hard/libc_nano.a(libc_a-printf.o) (_impure_ptr)
/opt/arm-none-eabi/bin/../lib/gcc/arm-none-eabi/13.2.1/../../../../arm-none-eabi/lib/thumb/v7e-m+fp/hard/libc_nano.a(libc_a-fflush.o)
[...]
Memory Configuration

Name             Origin             Length             Attributes
flash            0x08000000         0x00200000         xr
sram             0x20000000         0x00030000         xrw
*default*        0x00000000         0xffffffff

Linker script and memory map

LOAD /tmp/ccxg6iGf.o
LOAD /tmp/ccmwflmv.o
LOAD /tmp/ccqJhq9G.o
LOAD /tmp/cc3lBuo8.o
LOAD /tmp/ccs9LNjY.o
LOAD /tmp/ccq97qwb.o
LOAD /tmp/ccoMxb0Z.o
LOAD /tmp/cctyToBq.o
LOAD /tmp/cciJjZcu.o
LOAD /tmp/ccq0omN6.o
LOAD /tmp/cc9BwONA.o
LOAD /opt/arm-none-eabi/bin/../lib/gcc/arm-none-eabi/13.2.1/../../../../arm-none-eabi/lib/thumb/v7e-m+fp/hard/libm.a
LOAD /opt/arm-none-eabi/bin/../lib/gcc/arm-none-eabi/13.2.1/../../../../arm-none-eabi/lib/thumb/v7e-m+fp/hard/libc_nano.a
LOAD /opt/arm-none-eabi/bin/../lib/gcc/arm-none-eabi/13.2.1/thumb/v7e-m+fp/hard/libgcc.a
                0x20030000                        _estack = (ORIGIN (sram) + LENGTH (sram))

.vectors        0x08000000      0x1bc
 *(.vectors)
 .vectors       0x08000000      0x1bc /tmp/ccmwflmv.o
                0x08000000                tab

.text           0x080001c0     0x75d4
 *(.text*)
 .text.get_time_us
                0x080001c0       0x14 /tmp/ccxg6iGf.o
 .text.delay_microseconds
                0x080001d4       0x2a /tmp/ccxg6iGf.o
 *fill*         0x080001fe        0x2 
 .text.gpio_set_mode
                0x08000200       0x78 /tmp/ccxg6iGf.o
 .text.gpio_write
                0x08000278       0x4c /tmp/ccxg6iGf.o
 .text.gpio_read
                0x080002c4       0x40 /tmp/ccxg6iGf.o
 .text.get_bit  0x08000304       0x40 /tmp/ccxg6iGf.o
 .text.zip      0x08000344      0x694 /tmp/ccxg6iGf.o
 .text.unzip    0x080009d8      0x794 /tmp/ccxg6iGf.o
 .text.print_byte
                0x0800116c       0x50 /tmp/ccxg6iGf.o
 .text._memset  0x080011bc       0x3a /tmp/ccxg6iGf.o
 *fill*         0x080011f6        0x2 
 .text.wait_for_ready_flag
                0x080011f8       0x54 /tmp/ccxg6iGf.o
 .text.set_pin_modes
                0x0800124c       0xb4 /tmp/ccxg6iGf.o
 .text.set_control_pins
                0x08001300       0xbc /tmp/ccxg6iGf.o
 .text.set_data_pins
                0x080013bc      0x108 /tmp/ccxg6iGf.o
 .text.send_byte_to_flash
                0x080014c4       0x36 /tmp/ccxg6iGf.o
 *fill*         0x080014fa        0x2 
 .text.receive_byte_from_flash
                0x080014fc      0x110 /tmp/ccxg6iGf.o
 .text.send_addr_to_flash
                0x0800160c       0xb0 /tmp/ccxg6iGf.o
 .text.read_flash_ID
                0x080016bc       0x9c /tmp/ccxg6iGf.o
 .text.read_frame
                0x08001758       0x5a /tmp/ccxg6iGf.o
 *fill*         0x080017b2        0x2 
 .text.write_frame
                0x080017b4       0x78 /tmp/ccxg6iGf.o
 .text.max      0x0800182c       0x28 /tmp/ccxg6iGf.o
 .text.diff     0x08001854       0x2a /tmp/ccxg6iGf.o
 .text.get_next_available_frame_addr
                0x0800187e       0xbe /tmp/ccxg6iGf.o
 .text.init_flash
                0x0800193c      0x140 /tmp/ccxg6iGf.o
 .text.calculate_CRC
                0x08001a7c       0x88 /tmp/ccxg6iGf.o
 .text.encode_parity
                0x08001b04       0x5e /tmp/ccxg6iGf.o
 *fill*         0x08001b62        0x2 
 .text.log_frame
                0x08001b64       0x90 /tmp/ccxg6iGf.o
 .text.SysTick_Handler
                0x08001bf4       0x1c /tmp/ccxg6iGf.o
                0x08001bf4                SysTick_Handler
 .text.get_frame_array
                0x08001c10      0x118 /tmp/ccxg6iGf.o
                0x08001c10                get_frame_array
 .text.update_sensors
                0x08001d28       0x7c /tmp/ccxg6iGf.o
                0x08001d28                update_sensors
 .text.main     0x08001da4      0x88c /tmp/ccxg6iGf.o
                0x08001da4                main
 .text._reset   0x08002630       0x44 /tmp/ccmwflmv.o
                0x08002630                _reset
 .text.spin     0x08002674       0x24 /tmp/ccqJhq9G.o
 .text.uart_write_byte
                0x08002698       0x32 /tmp/ccqJhq9G.o
 .text.uart_write_buf
                0x080026ca       0x32 /tmp/ccqJhq9G.o
 .text._fstat   0x080026fc       0x2c /tmp/ccqJhq9G.o
                0x080026fc                _fstat
 .text._sbrk    0x08002728       0x40 /tmp/ccqJhq9G.o
                0x08002728                _sbrk
 .text._close   0x08002768       0x18 /tmp/ccqJhq9G.o
                0x08002768                _close
 .text._isatty  0x08002780       0x16 /tmp/ccqJhq9G.o
                0x08002780                _isatty
 .text._lseek   0x08002796       0x1a /tmp/ccqJhq9G.o
                0x08002796                _lseek
 .text._read    0x080027b0       0x1c /tmp/ccqJhq9G.o
                0x080027b0                _read
 .text._write   0x080027cc       0x40 /tmp/ccqJhq9G.o
                0x080027cc                _write
 .text.delay_ms
                0x0800280c       0x30 /tmp/cc3lBuo8.o
 .text.systick_init
                0x0800283c       0x58 /tmp/cc3lBuo8.o
 .text.gpio_set_mode
                0x08002894       0x78 /tmp/cc3lBuo8.o
 .text.gpio_set_af
                0x0800290c       0x82 /tmp/cc3lBuo8.o
 .text.gpio_write
                0x0800298e       0x4c /tmp/cc3lBuo8.o
 *fill*         0x080029da        0x2 
 .text.uart_init
                0x080029dc      0x12c /tmp/cc3lBuo8.o
 .text.multiplexer_init
                0x08002b08       0x30 /tmp/cc3lBuo8.o
 .text.spi_init
                0x08002b38      0x1a0 /tmp/cc3lBuo8.o
 .text.pwr_vdd2_init
                0x08002cd8       0x30 /tmp/cc3lBuo8.o
 .text.STM32_init
                0x08002d08       0x3c /tmp/cc3lBuo8.o
                0x08002d08                STM32_init
 .text.STM32_init_clock
                0x08002d44       0xc4 /tmp/cc3lBuo8.o
                0x08002d44                STM32_init_clock
 .text.init_delay_timer
                0x08002e08       0x50 /tmp/cc3lBuo8.o
                0x08002e08                init_delay_timer
 .text.STM32_init_internals
                0x08002e58       0x48 /tmp/cc3lBuo8.o
                0x08002e58                STM32_init_internals
 .text.STM32_init_peripherals
                0x08002ea0       0x20 /tmp/cc3lBuo8.o
                0x08002ea0                STM32_init_peripherals
 .text.STM32_beep_buzzer
                0x08002ec0       0x4c /tmp/cc3lBuo8.o
                0x08002ec0                STM32_beep_buzzer
 .text.STM32_indicate_on
                0x08002f0c       0x56 /tmp/cc3lBuo8.o
                0x08002f0c                STM32_indicate_on
 .text.get_time_us
                0x08002f62       0x14 /tmp/ccs9LNjY.o
 .text.delay_microseconds
                0x08002f76       0x2a /tmp/ccs9LNjY.o
 .text.gpio_write
                0x08002fa0       0x4c /tmp/ccs9LNjY.o
 .text.set_cs   0x08002fec       0xe0 /tmp/ccs9LNjY.o
 .text.unset_cs
                0x080030cc       0x30 /tmp/ccs9LNjY.o
 .text.spi_ready_read
                0x080030fc       0x32 /tmp/ccs9LNjY.o
 .text.spi_ready_write
                0x0800312e       0x24 /tmp/ccs9LNjY.o
 .text.spi_enable_cs
                0x08003152       0x1e /tmp/ccs9LNjY.o
 .text.spi_disable_cs
                0x08003170       0x1c /tmp/ccs9LNjY.o
 .text.spi_transmit
                0x0800318c       0x36 /tmp/ccs9LNjY.o
 .text.spi_transmit_receive
                0x080031c2       0xb8 /tmp/ccs9LNjY.o
 *fill*         0x0800327a        0x2 
 .text.MS5611_init
                0x0800327c       0x5c /tmp/ccs9LNjY.o
                0x0800327c                MS5611_init
 .text.MS5611_read_PROM
                0x080032d8       0x78 /tmp/ccs9LNjY.o
                0x080032d8                MS5611_read_PROM
 .text.MS5611_get_data
                0x08003350      0x248 /tmp/ccs9LNjY.o
                0x08003350                MS5611_get_data
 .text.delay_ms
                0x08003598       0x30 /tmp/ccoMxb0Z.o
 .text.gpio_write
                0x080035c8       0x4c /tmp/ccoMxb0Z.o
 .text.set_cs   0x08003614       0xe0 /tmp/ccoMxb0Z.o
 .text.unset_cs
                0x080036f4       0x30 /tmp/ccoMxb0Z.o
 .text.spi_ready_read
                0x08003724       0x32 /tmp/ccoMxb0Z.o
 .text.spi_ready_write
                0x08003756       0x24 /tmp/ccoMxb0Z.o
 .text.spi_enable_cs
                0x0800377a       0x1e /tmp/ccoMxb0Z.o
 .text.spi_disable_cs
                0x08003798       0x1c /tmp/ccoMxb0Z.o
 .text.spi_transmit
                0x080037b4       0x36 /tmp/ccoMxb0Z.o
 .text.spi_transmit_receive
                0x080037ea       0xb8 /tmp/ccoMxb0Z.o
 *fill*         0x080038a2        0x2 
 .text.ADXL375_init
                0x080038a4       0xa4 /tmp/ccoMxb0Z.o
                0x080038a4                ADXL375_init
 .text.ADXL375_get_data
                0x08003948       0xe8 /tmp/ccoMxb0Z.o
                0x08003948                ADXL375_get_data
 .text.ADXL375_reg_write
                0x08003a30       0x54 /tmp/ccoMxb0Z.o
                0x08003a30                ADXL375_reg_write
 .text.ADXL375_reg_read
                0x08003a84       0x78 /tmp/ccoMxb0Z.o
                0x08003a84                ADXL375_reg_read
 .text.init_buffer
                0x08003afc       0x3e /tmp/cciJjZcu.o
                0x08003afc                init_buffer
 .text.cmpfunc  0x08003b3a       0x20 /tmp/cciJjZcu.o
                0x08003b3a                cmpfunc
 *fill*         0x08003b5a        0x2 
 .text.get_median
                0x08003b5c       0x6c /tmp/cciJjZcu.o
                0x08003b5c                get_median
 .text.set_ground_reference
                0x08003bc8       0x58 /tmp/cciJjZcu.o
                0x08003bc8                set_ground_reference
 .text.update_buffer
                0x08003c20      0x104 /tmp/cciJjZcu.o
                0x08003c20                update_buffer
 *fill*         0x08003d24        0x4 
 .text.is_stationary
                0x08003d28       0xe8 /tmp/cciJjZcu.o
                0x08003d28                is_stationary
 .text.get_time_us
                0x08003e10       0x14 /tmp/ccq0omN6.o
 .text.delay_microseconds
                0x08003e24       0x2a /tmp/ccq0omN6.o
 *fill*         0x08003e4e        0x2 
 .text.delay_ms
                0x08003e50       0x30 /tmp/ccq0omN6.o
 .text.gpio_write
                0x08003e80       0x4c /tmp/ccq0omN6.o
 .text.set_cs   0x08003ecc       0xe0 /tmp/ccq0omN6.o
 .text.unset_cs
                0x08003fac       0x30 /tmp/ccq0omN6.o
 .text.spi_ready_read
                0x08003fdc       0x32 /tmp/ccq0omN6.o
 .text.spi_ready_write
                0x0800400e       0x24 /tmp/ccq0omN6.o
 .text.spi_enable_cs
                0x08004032       0x1e /tmp/ccq0omN6.o
 .text.spi_disable_cs
                0x08004050       0x1c /tmp/ccq0omN6.o
 .text.spi_transmit
                0x0800406c       0x36 /tmp/ccq0omN6.o
 .text.spi_transmit_receive
                0x080040a2       0xb8 /tmp/ccq0omN6.o
 *fill*         0x0800415a        0x2 
 .text.Lsm6ds3Init
                0x0800415c       0xa8 /tmp/ccq0omN6.o
                0x0800415c                Lsm6ds3Init
 .text.Lsm6ds3WriteRegister
                0x08004204       0x74 /tmp/ccq0omN6.o
 .text.Lsm6ds3WriteRegisterBits
                0x08004278       0x94 /tmp/ccq0omN6.o
 .text.Lsm6ds3Config
                0x0800430c       0x7e /tmp/ccq0omN6.o
                0x0800430c                Lsm6ds3Config
 *fill*         0x0800438a        0x2 
 .text.Lsm6ds3AccRead
                0x0800438c       0xfc /tmp/ccq0omN6.o
                0x0800438c                Lsm6ds3AccRead
 .text.Lsm6ds3GyroRead
                0x08004488       0xe2 /tmp/ccq0omN6.o
                0x08004488                Lsm6ds3GyroRead
 *fill*         0x0800456a        0x2 
 .text.Lsm6ds3GyroOffsets
                0x0800456c      0x224 /tmp/ccq0omN6.o
                0x0800456c                Lsm6ds3GyroOffsets
 .text.Lsmds3GyroStandardDev
                0x08004790      0x27c /tmp/ccq0omN6.o
                0x08004790                Lsmds3GyroStandardDev
 .text.sqrt     0x08004a0c       0x68 /opt/arm-none-eabi/bin/../lib/gcc/arm-none-eabi/13.2.1/../../../../arm-none-eabi/lib/thumb/v7e-m+fp/hard/libm.a(libm_a-w_sqrt.o)
                0x08004a0c                sqrt
 .text.powl     0x08004a74        0x4 /opt/arm-none-eabi/bin/../lib/gcc/arm-none-eabi/13.2.1/../../../../arm-none-eabi/lib/thumb/v7e-m+fp/hard/libm.a(libm_a-powl.o)
                0x08004a74                powl
 .text.__ieee754_sqrt
                0x08004a78      0x1f4 /opt/arm-none-eabi/bin/../lib/gcc/arm-none-eabi/13.2.1/../../../../arm-none-eabi/lib/thumb/v7e-m+fp/hard/libm.a(libm_a-e_sqrt.o)
                0x08004a78                __ieee754_sqrt
 *fill*         0x08004c6c        0x4 
 .text.pow      0x08004c70       0xf0 /opt/arm-none-eabi/bin/../lib/gcc/arm-none-eabi/13.2.1/../../../../arm-none-eabi/lib/thumb/v7e-m+fp/hard/libm.a(libm_a-w_pow.o)
                0x08004c70                pow
 .text.finite   0x08004d60       0x18 /opt/arm-none-eabi/bin/../lib/gcc/arm-none-eabi/13.2.1/../../../../arm-none-eabi/lib/thumb/v7e-m+fp/hard/libm.a(libm_a-s_finite.o)
                0x08004d60                finite
 .text.__ieee754_pow
                0x08004d78      0xc14 /opt/arm-none-eabi/bin/../lib/gcc/arm-none-eabi/13.2.1/../../../../arm-none-eabi/lib/thumb/v7e-m+fp/hard/libm.a(libm_a-e_pow.o)
                0x08004d78                __ieee754_pow
 .text.with_errno
                0x0800598c       0x24 /opt/arm-none-eabi/bin/../lib/gcc/arm-none-eabi/13.2.1/../../../../arm-none-eabi/lib/thumb/v7e-m+fp/hard/libm.a(libm_a-math_err.o)
 .text.xflow    0x080059b0       0x34 /opt/arm-none-eabi/bin/../lib/gcc/arm-none-eabi/13.2.1/../../../../arm-none-eabi/lib/thumb/v7e-m+fp/hard/libm.a(libm_a-math_err.o)
 *fill*         0x080059e4        0x4 
 .text.__math_uflow
                0x080059e8       0x10 /opt/arm-none-eabi/bin/../lib/gcc/arm-none-eabi/13.2.1/../../../../arm-none-eabi/lib/thumb/v7e-m+fp/hard/libm.a(libm_a-math_err.o)
                0x080059e8                __math_uflow
 .text.__math_oflow
                0x080059f8       0x10 /opt/arm-none-eabi/bin/../lib/gcc/arm-none-eabi/13.2.1/../../../../arm-none-eabi/lib/thumb/v7e-m+fp/hard/libm.a(libm_a-math_err.o)
                0x080059f8                __math_oflow
 .text.fabs     0x08005a08       0x10 /opt/arm-none-eabi/bin/../lib/gcc/arm-none-eabi/13.2.1/../../../../arm-none-eabi/lib/thumb/v7e-m+fp/hard/libm.a(libm_a-s_fabs.o)
                0x08005a08                fabs
 .text.scalbn   0x08005a18      0x114 /opt/arm-none-eabi/bin/../lib/gcc/arm-none-eabi/13.2.1/../../../../arm-none-eabi/lib/thumb/v7e-m+fp/hard/libm.a(libm_a-s_scalbn.o)
                0x08005a18                scalbn
 .text.printf   0x08005b2c       0x24 /opt/arm-none-eabi/bin/../lib/gcc/arm-none-eabi/13.2.1/../../../../arm-none-eabi/lib/thumb/v7e-m+fp/hard/libc_nano.a(libc_a-printf.o)
                0x08005b2c                printf
                0x08005b2c                iprintf
 .text.__sfputc_r
                0x08005b50       0x2e /opt/arm-none-eabi/bin/../lib/gcc/arm-none-eabi/13.2.1/../../../../arm-none-eabi/lib/thumb/v7e-m+fp/hard/libc_nano.a(libc_a-nano-vfprintf.o)
 .text.__sfputs_r
                0x08005b7e       0x24 /opt/arm-none-eabi/bin/../lib/gcc/arm-none-eabi/13.2.1/../../../../arm-none-eabi/lib/thumb/v7e-m+fp/hard/libc_nano.a(libc_a-nano-vfprintf.o)
                0x08005b7e                __sfputs_r
 *fill*         0x08005ba2        0x2 
 .text._vfprintf_r
                0x08005ba4      0x230 /opt/arm-none-eabi/bin/../lib/gcc/arm-none-eabi/13.2.1/../../../../arm-none-eabi/lib/thumb/v7e-m+fp/hard/libc_nano.a(libc_a-nano-vfprintf.o)
                0x08005ba4                _vfiprintf_r
                0x08005ba4                _vfprintf_r
 .text.__swbuf_r
                0x08005dd4       0x7c /opt/arm-none-eabi/bin/../lib/gcc/arm-none-eabi/13.2.1/../../../../arm-none-eabi/lib/thumb/v7e-m+fp/hard/libc_nano.a(libc_a-wbuf.o)
                0x08005dd4                __swbuf_r
 .text.__swsetup_r
                0x08005e50       0xac /opt/arm-none-eabi/bin/../lib/gcc/arm-none-eabi/13.2.1/../../../../arm-none-eabi/lib/thumb/v7e-m+fp/hard/libc_nano.a(libc_a-wsetup.o)
                0x08005e50                __swsetup_r
 .text._printf_common
                0x08005efc       0xda /opt/arm-none-eabi/bin/../lib/gcc/arm-none-eabi/13.2.1/../../../../arm-none-eabi/lib/thumb/v7e-m+fp/hard/libc_nano.a(libc_a-nano-vfprintf_i.o)
                0x08005efc                _printf_common
 *fill*         0x08005fd6        0x2 
 .text._printf_i
                0x08005fd8      0x23c /opt/arm-none-eabi/bin/../lib/gcc/arm-none-eabi/13.2.1/../../../../arm-none-eabi/lib/thumb/v7e-m+fp/hard/libc_nano.a(libc_a-nano-vfprintf_i.o)
                0x08005fd8                _printf_i
 .text._puts_r  0x08006214       0xaa /opt/arm-none-eabi/bin/../lib/gcc/arm-none-eabi/13.2.1/../../../../arm-none-eabi/lib/thumb/v7e-m+fp/hard/libc_nano.a(libc_a-puts.o)
                0x08006214                _puts_r
 *fill*         0x080062be        0x2 
 .text.puts     0x080062c0       0x10 /opt/arm-none-eabi/bin/../lib/gcc/arm-none-eabi/13.2.1/../../../../arm-none-eabi/lib/thumb/v7e-m+fp/hard/libc_nano.a(libc_a-puts.o)
                0x080062c0                puts
 .text.__sflush_r
                0x080062d0      0x108 /opt/arm-none-eabi/bin/../lib/gcc/arm-none-eabi/13.2.1/../../../../arm-none-eabi/lib/thumb/v7e-m+fp/hard/libc_nano.a(libc_a-fflush.o)
                0x080062d0                __sflush_r
 .text._fflush_r
                0x080063d8       0x50 /opt/arm-none-eabi/bin/../lib/gcc/arm-none-eabi/13.2.1/../../../../arm-none-eabi/lib/thumb/v7e-m+fp/hard/libc_nano.a(libc_a-fflush.o)
                0x080063d8                _fflush_r
 *fill*         0x08006428        0x8 
 .text          0x08006430       0xa0 /opt/arm-none-eabi/bin/../lib/gcc/arm-none-eabi/13.2.1/../../../../arm-none-eabi/lib/thumb/v7e-m+fp/hard/libc_nano.a(libc_a-memchr.o)
                0x08006430                memchr
 .text.memcpy   0x080064d0       0x1c /opt/arm-none-eabi/bin/../lib/gcc/arm-none-eabi/13.2.1/../../../../arm-none-eabi/lib/thumb/v7e-m+fp/hard/libc_nano.a(libc_a-memcpy-stub.o)
                0x080064d0                memcpy
 .text.std      0x080064ec       0x6c /opt/arm-none-eabi/bin/../lib/gcc/arm-none-eabi/13.2.1/../../../../arm-none-eabi/lib/thumb/v7e-m+fp/hard/libc_nano.a(libc_a-findfp.o)
 .text.stdio_exit_handler
                0x08006558       0x18 /opt/arm-none-eabi/bin/../lib/gcc/arm-none-eabi/13.2.1/../../../../arm-none-eabi/lib/thumb/v7e-m+fp/hard/libc_nano.a(libc_a-findfp.o)
 .text.cleanup_stdio
                0x08006570       0x40 /opt/arm-none-eabi/bin/../lib/gcc/arm-none-eabi/13.2.1/../../../../arm-none-eabi/lib/thumb/v7e-m+fp/hard/libc_nano.a(libc_a-findfp.o)
 .text.global_stdio_init.part.0
                0x080065b0       0x3c /opt/arm-none-eabi/bin/../lib/gcc/arm-none-eabi/13.2.1/../../../../arm-none-eabi/lib/thumb/v7e-m+fp/hard/libc_nano.a(libc_a-findfp.o)
 .text.__sfp_lock_acquire
                0x080065ec        0xc /opt/arm-none-eabi/bin/../lib/gcc/arm-none-eabi/13.2.1/../../../../arm-none-eabi/lib/thumb/v7e-m+fp/hard/libc_nano.a(libc_a-findfp.o)
                0x080065ec                __sfp_lock_acquire
 .text.__sfp_lock_release
                0x080065f8        0xc /opt/arm-none-eabi/bin/../lib/gcc/arm-none-eabi/13.2.1/../../../../arm-none-eabi/lib/thumb/v7e-m+fp/hard/libc_nano.a(libc_a-findfp.o)
                0x080065f8                __sfp_lock_release
 .text.__sinit  0x08006604       0x30 /opt/arm-none-eabi/bin/../lib/gcc/arm-none-eabi/13.2.1/../../../../arm-none-eabi/lib/thumb/v7e-m+fp/hard/libc_nano.a(libc_a-findfp.o)
                0x08006604                __sinit
 .text.__sread  0x08006634       0x22 /opt/arm-none-eabi/bin/../lib/gcc/arm-none-eabi/13.2.1/../../../../arm-none-eabi/lib/thumb/v7e-m+fp/hard/libc_nano.a(libc_a-stdio.o)
                0x08006634                __sread
 .text.__swrite
                0x08006656       0x38 /opt/arm-none-eabi/bin/../lib/gcc/arm-none-eabi/13.2.1/../../../../arm-none-eabi/lib/thumb/v7e-m+fp/hard/libc_nano.a(libc_a-stdio.o)
                0x08006656                __swrite
 .text.__sseek  0x0800668e       0x24 /opt/arm-none-eabi/bin/../lib/gcc/arm-none-eabi/13.2.1/../../../../arm-none-eabi/lib/thumb/v7e-m+fp/hard/libc_nano.a(libc_a-stdio.o)
                0x0800668e                __sseek
 .text.__sclose
                0x080066b2        0x8 /opt/arm-none-eabi/bin/../lib/gcc/arm-none-eabi/13.2.1/../../../../arm-none-eabi/lib/thumb/v7e-m+fp/hard/libc_nano.a(libc_a-stdio.o)
                0x080066b2                __sclose
 *fill*         0x080066ba        0x2 
 .text._read_r  0x080066bc       0x24 /opt/arm-none-eabi/bin/../lib/gcc/arm-none-eabi/13.2.1/../../../../arm-none-eabi/lib/thumb/v7e-m+fp/hard/libc_nano.a(libc_a-readr.o)
                0x080066bc                _read_r
 .text.swapfunc
                0x080066e0       0x32 /opt/arm-none-eabi/bin/../lib/gcc/arm-none-eabi/13.2.1/../../../../arm-none-eabi/lib/thumb/v7e-m+fp/hard/libc_nano.a(libc_a-qsort.o)
 .text.med3.constprop.0
                0x08006712       0x40 /opt/arm-none-eabi/bin/../lib/gcc/arm-none-eabi/13.2.1/../../../../arm-none-eabi/lib/thumb/v7e-m+fp/hard/libc_nano.a(libc_a-qsort.o)
 .text.qsort    0x08006752      0x28e /opt/arm-none-eabi/bin/../lib/gcc/arm-none-eabi/13.2.1/../../../../arm-none-eabi/lib/thumb/v7e-m+fp/hard/libc_nano.a(libc_a-qsort.o)
                0x08006752                qsort
 .text._write_r
                0x080069e0       0x24 /opt/arm-none-eabi/bin/../lib/gcc/arm-none-eabi/13.2.1/../../../../arm-none-eabi/lib/thumb/v7e-m+fp/hard/libc_nano.a(libc_a-writer.o)
                0x080069e0                _write_r
 .text.__errno  0x08006a04        0xc /opt/arm-none-eabi/bin/../lib/gcc/arm-none-eabi/13.2.1/../../../../arm-none-eabi/lib/thumb/v7e-m+fp/hard/libc_nano.a(libc_a-errno.o)
                0x08006a04                __errno
 .text._fwalk_sglue
                0x08006a10       0x3c /opt/arm-none-eabi/bin/../lib/gcc/arm-none-eabi/13.2.1/../../../../arm-none-eabi/lib/thumb/v7e-m+fp/hard/libc_nano.a(libc_a-fwalk.o)
                0x08006a10                _fwalk_sglue
 .text.memset   0x08006a4c       0x10 /opt/arm-none-eabi/bin/../lib/gcc/arm-none-eabi/13.2.1/../../../../arm-none-eabi/lib/thumb/v7e-m+fp/hard/libc_nano.a(libc_a-memset.o)
                0x08006a4c                memset
 .text._free_r  0x08006a5c       0x94 /opt/arm-none-eabi/bin/../lib/gcc/arm-none-eabi/13.2.1/../../../../arm-none-eabi/lib/thumb/v7e-m+fp/hard/libc_nano.a(libc_a-freer.o)
                0x08006a5c                _free_r
 .text.__retarget_lock_init_recursive
                0x08006af0        0x2 /opt/arm-none-eabi/bin/../lib/gcc/arm-none-eabi/13.2.1/../../../../arm-none-eabi/lib/thumb/v7e-m+fp/hard/libc_nano.a(libc_a-lock.o)
                0x08006af0                __retarget_lock_init_recursive
 .text.__retarget_lock_acquire_recursive
                0x08006af2        0x2 /opt/arm-none-eabi/bin/../lib/gcc/arm-none-eabi/13.2.1/../../../../arm-none-eabi/lib/thumb/v7e-m+fp/hard/libc_nano.a(libc_a-lock.o)
                0x08006af2                __retarget_lock_acquire_recursive
 .text.__retarget_lock_release_recursive
                0x08006af4        0x2 /opt/arm-none-eabi/bin/../lib/gcc/arm-none-eabi/13.2.1/../../../../arm-none-eabi/lib/thumb/v7e-m+fp/hard/libc_nano.a(libc_a-lock.o)
                0x08006af4                __retarget_lock_release_recursive
 .text.__swhatbuf_r
                0x08006af6       0x4c /opt/arm-none-eabi/bin/../lib/gcc/arm-none-eabi/13.2.1/../../../../arm-none-eabi/lib/thumb/v7e-m+fp/hard/libc_nano.a(libc_a-makebuf.o)
                0x08006af6                __swhatbuf_r
 .text.__smakebuf_r
                0x08006b42       0x78 /opt/arm-none-eabi/bin/../lib/gcc/arm-none-eabi/13.2.1/../../../../arm-none-eabi/lib/thumb/v7e-m+fp/hard/libc_nano.a(libc_a-makebuf.o)
                0x08006b42                __smakebuf_r
 *fill*         0x08006bba        0x2 
 .text._close_r
                0x08006bbc       0x20 /opt/arm-none-eabi/bin/../lib/gcc/arm-none-eabi/13.2.1/../../../../arm-none-eabi/lib/thumb/v7e-m+fp/hard/libc_nano.a(libc_a-closer.o)
                0x08006bbc                _close_r
 .text.sbrk_aligned
                0x08006bdc       0x44 /opt/arm-none-eabi/bin/../lib/gcc/arm-none-eabi/13.2.1/../../../../arm-none-eabi/lib/thumb/v7e-m+fp/hard/libc_nano.a(libc_a-mallocr.o)
 .text._malloc_r
                0x08006c20      0x100 /opt/arm-none-eabi/bin/../lib/gcc/arm-none-eabi/13.2.1/../../../../arm-none-eabi/lib/thumb/v7e-m+fp/hard/libc_nano.a(libc_a-mallocr.o)
                0x08006c20                _malloc_r
 .text._fstat_r
                0x08006d20       0x24 /opt/arm-none-eabi/bin/../lib/gcc/arm-none-eabi/13.2.1/../../../../arm-none-eabi/lib/thumb/v7e-m+fp/hard/libc_nano.a(libc_a-fstatr.o)
                0x08006d20                _fstat_r
 .text._isatty_r
                0x08006d44       0x20 /opt/arm-none-eabi/bin/../lib/gcc/arm-none-eabi/13.2.1/../../../../arm-none-eabi/lib/thumb/v7e-m+fp/hard/libc_nano.a(libc_a-isattyr.o)
                0x08006d44                _isatty_r
 .text._lseek_r
                0x08006d64       0x24 /opt/arm-none-eabi/bin/../lib/gcc/arm-none-eabi/13.2.1/../../../../arm-none-eabi/lib/thumb/v7e-m+fp/hard/libc_nano.a(libc_a-lseekr.o)
                0x08006d64                _lseek_r
 .text.__malloc_lock
                0x08006d88        0xc /opt/arm-none-eabi/bin/../lib/gcc/arm-none-eabi/13.2.1/../../../../arm-none-eabi/lib/thumb/v7e-m+fp/hard/libc_nano.a(libc_a-mlock.o)
                0x08006d88                __malloc_lock
 .text.__malloc_unlock
                0x08006d94        0xc /opt/arm-none-eabi/bin/../lib/gcc/arm-none-eabi/13.2.1/../../../../arm-none-eabi/lib/thumb/v7e-m+fp/hard/libc_nano.a(libc_a-mlock.o)
                0x08006d94                __malloc_unlock
 .text._sbrk_r  0x08006da0       0x20 /opt/arm-none-eabi/bin/../lib/gcc/arm-none-eabi/13.2.1/../../../../arm-none-eabi/lib/thumb/v7e-m+fp/hard/libc_nano.a(libc_a-sbrkr.o)
                0x08006da0                _sbrk_r
 .text          0x08006dc0      0x378 /opt/arm-none-eabi/bin/../lib/gcc/arm-none-eabi/13.2.1/thumb/v7e-m+fp/hard/libgcc.a(_arm_addsubdf3.o)
                0x08006dc0                __aeabi_drsub
                0x08006dc8                __aeabi_dsub
                0x08006dc8                __subdf3
                0x08006dcc                __adddf3
                0x08006dcc                __aeabi_dadd
                0x08007044                __aeabi_ui2d
                0x08007044                __floatunsidf
                0x08007064                __floatsidf
                0x08007064                __aeabi_i2d
                0x08007088                __extendsfdf2
                0x08007088                __aeabi_f2d
                0x080070cc                __aeabi_ul2d
                0x080070cc                __floatundidf
                0x080070dc                __floatdidf
                0x080070dc                __aeabi_l2d
 .text          0x08007138      0x424 /opt/arm-none-eabi/bin/../lib/gcc/arm-none-eabi/13.2.1/thumb/v7e-m+fp/hard/libgcc.a(_arm_muldivdf3.o)
                0x08007138                __aeabi_dmul
                0x08007138                __muldf3
                0x0800738c                __aeabi_ddiv
                0x0800738c                __divdf3
 .text          0x0800755c      0x110 /opt/arm-none-eabi/bin/../lib/gcc/arm-none-eabi/13.2.1/thumb/v7e-m+fp/hard/libgcc.a(_arm_cmpdf2.o)
                0x0800755c                __gtdf2
                0x0800755c                __gedf2
                0x08007564                __ltdf2
                0x08007564                __ledf2
                0x0800756c                __cmpdf2
                0x0800756c                __eqdf2
                0x0800756c                __nedf2
                0x080075e8                __aeabi_cdrcmple
                0x080075f8                __aeabi_cdcmple
                0x080075f8                __aeabi_cdcmpeq
                0x08007608                __aeabi_dcmpeq
                0x0800761c                __aeabi_dcmplt
                0x08007630                __aeabi_dcmple
                0x08007644                __aeabi_dcmpge
                0x08007658                __aeabi_dcmpgt
 .text          0x0800766c       0x2c /opt/arm-none-eabi/bin/../lib/gcc/arm-none-eabi/13.2.1/thumb/v7e-m+fp/hard/libgcc.a(_arm_unorddf2.o)
                0x0800766c                __aeabi_dcmpun
                0x0800766c                __unorddf2
 .text          0x08007698       0x50 /opt/arm-none-eabi/bin/../lib/gcc/arm-none-eabi/13.2.1/thumb/v7e-m+fp/hard/libgcc.a(_arm_fixdfsi.o)
                0x08007698                __fixdfsi
                0x08007698                __aeabi_d2iz
 .text.__fixdfdi
                0x080076e8       0x30 /opt/arm-none-eabi/bin/../lib/gcc/arm-none-eabi/13.2.1/thumb/v7e-m+fp/hard/libgcc.a(_fixdfdi.o)
                0x080076e8                __aeabi_d2lz
                0x080076e8                __fixdfdi
 .text.__fixunsdfdi
                0x08007718       0x3c /opt/arm-none-eabi/bin/../lib/gcc/arm-none-eabi/13.2.1/thumb/v7e-m+fp/hard/libgcc.a(_fixunsdfdi.o)
                0x08007718                __aeabi_d2ulz
                0x08007718                __fixunsdfdi
 .text          0x08007754       0x40 /opt/arm-none-eabi/bin/../lib/gcc/arm-none-eabi/13.2.1/thumb/v7e-m+fp/hard/libgcc.a(_arm_fixunsdfsi.o)
                0x08007754                __fixunsdfsi
                0x08007754                __aeabi_d2uiz

.glue_7         0x08007794        0x0
 .glue_7        0x08007794        0x0 linker stubs

.glue_7t        0x08007794        0x0
 .glue_7t       0x08007794        0x0 linker stubs

.vfp11_veneer   0x08007794        0x0
 .vfp11_veneer  0x08007794        0x0 linker stubs

.v4_bx          0x08007794        0x0
 .v4_bx         0x08007794        0x0 linker stubs

.iplt           0x08007794        0x0
 .iplt          0x08007794        0x0 /tmp/ccxg6iGf.o

.rodata         0x08007798      0x653
 *(.rodata*)
 .rodata        0x08007798      0x4f4 /tmp/ccxg6iGf.o
 .rodata        0x08007c8c       0x46 /tmp/ccoMxb0Z.o
 *fill*         0x08007cd2        0x2 
 .rodata        0x08007cd4       0xd3 /tmp/ccq0omN6.o
 *fill*         0x08007da7        0x1 
 .rodata.tiny   0x08007da8        0x8 /opt/arm-none-eabi/bin/../lib/gcc/arm-none-eabi/13.2.1/../../../../arm-none-eabi/lib/thumb/v7e-m+fp/hard/libm.a(libm_a-e_sqrt.o)
 .rodata.one    0x08007db0        0x8 /opt/arm-none-eabi/bin/../lib/gcc/arm-none-eabi/13.2.1/../../../../arm-none-eabi/lib/thumb/v7e-m+fp/hard/libm.a(libm_a-e_sqrt.o)
 .rodata._vfprintf_r.str1.1
                0x08007db8       0x33 /opt/arm-none-eabi/bin/../lib/gcc/arm-none-eabi/13.2.1/../../../../arm-none-eabi/lib/thumb/v7e-m+fp/hard/libc_nano.a(libc_a-nano-vfprintf.o)
                                 0x11 (size before relaxing)
 .rodata._printf_i.str1.1
                0x08007deb       0x22 /opt/arm-none-eabi/bin/../lib/gcc/arm-none-eabi/13.2.1/../../../../arm-none-eabi/lib/thumb/v7e-m+fp/hard/libc_nano.a(libc_a-nano-vfprintf_i.o)

.ARM.exidx      0x08007dec        0x8
 .ARM.exidx     0x08007dec        0x8 /opt/arm-none-eabi/bin/../lib/gcc/arm-none-eabi/13.2.1/../../../../arm-none-eabi/lib/thumb/v7e-m+fp/hard/libc_nano.a(libc_a-memchr.o)

.rel.dyn        0x08007df4        0x0
 .rel.iplt      0x08007df4        0x0 /tmp/ccxg6iGf.o

.data           0x20000000       0x81 load address 0x08007df4
                0x20000000                        _sdata = .
 *(.first_data)
 *(.data SORT_BY_NAME(.data.*))
 .data.ALE      0x20000000        0x2 /tmp/ccxg6iGf.o
                0x20000000                ALE
 .data.CE       0x20000002        0x2 /tmp/ccxg6iGf.o
                0x20000002                CE
 .data.CLE      0x20000004        0x2 /tmp/ccxg6iGf.o
                0x20000004                CLE
 *fill*         0x20000006        0x2 
 .data.FREQ     0x20000008        0x4 /tmp/cc3lBuo8.o
                0x20000008                FREQ
 .data.RB       0x2000000c        0x2 /tmp/ccxg6iGf.o
                0x2000000c                RB
 .data.RE       0x2000000e        0x2 /tmp/ccxg6iGf.o
                0x2000000e                RE
 .data.WE       0x20000010        0x2 /tmp/ccxg6iGf.o
                0x20000010                WE
 .data.WP       0x20000012        0x2 /tmp/ccxg6iGf.o
                0x20000012                WP
 .data.__sglue  0x20000014        0xc /opt/arm-none-eabi/bin/../lib/gcc/arm-none-eabi/13.2.1/../../../../arm-none-eabi/lib/thumb/v7e-m+fp/hard/libc_nano.a(libc_a-findfp.o)
                0x20000014                __sglue
 .data._impure_data
                0x20000020       0x4c /opt/arm-none-eabi/bin/../lib/gcc/arm-none-eabi/13.2.1/../../../../arm-none-eabi/lib/thumb/v7e-m+fp/hard/libc_nano.a(libc_a-impure.o)
                0x20000020                _impure_data
 .data._impure_ptr
                0x2000006c        0x4 /opt/arm-none-eabi/bin/../lib/gcc/arm-none-eabi/13.2.1/../../../../arm-none-eabi/lib/thumb/v7e-m+fp/hard/libc_nano.a(libc_a-impure.o)
                0x2000006c                _impure_ptr
 .data.data0    0x20000070        0x2 /tmp/ccxg6iGf.o
                0x20000070                data0
 .data.data1    0x20000072        0x2 /tmp/ccxg6iGf.o
                0x20000072                data1
 .data.data2    0x20000074        0x2 /tmp/ccxg6iGf.o
                0x20000074                data2
 .data.data3    0x20000076        0x2 /tmp/ccxg6iGf.o
                0x20000076                data3
 .data.data4    0x20000078        0x2 /tmp/ccxg6iGf.o
                0x20000078                data4
 .data.data5    0x2000007a        0x2 /tmp/ccxg6iGf.o
                0x2000007a                data5
 .data.data6    0x2000007c        0x2 /tmp/ccxg6iGf.o
                0x2000007c                data6
 .data.data7    0x2000007e        0x2 /tmp/ccxg6iGf.o
                0x2000007e                data7
 .data.globalPinMode
                0x20000080        0x1 /tmp/ccxg6iGf.o
                0x20000080                globalPinMode
                0x20000081                        _edata = .
                0x08007df4                        _sidata = LOADADDR (.data)

.igot.plt       0x20000084        0x0 load address 0x08007e75
 .igot.plt      0x20000084        0x0 /tmp/ccxg6iGf.o

.bss            0x20000084      0x174 load address 0x08007e75
                0x20000084                        _sbss = .
 *(.bss SORT_BY_NAME(.bss.*) COMMON)
 .bss.ADXL375_SPI
                0x20000084        0x4 /tmp/ccoMxb0Z.o
                0x20000084                ADXL375_SPI
 .bss.MS5611_SPI
                0x20000088        0x4 /tmp/ccs9LNjY.o
                0x20000088                MS5611_SPI
 .bss.__lock___malloc_recursive_mutex
                0x2000008c        0x1 /opt/arm-none-eabi/bin/../lib/gcc/arm-none-eabi/13.2.1/../../../../arm-none-eabi/lib/thumb/v7e-m+fp/hard/libc_nano.a(libc_a-lock.o)
                0x2000008c                __lock___malloc_recursive_mutex
 .bss.__lock___sfp_recursive_mutex
                0x2000008d        0x1 /opt/arm-none-eabi/bin/../lib/gcc/arm-none-eabi/13.2.1/../../../../arm-none-eabi/lib/thumb/v7e-m+fp/hard/libc_nano.a(libc_a-lock.o)
                0x2000008d                __lock___sfp_recursive_mutex
 *fill*         0x2000008e        0x2 
 .bss.__malloc_free_list
                0x20000090        0x4 /opt/arm-none-eabi/bin/../lib/gcc/arm-none-eabi/13.2.1/../../../../arm-none-eabi/lib/thumb/v7e-m+fp/hard/libc_nano.a(libc_a-mallocr.o)
                0x20000090                __malloc_free_list
 .bss.__malloc_sbrk_start
                0x20000094        0x4 /opt/arm-none-eabi/bin/../lib/gcc/arm-none-eabi/13.2.1/../../../../arm-none-eabi/lib/thumb/v7e-m+fp/hard/libc_nano.a(libc_a-mallocr.o)
                0x20000094                __malloc_sbrk_start
 .bss.__sf      0x20000098      0x138 /opt/arm-none-eabi/bin/../lib/gcc/arm-none-eabi/13.2.1/../../../../arm-none-eabi/lib/thumb/v7e-m+fp/hard/libc_nano.a(libc_a-findfp.o)
                0x20000098                __sf
 .bss.__stdio_exit_handler
                0x200001d0        0x4 /opt/arm-none-eabi/bin/../lib/gcc/arm-none-eabi/13.2.1/../../../../arm-none-eabi/lib/thumb/v7e-m+fp/hard/libc_nano.a(libc_a-findfp.o)
                0x200001d0                __stdio_exit_handler
 .bss.errno     0x200001d4        0x4 /opt/arm-none-eabi/bin/../lib/gcc/arm-none-eabi/13.2.1/../../../../arm-none-eabi/lib/thumb/v7e-m+fp/hard/libc_nano.a(libc_a-reent.o)
                0x200001d4                errno
 .bss.flightStage
                0x200001d8        0x1 /tmp/ccxg6iGf.o
                0x200001d8                flightStage
 *fill*         0x200001d9        0x3 
 .bss.frameAddressPointer
                0x200001dc        0x4 /tmp/ccxg6iGf.o
                0x200001dc                frameAddressPointer
 .bss.heap.0    0x200001e0        0x4 /tmp/ccqJhq9G.o
 .bss.ms5611_prom_data
                0x200001e4       0x10 /tmp/ccs9LNjY.o
                0x200001e4                ms5611_prom_data
 .bss.s_ticks   0x200001f4        0x4 /tmp/ccxg6iGf.o
                0x200001f4                s_ticks
                0x200001f8                        _ebss = .
                0x200001f8                        . = ALIGN (0x8)
                0x200001f8                        _end = .
OUTPUT(firmware.elf elf32-littlearm)
LOAD linker stubs

.debug_info     0x00000000     0x581d
 .debug_info    0x00000000     0x195b /tmp/ccxg6iGf.o
 .debug_info    0x0000195b      0x108 /tmp/ccmwflmv.o
 .debug_info    0x00001a63      0x897 /tmp/ccqJhq9G.o
 .debug_info    0x000022fa      0xf91 /tmp/cc3lBuo8.o
 .debug_info    0x0000328b      0x971 /tmp/ccs9LNjY.o
 .debug_info    0x00003bfc      0x786 /tmp/ccoMxb0Z.o
 .debug_info    0x00004382      0x847 /tmp/cciJjZcu.o
 .debug_info    0x00004bc9      0xc54 /tmp/ccq0omN6.o

.debug_abbrev   0x00000000     0x14f5
 .debug_abbrev  0x00000000      0x48d /tmp/ccxg6iGf.o
 .debug_abbrev  0x0000048d       0xc5 /tmp/ccmwflmv.o
 .debug_abbrev  0x00000552      0x26e /tmp/ccqJhq9G.o
 .debug_abbrev  0x000007c0      0x2a9 /tmp/cc3lBuo8.o
 .debug_abbrev  0x00000a69      0x2c9 /tmp/ccs9LNjY.o
 .debug_abbrev  0x00000d32      0x2b4 /tmp/ccoMxb0Z.o
 .debug_abbrev  0x00000fe6      0x21e /tmp/cciJjZcu.o
 .debug_abbrev  0x00001204      0x2f1 /tmp/ccq0omN6.o

.debug_aranges  0x00000000      0x530
 .debug_aranges
                0x00000000      0x178 /tmp/ccxg6iGf.o
 .debug_aranges
                0x00000178       0x20 /tmp/ccmwflmv.o
 .debug_aranges
                0x00000198       0xb0 /tmp/ccqJhq9G.o
 .debug_aranges
                0x00000248       0xa8 /tmp/cc3lBuo8.o
 .debug_aranges
                0x000002f0       0x90 /tmp/ccs9LNjY.o
 .debug_aranges
                0x00000380       0x90 /tmp/ccoMxb0Z.o
 .debug_aranges
                0x00000410       0x58 /tmp/cciJjZcu.o
 .debug_aranges
                0x00000468       0xc8 /tmp/ccq0omN6.o

.debug_rnglists
                0x00000000      0x3eb
 .debug_rnglists
                0x00000000      0x128 /tmp/ccxg6iGf.o
 .debug_rnglists
                0x00000128       0x13 /tmp/ccmwflmv.o
 .debug_rnglists
                0x0000013b       0x80 /tmp/ccqJhq9G.o
 .debug_rnglists
                0x000001bb       0x7e /tmp/cc3lBuo8.o
 .debug_rnglists
                0x00000239       0x6b /tmp/ccs9LNjY.o
 .debug_rnglists
                0x000002a4       0x6c /tmp/ccoMxb0Z.o
 .debug_rnglists
                0x00000310       0x41 /tmp/cciJjZcu.o
 .debug_rnglists
                0x00000351       0x9a /tmp/ccq0omN6.o

.debug_macro    0x00000000    0x2222d
 .debug_macro   0x00000000      0x341 /tmp/ccxg6iGf.o
 .debug_macro   0x00000341      0xacc /tmp/ccxg6iGf.o
 .debug_macro   0x00000e0d       0x22 /tmp/ccxg6iGf.o
 .debug_macro   0x00000e2f       0x5b /tmp/ccxg6iGf.o
 .debug_macro   0x00000e8a       0x2a /tmp/ccxg6iGf.o
 .debug_macro   0x00000eb4       0x94 /tmp/ccxg6iGf.o
 .debug_macro   0x00000f48       0x43 /tmp/ccxg6iGf.o
 .debug_macro   0x00000f8b       0x34 /tmp/ccxg6iGf.o
 .debug_macro   0x00000fbf       0x16 /tmp/ccxg6iGf.o
 .debug_macro   0x00000fd5       0x57 /tmp/ccxg6iGf.o
 .debug_macro   0x0000102c       0x9e /tmp/ccxg6iGf.o
 .debug_macro   0x000010ca      0x370 /tmp/ccxg6iGf.o
 .debug_macro   0x0000143a      0x112 /tmp/ccxg6iGf.o
 .debug_macro   0x0000154c       0x10 /tmp/ccxg6iGf.o
 .debug_macro   0x0000155c       0x16 /tmp/ccxg6iGf.o
 .debug_macro   0x00001572       0x4a /tmp/ccxg6iGf.o
 .debug_macro   0x000015bc       0x34 /tmp/ccxg6iGf.o
 .debug_macro   0x000015f0       0x10 /tmp/ccxg6iGf.o
 .debug_macro   0x00001600       0x58 /tmp/ccxg6iGf.o
 .debug_macro   0x00001658       0x8e /tmp/ccxg6iGf.o
 .debug_macro   0x000016e6       0x1c /tmp/ccxg6iGf.o
 .debug_macro   0x00001702      0x177 /tmp/ccxg6iGf.o
 .debug_macro   0x00001879       0x16 /tmp/ccxg6iGf.o
 .debug_macro   0x0000188f       0x16 /tmp/ccxg6iGf.o
 .debug_macro   0x000018a5      0x146 /tmp/ccxg6iGf.o
 .debug_macro   0x000019eb      0x103 /tmp/ccxg6iGf.o
 .debug_macro   0x00001aee       0x6a /tmp/ccxg6iGf.o
 .debug_macro   0x00001b58      0x1df /tmp/ccxg6iGf.o
 .debug_macro   0x00001d37       0x3c /tmp/ccxg6iGf.o
 .debug_macro   0x00001d73      0x460 /tmp/ccxg6iGf.o
 .debug_macro   0x000021d3       0x22 /tmp/ccxg6iGf.o
 .debug_macro   0x000021f5       0x16 /tmp/ccxg6iGf.o
 .debug_macro   0x0000220b       0x16 /tmp/ccxg6iGf.o
 .debug_macro   0x00002221       0x29 /tmp/ccxg6iGf.o
 .debug_macro   0x0000224a       0x16 /tmp/ccxg6iGf.o
 .debug_macro   0x00002260       0x10 /tmp/ccxg6iGf.o
 .debug_macro   0x00002270       0x10 /tmp/ccxg6iGf.o
 .debug_macro   0x00002280       0x10 /tmp/ccxg6iGf.o
 .debug_macro   0x00002290       0x1c /tmp/ccxg6iGf.o
 .debug_macro   0x000022ac       0x52 /tmp/ccxg6iGf.o
 .debug_macro   0x000022fe       0x22 /tmp/ccxg6iGf.o
 .debug_macro   0x00002320       0x10 /tmp/ccxg6iGf.o
 .debug_macro   0x00002330       0x52 /tmp/ccxg6iGf.o
 .debug_macro   0x00002382       0xc1 /tmp/ccxg6iGf.o
 .debug_macro   0x00002443       0x1c /tmp/ccxg6iGf.o
 .debug_macro   0x0000245f       0x3d /tmp/ccxg6iGf.o
 .debug_macro   0x0000249c       0x35 /tmp/ccxg6iGf.o
 .debug_macro   0x000024d1      0x12c /tmp/ccxg6iGf.o
 .debug_macro   0x000025fd      0x19b /tmp/ccxg6iGf.o
 .debug_macro   0x00002798       0x28 /tmp/ccxg6iGf.o
 .debug_macro   0x000027c0       0x1c /tmp/ccxg6iGf.o
 .debug_macro   0x000027dc       0x22 /tmp/ccxg6iGf.o
 .debug_macro   0x000027fe       0xd9 /tmp/ccxg6iGf.o
 .debug_macro   0x000028d7     0x102d /tmp/ccxg6iGf.o
 .debug_macro   0x00003904      0x11f /tmp/ccxg6iGf.o
 .debug_macro   0x00003a23    0x1cb71 /tmp/ccxg6iGf.o
 .debug_macro   0x00020594       0xd7 /tmp/ccxg6iGf.o
 .debug_macro   0x0002066b       0x88 /tmp/ccxg6iGf.o
 .debug_macro   0x000206f3       0x10 /tmp/ccxg6iGf.o
 .debug_macro   0x00020703      0x1a8 /tmp/ccxg6iGf.o
 .debug_macro   0x000208ab      0x190 /tmp/ccxg6iGf.o
 .debug_macro   0x00020a3b       0xd0 /tmp/ccxg6iGf.o
 .debug_macro   0x00020b0b       0x22 /tmp/ccxg6iGf.o
 .debug_macro   0x00020b2d       0x7c /tmp/ccxg6iGf.o
 .debug_macro   0x00020ba9       0x2e /tmp/ccxg6iGf.o
 .debug_macro   0x00020bd7       0x11 /tmp/ccmwflmv.o
 .debug_macro   0x00020be8      0x2c5 /tmp/ccqJhq9G.o
 .debug_macro   0x00020ead       0x3a /tmp/ccqJhq9G.o
 .debug_macro   0x00020ee7       0x89 /tmp/ccqJhq9G.o
 .debug_macro   0x00020f70       0x1c /tmp/ccqJhq9G.o
 .debug_macro   0x00020f8c       0x9b /tmp/ccqJhq9G.o
 .debug_macro   0x00021027      0x2d4 /tmp/cc3lBuo8.o
 .debug_macro   0x000212fb       0x1c /tmp/cc3lBuo8.o
 .debug_macro   0x00021317      0x2da /tmp/ccs9LNjY.o
 .debug_macro   0x000215f1       0x8e /tmp/ccs9LNjY.o
 .debug_macro   0x0002167f       0x51 /tmp/ccs9LNjY.o
 .debug_macro   0x000216d0       0x61 /tmp/ccs9LNjY.o
 .debug_macro   0x00021731       0x82 /tmp/ccs9LNjY.o
 .debug_macro   0x000217b3      0x2d4 /tmp/ccoMxb0Z.o
 .debug_macro   0x00021a87      0x18a /tmp/ccoMxb0Z.o
 .debug_macro   0x00021c11      0x317 /tmp/cciJjZcu.o
 .debug_macro   0x00021f28       0x28 /tmp/cciJjZcu.o
 .debug_macro   0x00021f50      0x2dd /tmp/ccq0omN6.o

.debug_line     0x00000000     0x4965
 .debug_line    0x00000000     0x19d8 /tmp/ccxg6iGf.o
 .debug_line    0x000019d8       0x88 /tmp/ccmwflmv.o
 .debug_line    0x00001a60      0x60f /tmp/ccqJhq9G.o
 .debug_line    0x0000206f      0x91d /tmp/cc3lBuo8.o
 .debug_line    0x0000298c      0x775 /tmp/ccs9LNjY.o
 .debug_line    0x00003101      0x740 /tmp/ccoMxb0Z.o
 .debug_line    0x00003841      0x69a /tmp/cciJjZcu.o
 .debug_line    0x00003edb      0xa8a /tmp/ccq0omN6.o

.debug_str      0x00000000    0xb5689
 .debug_str     0x00000000    0xb5689 /tmp/ccxg6iGf.o
                              0xb5168 (size before relaxing)
 .debug_str     0x000b5689     0x2e75 /tmp/ccmwflmv.o
 .debug_str     0x000b5689    0xb30bf /tmp/ccqJhq9G.o
 .debug_str     0x000b5689    0xb33d9 /tmp/cc3lBuo8.o
 .debug_str     0x000b5689    0xb3372 /tmp/ccs9LNjY.o
 .debug_str     0x000b5689    0xb38ab /tmp/ccoMxb0Z.o
 .debug_str     0x000b5689    0xb47e0 /tmp/cciJjZcu.o
 .debug_str     0x000b5689    0xb3aa5 /tmp/ccq0omN6.o

.comment        0x00000000       0x44
 .comment       0x00000000       0x44 /tmp/ccxg6iGf.o
                                 0x45 (size before relaxing)
 .comment       0x00000044       0x45 /tmp/ccmwflmv.o
 .comment       0x00000044       0x45 /tmp/ccqJhq9G.o
 .comment       0x00000044       0x45 /tmp/cc3lBuo8.o
 .comment       0x00000044       0x45 /tmp/ccs9LNjY.o
 .comment       0x00000044       0x45 /tmp/ccoMxb0Z.o
 .comment       0x00000044       0x45 /tmp/cciJjZcu.o
 .comment       0x00000044       0x45 /tmp/ccq0omN6.o

.ARM.attributes
                0x00000000       0x32
 .ARM.attributes
                0x00000000       0x34 /tmp/ccxg6iGf.o
 .ARM.attributes
                0x00000034       0x34 /tmp/ccmwflmv.o
 .ARM.attributes
                0x00000068       0x34 /tmp/ccqJhq9G.o
 .ARM.attributes
                0x0000009c       0x34 /tmp/cc3lBuo8.o
 .ARM.attributes
                0x000000d0       0x34 /tmp/ccs9LNjY.o
 .ARM.attributes
                0x00000104       0x34 /tmp/ccoMxb0Z.o
 .ARM.attributes
                0x00000138       0x34 /tmp/cciJjZcu.o
 .ARM.attributes
                0x0000016c       0x34 /tmp/ccq0omN6.o
 .ARM.attributes
                0x000001a0       0x34 /opt/arm-none-eabi/bin/../lib/gcc/arm-none-eabi/13.2.1/../../../../arm-none-eabi/lib/thumb/v7e-m+fp/hard/libm.a(libm_a-w_sqrt.o)
 .ARM.attributes
                0x000001d4       0x34 /opt/arm-none-eabi/bin/../lib/gcc/arm-none-eabi/13.2.1/../../../../arm-none-eabi/lib/thumb/v7e-m+fp/hard/libm.a(libm_a-powl.o)
 .ARM.attributes
                0x00000208       0x34 /opt/arm-none-eabi/bin/../lib/gcc/arm-none-eabi/13.2.1/../../../../arm-none-eabi/lib/thumb/v7e-m+fp/hard/libm.a(libm_a-e_sqrt.o)
 .ARM.attributes
                0x0000023c       0x34 /opt/arm-none-eabi/bin/../lib/gcc/arm-none-eabi/13.2.1/../../../../arm-none-eabi/lib/thumb/v7e-m+fp/hard/libm.a(libm_a-w_pow.o)
 .ARM.attributes
                0x00000270       0x34 /opt/arm-none-eabi/bin/../lib/gcc/arm-none-eabi/13.2.1/../../../../arm-none-eabi/lib/thumb/v7e-m+fp/hard/libm.a(libm_a-s_finite.o)
 .ARM.attributes
                0x000002a4       0x34 /opt/arm-none-eabi/bin/../lib/gcc/arm-none-eabi/13.2.1/../../../../arm-none-eabi/lib/thumb/v7e-m+fp/hard/libm.a(libm_a-e_pow.o)
 .ARM.attributes
                0x000002d8       0x34 /opt/arm-none-eabi/bin/../lib/gcc/arm-none-eabi/13.2.1/../../../../arm-none-eabi/lib/thumb/v7e-m+fp/hard/libm.a(libm_a-math_err.o)
 .ARM.attributes
                0x0000030c       0x34 /opt/arm-none-eabi/bin/../lib/gcc/arm-none-eabi/13.2.1/../../../../arm-none-eabi/lib/thumb/v7e-m+fp/hard/libm.a(libm_a-s_fabs.o)
 .ARM.attributes
                0x00000340       0x34 /opt/arm-none-eabi/bin/../lib/gcc/arm-none-eabi/13.2.1/../../../../arm-none-eabi/lib/thumb/v7e-m+fp/hard/libm.a(libm_a-s_scalbn.o)
 .ARM.attributes
                0x00000374       0x34 /opt/arm-none-eabi/bin/../lib/gcc/arm-none-eabi/13.2.1/../../../../arm-none-eabi/lib/thumb/v7e-m+fp/hard/libc_nano.a(libc_a-printf.o)
 .ARM.attributes
                0x000003a8       0x34 /opt/arm-none-eabi/bin/../lib/gcc/arm-none-eabi/13.2.1/../../../../arm-none-eabi/lib/thumb/v7e-m+fp/hard/libc_nano.a(libc_a-nano-vfprintf.o)
 .ARM.attributes
                0x000003dc       0x34 /opt/arm-none-eabi/bin/../lib/gcc/arm-none-eabi/13.2.1/../../../../arm-none-eabi/lib/thumb/v7e-m+fp/hard/libc_nano.a(libc_a-wbuf.o)
 .ARM.attributes
                0x00000410       0x34 /opt/arm-none-eabi/bin/../lib/gcc/arm-none-eabi/13.2.1/../../../../arm-none-eabi/lib/thumb/v7e-m+fp/hard/libc_nano.a(libc_a-wsetup.o)
 .ARM.attributes
                0x00000444       0x34 /opt/arm-none-eabi/bin/../lib/gcc/arm-none-eabi/13.2.1/../../../../arm-none-eabi/lib/thumb/v7e-m+fp/hard/libc_nano.a(libc_a-nano-vfprintf_i.o)
 .ARM.attributes
                0x00000478       0x34 /opt/arm-none-eabi/bin/../lib/gcc/arm-none-eabi/13.2.1/../../../../arm-none-eabi/lib/thumb/v7e-m+fp/hard/libc_nano.a(libc_a-puts.o)
 .ARM.attributes
                0x000004ac       0x34 /opt/arm-none-eabi/bin/../lib/gcc/arm-none-eabi/13.2.1/../../../../arm-none-eabi/lib/thumb/v7e-m+fp/hard/libc_nano.a(libc_a-impure.o)
 .ARM.attributes
                0x000004e0       0x34 /opt/arm-none-eabi/bin/../lib/gcc/arm-none-eabi/13.2.1/../../../../arm-none-eabi/lib/thumb/v7e-m+fp/hard/libc_nano.a(libc_a-fflush.o)
 .ARM.attributes
                0x00000514       0x1c /opt/arm-none-eabi/bin/../lib/gcc/arm-none-eabi/13.2.1/../../../../arm-none-eabi/lib/thumb/v7e-m+fp/hard/libc_nano.a(libc_a-memchr.o)
 .ARM.attributes
                0x00000530       0x34 /opt/arm-none-eabi/bin/../lib/gcc/arm-none-eabi/13.2.1/../../../../arm-none-eabi/lib/thumb/v7e-m+fp/hard/libc_nano.a(libc_a-memcpy-stub.o)
 .ARM.attributes
                0x00000564       0x34 /opt/arm-none-eabi/bin/../lib/gcc/arm-none-eabi/13.2.1/../../../../arm-none-eabi/lib/thumb/v7e-m+fp/hard/libc_nano.a(libc_a-findfp.o)
 .ARM.attributes
                0x00000598       0x34 /opt/arm-none-eabi/bin/../lib/gcc/arm-none-eabi/13.2.1/../../../../arm-none-eabi/lib/thumb/v7e-m+fp/hard/libc_nano.a(libc_a-stdio.o)
 .ARM.attributes
                0x000005cc       0x34 /opt/arm-none-eabi/bin/../lib/gcc/arm-none-eabi/13.2.1/../../../../arm-none-eabi/lib/thumb/v7e-m+fp/hard/libc_nano.a(libc_a-readr.o)
 .ARM.attributes
                0x00000600       0x34 /opt/arm-none-eabi/bin/../lib/gcc/arm-none-eabi/13.2.1/../../../../arm-none-eabi/lib/thumb/v7e-m+fp/hard/libc_nano.a(libc_a-qsort.o)
 .ARM.attributes
                0x00000634       0x34 /opt/arm-none-eabi/bin/../lib/gcc/arm-none-eabi/13.2.1/../../../../arm-none-eabi/lib/thumb/v7e-m+fp/hard/libc_nano.a(libc_a-writer.o)
 .ARM.attributes
                0x00000668       0x34 /opt/arm-none-eabi/bin/../lib/gcc/arm-none-eabi/13.2.1/../../../../arm-none-eabi/lib/thumb/v7e-m+fp/hard/libc_nano.a(libc_a-errno.o)
 .ARM.attributes
                0x0000069c       0x34 /opt/arm-none-eabi/bin/../lib/gcc/arm-none-eabi/13.2.1/../../../../arm-none-eabi/lib/thumb/v7e-m+fp/hard/libc_nano.a(libc_a-fwalk.o)
 .ARM.attributes
                0x000006d0       0x34 /opt/arm-none-eabi/bin/../lib/gcc/arm-none-eabi/13.2.1/../../../../arm-none-eabi/lib/thumb/v7e-m+fp/hard/libc_nano.a(libc_a-memset.o)
 .ARM.attributes
                0x00000704       0x34 /opt/arm-none-eabi/bin/../lib/gcc/arm-none-eabi/13.2.1/../../../../arm-none-eabi/lib/thumb/v7e-m+fp/hard/libc_nano.a(libc_a-freer.o)
 .ARM.attributes
                0x00000738       0x34 /opt/arm-none-eabi/bin/../lib/gcc/arm-none-eabi/13.2.1/../../../../arm-none-eabi/lib/thumb/v7e-m+fp/hard/libc_nano.a(libc_a-lock.o)
 .ARM.attributes
                0x0000076c       0x34 /opt/arm-none-eabi/bin/../lib/gcc/arm-none-eabi/13.2.1/../../../../arm-none-eabi/lib/thumb/v7e-m+fp/hard/libc_nano.a(libc_a-makebuf.o)
 .ARM.attributes
                0x000007a0       0x34 /opt/arm-none-eabi/bin/../lib/gcc/arm-none-eabi/13.2.1/../../../../arm-none-eabi/lib/thumb/v7e-m+fp/hard/libc_nano.a(libc_a-closer.o)
 .ARM.attributes
                0x000007d4       0x34 /opt/arm-none-eabi/bin/../lib/gcc/arm-none-eabi/13.2.1/../../../../arm-none-eabi/lib/thumb/v7e-m+fp/hard/libc_nano.a(libc_a-reent.o)
 .ARM.attributes
                0x00000808       0x34 /opt/arm-none-eabi/bin/../lib/gcc/arm-none-eabi/13.2.1/../../../../arm-none-eabi/lib/thumb/v7e-m+fp/hard/libc_nano.a(libc_a-mallocr.o)
 .ARM.attributes
                0x0000083c       0x34 /opt/arm-none-eabi/bin/../lib/gcc/arm-none-eabi/13.2.1/../../../../arm-none-eabi/lib/thumb/v7e-m+fp/hard/libc_nano.a(libc_a-fstatr.o)
 .ARM.attributes
                0x00000870       0x34 /opt/arm-none-eabi/bin/../lib/gcc/arm-none-eabi/13.2.1/../../../../arm-none-eabi/lib/thumb/v7e-m+fp/hard/libc_nano.a(libc_a-isattyr.o)
 .ARM.attributes
                0x000008a4       0x34 /opt/arm-none-eabi/bin/../lib/gcc/arm-none-eabi/13.2.1/../../../../arm-none-eabi/lib/thumb/v7e-m+fp/hard/libc_nano.a(libc_a-lseekr.o)
 .ARM.attributes
                0x000008d8       0x34 /opt/arm-none-eabi/bin/../lib/gcc/arm-none-eabi/13.2.1/../../../../arm-none-eabi/lib/thumb/v7e-m+fp/hard/libc_nano.a(libc_a-mlock.o)
 .ARM.attributes
                0x0000090c       0x34 /opt/arm-none-eabi/bin/../lib/gcc/arm-none-eabi/13.2.1/../../../../arm-none-eabi/lib/thumb/v7e-m+fp/hard/libc_nano.a(libc_a-sbrkr.o)
 .ARM.attributes
                0x00000940       0x22 /opt/arm-none-eabi/bin/../lib/gcc/arm-none-eabi/13.2.1/thumb/v7e-m+fp/hard/libgcc.a(_arm_addsubdf3.o)
 .ARM.attributes
                0x00000962       0x22 /opt/arm-none-eabi/bin/../lib/gcc/arm-none-eabi/13.2.1/thumb/v7e-m+fp/hard/libgcc.a(_arm_muldivdf3.o)
 .ARM.attributes
                0x00000984       0x22 /opt/arm-none-eabi/bin/../lib/gcc/arm-none-eabi/13.2.1/thumb/v7e-m+fp/hard/libgcc.a(_arm_cmpdf2.o)
 .ARM.attributes
                0x000009a6       0x22 /opt/arm-none-eabi/bin/../lib/gcc/arm-none-eabi/13.2.1/thumb/v7e-m+fp/hard/libgcc.a(_arm_unorddf2.o)
 .ARM.attributes
                0x000009c8       0x22 /opt/arm-none-eabi/bin/../lib/gcc/arm-none-eabi/13.2.1/thumb/v7e-m+fp/hard/libgcc.a(_arm_fixdfsi.o)
 .ARM.attributes
                0x000009ea       0x34 /opt/arm-none-eabi/bin/../lib/gcc/arm-none-eabi/13.2.1/thumb/v7e-m+fp/hard/libgcc.a(_fixdfdi.o)
 .ARM.attributes
                0x00000a1e       0x34 /opt/arm-none-eabi/bin/../lib/gcc/arm-none-eabi/13.2.1/thumb/v7e-m+fp/hard/libgcc.a(_fixunsdfdi.o)
 .ARM.attributes
                0x00000a52       0x22 /opt/arm-none-eabi/bin/../lib/gcc/arm-none-eabi/13.2.1/thumb/v7e-m+fp/hard/libgcc.a(_arm_fixunsdfsi.o)

.debug_frame    0x00000000     0x2398
 .debug_frame   0x00000000      0x6bc /tmp/ccxg6iGf.o
 .debug_frame   0x000006bc       0x20 /tmp/ccmwflmv.o
 .debug_frame   0x000006dc      0x2e8 /tmp/ccqJhq9G.o
 .debug_frame   0x000009c4      0x294 /tmp/cc3lBuo8.o
 .debug_frame   0x00000c58      0x238 /tmp/ccs9LNjY.o
 .debug_frame   0x00000e90      0x240 /tmp/ccoMxb0Z.o
 .debug_frame   0x000010d0      0x140 /tmp/cciJjZcu.o
 .debug_frame   0x00001210      0x354 /tmp/ccq0omN6.o
 .debug_frame   0x00001564       0x48 /opt/arm-none-eabi/bin/../lib/gcc/arm-none-eabi/13.2.1/../../../../arm-none-eabi/lib/thumb/v7e-m+fp/hard/libm.a(libm_a-w_sqrt.o)
 .debug_frame   0x000015ac       0x20 /opt/arm-none-eabi/bin/../lib/gcc/arm-none-eabi/13.2.1/../../../../arm-none-eabi/lib/thumb/v7e-m+fp/hard/libm.a(libm_a-powl.o)
 .debug_frame   0x000015cc       0x38 /opt/arm-none-eabi/bin/../lib/gcc/arm-none-eabi/13.2.1/../../../../arm-none-eabi/lib/thumb/v7e-m+fp/hard/libm.a(libm_a-e_sqrt.o)
 .debug_frame   0x00001604       0x44 /opt/arm-none-eabi/bin/../lib/gcc/arm-none-eabi/13.2.1/../../../../arm-none-eabi/lib/thumb/v7e-m+fp/hard/libm.a(libm_a-w_pow.o)
 .debug_frame   0x00001648       0x28 /opt/arm-none-eabi/bin/../lib/gcc/arm-none-eabi/13.2.1/../../../../arm-none-eabi/lib/thumb/v7e-m+fp/hard/libm.a(libm_a-s_finite.o)
 .debug_frame   0x00001670       0x80 /opt/arm-none-eabi/bin/../lib/gcc/arm-none-eabi/13.2.1/../../../../arm-none-eabi/lib/thumb/v7e-m+fp/hard/libm.a(libm_a-e_pow.o)
 .debug_frame   0x000016f0      0x14c /opt/arm-none-eabi/bin/../lib/gcc/arm-none-eabi/13.2.1/../../../../arm-none-eabi/lib/thumb/v7e-m+fp/hard/libm.a(libm_a-math_err.o)
 .debug_frame   0x0000183c       0x20 /opt/arm-none-eabi/bin/../lib/gcc/arm-none-eabi/13.2.1/../../../../arm-none-eabi/lib/thumb/v7e-m+fp/hard/libm.a(libm_a-s_fabs.o)
 .debug_frame   0x0000185c       0x2c /opt/arm-none-eabi/bin/../lib/gcc/arm-none-eabi/13.2.1/../../../../arm-none-eabi/lib/thumb/v7e-m+fp/hard/libm.a(libm_a-s_scalbn.o)
 .debug_frame   0x00001888       0x6c /opt/arm-none-eabi/bin/../lib/gcc/arm-none-eabi/13.2.1/../../../../arm-none-eabi/lib/thumb/v7e-m+fp/hard/libc_nano.a(libc_a-printf.o)
 .debug_frame   0x000018f4       0xa8 /opt/arm-none-eabi/bin/../lib/gcc/arm-none-eabi/13.2.1/../../../../arm-none-eabi/lib/thumb/v7e-m+fp/hard/libc_nano.a(libc_a-nano-vfprintf.o)
 .debug_frame   0x0000199c       0x40 /opt/arm-none-eabi/bin/../lib/gcc/arm-none-eabi/13.2.1/../../../../arm-none-eabi/lib/thumb/v7e-m+fp/hard/libc_nano.a(libc_a-wbuf.o)
 .debug_frame   0x000019dc       0x2c /opt/arm-none-eabi/bin/../lib/gcc/arm-none-eabi/13.2.1/../../../../arm-none-eabi/lib/thumb/v7e-m+fp/hard/libc_nano.a(libc_a-wsetup.o)
 .debug_frame   0x00001a08       0x60 /opt/arm-none-eabi/bin/../lib/gcc/arm-none-eabi/13.2.1/../../../../arm-none-eabi/lib/thumb/v7e-m+fp/hard/libc_nano.a(libc_a-nano-vfprintf_i.o)
 .debug_frame   0x00001a68       0x3c /opt/arm-none-eabi/bin/../lib/gcc/arm-none-eabi/13.2.1/../../../../arm-none-eabi/lib/thumb/v7e-m+fp/hard/libc_nano.a(libc_a-puts.o)
 .debug_frame   0x00001aa4       0x5c /opt/arm-none-eabi/bin/../lib/gcc/arm-none-eabi/13.2.1/../../../../arm-none-eabi/lib/thumb/v7e-m+fp/hard/libc_nano.a(libc_a-fflush.o)
 .debug_frame   0x00001b00       0x28 /opt/arm-none-eabi/bin/../lib/gcc/arm-none-eabi/13.2.1/../../../../arm-none-eabi/lib/thumb/v7e-m+fp/hard/libc_nano.a(libc_a-memcpy-stub.o)
 .debug_frame   0x00001b28      0x144 /opt/arm-none-eabi/bin/../lib/gcc/arm-none-eabi/13.2.1/../../../../arm-none-eabi/lib/thumb/v7e-m+fp/hard/libc_nano.a(libc_a-findfp.o)
 .debug_frame   0x00001c6c       0x88 /opt/arm-none-eabi/bin/../lib/gcc/arm-none-eabi/13.2.1/../../../../arm-none-eabi/lib/thumb/v7e-m+fp/hard/libc_nano.a(libc_a-stdio.o)
 .debug_frame   0x00001cf4       0x2c /opt/arm-none-eabi/bin/../lib/gcc/arm-none-eabi/13.2.1/../../../../arm-none-eabi/lib/thumb/v7e-m+fp/hard/libc_nano.a(libc_a-readr.o)
 .debug_frame   0x00001d20       0x78 /opt/arm-none-eabi/bin/../lib/gcc/arm-none-eabi/13.2.1/../../../../arm-none-eabi/lib/thumb/v7e-m+fp/hard/libc_nano.a(libc_a-qsort.o)
 .debug_frame   0x00001d98       0x2c /opt/arm-none-eabi/bin/../lib/gcc/arm-none-eabi/13.2.1/../../../../arm-none-eabi/lib/thumb/v7e-m+fp/hard/libc_nano.a(libc_a-writer.o)
 .debug_frame   0x00001dc4       0x20 /opt/arm-none-eabi/bin/../lib/gcc/arm-none-eabi/13.2.1/../../../../arm-none-eabi/lib/thumb/v7e-m+fp/hard/libc_nano.a(libc_a-errno.o)
 .debug_frame   0x00001de4       0x34 /opt/arm-none-eabi/bin/../lib/gcc/arm-none-eabi/13.2.1/../../../../arm-none-eabi/lib/thumb/v7e-m+fp/hard/libc_nano.a(libc_a-fwalk.o)
 .debug_frame   0x00001e18       0x20 /opt/arm-none-eabi/bin/../lib/gcc/arm-none-eabi/13.2.1/../../../../arm-none-eabi/lib/thumb/v7e-m+fp/hard/libc_nano.a(libc_a-memset.o)
 .debug_frame   0x00001e38       0x38 /opt/arm-none-eabi/bin/../lib/gcc/arm-none-eabi/13.2.1/../../../../arm-none-eabi/lib/thumb/v7e-m+fp/hard/libc_nano.a(libc_a-freer.o)
 .debug_frame   0x00001e70       0xb0 /opt/arm-none-eabi/bin/../lib/gcc/arm-none-eabi/13.2.1/../../../../arm-none-eabi/lib/thumb/v7e-m+fp/hard/libc_nano.a(libc_a-lock.o)
 .debug_frame   0x00001f20       0x58 /opt/arm-none-eabi/bin/../lib/gcc/arm-none-eabi/13.2.1/../../../../arm-none-eabi/lib/thumb/v7e-m+fp/hard/libc_nano.a(libc_a-makebuf.o)
 .debug_frame   0x00001f78       0x2c /opt/arm-none-eabi/bin/../lib/gcc/arm-none-eabi/13.2.1/../../../../arm-none-eabi/lib/thumb/v7e-m+fp/hard/libc_nano.a(libc_a-closer.o)
 .debug_frame   0x00001fa4       0x38 /opt/arm-none-eabi/bin/../lib/gcc/arm-none-eabi/13.2.1/../../../../arm-none-eabi/lib/thumb/v7e-m+fp/hard/libc_nano.a(libc_a-reent.o)
 .debug_frame   0x00001fdc       0x50 /opt/arm-none-eabi/bin/../lib/gcc/arm-none-eabi/13.2.1/../../../../arm-none-eabi/lib/thumb/v7e-m+fp/hard/libc_nano.a(libc_a-mallocr.o)
 .debug_frame   0x0000202c       0x2c /opt/arm-none-eabi/bin/../lib/gcc/arm-none-eabi/13.2.1/../../../../arm-none-eabi/lib/thumb/v7e-m+fp/hard/libc_nano.a(libc_a-fstatr.o)
 .debug_frame   0x00002058       0x2c /opt/arm-none-eabi/bin/../lib/gcc/arm-none-eabi/13.2.1/../../../../arm-none-eabi/lib/thumb/v7e-m+fp/hard/libc_nano.a(libc_a-isattyr.o)
 .debug_frame   0x00002084       0x2c /opt/arm-none-eabi/bin/../lib/gcc/arm-none-eabi/13.2.1/../../../../arm-none-eabi/lib/thumb/v7e-m+fp/hard/libc_nano.a(libc_a-lseekr.o)
 .debug_frame   0x000020b0       0x30 /opt/arm-none-eabi/bin/../lib/gcc/arm-none-eabi/13.2.1/../../../../arm-none-eabi/lib/thumb/v7e-m+fp/hard/libc_nano.a(libc_a-mlock.o)
 .debug_frame   0x000020e0       0x2c /opt/arm-none-eabi/bin/../lib/gcc/arm-none-eabi/13.2.1/../../../../arm-none-eabi/lib/thumb/v7e-m+fp/hard/libc_nano.a(libc_a-sbrkr.o)
 .debug_frame   0x0000210c       0xac /opt/arm-none-eabi/bin/../lib/gcc/arm-none-eabi/13.2.1/thumb/v7e-m+fp/hard/libgcc.a(_arm_addsubdf3.o)
 .debug_frame   0x000021b8       0x50 /opt/arm-none-eabi/bin/../lib/gcc/arm-none-eabi/13.2.1/thumb/v7e-m+fp/hard/libgcc.a(_arm_muldivdf3.o)
 .debug_frame   0x00002208       0xc4 /opt/arm-none-eabi/bin/../lib/gcc/arm-none-eabi/13.2.1/thumb/v7e-m+fp/hard/libgcc.a(_arm_cmpdf2.o)
 .debug_frame   0x000022cc       0x20 /opt/arm-none-eabi/bin/../lib/gcc/arm-none-eabi/13.2.1/thumb/v7e-m+fp/hard/libgcc.a(_arm_unorddf2.o)
 .debug_frame   0x000022ec       0x24 /opt/arm-none-eabi/bin/../lib/gcc/arm-none-eabi/13.2.1/thumb/v7e-m+fp/hard/libgcc.a(_arm_fixdfsi.o)
 .debug_frame   0x00002310       0x38 /opt/arm-none-eabi/bin/../lib/gcc/arm-none-eabi/13.2.1/thumb/v7e-m+fp/hard/libgcc.a(_fixdfdi.o)
 .debug_frame   0x00002348       0x2c /opt/arm-none-eabi/bin/../lib/gcc/arm-none-eabi/13.2.1/thumb/v7e-m+fp/hard/libgcc.a(_fixunsdfdi.o)
 .debug_frame   0x00002374       0x24 /opt/arm-none-eabi/bin/../lib/gcc/arm-none-eabi/13.2.1/thumb/v7e-m+fp/hard/libgcc.a(_arm_fixunsdfsi.o)

.debug_line_str
                0x00000000      0x1a1
 .debug_line_str
                0x00000000      0x1a1 /opt/arm-none-eabi/bin/../lib/gcc/arm-none-eabi/13.2.1/../../../../arm-none-eabi/lib/thumb/v7e-m+fp/hard/libc_nano.a(libc_a-memchr.o)
                                 0xda (size before relaxing)
 .debug_line_str
                0x000001a1       0xc7 /opt/arm-none-eabi/bin/../lib/gcc/arm-none-eabi/13.2.1/thumb/v7e-m+fp/hard/libgcc.a(_arm_addsubdf3.o)
 .debug_line_str
                0x000001a1       0xc7 /opt/arm-none-eabi/bin/../lib/gcc/arm-none-eabi/13.2.1/thumb/v7e-m+fp/hard/libgcc.a(_arm_muldivdf3.o)
 .debug_line_str
                0x000001a1       0xc7 /opt/arm-none-eabi/bin/../lib/gcc/arm-none-eabi/13.2.1/thumb/v7e-m+fp/hard/libgcc.a(_arm_cmpdf2.o)
 .debug_line_str
                0x000001a1       0xc7 /opt/arm-none-eabi/bin/../lib/gcc/arm-none-eabi/13.2.1/thumb/v7e-m+fp/hard/libgcc.a(_arm_unorddf2.o)
 .debug_line_str
                0x000001a1       0xc7 /opt/arm-none-eabi/bin/../lib/gcc/arm-none-eabi/13.2.1/thumb/v7e-m+fp/hard/libgcc.a(_arm_fixdfsi.o)
 .debug_line_str
                0x000001a1       0xc7 /opt/arm-none-eabi/bin/../lib/gcc/arm-none-eabi/13.2.1/thumb/v7e-m+fp/hard/libgcc.a(_arm_fixunsdfsi.o)
