Archive member included to satisfy reference by file (symbol)

/opt/arm-none-eabi/bin/../lib/gcc/arm-none-eabi/13.2.1/../../../../arm-none-eabi/lib/thumb/v7e-m+fp/hard/libc_nano.a(libc_a-printf.o)
                              /tmp/ccTd1Vc9.o (printf)
/opt/arm-none-eabi/bin/../lib/gcc/arm-none-eabi/13.2.1/../../../../arm-none-eabi/lib/thumb/v7e-m+fp/hard/libc_nano.a(libc_a-nano-vfprintf.o)
                              /opt/arm-none-eabi/bin/../lib/gcc/arm-none-eabi/13.2.1/../../../../arm-none-eabi/lib/thumb/v7e-m+fp/hard/libc_nano.a(libc_a-printf.o) (_vfprintf_r)
/opt/arm-none-eabi/bin/../lib/gcc/arm-none-eabi/13.2.1/../../../../arm-none-eabi/lib/thumb/v7e-m+fp/hard/libc_nano.a(libc_a-wbuf.o)
                              /opt/arm-none-eabi/bin/../lib/gcc/arm-none-eabi/13.2.1/../../../../arm-none-eabi/lib/thumb/v7e-m+fp/hard/libc_nano.a(libc_a-nano-vfprintf.o) (__swbuf_r)
/opt/arm-none-eabi/bin/../lib/gcc/arm-none-eabi/13.2.1/../../../../arm-none-eabi/lib/thumb/v7e-m+fp/hard/libc_nano.a(libc_a-wsetup.o)
                              /opt/arm-none-eabi/bin/../lib/gcc/arm-none-eabi/13.2.1/../../../../arm-none-eabi/lib/thumb/v7e-m+fp/hard/libc_nano.a(libc_a-nano-vfprintf.o) (__swsetup_r)
/opt/arm-none-eabi/bin/../lib/gcc/arm-none-eabi/13.2.1/../../../../arm-none-eabi/lib/thumb/v7e-m+fp/hard/libc_nano.a(libc_a-putchar.o)
                              /tmp/ccTd1Vc9.o (putchar)
/opt/arm-none-eabi/bin/../lib/gcc/arm-none-eabi/13.2.1/../../../../arm-none-eabi/lib/thumb/v7e-m+fp/hard/libc_nano.a(libc_a-nano-vfprintf_i.o)
                              /opt/arm-none-eabi/bin/../lib/gcc/arm-none-eabi/13.2.1/../../../../arm-none-eabi/lib/thumb/v7e-m+fp/hard/libc_nano.a(libc_a-nano-vfprintf.o) (_printf_i)
/opt/arm-none-eabi/bin/../lib/gcc/arm-none-eabi/13.2.1/../../../../arm-none-eabi/lib/thumb/v7e-m+fp/hard/libc_nano.a(libc_a-puts.o)
                              /tmp/ccTd1Vc9.o (puts)
/opt/arm-none-eabi/bin/../lib/gcc/arm-none-eabi/13.2.1/../../../../arm-none-eabi/lib/thumb/v7e-m+fp/hard/libc_nano.a(libc_a-impure.o)
                              /opt/arm-none-eabi/bin/../lib/gcc/arm-none-eabi/13.2.1/../../../../arm-none-eabi/lib/thumb/v7e-m+fp/hard/libc_nano.a(libc_a-printf.o) (_impure_ptr)
/opt/arm-none-eabi/bin/../lib/gcc/arm-none-eabi/13.2.1/../../../../arm-none-eabi/lib/thumb/v7e-m+fp/hard/libc_nano.a(libc_a-fflush.o)
                              /opt/arm-none-eabi/bin/../lib/gcc/arm-none-eabi/13.2.1/../../../../arm-none-eabi/lib/thumb/v7e-m+fp/hard/libc_nano.a(libc_a-wbuf.o) (_fflush_r)
/opt/arm-none-eabi/bin/../lib/gcc/arm-none-eabi/13.2.1/../../../../arm-none-eabi/lib/thumb/v7e-m+fp/hard/libc_nano.a(libc_a-memchr.o)
                              /opt/arm-none-eabi/bin/../lib/gcc/arm-none-eabi/13.2.1/../../../../arm-none-eabi/lib/thumb/v7e-m+fp/hard/libc_nano.a(libc_a-nano-vfprintf.o) (memchr)
/opt/arm-none-eabi/bin/../lib/gcc/arm-none-eabi/13.2.1/../../../../arm-none-eabi/lib/thumb/v7e-m+fp/hard/libc_nano.a(libc_a-memcpy-stub.o)
                              /tmp/ccTd1Vc9.o (memcpy)
/opt/arm-none-eabi/bin/../lib/gcc/arm-none-eabi/13.2.1/../../../../arm-none-eabi/lib/thumb/v7e-m+fp/hard/libc_nano.a(libc_a-findfp.o)
                              /opt/arm-none-eabi/bin/../lib/gcc/arm-none-eabi/13.2.1/../../../../arm-none-eabi/lib/thumb/v7e-m+fp/hard/libc_nano.a(libc_a-fflush.o) (__sglue)
/opt/arm-none-eabi/bin/../lib/gcc/arm-none-eabi/13.2.1/../../../../arm-none-eabi/lib/thumb/v7e-m+fp/hard/libc_nano.a(libc_a-stdio.o)
                              /opt/arm-none-eabi/bin/../lib/gcc/arm-none-eabi/13.2.1/../../../../arm-none-eabi/lib/thumb/v7e-m+fp/hard/libc_nano.a(libc_a-findfp.o) (__sread)
/opt/arm-none-eabi/bin/../lib/gcc/arm-none-eabi/13.2.1/../../../../arm-none-eabi/lib/thumb/v7e-m+fp/hard/libc_nano.a(libc_a-readr.o)
                              /opt/arm-none-eabi/bin/../lib/gcc/arm-none-eabi/13.2.1/../../../../arm-none-eabi/lib/thumb/v7e-m+fp/hard/libc_nano.a(libc_a-stdio.o) (_read_r)
/opt/arm-none-eabi/bin/../lib/gcc/arm-none-eabi/13.2.1/../../../../arm-none-eabi/lib/thumb/v7e-m+fp/hard/libc_nano.a(libc_a-qsort.o)
                              /tmp/ccuLGAXc.o (qsort)
/opt/arm-none-eabi/bin/../lib/gcc/arm-none-eabi/13.2.1/../../../../arm-none-eabi/lib/thumb/v7e-m+fp/hard/libc_nano.a(libc_a-writer.o)
                              /opt/arm-none-eabi/bin/../lib/gcc/arm-none-eabi/13.2.1/../../../../arm-none-eabi/lib/thumb/v7e-m+fp/hard/libc_nano.a(libc_a-stdio.o) (_write_r)
/opt/arm-none-eabi/bin/../lib/gcc/arm-none-eabi/13.2.1/../../../../arm-none-eabi/lib/thumb/v7e-m+fp/hard/libc_nano.a(libc_a-fvwrite.o)
                              /opt/arm-none-eabi/bin/../lib/gcc/arm-none-eabi/13.2.1/../../../../arm-none-eabi/lib/thumb/v7e-m+fp/hard/libc_nano.a(libc_a-nano-vfprintf.o) (__sfvwrite_r)
/opt/arm-none-eabi/bin/../lib/gcc/arm-none-eabi/13.2.1/../../../../arm-none-eabi/lib/thumb/v7e-m+fp/hard/libc_nano.a(libc_a-fwalk.o)
[...]
Memory Configuration

Name             Origin             Length             Attributes
flash            0x08000000         0x00200000         xr
sram             0x20000000         0x00030000         xrw
*default*        0x00000000         0xffffffff

Linker script and memory map

LOAD /tmp/ccTd1Vc9.o
LOAD /tmp/cc9qStKw.o
LOAD /tmp/ccAXEtOs.o
LOAD /tmp/ccNwNq85.o
LOAD /tmp/ccjZz4hb.o
LOAD /tmp/ccF2WMGD.o
LOAD /tmp/cchw9hoX.o
LOAD /tmp/ccuLGAXc.o
LOAD /opt/arm-none-eabi/bin/../lib/gcc/arm-none-eabi/13.2.1/../../../../arm-none-eabi/lib/thumb/v7e-m+fp/hard/libc_nano.a
LOAD /opt/arm-none-eabi/bin/../lib/gcc/arm-none-eabi/13.2.1/thumb/v7e-m+fp/hard/libgcc.a
                0x20030000                        _estack = (ORIGIN (sram) + LENGTH (sram))

.vectors        0x08000000      0x1bc
 *(.vectors)
 .vectors       0x08000000      0x1bc /tmp/cc9qStKw.o
                0x08000000                tab

.text           0x080001c0     0x24cc
 *(.text*)
 .text.delay_ms
                0x080001c0       0x14 /tmp/ccTd1Vc9.o
 .text.gpio_set_mode
                0x080001d4       0x38 /tmp/ccTd1Vc9.o
 .text.gpio_set_af
                0x0800020c       0x2e /tmp/ccTd1Vc9.o
 *fill*         0x0800023a        0x2 
 .text.SysTick_Handler
                0x0800023c       0x10 /tmp/ccTd1Vc9.o
                0x0800023c                SysTick_Handler
 .text.STM32_beep_buzzer
                0x0800024c       0x38 /tmp/ccTd1Vc9.o
                0x0800024c                STM32_beep_buzzer
 .text.update_sensors
                0x08000284       0x18 /tmp/ccTd1Vc9.o
                0x08000284                update_sensors
 .text.STM32_indicate_on_buzzer
                0x0800029c        0xa /tmp/ccTd1Vc9.o
                0x0800029c                STM32_indicate_on_buzzer
 .text.STM32_indicate_on_led
                0x080002a6       0x1e /tmp/ccTd1Vc9.o
                0x080002a6                STM32_indicate_on_led
 .text.startup.main
                0x080002c4      0x14c /tmp/ccTd1Vc9.o
                0x080002c4                main
 .text._reset   0x08000410       0x50 /tmp/cc9qStKw.o
                0x08000410                _reset
 .text._fstat   0x08000460       0x12 /tmp/ccAXEtOs.o
                0x08000460                _fstat
 *fill*         0x08000472        0x2 
 .text._sbrk    0x08000474       0x1c /tmp/ccAXEtOs.o
                0x08000474                _sbrk
 .text._close   0x08000490        0x6 /tmp/ccAXEtOs.o
                0x08000490                _close
 .text._isatty  0x08000496        0x4 /tmp/ccAXEtOs.o
                0x08000496                _isatty
 .text._lseek   0x0800049a        0x4 /tmp/ccAXEtOs.o
                0x0800049a                _lseek
 .text._read    0x0800049e        0x6 /tmp/ccAXEtOs.o
                0x0800049e                _read
 .text._write   0x080004a4       0x34 /tmp/ccAXEtOs.o
                0x080004a4                _write
 .text.systick_init
                0x080004d8       0x34 /tmp/ccNwNq85.o
 .text.gpio_set_mode
                0x0800050c       0x34 /tmp/ccNwNq85.o
 .text.gpio_set_af
                0x08000540       0x2e /tmp/ccNwNq85.o
 *fill*         0x0800056e        0x2 
 .text.uart_init.constprop.0
                0x08000570       0xd0 /tmp/ccNwNq85.o
 .text.STM32_init_clock
                0x08000640       0x78 /tmp/ccNwNq85.o
                0x08000640                STM32_init_clock
 .text.STM32_init_internals
                0x080006b8      0x118 /tmp/ccNwNq85.o
                0x080006b8                STM32_init_internals
 .text.STM32_init_peripherals
                0x080007d0       0x58 /tmp/ccNwNq85.o
                0x080007d0                STM32_init_peripherals
 .text.STM32_init
                0x08000828       0x24 /tmp/ccNwNq85.o
                0x08000828                STM32_init
 .text.STM32_led_on
                0x0800084c       0x10 /tmp/ccNwNq85.o
                0x0800084c                STM32_led_on
 .text.STM32_led_off
                0x0800085c       0x10 /tmp/ccNwNq85.o
                0x0800085c                STM32_led_off
 .text.unset_cs
                0x0800086c       0x30 /tmp/ccjZz4hb.o
 .text.set_cs.constprop.0
                0x0800089c       0x30 /tmp/ccjZz4hb.o
 .text.spi_transmit
                0x080008cc       0x18 /tmp/ccjZz4hb.o
 .text.spi_transmit_receive.constprop.0.isra.0
                0x080008e4       0x5a /tmp/ccjZz4hb.o
 *fill*         0x0800093e        0x2 
 .text.MS5611_read_PROM
                0x08000940       0x40 /tmp/ccjZz4hb.o
                0x08000940                MS5611_read_PROM
 .text.MS5611_get_data
                0x08000980      0x164 /tmp/ccjZz4hb.o
                0x08000980                MS5611_get_data
 .text.MS5611_init
                0x08000ae4       0x38 /tmp/ccjZz4hb.o
                0x08000ae4                MS5611_init
 .text.unset_cs
                0x08000b1c       0x30 /tmp/ccF2WMGD.o
 .text.set_cs.constprop.0
                0x08000b4c       0x30 /tmp/ccF2WMGD.o
 .text.spi_ready_write.isra.0
                0x08000b7c        0x8 /tmp/ccF2WMGD.o
 .text.spi_transmit_receive.constprop.0.isra.0
                0x08000b84       0x70 /tmp/ccF2WMGD.o
 .text.ADXL375_get_data
                0x08000bf4       0x80 /tmp/ccF2WMGD.o
                0x08000bf4                ADXL375_get_data
 .text.ADXL375_reg_write
                0x08000c74       0x2c /tmp/ccF2WMGD.o
                0x08000c74                ADXL375_reg_write
 .text.ADXL375_init
                0x08000ca0       0x84 /tmp/ccF2WMGD.o
                0x08000ca0                ADXL375_init
 .text.update_buffer
                0x08000d24       0x3c /tmp/ccuLGAXc.o
                0x08000d24                update_buffer
 .text.printf   0x08000d60       0x24 /opt/arm-none-eabi/bin/../lib/gcc/arm-none-eabi/13.2.1/../../../../arm-none-eabi/lib/thumb/v7e-m+fp/hard/libc_nano.a(libc_a-printf.o)
                0x08000d60                printf
                0x08000d60                iprintf
 .text.__sfputc_r
                0x08000d84       0x2e /opt/arm-none-eabi/bin/../lib/gcc/arm-none-eabi/13.2.1/../../../../arm-none-eabi/lib/thumb/v7e-m+fp/hard/libc_nano.a(libc_a-nano-vfprintf.o)
 .text.__sfputs_r
                0x08000db2       0x24 /opt/arm-none-eabi/bin/../lib/gcc/arm-none-eabi/13.2.1/../../../../arm-none-eabi/lib/thumb/v7e-m+fp/hard/libc_nano.a(libc_a-nano-vfprintf.o)
                0x08000db2                __sfputs_r
 *fill*         0x08000dd6        0x2 
 .text._vfprintf_r
                0x08000dd8      0x230 /opt/arm-none-eabi/bin/../lib/gcc/arm-none-eabi/13.2.1/../../../../arm-none-eabi/lib/thumb/v7e-m+fp/hard/libc_nano.a(libc_a-nano-vfprintf.o)
                0x08000dd8                _vfiprintf_r
                0x08000dd8                _vfprintf_r
 .text.__swbuf_r
                0x08001008       0x7c /opt/arm-none-eabi/bin/../lib/gcc/arm-none-eabi/13.2.1/../../../../arm-none-eabi/lib/thumb/v7e-m+fp/hard/libc_nano.a(libc_a-wbuf.o)
                0x08001008                __swbuf_r
 .text.__swsetup_r
                0x08001084       0xac /opt/arm-none-eabi/bin/../lib/gcc/arm-none-eabi/13.2.1/../../../../arm-none-eabi/lib/thumb/v7e-m+fp/hard/libc_nano.a(libc_a-wsetup.o)
                0x08001084                __swsetup_r
 .text._printf_common
                0x08001130       0xda /opt/arm-none-eabi/bin/../lib/gcc/arm-none-eabi/13.2.1/../../../../arm-none-eabi/lib/thumb/v7e-m+fp/hard/libc_nano.a(libc_a-nano-vfprintf_i.o)
                0x08001130                _printf_common
 *fill*         0x0800120a        0x2 
 .text._printf_i
                0x0800120c      0x23c /opt/arm-none-eabi/bin/../lib/gcc/arm-none-eabi/13.2.1/../../../../arm-none-eabi/lib/thumb/v7e-m+fp/hard/libc_nano.a(libc_a-nano-vfprintf_i.o)
                0x0800120c                _printf_i
 .text._puts_r  0x08001448       0xaa /opt/arm-none-eabi/bin/../lib/gcc/arm-none-eabi/13.2.1/../../../../arm-none-eabi/lib/thumb/v7e-m+fp/hard/libc_nano.a(libc_a-puts.o)
                0x08001448                _puts_r
 *fill*         0x080014f2        0x2 
 .text.puts     0x080014f4       0x10 /opt/arm-none-eabi/bin/../lib/gcc/arm-none-eabi/13.2.1/../../../../arm-none-eabi/lib/thumb/v7e-m+fp/hard/libc_nano.a(libc_a-puts.o)
                0x080014f4                puts
 .text.__sflush_r
                0x08001504      0x108 /opt/arm-none-eabi/bin/../lib/gcc/arm-none-eabi/13.2.1/../../../../arm-none-eabi/lib/thumb/v7e-m+fp/hard/libc_nano.a(libc_a-fflush.o)
                0x08001504                __sflush_r
 .text._fflush_r
                0x0800160c       0x50 /opt/arm-none-eabi/bin/../lib/gcc/arm-none-eabi/13.2.1/../../../../arm-none-eabi/lib/thumb/v7e-m+fp/hard/libc_nano.a(libc_a-fflush.o)
                0x0800160c                _fflush_r
 *fill*         0x0800165c        0x4 
 .text          0x08001660       0xa0 /opt/arm-none-eabi/bin/../lib/gcc/arm-none-eabi/13.2.1/../../../../arm-none-eabi/lib/thumb/v7e-m+fp/hard/libc_nano.a(libc_a-memchr.o)
                0x08001660                memchr
 .text.memcpy   0x08001700       0x1c /opt/arm-none-eabi/bin/../lib/gcc/arm-none-eabi/13.2.1/../../../../arm-none-eabi/lib/thumb/v7e-m+fp/hard/libc_nano.a(libc_a-memcpy-stub.o)
                0x08001700                memcpy
 .text.std      0x0800171c       0x6c /opt/arm-none-eabi/bin/../lib/gcc/arm-none-eabi/13.2.1/../../../../arm-none-eabi/lib/thumb/v7e-m+fp/hard/libc_nano.a(libc_a-findfp.o)
 .text.stdio_exit_handler
                0x08001788       0x18 /opt/arm-none-eabi/bin/../lib/gcc/arm-none-eabi/13.2.1/../../../../arm-none-eabi/lib/thumb/v7e-m+fp/hard/libc_nano.a(libc_a-findfp.o)
 .text.cleanup_stdio
                0x080017a0       0x40 /opt/arm-none-eabi/bin/../lib/gcc/arm-none-eabi/13.2.1/../../../../arm-none-eabi/lib/thumb/v7e-m+fp/hard/libc_nano.a(libc_a-findfp.o)
 .text.global_stdio_init.part.0
                0x080017e0       0x3c /opt/arm-none-eabi/bin/../lib/gcc/arm-none-eabi/13.2.1/../../../../arm-none-eabi/lib/thumb/v7e-m+fp/hard/libc_nano.a(libc_a-findfp.o)
 .text.__sfp_lock_acquire
                0x0800181c        0xc /opt/arm-none-eabi/bin/../lib/gcc/arm-none-eabi/13.2.1/../../../../arm-none-eabi/lib/thumb/v7e-m+fp/hard/libc_nano.a(libc_a-findfp.o)
                0x0800181c                __sfp_lock_acquire
 .text.__sfp_lock_release
                0x08001828        0xc /opt/arm-none-eabi/bin/../lib/gcc/arm-none-eabi/13.2.1/../../../../arm-none-eabi/lib/thumb/v7e-m+fp/hard/libc_nano.a(libc_a-findfp.o)
                0x08001828                __sfp_lock_release
 .text.__sinit  0x08001834       0x30 /opt/arm-none-eabi/bin/../lib/gcc/arm-none-eabi/13.2.1/../../../../arm-none-eabi/lib/thumb/v7e-m+fp/hard/libc_nano.a(libc_a-findfp.o)
                0x08001834                __sinit
 .text.__sread  0x08001864       0x22 /opt/arm-none-eabi/bin/../lib/gcc/arm-none-eabi/13.2.1/../../../../arm-none-eabi/lib/thumb/v7e-m+fp/hard/libc_nano.a(libc_a-stdio.o)
                0x08001864                __sread
 .text.__swrite
                0x08001886       0x38 /opt/arm-none-eabi/bin/../lib/gcc/arm-none-eabi/13.2.1/../../../../arm-none-eabi/lib/thumb/v7e-m+fp/hard/libc_nano.a(libc_a-stdio.o)
                0x08001886                __swrite
 .text.__sseek  0x080018be       0x24 /opt/arm-none-eabi/bin/../lib/gcc/arm-none-eabi/13.2.1/../../../../arm-none-eabi/lib/thumb/v7e-m+fp/hard/libc_nano.a(libc_a-stdio.o)
                0x080018be                __sseek
 .text.__sclose
                0x080018e2        0x8 /opt/arm-none-eabi/bin/../lib/gcc/arm-none-eabi/13.2.1/../../../../arm-none-eabi/lib/thumb/v7e-m+fp/hard/libc_nano.a(libc_a-stdio.o)
                0x080018e2                __sclose
 *fill*         0x080018ea        0x2 
 .text._read_r  0x080018ec       0x24 /opt/arm-none-eabi/bin/../lib/gcc/arm-none-eabi/13.2.1/../../../../arm-none-eabi/lib/thumb/v7e-m+fp/hard/libc_nano.a(libc_a-readr.o)
                0x080018ec                _read_r
 .text._write_r
                0x08001910       0x24 /opt/arm-none-eabi/bin/../lib/gcc/arm-none-eabi/13.2.1/../../../../arm-none-eabi/lib/thumb/v7e-m+fp/hard/libc_nano.a(libc_a-writer.o)
                0x08001910                _write_r
 .text._fwalk_sglue
                0x08001934       0x3c /opt/arm-none-eabi/bin/../lib/gcc/arm-none-eabi/13.2.1/../../../../arm-none-eabi/lib/thumb/v7e-m+fp/hard/libc_nano.a(libc_a-fwalk.o)
                0x08001934                _fwalk_sglue
 .text.memset   0x08001970       0x10 /opt/arm-none-eabi/bin/../lib/gcc/arm-none-eabi/13.2.1/../../../../arm-none-eabi/lib/thumb/v7e-m+fp/hard/libc_nano.a(libc_a-memset.o)
                0x08001970                memset
 .text._free_r  0x08001980       0x94 /opt/arm-none-eabi/bin/../lib/gcc/arm-none-eabi/13.2.1/../../../../arm-none-eabi/lib/thumb/v7e-m+fp/hard/libc_nano.a(libc_a-freer.o)
                0x08001980                _free_r
 .text.__retarget_lock_init_recursive
                0x08001a14        0x2 /opt/arm-none-eabi/bin/../lib/gcc/arm-none-eabi/13.2.1/../../../../arm-none-eabi/lib/thumb/v7e-m+fp/hard/libc_nano.a(libc_a-lock.o)
                0x08001a14                __retarget_lock_init_recursive
 .text.__retarget_lock_acquire_recursive
                0x08001a16        0x2 /opt/arm-none-eabi/bin/../lib/gcc/arm-none-eabi/13.2.1/../../../../arm-none-eabi/lib/thumb/v7e-m+fp/hard/libc_nano.a(libc_a-lock.o)
                0x08001a16                __retarget_lock_acquire_recursive
 .text.__retarget_lock_release_recursive
                0x08001a18        0x2 /opt/arm-none-eabi/bin/../lib/gcc/arm-none-eabi/13.2.1/../../../../arm-none-eabi/lib/thumb/v7e-m+fp/hard/libc_nano.a(libc_a-lock.o)
                0x08001a18                __retarget_lock_release_recursive
 .text.__swhatbuf_r
                0x08001a1a       0x4c /opt/arm-none-eabi/bin/../lib/gcc/arm-none-eabi/13.2.1/../../../../arm-none-eabi/lib/thumb/v7e-m+fp/hard/libc_nano.a(libc_a-makebuf.o)
                0x08001a1a                __swhatbuf_r
 .text.__smakebuf_r
                0x08001a66       0x78 /opt/arm-none-eabi/bin/../lib/gcc/arm-none-eabi/13.2.1/../../../../arm-none-eabi/lib/thumb/v7e-m+fp/hard/libc_nano.a(libc_a-makebuf.o)
                0x08001a66                __smakebuf_r
 *fill*         0x08001ade        0x2 
 .text._close_r
                0x08001ae0       0x20 /opt/arm-none-eabi/bin/../lib/gcc/arm-none-eabi/13.2.1/../../../../arm-none-eabi/lib/thumb/v7e-m+fp/hard/libc_nano.a(libc_a-closer.o)
                0x08001ae0                _close_r
 .text.sbrk_aligned
                0x08001b00       0x44 /opt/arm-none-eabi/bin/../lib/gcc/arm-none-eabi/13.2.1/../../../../arm-none-eabi/lib/thumb/v7e-m+fp/hard/libc_nano.a(libc_a-mallocr.o)
 .text._malloc_r
                0x08001b44      0x100 /opt/arm-none-eabi/bin/../lib/gcc/arm-none-eabi/13.2.1/../../../../arm-none-eabi/lib/thumb/v7e-m+fp/hard/libc_nano.a(libc_a-mallocr.o)
                0x08001b44                _malloc_r
 .text._fstat_r
                0x08001c44       0x24 /opt/arm-none-eabi/bin/../lib/gcc/arm-none-eabi/13.2.1/../../../../arm-none-eabi/lib/thumb/v7e-m+fp/hard/libc_nano.a(libc_a-fstatr.o)
                0x08001c44                _fstat_r
 .text._isatty_r
                0x08001c68       0x20 /opt/arm-none-eabi/bin/../lib/gcc/arm-none-eabi/13.2.1/../../../../arm-none-eabi/lib/thumb/v7e-m+fp/hard/libc_nano.a(libc_a-isattyr.o)
                0x08001c68                _isatty_r
 .text._lseek_r
                0x08001c88       0x24 /opt/arm-none-eabi/bin/../lib/gcc/arm-none-eabi/13.2.1/../../../../arm-none-eabi/lib/thumb/v7e-m+fp/hard/libc_nano.a(libc_a-lseekr.o)
                0x08001c88                _lseek_r
 .text.__malloc_lock
                0x08001cac        0xc /opt/arm-none-eabi/bin/../lib/gcc/arm-none-eabi/13.2.1/../../../../arm-none-eabi/lib/thumb/v7e-m+fp/hard/libc_nano.a(libc_a-mlock.o)
                0x08001cac                __malloc_lock
 .text.__malloc_unlock
                0x08001cb8        0xc /opt/arm-none-eabi/bin/../lib/gcc/arm-none-eabi/13.2.1/../../../../arm-none-eabi/lib/thumb/v7e-m+fp/hard/libc_nano.a(libc_a-mlock.o)
                0x08001cb8                __malloc_unlock
 .text._sbrk_r  0x08001cc4       0x20 /opt/arm-none-eabi/bin/../lib/gcc/arm-none-eabi/13.2.1/../../../../arm-none-eabi/lib/thumb/v7e-m+fp/hard/libc_nano.a(libc_a-sbrkr.o)
                0x08001cc4                _sbrk_r
 .text          0x08001ce4      0x378 /opt/arm-none-eabi/bin/../lib/gcc/arm-none-eabi/13.2.1/thumb/v7e-m+fp/hard/libgcc.a(_arm_addsubdf3.o)
                0x08001ce4                __aeabi_drsub
                0x08001cec                __aeabi_dsub
                0x08001cec                __subdf3
                0x08001cf0                __adddf3
                0x08001cf0                __aeabi_dadd
                0x08001f68                __aeabi_ui2d
                0x08001f68                __floatunsidf
                0x08001f88                __floatsidf
                0x08001f88                __aeabi_i2d
                0x08001fac                __extendsfdf2
                0x08001fac                __aeabi_f2d
                0x08001ff0                __aeabi_ul2d
                0x08001ff0                __floatundidf
                0x08002000                __floatdidf
                0x08002000                __aeabi_l2d
 .text          0x0800205c      0x424 /opt/arm-none-eabi/bin/../lib/gcc/arm-none-eabi/13.2.1/thumb/v7e-m+fp/hard/libgcc.a(_arm_muldivdf3.o)
                0x0800205c                __aeabi_dmul
                0x0800205c                __muldf3
                0x080022b0                __aeabi_ddiv
                0x080022b0                __divdf3
 .text          0x08002480      0x110 /opt/arm-none-eabi/bin/../lib/gcc/arm-none-eabi/13.2.1/thumb/v7e-m+fp/hard/libgcc.a(_arm_cmpdf2.o)
                0x08002480                __gtdf2
                0x08002480                __gedf2
                0x08002488                __ltdf2
                0x08002488                __ledf2
                0x08002490                __cmpdf2
                0x08002490                __eqdf2
                0x08002490                __nedf2
                0x0800250c                __aeabi_cdrcmple
                0x0800251c                __aeabi_cdcmple
                0x0800251c                __aeabi_cdcmpeq
                0x0800252c                __aeabi_dcmpeq
                0x08002540                __aeabi_dcmplt
                0x08002554                __aeabi_dcmple
                0x08002568                __aeabi_dcmpge
                0x0800257c                __aeabi_dcmpgt
 .text          0x08002590       0x50 /opt/arm-none-eabi/bin/../lib/gcc/arm-none-eabi/13.2.1/thumb/v7e-m+fp/hard/libgcc.a(_arm_fixdfsi.o)
                0x08002590                __fixdfsi
                0x08002590                __aeabi_d2iz
 .text.__fixdfdi
                0x080025e0       0x30 /opt/arm-none-eabi/bin/../lib/gcc/arm-none-eabi/13.2.1/thumb/v7e-m+fp/hard/libgcc.a(_fixdfdi.o)
                0x080025e0                __aeabi_d2lz
                0x080025e0                __fixdfdi
 .text.__fixunsdfdi
                0x08002610       0x3c /opt/arm-none-eabi/bin/../lib/gcc/arm-none-eabi/13.2.1/thumb/v7e-m+fp/hard/libgcc.a(_fixunsdfdi.o)
                0x08002610                __aeabi_d2ulz
                0x08002610                __fixunsdfdi
 .text          0x0800264c       0x40 /opt/arm-none-eabi/bin/../lib/gcc/arm-none-eabi/13.2.1/thumb/v7e-m+fp/hard/libgcc.a(_arm_fixunsdfsi.o)
                0x0800264c                __fixunsdfsi
                0x0800264c                __aeabi_d2uiz

.glue_7         0x0800268c        0x0
 .glue_7        0x0800268c        0x0 linker stubs

.glue_7t        0x0800268c        0x0
 .glue_7t       0x0800268c        0x0 linker stubs

.vfp11_veneer   0x0800268c        0x0
 .vfp11_veneer  0x0800268c        0x0 linker stubs

.v4_bx          0x0800268c        0x0
 .v4_bx         0x0800268c        0x0 linker stubs

.iplt           0x0800268c        0x0
 .iplt          0x0800268c        0x0 /tmp/ccTd1Vc9.o

.rodata         0x0800268c      0x13a
 *(.rodata*)
 .rodata.main.str1.1
                0x0800268c      0x13a /tmp/ccTd1Vc9.o
                                 0xc4 (size before relaxing)
 .rodata.MS5611_init.str1.1
                0x080027c6        0xd /tmp/ccjZz4hb.o
 .rodata.ADXL375_get_data.str1.1
                0x080027c6       0x18 /tmp/ccF2WMGD.o
 .rodata.ADXL375_init.str1.1
                0x080027c6       0x1e /tmp/ccF2WMGD.o
 .rodata._vfprintf_r.str1.1
                0x080027c6       0x11 /opt/arm-none-eabi/bin/../lib/gcc/arm-none-eabi/13.2.1/../../../../arm-none-eabi/lib/thumb/v7e-m+fp/hard/libc_nano.a(libc_a-nano-vfprintf.o)
 .rodata._printf_i.str1.1
                0x080027c6       0x22 /opt/arm-none-eabi/bin/../lib/gcc/arm-none-eabi/13.2.1/../../../../arm-none-eabi/lib/thumb/v7e-m+fp/hard/libc_nano.a(libc_a-nano-vfprintf_i.o)

.ARM.exidx      0x080027c8        0x8
 .ARM.exidx     0x080027c8        0x8 /opt/arm-none-eabi/bin/../lib/gcc/arm-none-eabi/13.2.1/../../../../arm-none-eabi/lib/thumb/v7e-m+fp/hard/libc_nano.a(libc_a-memchr.o)

.rel.dyn        0x080027d0        0x0
 .rel.iplt      0x080027d0        0x0 /tmp/ccTd1Vc9.o

.data           0x20000000       0x60 load address 0x080027d0
                0x20000000                        _sdata = .
 *(.first_data)
 *(.data SORT_BY_NAME(.data.*))
 .data.FREQ     0x20000000        0x4 /tmp/ccNwNq85.o
                0x20000000                FREQ
 .data.__sglue  0x20000004        0xc /opt/arm-none-eabi/bin/../lib/gcc/arm-none-eabi/13.2.1/../../../../arm-none-eabi/lib/thumb/v7e-m+fp/hard/libc_nano.a(libc_a-findfp.o)
                0x20000004                __sglue
 .data._impure_data
                0x20000010       0x4c /opt/arm-none-eabi/bin/../lib/gcc/arm-none-eabi/13.2.1/../../../../arm-none-eabi/lib/thumb/v7e-m+fp/hard/libc_nano.a(libc_a-impure.o)
                0x20000010                _impure_data
 .data._impure_ptr
                0x2000005c        0x4 /opt/arm-none-eabi/bin/../lib/gcc/arm-none-eabi/13.2.1/../../../../arm-none-eabi/lib/thumb/v7e-m+fp/hard/libc_nano.a(libc_a-impure.o)
                0x2000005c                _impure_ptr
                0x20000060                        _edata = .
                0x080027d0                        _sidata = LOADADDR (.data)

.igot.plt       0x20000060        0x0 load address 0x08002830
 .igot.plt      0x20000060        0x0 /tmp/ccTd1Vc9.o

.bss            0x20000060      0x170 load address 0x08002830
                0x20000060                        _sbss = .
 *(.bss SORT_BY_NAME(.bss.*) COMMON)
 .bss.ADXL375_SPI
                0x20000060        0x4 /tmp/ccF2WMGD.o
                0x20000060                ADXL375_SPI
 .bss.MS5611_SPI
                0x20000064        0x4 /tmp/ccjZz4hb.o
                0x20000064                MS5611_SPI
 .bss.__lock___malloc_recursive_mutex
                0x20000068        0x1 /opt/arm-none-eabi/bin/../lib/gcc/arm-none-eabi/13.2.1/../../../../arm-none-eabi/lib/thumb/v7e-m+fp/hard/libc_nano.a(libc_a-lock.o)
                0x20000068                __lock___malloc_recursive_mutex
 .bss.__lock___sfp_recursive_mutex
                0x20000069        0x1 /opt/arm-none-eabi/bin/../lib/gcc/arm-none-eabi/13.2.1/../../../../arm-none-eabi/lib/thumb/v7e-m+fp/hard/libc_nano.a(libc_a-lock.o)
                0x20000069                __lock___sfp_recursive_mutex
 *fill*         0x2000006a        0x2 
 .bss.__malloc_free_list
                0x2000006c        0x4 /opt/arm-none-eabi/bin/../lib/gcc/arm-none-eabi/13.2.1/../../../../arm-none-eabi/lib/thumb/v7e-m+fp/hard/libc_nano.a(libc_a-mallocr.o)
                0x2000006c                __malloc_free_list
 .bss.__malloc_sbrk_start
                0x20000070        0x4 /opt/arm-none-eabi/bin/../lib/gcc/arm-none-eabi/13.2.1/../../../../arm-none-eabi/lib/thumb/v7e-m+fp/hard/libc_nano.a(libc_a-mallocr.o)
                0x20000070                __malloc_sbrk_start
 .bss.__sf      0x20000074      0x138 /opt/arm-none-eabi/bin/../lib/gcc/arm-none-eabi/13.2.1/../../../../arm-none-eabi/lib/thumb/v7e-m+fp/hard/libc_nano.a(libc_a-findfp.o)
                0x20000074                __sf
 .bss.__stdio_exit_handler
                0x200001ac        0x4 /opt/arm-none-eabi/bin/../lib/gcc/arm-none-eabi/13.2.1/../../../../arm-none-eabi/lib/thumb/v7e-m+fp/hard/libc_nano.a(libc_a-findfp.o)
                0x200001ac                __stdio_exit_handler
 .bss.errno     0x200001b0        0x4 /opt/arm-none-eabi/bin/../lib/gcc/arm-none-eabi/13.2.1/../../../../arm-none-eabi/lib/thumb/v7e-m+fp/hard/libc_nano.a(libc_a-reent.o)
                0x200001b0                errno
 .bss.flightStage
                0x200001b4        0x1 /tmp/ccTd1Vc9.o
                0x200001b4                flightStage
 *fill*         0x200001b5        0x3 
 .bss.heap.0    0x200001b8        0x4 /tmp/ccAXEtOs.o
 .bss.ms5611_prom_data
                0x200001bc       0x10 /tmp/ccjZz4hb.o
                0x200001bc                ms5611_prom_data
 .bss.s_ticks   0x200001cc        0x4 /tmp/ccTd1Vc9.o
                0x200001cc                s_ticks
                0x200001d0                        _ebss = .
                0x200001d0                        . = ALIGN (0x8)
                0x200001d0                        _end = .
OUTPUT(firmware.elf elf32-littlearm)
LOAD linker stubs

.debug_info     0x00000000     0x6b4d
 .debug_info    0x00000000     0x34da /tmp/ccTd1Vc9.o
 .debug_info    0x000034da      0x139 /tmp/cc9qStKw.o
 .debug_info    0x00003613      0x7f9 /tmp/ccAXEtOs.o
 .debug_info    0x00003e0c      0xe0c /tmp/ccNwNq85.o
 .debug_info    0x00004c18     0x1020 /tmp/ccjZz4hb.o
 .debug_info    0x00005c38      0xc9e /tmp/ccF2WMGD.o
 .debug_info    0x000068d6      0x277 /tmp/ccuLGAXc.o

.debug_abbrev   0x00000000     0x16cd
 .debug_abbrev  0x00000000      0x677 /tmp/ccTd1Vc9.o
 .debug_abbrev  0x00000677       0xe8 /tmp/cc9qStKw.o
 .debug_abbrev  0x0000075f      0x29f /tmp/ccAXEtOs.o
 .debug_abbrev  0x000009fe      0x31d /tmp/ccNwNq85.o
 .debug_abbrev  0x00000d1b      0x464 /tmp/ccjZz4hb.o
 .debug_abbrev  0x0000117f      0x3a5 /tmp/ccF2WMGD.o
 .debug_abbrev  0x00001524      0x1a9 /tmp/ccuLGAXc.o

.debug_loclists
                0x00000000     0x377c
 .debug_loclists
                0x00000000     0x28c5 /tmp/ccTd1Vc9.o
 .debug_loclists
                0x000028c5      0x225 /tmp/ccAXEtOs.o
 .debug_loclists
                0x00002aea      0x2b6 /tmp/ccNwNq85.o
 .debug_loclists
                0x00002da0      0x520 /tmp/ccjZz4hb.o
 .debug_loclists
                0x000032c0      0x3f9 /tmp/ccF2WMGD.o
 .debug_loclists
                0x000036b9       0xc3 /tmp/ccuLGAXc.o

.debug_aranges  0x00000000      0x3a0
 .debug_aranges
                0x00000000      0x1b0 /tmp/ccTd1Vc9.o
 .debug_aranges
                0x000001b0       0x20 /tmp/cc9qStKw.o
 .debug_aranges
                0x000001d0       0x90 /tmp/ccAXEtOs.o
 .debug_aranges
                0x00000260       0x68 /tmp/ccNwNq85.o
 .debug_aranges
                0x000002c8       0x58 /tmp/ccjZz4hb.o
 .debug_aranges
                0x00000320       0x50 /tmp/ccF2WMGD.o
 .debug_aranges
                0x00000370       0x30 /tmp/ccuLGAXc.o

.debug_rnglists
                0x00000000      0x523
 .debug_rnglists
                0x00000000      0x2ce /tmp/ccTd1Vc9.o
 .debug_rnglists
                0x000002ce       0x13 /tmp/cc9qStKw.o
 .debug_rnglists
                0x000002e1       0x7f /tmp/ccAXEtOs.o
 .debug_rnglists
                0x00000360       0x64 /tmp/ccNwNq85.o
 .debug_rnglists
                0x000003c4       0xa4 /tmp/ccjZz4hb.o
 .debug_rnglists
                0x00000468       0x8d /tmp/ccF2WMGD.o
 .debug_rnglists
                0x000004f5       0x2e /tmp/ccuLGAXc.o

.debug_macro    0x00000000    0x21a42
 .debug_macro   0x00000000      0x2eb /tmp/ccTd1Vc9.o
 .debug_macro   0x000002eb      0xad2 /tmp/ccTd1Vc9.o
 .debug_macro   0x00000dbd       0x22 /tmp/ccTd1Vc9.o
 .debug_macro   0x00000ddf       0x5b /tmp/ccTd1Vc9.o
 .debug_macro   0x00000e3a       0x2a /tmp/ccTd1Vc9.o
 .debug_macro   0x00000e64       0x94 /tmp/ccTd1Vc9.o
 .debug_macro   0x00000ef8       0x43 /tmp/ccTd1Vc9.o
 .debug_macro   0x00000f3b       0x34 /tmp/ccTd1Vc9.o
 .debug_macro   0x00000f6f       0x16 /tmp/ccTd1Vc9.o
 .debug_macro   0x00000f85       0x57 /tmp/ccTd1Vc9.o
 .debug_macro   0x00000fdc       0x9e /tmp/ccTd1Vc9.o
 .debug_macro   0x0000107a      0x370 /tmp/ccTd1Vc9.o
 .debug_macro   0x000013ea      0x112 /tmp/ccTd1Vc9.o
 .debug_macro   0x000014fc       0x10 /tmp/ccTd1Vc9.o
 .debug_macro   0x0000150c       0x16 /tmp/ccTd1Vc9.o
 .debug_macro   0x00001522       0x4a /tmp/ccTd1Vc9.o
 .debug_macro   0x0000156c       0x34 /tmp/ccTd1Vc9.o
 .debug_macro   0x000015a0       0x10 /tmp/ccTd1Vc9.o
 .debug_macro   0x000015b0       0x58 /tmp/ccTd1Vc9.o
 .debug_macro   0x00001608       0x8e /tmp/ccTd1Vc9.o
 .debug_macro   0x00001696       0x1c /tmp/ccTd1Vc9.o
 .debug_macro   0x000016b2      0x177 /tmp/ccTd1Vc9.o
 .debug_macro   0x00001829       0x16 /tmp/ccTd1Vc9.o
 .debug_macro   0x0000183f       0x16 /tmp/ccTd1Vc9.o
 .debug_macro   0x00001855      0x146 /tmp/ccTd1Vc9.o
 .debug_macro   0x0000199b      0x103 /tmp/ccTd1Vc9.o
 .debug_macro   0x00001a9e       0x6a /tmp/ccTd1Vc9.o
 .debug_macro   0x00001b08      0x1df /tmp/ccTd1Vc9.o
 .debug_macro   0x00001ce7       0x3c /tmp/ccTd1Vc9.o
 .debug_macro   0x00001d23      0x460 /tmp/ccTd1Vc9.o
 .debug_macro   0x00002183       0x22 /tmp/ccTd1Vc9.o
 .debug_macro   0x000021a5       0x16 /tmp/ccTd1Vc9.o
 .debug_macro   0x000021bb       0x16 /tmp/ccTd1Vc9.o
 .debug_macro   0x000021d1       0x29 /tmp/ccTd1Vc9.o
 .debug_macro   0x000021fa       0x16 /tmp/ccTd1Vc9.o
 .debug_macro   0x00002210       0x10 /tmp/ccTd1Vc9.o
 .debug_macro   0x00002220       0x10 /tmp/ccTd1Vc9.o
 .debug_macro   0x00002230       0x10 /tmp/ccTd1Vc9.o
 .debug_macro   0x00002240       0x1c /tmp/ccTd1Vc9.o
 .debug_macro   0x0000225c       0x52 /tmp/ccTd1Vc9.o
 .debug_macro   0x000022ae       0x22 /tmp/ccTd1Vc9.o
 .debug_macro   0x000022d0       0x10 /tmp/ccTd1Vc9.o
 .debug_macro   0x000022e0       0x52 /tmp/ccTd1Vc9.o
 .debug_macro   0x00002332       0xc1 /tmp/ccTd1Vc9.o
 .debug_macro   0x000023f3       0x1c /tmp/ccTd1Vc9.o
 .debug_macro   0x0000240f       0x3d /tmp/ccTd1Vc9.o
 .debug_macro   0x0000244c       0x35 /tmp/ccTd1Vc9.o
 .debug_macro   0x00002481      0x12c /tmp/ccTd1Vc9.o
 .debug_macro   0x000025ad       0x28 /tmp/ccTd1Vc9.o
 .debug_macro   0x000025d5       0x1c /tmp/ccTd1Vc9.o
 .debug_macro   0x000025f1       0x22 /tmp/ccTd1Vc9.o
 .debug_macro   0x00002613       0xd9 /tmp/ccTd1Vc9.o
 .debug_macro   0x000026ec     0x102d /tmp/ccTd1Vc9.o
 .debug_macro   0x00003719      0x11f /tmp/ccTd1Vc9.o
 .debug_macro   0x00003838    0x1cb71 /tmp/ccTd1Vc9.o
 .debug_macro   0x000203a9       0xd6 /tmp/ccTd1Vc9.o
 .debug_macro   0x0002047f       0x3a /tmp/ccTd1Vc9.o
 .debug_macro   0x000204b9       0x7c /tmp/ccTd1Vc9.o
 .debug_macro   0x00020535       0x88 /tmp/ccTd1Vc9.o
 .debug_macro   0x000205bd      0x190 /tmp/ccTd1Vc9.o
 .debug_macro   0x0002074d       0x1c /tmp/ccTd1Vc9.o
 .debug_macro   0x00020769       0x11 /tmp/cc9qStKw.o
 .debug_macro   0x0002077a      0x2b2 /tmp/ccAXEtOs.o
 .debug_macro   0x00020a2c       0x3a /tmp/ccAXEtOs.o
 .debug_macro   0x00020a66       0x89 /tmp/ccAXEtOs.o
 .debug_macro   0x00020aef       0x1c /tmp/ccAXEtOs.o
 .debug_macro   0x00020b0b       0x9b /tmp/ccAXEtOs.o
 .debug_macro   0x00020ba6      0x2c1 /tmp/ccNwNq85.o
 .debug_macro   0x00020e67       0x34 /tmp/ccNwNq85.o
 .debug_macro   0x00020e9b      0x2c7 /tmp/ccjZz4hb.o
 .debug_macro   0x00021162       0x8e /tmp/ccjZz4hb.o
 .debug_macro   0x000211f0       0x51 /tmp/ccjZz4hb.o
 .debug_macro   0x00021241       0x61 /tmp/ccjZz4hb.o
 .debug_macro   0x000212a2       0x82 /tmp/ccjZz4hb.o
 .debug_macro   0x00021324      0x2c1 /tmp/ccF2WMGD.o
 .debug_macro   0x000215e5      0x18a /tmp/ccF2WMGD.o
 .debug_macro   0x0002176f      0x2d3 /tmp/ccuLGAXc.o

.debug_line     0x00000000     0x3fa2
 .debug_line    0x00000000     0x1962 /tmp/ccTd1Vc9.o
 .debug_line    0x00001962       0x6b /tmp/cc9qStKw.o
 .debug_line    0x000019cd      0x5e8 /tmp/ccAXEtOs.o
 .debug_line    0x00001fb5      0x8f2 /tmp/ccNwNq85.o
 .debug_line    0x000028a7      0x9c3 /tmp/ccjZz4hb.o
 .debug_line    0x0000326a      0x883 /tmp/ccF2WMGD.o
 .debug_line    0x00003aed      0x4b5 /tmp/ccuLGAXc.o

.debug_str      0x00000000    0xb3fde
 .debug_str     0x00000000    0xb3fde /tmp/ccTd1Vc9.o
                              0xb3e55 (size before relaxing)
 .debug_str     0x000b3fde     0x2eb8 /tmp/cc9qStKw.o
 .debug_str     0x000b3fde    0xb2839 /tmp/ccAXEtOs.o
 .debug_str     0x000b3fde    0xb2a79 /tmp/ccNwNq85.o
 .debug_str     0x000b3fde    0xb2b3c /tmp/ccjZz4hb.o
 .debug_str     0x000b3fde    0xb2ffa /tmp/ccF2WMGD.o
 .debug_str     0x000b3fde    0xb30f6 /tmp/ccuLGAXc.o

.comment        0x00000000       0x44
 .comment       0x00000000       0x44 /tmp/ccTd1Vc9.o
                                 0x45 (size before relaxing)
 .comment       0x00000044       0x45 /tmp/cc9qStKw.o
 .comment       0x00000044       0x45 /tmp/ccAXEtOs.o
 .comment       0x00000044       0x45 /tmp/ccNwNq85.o
 .comment       0x00000044       0x45 /tmp/ccjZz4hb.o
 .comment       0x00000044       0x45 /tmp/ccF2WMGD.o
 .comment       0x00000044       0x45 /tmp/ccuLGAXc.o

.ARM.attributes
                0x00000000       0x32
 .ARM.attributes
                0x00000000       0x34 /tmp/ccTd1Vc9.o
 .ARM.attributes
                0x00000034       0x34 /tmp/cc9qStKw.o
 .ARM.attributes
                0x00000068       0x34 /tmp/ccAXEtOs.o
 .ARM.attributes
                0x0000009c       0x34 /tmp/ccNwNq85.o
 .ARM.attributes
                0x000000d0       0x34 /tmp/ccjZz4hb.o
 .ARM.attributes
                0x00000104       0x34 /tmp/ccF2WMGD.o
 .ARM.attributes
                0x00000138       0x34 /tmp/ccuLGAXc.o
 .ARM.attributes
                0x0000016c       0x34 /opt/arm-none-eabi/bin/../lib/gcc/arm-none-eabi/13.2.1/../../../../arm-none-eabi/lib/thumb/v7e-m+fp/hard/libc_nano.a(libc_a-printf.o)
 .ARM.attributes
                0x000001a0       0x34 /opt/arm-none-eabi/bin/../lib/gcc/arm-none-eabi/13.2.1/../../../../arm-none-eabi/lib/thumb/v7e-m+fp/hard/libc_nano.a(libc_a-nano-vfprintf.o)
 .ARM.attributes
                0x000001d4       0x34 /opt/arm-none-eabi/bin/../lib/gcc/arm-none-eabi/13.2.1/../../../../arm-none-eabi/lib/thumb/v7e-m+fp/hard/libc_nano.a(libc_a-wbuf.o)
 .ARM.attributes
                0x00000208       0x34 /opt/arm-none-eabi/bin/../lib/gcc/arm-none-eabi/13.2.1/../../../../arm-none-eabi/lib/thumb/v7e-m+fp/hard/libc_nano.a(libc_a-wsetup.o)
 .ARM.attributes
                0x0000023c       0x34 /opt/arm-none-eabi/bin/../lib/gcc/arm-none-eabi/13.2.1/../../../../arm-none-eabi/lib/thumb/v7e-m+fp/hard/libc_nano.a(libc_a-nano-vfprintf_i.o)
 .ARM.attributes
                0x00000270       0x34 /opt/arm-none-eabi/bin/../lib/gcc/arm-none-eabi/13.2.1/../../../../arm-none-eabi/lib/thumb/v7e-m+fp/hard/libc_nano.a(libc_a-puts.o)
 .ARM.attributes
                0x000002a4       0x34 /opt/arm-none-eabi/bin/../lib/gcc/arm-none-eabi/13.2.1/../../../../arm-none-eabi/lib/thumb/v7e-m+fp/hard/libc_nano.a(libc_a-impure.o)
 .ARM.attributes
                0x000002d8       0x34 /opt/arm-none-eabi/bin/../lib/gcc/arm-none-eabi/13.2.1/../../../../arm-none-eabi/lib/thumb/v7e-m+fp/hard/libc_nano.a(libc_a-fflush.o)
 .ARM.attributes
                0x0000030c       0x1c /opt/arm-none-eabi/bin/../lib/gcc/arm-none-eabi/13.2.1/../../../../arm-none-eabi/lib/thumb/v7e-m+fp/hard/libc_nano.a(libc_a-memchr.o)
 .ARM.attributes
                0x00000328       0x34 /opt/arm-none-eabi/bin/../lib/gcc/arm-none-eabi/13.2.1/../../../../arm-none-eabi/lib/thumb/v7e-m+fp/hard/libc_nano.a(libc_a-memcpy-stub.o)
 .ARM.attributes
                0x0000035c       0x34 /opt/arm-none-eabi/bin/../lib/gcc/arm-none-eabi/13.2.1/../../../../arm-none-eabi/lib/thumb/v7e-m+fp/hard/libc_nano.a(libc_a-findfp.o)
 .ARM.attributes
                0x00000390       0x34 /opt/arm-none-eabi/bin/../lib/gcc/arm-none-eabi/13.2.1/../../../../arm-none-eabi/lib/thumb/v7e-m+fp/hard/libc_nano.a(libc_a-stdio.o)
 .ARM.attributes
                0x000003c4       0x34 /opt/arm-none-eabi/bin/../lib/gcc/arm-none-eabi/13.2.1/../../../../arm-none-eabi/lib/thumb/v7e-m+fp/hard/libc_nano.a(libc_a-readr.o)
 .ARM.attributes
                0x000003f8       0x34 /opt/arm-none-eabi/bin/../lib/gcc/arm-none-eabi/13.2.1/../../../../arm-none-eabi/lib/thumb/v7e-m+fp/hard/libc_nano.a(libc_a-writer.o)
 .ARM.attributes
                0x0000042c       0x34 /opt/arm-none-eabi/bin/../lib/gcc/arm-none-eabi/13.2.1/../../../../arm-none-eabi/lib/thumb/v7e-m+fp/hard/libc_nano.a(libc_a-fwalk.o)
 .ARM.attributes
                0x00000460       0x34 /opt/arm-none-eabi/bin/../lib/gcc/arm-none-eabi/13.2.1/../../../../arm-none-eabi/lib/thumb/v7e-m+fp/hard/libc_nano.a(libc_a-memset.o)
 .ARM.attributes
                0x00000494       0x34 /opt/arm-none-eabi/bin/../lib/gcc/arm-none-eabi/13.2.1/../../../../arm-none-eabi/lib/thumb/v7e-m+fp/hard/libc_nano.a(libc_a-freer.o)
 .ARM.attributes
                0x000004c8       0x34 /opt/arm-none-eabi/bin/../lib/gcc/arm-none-eabi/13.2.1/../../../../arm-none-eabi/lib/thumb/v7e-m+fp/hard/libc_nano.a(libc_a-lock.o)
 .ARM.attributes
                0x000004fc       0x34 /opt/arm-none-eabi/bin/../lib/gcc/arm-none-eabi/13.2.1/../../../../arm-none-eabi/lib/thumb/v7e-m+fp/hard/libc_nano.a(libc_a-makebuf.o)
 .ARM.attributes
                0x00000530       0x34 /opt/arm-none-eabi/bin/../lib/gcc/arm-none-eabi/13.2.1/../../../../arm-none-eabi/lib/thumb/v7e-m+fp/hard/libc_nano.a(libc_a-closer.o)
 .ARM.attributes
                0x00000564       0x34 /opt/arm-none-eabi/bin/../lib/gcc/arm-none-eabi/13.2.1/../../../../arm-none-eabi/lib/thumb/v7e-m+fp/hard/libc_nano.a(libc_a-reent.o)
 .ARM.attributes
                0x00000598       0x34 /opt/arm-none-eabi/bin/../lib/gcc/arm-none-eabi/13.2.1/../../../../arm-none-eabi/lib/thumb/v7e-m+fp/hard/libc_nano.a(libc_a-mallocr.o)
 .ARM.attributes
                0x000005cc       0x34 /opt/arm-none-eabi/bin/../lib/gcc/arm-none-eabi/13.2.1/../../../../arm-none-eabi/lib/thumb/v7e-m+fp/hard/libc_nano.a(libc_a-fstatr.o)
 .ARM.attributes
                0x00000600       0x34 /opt/arm-none-eabi/bin/../lib/gcc/arm-none-eabi/13.2.1/../../../../arm-none-eabi/lib/thumb/v7e-m+fp/hard/libc_nano.a(libc_a-isattyr.o)
 .ARM.attributes
                0x00000634       0x34 /opt/arm-none-eabi/bin/../lib/gcc/arm-none-eabi/13.2.1/../../../../arm-none-eabi/lib/thumb/v7e-m+fp/hard/libc_nano.a(libc_a-lseekr.o)
 .ARM.attributes
                0x00000668       0x34 /opt/arm-none-eabi/bin/../lib/gcc/arm-none-eabi/13.2.1/../../../../arm-none-eabi/lib/thumb/v7e-m+fp/hard/libc_nano.a(libc_a-mlock.o)
 .ARM.attributes
                0x0000069c       0x34 /opt/arm-none-eabi/bin/../lib/gcc/arm-none-eabi/13.2.1/../../../../arm-none-eabi/lib/thumb/v7e-m+fp/hard/libc_nano.a(libc_a-sbrkr.o)
 .ARM.attributes
                0x000006d0       0x22 /opt/arm-none-eabi/bin/../lib/gcc/arm-none-eabi/13.2.1/thumb/v7e-m+fp/hard/libgcc.a(_arm_addsubdf3.o)
 .ARM.attributes
                0x000006f2       0x22 /opt/arm-none-eabi/bin/../lib/gcc/arm-none-eabi/13.2.1/thumb/v7e-m+fp/hard/libgcc.a(_arm_muldivdf3.o)
 .ARM.attributes
                0x00000714       0x22 /opt/arm-none-eabi/bin/../lib/gcc/arm-none-eabi/13.2.1/thumb/v7e-m+fp/hard/libgcc.a(_arm_cmpdf2.o)
 .ARM.attributes
                0x00000736       0x22 /opt/arm-none-eabi/bin/../lib/gcc/arm-none-eabi/13.2.1/thumb/v7e-m+fp/hard/libgcc.a(_arm_fixdfsi.o)
 .ARM.attributes
                0x00000758       0x34 /opt/arm-none-eabi/bin/../lib/gcc/arm-none-eabi/13.2.1/thumb/v7e-m+fp/hard/libgcc.a(_fixdfdi.o)
 .ARM.attributes
                0x0000078c       0x34 /opt/arm-none-eabi/bin/../lib/gcc/arm-none-eabi/13.2.1/thumb/v7e-m+fp/hard/libgcc.a(_fixunsdfdi.o)
 .ARM.attributes
                0x000007c0       0x22 /opt/arm-none-eabi/bin/../lib/gcc/arm-none-eabi/13.2.1/thumb/v7e-m+fp/hard/libgcc.a(_arm_fixunsdfsi.o)

.debug_frame    0x00000000     0x1468
 .debug_frame   0x00000000      0x614 /tmp/ccTd1Vc9.o
 .debug_frame   0x00000614       0x20 /tmp/cc9qStKw.o
 .debug_frame   0x00000634      0x108 /tmp/ccAXEtOs.o
 .debug_frame   0x0000073c       0xf0 /tmp/ccNwNq85.o
 .debug_frame   0x0000082c       0xdc /tmp/ccjZz4hb.o
 .debug_frame   0x00000908       0xb8 /tmp/ccF2WMGD.o
 .debug_frame   0x000009c0       0x50 /tmp/ccuLGAXc.o
 .debug_frame   0x00000a10       0x6c /opt/arm-none-eabi/bin/../lib/gcc/arm-none-eabi/13.2.1/../../../../arm-none-eabi/lib/thumb/v7e-m+fp/hard/libc_nano.a(libc_a-printf.o)
 .debug_frame   0x00000a7c       0xa8 /opt/arm-none-eabi/bin/../lib/gcc/arm-none-eabi/13.2.1/../../../../arm-none-eabi/lib/thumb/v7e-m+fp/hard/libc_nano.a(libc_a-nano-vfprintf.o)
 .debug_frame   0x00000b24       0x40 /opt/arm-none-eabi/bin/../lib/gcc/arm-none-eabi/13.2.1/../../../../arm-none-eabi/lib/thumb/v7e-m+fp/hard/libc_nano.a(libc_a-wbuf.o)
 .debug_frame   0x00000b64       0x2c /opt/arm-none-eabi/bin/../lib/gcc/arm-none-eabi/13.2.1/../../../../arm-none-eabi/lib/thumb/v7e-m+fp/hard/libc_nano.a(libc_a-wsetup.o)
 .debug_frame   0x00000b90       0x60 /opt/arm-none-eabi/bin/../lib/gcc/arm-none-eabi/13.2.1/../../../../arm-none-eabi/lib/thumb/v7e-m+fp/hard/libc_nano.a(libc_a-nano-vfprintf_i.o)
 .debug_frame   0x00000bf0       0x3c /opt/arm-none-eabi/bin/../lib/gcc/arm-none-eabi/13.2.1/../../../../arm-none-eabi/lib/thumb/v7e-m+fp/hard/libc_nano.a(libc_a-puts.o)
 .debug_frame   0x00000c2c       0x5c /opt/arm-none-eabi/bin/../lib/gcc/arm-none-eabi/13.2.1/../../../../arm-none-eabi/lib/thumb/v7e-m+fp/hard/libc_nano.a(libc_a-fflush.o)
 .debug_frame   0x00000c88       0x28 /opt/arm-none-eabi/bin/../lib/gcc/arm-none-eabi/13.2.1/../../../../arm-none-eabi/lib/thumb/v7e-m+fp/hard/libc_nano.a(libc_a-memcpy-stub.o)
 .debug_frame   0x00000cb0      0x144 /opt/arm-none-eabi/bin/../lib/gcc/arm-none-eabi/13.2.1/../../../../arm-none-eabi/lib/thumb/v7e-m+fp/hard/libc_nano.a(libc_a-findfp.o)
 .debug_frame   0x00000df4       0x88 /opt/arm-none-eabi/bin/../lib/gcc/arm-none-eabi/13.2.1/../../../../arm-none-eabi/lib/thumb/v7e-m+fp/hard/libc_nano.a(libc_a-stdio.o)
 .debug_frame   0x00000e7c       0x2c /opt/arm-none-eabi/bin/../lib/gcc/arm-none-eabi/13.2.1/../../../../arm-none-eabi/lib/thumb/v7e-m+fp/hard/libc_nano.a(libc_a-readr.o)
 .debug_frame   0x00000ea8       0x2c /opt/arm-none-eabi/bin/../lib/gcc/arm-none-eabi/13.2.1/../../../../arm-none-eabi/lib/thumb/v7e-m+fp/hard/libc_nano.a(libc_a-writer.o)
 .debug_frame   0x00000ed4       0x34 /opt/arm-none-eabi/bin/../lib/gcc/arm-none-eabi/13.2.1/../../../../arm-none-eabi/lib/thumb/v7e-m+fp/hard/libc_nano.a(libc_a-fwalk.o)
 .debug_frame   0x00000f08       0x20 /opt/arm-none-eabi/bin/../lib/gcc/arm-none-eabi/13.2.1/../../../../arm-none-eabi/lib/thumb/v7e-m+fp/hard/libc_nano.a(libc_a-memset.o)
 .debug_frame   0x00000f28       0x38 /opt/arm-none-eabi/bin/../lib/gcc/arm-none-eabi/13.2.1/../../../../arm-none-eabi/lib/thumb/v7e-m+fp/hard/libc_nano.a(libc_a-freer.o)
 .debug_frame   0x00000f60       0xb0 /opt/arm-none-eabi/bin/../lib/gcc/arm-none-eabi/13.2.1/../../../../arm-none-eabi/lib/thumb/v7e-m+fp/hard/libc_nano.a(libc_a-lock.o)
 .debug_frame   0x00001010       0x58 /opt/arm-none-eabi/bin/../lib/gcc/arm-none-eabi/13.2.1/../../../../arm-none-eabi/lib/thumb/v7e-m+fp/hard/libc_nano.a(libc_a-makebuf.o)
 .debug_frame   0x00001068       0x2c /opt/arm-none-eabi/bin/../lib/gcc/arm-none-eabi/13.2.1/../../../../arm-none-eabi/lib/thumb/v7e-m+fp/hard/libc_nano.a(libc_a-closer.o)
 .debug_frame   0x00001094       0x38 /opt/arm-none-eabi/bin/../lib/gcc/arm-none-eabi/13.2.1/../../../../arm-none-eabi/lib/thumb/v7e-m+fp/hard/libc_nano.a(libc_a-reent.o)
 .debug_frame   0x000010cc       0x50 /opt/arm-none-eabi/bin/../lib/gcc/arm-none-eabi/13.2.1/../../../../arm-none-eabi/lib/thumb/v7e-m+fp/hard/libc_nano.a(libc_a-mallocr.o)
 .debug_frame   0x0000111c       0x2c /opt/arm-none-eabi/bin/../lib/gcc/arm-none-eabi/13.2.1/../../../../arm-none-eabi/lib/thumb/v7e-m+fp/hard/libc_nano.a(libc_a-fstatr.o)
 .debug_frame   0x00001148       0x2c /opt/arm-none-eabi/bin/../lib/gcc/arm-none-eabi/13.2.1/../../../../arm-none-eabi/lib/thumb/v7e-m+fp/hard/libc_nano.a(libc_a-isattyr.o)
 .debug_frame   0x00001174       0x2c /opt/arm-none-eabi/bin/../lib/gcc/arm-none-eabi/13.2.1/../../../../arm-none-eabi/lib/thumb/v7e-m+fp/hard/libc_nano.a(libc_a-lseekr.o)
 .debug_frame   0x000011a0       0x30 /opt/arm-none-eabi/bin/../lib/gcc/arm-none-eabi/13.2.1/../../../../arm-none-eabi/lib/thumb/v7e-m+fp/hard/libc_nano.a(libc_a-mlock.o)
 .debug_frame   0x000011d0       0x2c /opt/arm-none-eabi/bin/../lib/gcc/arm-none-eabi/13.2.1/../../../../arm-none-eabi/lib/thumb/v7e-m+fp/hard/libc_nano.a(libc_a-sbrkr.o)
 .debug_frame   0x000011fc       0xac /opt/arm-none-eabi/bin/../lib/gcc/arm-none-eabi/13.2.1/thumb/v7e-m+fp/hard/libgcc.a(_arm_addsubdf3.o)
 .debug_frame   0x000012a8       0x50 /opt/arm-none-eabi/bin/../lib/gcc/arm-none-eabi/13.2.1/thumb/v7e-m+fp/hard/libgcc.a(_arm_muldivdf3.o)
 .debug_frame   0x000012f8       0xc4 /opt/arm-none-eabi/bin/../lib/gcc/arm-none-eabi/13.2.1/thumb/v7e-m+fp/hard/libgcc.a(_arm_cmpdf2.o)
 .debug_frame   0x000013bc       0x24 /opt/arm-none-eabi/bin/../lib/gcc/arm-none-eabi/13.2.1/thumb/v7e-m+fp/hard/libgcc.a(_arm_fixdfsi.o)
 .debug_frame   0x000013e0       0x38 /opt/arm-none-eabi/bin/../lib/gcc/arm-none-eabi/13.2.1/thumb/v7e-m+fp/hard/libgcc.a(_fixdfdi.o)
 .debug_frame   0x00001418       0x2c /opt/arm-none-eabi/bin/../lib/gcc/arm-none-eabi/13.2.1/thumb/v7e-m+fp/hard/libgcc.a(_fixunsdfdi.o)
 .debug_frame   0x00001444       0x24 /opt/arm-none-eabi/bin/../lib/gcc/arm-none-eabi/13.2.1/thumb/v7e-m+fp/hard/libgcc.a(_arm_fixunsdfsi.o)

.debug_line_str
                0x00000000      0x1a1
 .debug_line_str
                0x00000000      0x1a1 /opt/arm-none-eabi/bin/../lib/gcc/arm-none-eabi/13.2.1/../../../../arm-none-eabi/lib/thumb/v7e-m+fp/hard/libc_nano.a(libc_a-memchr.o)
                                 0xda (size before relaxing)
 .debug_line_str
                0x000001a1       0xc7 /opt/arm-none-eabi/bin/../lib/gcc/arm-none-eabi/13.2.1/thumb/v7e-m+fp/hard/libgcc.a(_arm_addsubdf3.o)
 .debug_line_str
                0x000001a1       0xc7 /opt/arm-none-eabi/bin/../lib/gcc/arm-none-eabi/13.2.1/thumb/v7e-m+fp/hard/libgcc.a(_arm_muldivdf3.o)
 .debug_line_str
                0x000001a1       0xc7 /opt/arm-none-eabi/bin/../lib/gcc/arm-none-eabi/13.2.1/thumb/v7e-m+fp/hard/libgcc.a(_arm_cmpdf2.o)
 .debug_line_str
                0x000001a1       0xc7 /opt/arm-none-eabi/bin/../lib/gcc/arm-none-eabi/13.2.1/thumb/v7e-m+fp/hard/libgcc.a(_arm_fixdfsi.o)
 .debug_line_str
                0x000001a1       0xc7 /opt/arm-none-eabi/bin/../lib/gcc/arm-none-eabi/13.2.1/thumb/v7e-m+fp/hard/libgcc.a(_arm_fixunsdfsi.o)
