Archive member included to satisfy reference by file (symbol)

/opt/arm-none-eabi/bin/../lib/gcc/arm-none-eabi/13.2.1/../../../../arm-none-eabi/lib/thumb/v7e-m+fp/hard/libm.a(libm_a-wf_sqrt.o)
                              /tmp/cceynLpH.o (sqrtf)
/opt/arm-none-eabi/bin/../lib/gcc/arm-none-eabi/13.2.1/../../../../arm-none-eabi/lib/thumb/v7e-m+fp/hard/libm.a(libm_a-s_trunc.o)
                              /tmp/cc9i2B0y.o (trunc)
/opt/arm-none-eabi/bin/../lib/gcc/arm-none-eabi/13.2.1/../../../../arm-none-eabi/lib/thumb/v7e-m+fp/hard/libm.a(libm_a-w_sqrt.o)
                              /tmp/ccF68LAp.o (sqrt)
/opt/arm-none-eabi/bin/../lib/gcc/arm-none-eabi/13.2.1/../../../../arm-none-eabi/lib/thumb/v7e-m+fp/hard/libm.a(libm_a-powl.o)
                              /tmp/cceynLpH.o (powl)
/opt/arm-none-eabi/bin/../lib/gcc/arm-none-eabi/13.2.1/../../../../arm-none-eabi/lib/thumb/v7e-m+fp/hard/libm.a(libm_a-e_sqrt.o)
                              /opt/arm-none-eabi/bin/../lib/gcc/arm-none-eabi/13.2.1/../../../../arm-none-eabi/lib/thumb/v7e-m+fp/hard/libm.a(libm_a-w_sqrt.o) (__ieee754_sqrt)
/opt/arm-none-eabi/bin/../lib/gcc/arm-none-eabi/13.2.1/../../../../arm-none-eabi/lib/thumb/v7e-m+fp/hard/libm.a(libm_a-ef_sqrt.o)
                              /opt/arm-none-eabi/bin/../lib/gcc/arm-none-eabi/13.2.1/../../../../arm-none-eabi/lib/thumb/v7e-m+fp/hard/libm.a(libm_a-wf_sqrt.o) (__ieee754_sqrtf)
/opt/arm-none-eabi/bin/../lib/gcc/arm-none-eabi/13.2.1/../../../../arm-none-eabi/lib/thumb/v7e-m+fp/hard/libm.a(libm_a-w_pow.o)
                              /tmp/ccF68LAp.o (pow)
/opt/arm-none-eabi/bin/../lib/gcc/arm-none-eabi/13.2.1/../../../../arm-none-eabi/lib/thumb/v7e-m+fp/hard/libm.a(libm_a-s_finite.o)
                              /opt/arm-none-eabi/bin/../lib/gcc/arm-none-eabi/13.2.1/../../../../arm-none-eabi/lib/thumb/v7e-m+fp/hard/libm.a(libm_a-w_pow.o) (finite)
/opt/arm-none-eabi/bin/../lib/gcc/arm-none-eabi/13.2.1/../../../../arm-none-eabi/lib/thumb/v7e-m+fp/hard/libm.a(libm_a-e_pow.o)
                              /opt/arm-none-eabi/bin/../lib/gcc/arm-none-eabi/13.2.1/../../../../arm-none-eabi/lib/thumb/v7e-m+fp/hard/libm.a(libm_a-w_pow.o) (__ieee754_pow)
/opt/arm-none-eabi/bin/../lib/gcc/arm-none-eabi/13.2.1/../../../../arm-none-eabi/lib/thumb/v7e-m+fp/hard/libm.a(libm_a-math_err.o)
                              /opt/arm-none-eabi/bin/../lib/gcc/arm-none-eabi/13.2.1/../../../../arm-none-eabi/lib/thumb/v7e-m+fp/hard/libm.a(libm_a-e_pow.o) (__math_uflow)
/opt/arm-none-eabi/bin/../lib/gcc/arm-none-eabi/13.2.1/../../../../arm-none-eabi/lib/thumb/v7e-m+fp/hard/libm.a(libm_a-s_fabs.o)
                              /opt/arm-none-eabi/bin/../lib/gcc/arm-none-eabi/13.2.1/../../../../arm-none-eabi/lib/thumb/v7e-m+fp/hard/libm.a(libm_a-e_pow.o) (fabs)
/opt/arm-none-eabi/bin/../lib/gcc/arm-none-eabi/13.2.1/../../../../arm-none-eabi/lib/thumb/v7e-m+fp/hard/libm.a(libm_a-s_scalbn.o)
                              /opt/arm-none-eabi/bin/../lib/gcc/arm-none-eabi/13.2.1/../../../../arm-none-eabi/lib/thumb/v7e-m+fp/hard/libm.a(libm_a-e_pow.o) (scalbn)
/opt/arm-none-eabi/bin/../lib/gcc/arm-none-eabi/13.2.1/../../../../arm-none-eabi/lib/thumb/v7e-m+fp/hard/libc_nano.a(libc_a-printf.o)
                              /tmp/cc9i2B0y.o (printf)
/opt/arm-none-eabi/bin/../lib/gcc/arm-none-eabi/13.2.1/../../../../arm-none-eabi/lib/thumb/v7e-m+fp/hard/libc_nano.a(libc_a-nano-vfprintf.o)
                              /opt/arm-none-eabi/bin/../lib/gcc/arm-none-eabi/13.2.1/../../../../arm-none-eabi/lib/thumb/v7e-m+fp/hard/libc_nano.a(libc_a-printf.o) (_vfprintf_r)
/opt/arm-none-eabi/bin/../lib/gcc/arm-none-eabi/13.2.1/../../../../arm-none-eabi/lib/thumb/v7e-m+fp/hard/libc_nano.a(libc_a-wbuf.o)
                              /opt/arm-none-eabi/bin/../lib/gcc/arm-none-eabi/13.2.1/../../../../arm-none-eabi/lib/thumb/v7e-m+fp/hard/libc_nano.a(libc_a-nano-vfprintf.o) (__swbuf_r)
/opt/arm-none-eabi/bin/../lib/gcc/arm-none-eabi/13.2.1/../../../../arm-none-eabi/lib/thumb/v7e-m+fp/hard/libc_nano.a(libc_a-wsetup.o)
                              /opt/arm-none-eabi/bin/../lib/gcc/arm-none-eabi/13.2.1/../../../../arm-none-eabi/lib/thumb/v7e-m+fp/hard/libc_nano.a(libc_a-nano-vfprintf.o) (__swsetup_r)
/opt/arm-none-eabi/bin/../lib/gcc/arm-none-eabi/13.2.1/../../../../arm-none-eabi/lib/thumb/v7e-m+fp/hard/libc_nano.a(libc_a-putchar.o)
                              /tmp/cc9i2B0y.o (putchar)
/opt/arm-none-eabi/bin/../lib/gcc/arm-none-eabi/13.2.1/../../../../arm-none-eabi/lib/thumb/v7e-m+fp/hard/libc_nano.a(libc_a-nano-vfprintf_i.o)
                              /opt/arm-none-eabi/bin/../lib/gcc/arm-none-eabi/13.2.1/../../../../arm-none-eabi/lib/thumb/v7e-m+fp/hard/libc_nano.a(libc_a-nano-vfprintf.o) (_printf_i)
/opt/arm-none-eabi/bin/../lib/gcc/arm-none-eabi/13.2.1/../../../../arm-none-eabi/lib/thumb/v7e-m+fp/hard/libc_nano.a(libc_a-puts.o)
                              /tmp/cc9i2B0y.o (puts)
[...]
Memory Configuration

Name             Origin             Length             Attributes
flash            0x08000000         0x00200000         xr
sram             0x20000000         0x00030000         xrw
*default*        0x00000000         0xffffffff

Linker script and memory map

LOAD /tmp/cc9i2B0y.o
LOAD /tmp/ccvf3aCx.o
LOAD /tmp/ccKxj87f.o
LOAD /tmp/ccaMlnxt.o
LOAD /tmp/ccz3egfk.o
LOAD /tmp/ccJLDG1k.o
LOAD /tmp/ccWoGxZo.o
LOAD /tmp/ccCVzYMH.o
LOAD /tmp/ccF68LAp.o
LOAD /tmp/cceynLpH.o
LOAD /tmp/ccPjkh3D.o
LOAD /opt/arm-none-eabi/bin/../lib/gcc/arm-none-eabi/13.2.1/../../../../arm-none-eabi/lib/thumb/v7e-m+fp/hard/libm.a
LOAD /opt/arm-none-eabi/bin/../lib/gcc/arm-none-eabi/13.2.1/../../../../arm-none-eabi/lib/thumb/v7e-m+fp/hard/libc_nano.a
LOAD /opt/arm-none-eabi/bin/../lib/gcc/arm-none-eabi/13.2.1/thumb/v7e-m+fp/hard/libgcc.a
                0x20030000                        _estack = (ORIGIN (sram) + LENGTH (sram))

.vectors        0x08000000      0x1bc
 *(.vectors)
 .vectors       0x08000000      0x1bc /tmp/ccvf3aCx.o
                0x08000000                tab

.text           0x080001c0     0x70b4
 *(.text*)
 .text.get_time_us
                0x080001c0       0x14 /tmp/cc9i2B0y.o
 .text.delay_microseconds
                0x080001d4       0x2a /tmp/cc9i2B0y.o
 *fill*         0x080001fe        0x2 
 .text.gpio_set_mode
                0x08000200       0x78 /tmp/cc9i2B0y.o
 .text.gpio_write
                0x08000278       0x4c /tmp/cc9i2B0y.o
 .text.gpio_read
                0x080002c4       0x40 /tmp/cc9i2B0y.o
 .text.get_bit  0x08000304       0x40 /tmp/cc9i2B0y.o
 .text.zip      0x08000344      0x694 /tmp/cc9i2B0y.o
 .text.unzip    0x080009d8      0x794 /tmp/cc9i2B0y.o
 .text._memset  0x0800116c       0x3a /tmp/cc9i2B0y.o
 *fill*         0x080011a6        0x2 
 .text.wait_for_ready_flag
                0x080011a8       0x54 /tmp/cc9i2B0y.o
 .text.set_pin_modes
                0x080011fc       0xb4 /tmp/cc9i2B0y.o
 .text.set_control_pins
                0x080012b0       0xbc /tmp/cc9i2B0y.o
 .text.set_data_pins
                0x0800136c      0x108 /tmp/cc9i2B0y.o
 .text.send_byte_to_flash
                0x08001474       0x36 /tmp/cc9i2B0y.o
 .text.send_addr_to_flash
                0x080014aa       0xb0 /tmp/cc9i2B0y.o
 *fill*         0x0800155a        0x2 
 .text.write_frame
                0x0800155c       0x78 /tmp/cc9i2B0y.o
 .text.calculate_CRC
                0x080015d4       0x88 /tmp/cc9i2B0y.o
 .text.encode_parity
                0x0800165c       0x5e /tmp/cc9i2B0y.o
 *fill*         0x080016ba        0x2 
 .text.log_frame
                0x080016bc       0x90 /tmp/cc9i2B0y.o
 .text.SysTick_Handler
                0x0800174c       0x1c /tmp/cc9i2B0y.o
                0x0800174c                SysTick_Handler
 .text.get_frame_array
                0x08001768      0x120 /tmp/cc9i2B0y.o
                0x08001768                get_frame_array
 .text.update_sensors
                0x08001888       0x7c /tmp/cc9i2B0y.o
                0x08001888                update_sensors
 *fill*         0x08001904        0x4 
 .text.main     0x08001908      0x96c /tmp/cc9i2B0y.o
                0x08001908                main
 .text._reset   0x08002274       0x44 /tmp/ccvf3aCx.o
                0x08002274                _reset
 .text.spin     0x080022b8       0x24 /tmp/ccKxj87f.o
 .text.uart_write_byte
                0x080022dc       0x32 /tmp/ccKxj87f.o
 .text.uart_write_buf
                0x0800230e       0x32 /tmp/ccKxj87f.o
 .text._fstat   0x08002340       0x2c /tmp/ccKxj87f.o
                0x08002340                _fstat
 .text._sbrk    0x0800236c       0x40 /tmp/ccKxj87f.o
                0x0800236c                _sbrk
 .text._close   0x080023ac       0x18 /tmp/ccKxj87f.o
                0x080023ac                _close
 .text._isatty  0x080023c4       0x16 /tmp/ccKxj87f.o
                0x080023c4                _isatty
 .text._lseek   0x080023da       0x1a /tmp/ccKxj87f.o
                0x080023da                _lseek
 .text._read    0x080023f4       0x1c /tmp/ccKxj87f.o
                0x080023f4                _read
 .text._write   0x08002410       0x40 /tmp/ccKxj87f.o
                0x08002410                _write
 .text.delay_ms
                0x08002450       0x30 /tmp/ccaMlnxt.o
 .text.systick_init
                0x08002480       0x58 /tmp/ccaMlnxt.o
 .text.gpio_set_mode
                0x080024d8       0x78 /tmp/ccaMlnxt.o
 .text.gpio_set_af
                0x08002550       0x82 /tmp/ccaMlnxt.o
 .text.gpio_write
                0x080025d2       0x4c /tmp/ccaMlnxt.o
 *fill*         0x0800261e        0x2 
 .text.uart_init
                0x08002620      0x12c /tmp/ccaMlnxt.o
 .text.multiplexer_init
                0x0800274c       0x30 /tmp/ccaMlnxt.o
 .text.spi_init
                0x0800277c      0x1a0 /tmp/ccaMlnxt.o
 .text.pwr_vdd2_init
                0x0800291c       0x30 /tmp/ccaMlnxt.o
 .text.STM32_init
                0x0800294c       0x3c /tmp/ccaMlnxt.o
                0x0800294c                STM32_init
 .text.STM32_init_clock
                0x08002988       0xc4 /tmp/ccaMlnxt.o
                0x08002988                STM32_init_clock
 .text.init_delay_timer
                0x08002a4c       0x50 /tmp/ccaMlnxt.o
                0x08002a4c                init_delay_timer
 .text.STM32_init_internals
                0x08002a9c       0x48 /tmp/ccaMlnxt.o
                0x08002a9c                STM32_init_internals
 .text.STM32_init_peripherals
                0x08002ae4       0x20 /tmp/ccaMlnxt.o
                0x08002ae4                STM32_init_peripherals
 .text.STM32_beep_buzzer
                0x08002b04       0x4c /tmp/ccaMlnxt.o
                0x08002b04                STM32_beep_buzzer
 .text.STM32_indicate_on
                0x08002b50       0x56 /tmp/ccaMlnxt.o
                0x08002b50                STM32_indicate_on
 .text.get_time_us
                0x08002ba6       0x14 /tmp/ccz3egfk.o
 .text.delay_microseconds
                0x08002bba       0x2a /tmp/ccz3egfk.o
 .text.gpio_write
                0x08002be4       0x4c /tmp/ccz3egfk.o
 .text.set_cs   0x08002c30       0xe0 /tmp/ccz3egfk.o
 .text.unset_cs
                0x08002d10       0x30 /tmp/ccz3egfk.o
 .text.spi_ready_read
                0x08002d40       0x32 /tmp/ccz3egfk.o
 .text.spi_ready_write
                0x08002d72       0x24 /tmp/ccz3egfk.o
 .text.spi_enable_cs
                0x08002d96       0x1e /tmp/ccz3egfk.o
 .text.spi_disable_cs
                0x08002db4       0x1c /tmp/ccz3egfk.o
 .text.spi_transmit
                0x08002dd0       0x36 /tmp/ccz3egfk.o
 .text.spi_transmit_receive
                0x08002e06       0xa6 /tmp/ccz3egfk.o
 .text.MS5611_init
                0x08002eac       0x5c /tmp/ccz3egfk.o
                0x08002eac                MS5611_init
 .text.MS5611_read_PROM
                0x08002f08       0x78 /tmp/ccz3egfk.o
                0x08002f08                MS5611_read_PROM
 .text.MS5611_get_data
                0x08002f80      0x248 /tmp/ccz3egfk.o
                0x08002f80                MS5611_get_data
 .text.delay_ms
                0x080031c8       0x30 /tmp/ccWoGxZo.o
 .text.gpio_write
                0x080031f8       0x4c /tmp/ccWoGxZo.o
 .text.set_cs   0x08003244       0xe0 /tmp/ccWoGxZo.o
 .text.unset_cs
                0x08003324       0x30 /tmp/ccWoGxZo.o
 .text.spi_ready_read
                0x08003354       0x32 /tmp/ccWoGxZo.o
 .text.spi_ready_write
                0x08003386       0x24 /tmp/ccWoGxZo.o
 .text.spi_enable_cs
                0x080033aa       0x1e /tmp/ccWoGxZo.o
 .text.spi_disable_cs
                0x080033c8       0x1c /tmp/ccWoGxZo.o
 .text.spi_transmit
                0x080033e4       0x36 /tmp/ccWoGxZo.o
 .text.spi_transmit_receive
                0x0800341a       0xa6 /tmp/ccWoGxZo.o
 .text.ADXL375_init
                0x080034c0       0xa4 /tmp/ccWoGxZo.o
                0x080034c0                ADXL375_init
 .text.ADXL375_get_data
                0x08003564       0xe8 /tmp/ccWoGxZo.o
                0x08003564                ADXL375_get_data
 .text.ADXL375_reg_write
                0x0800364c       0x54 /tmp/ccWoGxZo.o
                0x0800364c                ADXL375_reg_write
 .text.ADXL375_reg_read
                0x080036a0       0x78 /tmp/ccWoGxZo.o
                0x080036a0                ADXL375_reg_read
 .text.init_buffer
                0x08003718       0x3e /tmp/ccF68LAp.o
                0x08003718                init_buffer
 .text.cmpfunc  0x08003756       0x20 /tmp/ccF68LAp.o
                0x08003756                cmpfunc
 *fill*         0x08003776        0x2 
 .text.get_median
                0x08003778       0x6c /tmp/ccF68LAp.o
                0x08003778                get_median
 .text.set_ground_reference
                0x080037e4       0x58 /tmp/ccF68LAp.o
                0x080037e4                set_ground_reference
 .text.update_buffer
                0x0800383c      0x104 /tmp/ccF68LAp.o
                0x0800383c                update_buffer
 .text.get_time_us
                0x08003940       0x14 /tmp/cceynLpH.o
 .text.delay_microseconds
                0x08003954       0x2a /tmp/cceynLpH.o
 *fill*         0x0800397e        0x2 
 .text.delay_ms
                0x08003980       0x30 /tmp/cceynLpH.o
 .text.gpio_write
                0x080039b0       0x4c /tmp/cceynLpH.o
 .text.set_cs   0x080039fc       0xe0 /tmp/cceynLpH.o
 .text.unset_cs
                0x08003adc       0x30 /tmp/cceynLpH.o
 .text.spi_ready_read
                0x08003b0c       0x32 /tmp/cceynLpH.o
 .text.spi_ready_write
                0x08003b3e       0x24 /tmp/cceynLpH.o
 .text.spi_enable_cs
                0x08003b62       0x1e /tmp/cceynLpH.o
 .text.spi_disable_cs
                0x08003b80       0x1c /tmp/cceynLpH.o
 .text.spi_transmit
                0x08003b9c       0x36 /tmp/cceynLpH.o
 .text.spi_transmit_receive
                0x08003bd2       0xa6 /tmp/cceynLpH.o
 .text.LSM6DS3_init
                0x08003c78       0xa8 /tmp/cceynLpH.o
                0x08003c78                LSM6DS3_init
 .text.LSM6DS3_write_register
                0x08003d20       0x74 /tmp/cceynLpH.o
                0x08003d20                LSM6DS3_write_register
 .text.LSM6DS3_write_register_bits
                0x08003d94       0x94 /tmp/cceynLpH.o
                0x08003d94                LSM6DS3_write_register_bits
 .text.LSM6DS3_config
                0x08003e28       0x7e /tmp/cceynLpH.o
                0x08003e28                LSM6DS3_config
 *fill*         0x08003ea6        0x2 
 .text.LSM6DS3_acc_read
                0x08003ea8       0xfc /tmp/cceynLpH.o
                0x08003ea8                LSM6DS3_acc_read
 .text.LSM6DS3_gyro_read
                0x08003fa4       0xe2 /tmp/cceynLpH.o
                0x08003fa4                LSM6DS3_gyro_read
 *fill*         0x08004086        0x2 
 .text.LSM6DS3_gyro_offsets
                0x08004088      0x228 /tmp/cceynLpH.o
                0x08004088                LSM6DS3_gyro_offsets
 .text.LSM6DS3_gyro_standard_dev
                0x080042b0      0x240 /tmp/cceynLpH.o
                0x080042b0                LSM6DS3_gyro_standard_dev
 .text.sqrt     0x080044f0       0x68 /opt/arm-none-eabi/bin/../lib/gcc/arm-none-eabi/13.2.1/../../../../arm-none-eabi/lib/thumb/v7e-m+fp/hard/libm.a(libm_a-w_sqrt.o)
                0x080044f0                sqrt
 .text.powl     0x08004558        0x4 /opt/arm-none-eabi/bin/../lib/gcc/arm-none-eabi/13.2.1/../../../../arm-none-eabi/lib/thumb/v7e-m+fp/hard/libm.a(libm_a-powl.o)
                0x08004558                powl
 .text.__ieee754_sqrt
                0x0800455c      0x1f4 /opt/arm-none-eabi/bin/../lib/gcc/arm-none-eabi/13.2.1/../../../../arm-none-eabi/lib/thumb/v7e-m+fp/hard/libm.a(libm_a-e_sqrt.o)
                0x0800455c                __ieee754_sqrt
 .text.pow      0x08004750       0xf0 /opt/arm-none-eabi/bin/../lib/gcc/arm-none-eabi/13.2.1/../../../../arm-none-eabi/lib/thumb/v7e-m+fp/hard/libm.a(libm_a-w_pow.o)
                0x08004750                pow
 .text.finite   0x08004840       0x18 /opt/arm-none-eabi/bin/../lib/gcc/arm-none-eabi/13.2.1/../../../../arm-none-eabi/lib/thumb/v7e-m+fp/hard/libm.a(libm_a-s_finite.o)
                0x08004840                finite
 .text.__ieee754_pow
                0x08004858      0xc14 /opt/arm-none-eabi/bin/../lib/gcc/arm-none-eabi/13.2.1/../../../../arm-none-eabi/lib/thumb/v7e-m+fp/hard/libm.a(libm_a-e_pow.o)
                0x08004858                __ieee754_pow
 .text.with_errno
                0x0800546c       0x24 /opt/arm-none-eabi/bin/../lib/gcc/arm-none-eabi/13.2.1/../../../../arm-none-eabi/lib/thumb/v7e-m+fp/hard/libm.a(libm_a-math_err.o)
 .text.xflow    0x08005490       0x34 /opt/arm-none-eabi/bin/../lib/gcc/arm-none-eabi/13.2.1/../../../../arm-none-eabi/lib/thumb/v7e-m+fp/hard/libm.a(libm_a-math_err.o)
 *fill*         0x080054c4        0x4 
 .text.__math_uflow
                0x080054c8       0x10 /opt/arm-none-eabi/bin/../lib/gcc/arm-none-eabi/13.2.1/../../../../arm-none-eabi/lib/thumb/v7e-m+fp/hard/libm.a(libm_a-math_err.o)
                0x080054c8                __math_uflow
 .text.__math_oflow
                0x080054d8       0x10 /opt/arm-none-eabi/bin/../lib/gcc/arm-none-eabi/13.2.1/../../../../arm-none-eabi/lib/thumb/v7e-m+fp/hard/libm.a(libm_a-math_err.o)
                0x080054d8                __math_oflow
 .text.fabs     0x080054e8       0x10 /opt/arm-none-eabi/bin/../lib/gcc/arm-none-eabi/13.2.1/../../../../arm-none-eabi/lib/thumb/v7e-m+fp/hard/libm.a(libm_a-s_fabs.o)
                0x080054e8                fabs
 .text.scalbn   0x080054f8      0x114 /opt/arm-none-eabi/bin/../lib/gcc/arm-none-eabi/13.2.1/../../../../arm-none-eabi/lib/thumb/v7e-m+fp/hard/libm.a(libm_a-s_scalbn.o)
                0x080054f8                scalbn
 .text.printf   0x0800560c       0x24 /opt/arm-none-eabi/bin/../lib/gcc/arm-none-eabi/13.2.1/../../../../arm-none-eabi/lib/thumb/v7e-m+fp/hard/libc_nano.a(libc_a-printf.o)
                0x0800560c                printf
                0x0800560c                iprintf
 .text.__sfputc_r
                0x08005630       0x2e /opt/arm-none-eabi/bin/../lib/gcc/arm-none-eabi/13.2.1/../../../../arm-none-eabi/lib/thumb/v7e-m+fp/hard/libc_nano.a(libc_a-nano-vfprintf.o)
 .text.__sfputs_r
                0x0800565e       0x24 /opt/arm-none-eabi/bin/../lib/gcc/arm-none-eabi/13.2.1/../../../../arm-none-eabi/lib/thumb/v7e-m+fp/hard/libc_nano.a(libc_a-nano-vfprintf.o)
                0x0800565e                __sfputs_r
 *fill*         0x08005682        0x2 
 .text._vfprintf_r
                0x08005684      0x230 /opt/arm-none-eabi/bin/../lib/gcc/arm-none-eabi/13.2.1/../../../../arm-none-eabi/lib/thumb/v7e-m+fp/hard/libc_nano.a(libc_a-nano-vfprintf.o)
                0x08005684                _vfiprintf_r
                0x08005684                _vfprintf_r
 .text.__swbuf_r
                0x080058b4       0x7c /opt/arm-none-eabi/bin/../lib/gcc/arm-none-eabi/13.2.1/../../../../arm-none-eabi/lib/thumb/v7e-m+fp/hard/libc_nano.a(libc_a-wbuf.o)
                0x080058b4                __swbuf_r
 .text.__swsetup_r
                0x08005930       0xac /opt/arm-none-eabi/bin/../lib/gcc/arm-none-eabi/13.2.1/../../../../arm-none-eabi/lib/thumb/v7e-m+fp/hard/libc_nano.a(libc_a-wsetup.o)
                0x08005930                __swsetup_r
 .text._printf_common
                0x080059dc       0xda /opt/arm-none-eabi/bin/../lib/gcc/arm-none-eabi/13.2.1/../../../../arm-none-eabi/lib/thumb/v7e-m+fp/hard/libc_nano.a(libc_a-nano-vfprintf_i.o)
                0x080059dc                _printf_common
 *fill*         0x08005ab6        0x2 
 .text._printf_i
                0x08005ab8      0x23c /opt/arm-none-eabi/bin/../lib/gcc/arm-none-eabi/13.2.1/../../../../arm-none-eabi/lib/thumb/v7e-m+fp/hard/libc_nano.a(libc_a-nano-vfprintf_i.o)
                0x08005ab8                _printf_i
 .text._puts_r  0x08005cf4       0xaa /opt/arm-none-eabi/bin/../lib/gcc/arm-none-eabi/13.2.1/../../../../arm-none-eabi/lib/thumb/v7e-m+fp/hard/libc_nano.a(libc_a-puts.o)
                0x08005cf4                _puts_r
 *fill*         0x08005d9e        0x2 
 .text.puts     0x08005da0       0x10 /opt/arm-none-eabi/bin/../lib/gcc/arm-none-eabi/13.2.1/../../../../arm-none-eabi/lib/thumb/v7e-m+fp/hard/libc_nano.a(libc_a-puts.o)
                0x08005da0                puts
 .text.__sflush_r
                0x08005db0      0x108 /opt/arm-none-eabi/bin/../lib/gcc/arm-none-eabi/13.2.1/../../../../arm-none-eabi/lib/thumb/v7e-m+fp/hard/libc_nano.a(libc_a-fflush.o)
                0x08005db0                __sflush_r
 .text._fflush_r
                0x08005eb8       0x50 /opt/arm-none-eabi/bin/../lib/gcc/arm-none-eabi/13.2.1/../../../../arm-none-eabi/lib/thumb/v7e-m+fp/hard/libc_nano.a(libc_a-fflush.o)
                0x08005eb8                _fflush_r
 *fill*         0x08005f08        0x8 
 .text          0x08005f10       0xa0 /opt/arm-none-eabi/bin/../lib/gcc/arm-none-eabi/13.2.1/../../../../arm-none-eabi/lib/thumb/v7e-m+fp/hard/libc_nano.a(libc_a-memchr.o)
                0x08005f10                memchr
 .text.memcpy   0x08005fb0       0x1c /opt/arm-none-eabi/bin/../lib/gcc/arm-none-eabi/13.2.1/../../../../arm-none-eabi/lib/thumb/v7e-m+fp/hard/libc_nano.a(libc_a-memcpy-stub.o)
                0x08005fb0                memcpy
 .text.std      0x08005fcc       0x6c /opt/arm-none-eabi/bin/../lib/gcc/arm-none-eabi/13.2.1/../../../../arm-none-eabi/lib/thumb/v7e-m+fp/hard/libc_nano.a(libc_a-findfp.o)
 .text.stdio_exit_handler
                0x08006038       0x18 /opt/arm-none-eabi/bin/../lib/gcc/arm-none-eabi/13.2.1/../../../../arm-none-eabi/lib/thumb/v7e-m+fp/hard/libc_nano.a(libc_a-findfp.o)
 .text.cleanup_stdio
                0x08006050       0x40 /opt/arm-none-eabi/bin/../lib/gcc/arm-none-eabi/13.2.1/../../../../arm-none-eabi/lib/thumb/v7e-m+fp/hard/libc_nano.a(libc_a-findfp.o)
 .text.global_stdio_init.part.0
                0x08006090       0x3c /opt/arm-none-eabi/bin/../lib/gcc/arm-none-eabi/13.2.1/../../../../arm-none-eabi/lib/thumb/v7e-m+fp/hard/libc_nano.a(libc_a-findfp.o)
 .text.__sfp_lock_acquire
                0x080060cc        0xc /opt/arm-none-eabi/bin/../lib/gcc/arm-none-eabi/13.2.1/../../../../arm-none-eabi/lib/thumb/v7e-m+fp/hard/libc_nano.a(libc_a-findfp.o)
                0x080060cc                __sfp_lock_acquire
 .text.__sfp_lock_release
                0x080060d8        0xc /opt/arm-none-eabi/bin/../lib/gcc/arm-none-eabi/13.2.1/../../../../arm-none-eabi/lib/thumb/v7e-m+fp/hard/libc_nano.a(libc_a-findfp.o)
                0x080060d8                __sfp_lock_release
 .text.__sinit  0x080060e4       0x30 /opt/arm-none-eabi/bin/../lib/gcc/arm-none-eabi/13.2.1/../../../../arm-none-eabi/lib/thumb/v7e-m+fp/hard/libc_nano.a(libc_a-findfp.o)
                0x080060e4                __sinit
 .text.__sread  0x08006114       0x22 /opt/arm-none-eabi/bin/../lib/gcc/arm-none-eabi/13.2.1/../../../../arm-none-eabi/lib/thumb/v7e-m+fp/hard/libc_nano.a(libc_a-stdio.o)
                0x08006114                __sread
 .text.__swrite
                0x08006136       0x38 /opt/arm-none-eabi/bin/../lib/gcc/arm-none-eabi/13.2.1/../../../../arm-none-eabi/lib/thumb/v7e-m+fp/hard/libc_nano.a(libc_a-stdio.o)
                0x08006136                __swrite
 .text.__sseek  0x0800616e       0x24 /opt/arm-none-eabi/bin/../lib/gcc/arm-none-eabi/13.2.1/../../../../arm-none-eabi/lib/thumb/v7e-m+fp/hard/libc_nano.a(libc_a-stdio.o)
                0x0800616e                __sseek
 .text.__sclose
                0x08006192        0x8 /opt/arm-none-eabi/bin/../lib/gcc/arm-none-eabi/13.2.1/../../../../arm-none-eabi/lib/thumb/v7e-m+fp/hard/libc_nano.a(libc_a-stdio.o)
                0x08006192                __sclose
 *fill*         0x0800619a        0x2 
 .text._read_r  0x0800619c       0x24 /opt/arm-none-eabi/bin/../lib/gcc/arm-none-eabi/13.2.1/../../../../arm-none-eabi/lib/thumb/v7e-m+fp/hard/libc_nano.a(libc_a-readr.o)
                0x0800619c                _read_r
 .text.swapfunc
                0x080061c0       0x32 /opt/arm-none-eabi/bin/../lib/gcc/arm-none-eabi/13.2.1/../../../../arm-none-eabi/lib/thumb/v7e-m+fp/hard/libc_nano.a(libc_a-qsort.o)
 .text.med3.constprop.0
                0x080061f2       0x40 /opt/arm-none-eabi/bin/../lib/gcc/arm-none-eabi/13.2.1/../../../../arm-none-eabi/lib/thumb/v7e-m+fp/hard/libc_nano.a(libc_a-qsort.o)
 .text.qsort    0x08006232      0x28e /opt/arm-none-eabi/bin/../lib/gcc/arm-none-eabi/13.2.1/../../../../arm-none-eabi/lib/thumb/v7e-m+fp/hard/libc_nano.a(libc_a-qsort.o)
                0x08006232                qsort
 .text._write_r
                0x080064c0       0x24 /opt/arm-none-eabi/bin/../lib/gcc/arm-none-eabi/13.2.1/../../../../arm-none-eabi/lib/thumb/v7e-m+fp/hard/libc_nano.a(libc_a-writer.o)
                0x080064c0                _write_r
 .text.__errno  0x080064e4        0xc /opt/arm-none-eabi/bin/../lib/gcc/arm-none-eabi/13.2.1/../../../../arm-none-eabi/lib/thumb/v7e-m+fp/hard/libc_nano.a(libc_a-errno.o)
                0x080064e4                __errno
 .text._fwalk_sglue
                0x080064f0       0x3c /opt/arm-none-eabi/bin/../lib/gcc/arm-none-eabi/13.2.1/../../../../arm-none-eabi/lib/thumb/v7e-m+fp/hard/libc_nano.a(libc_a-fwalk.o)
                0x080064f0                _fwalk_sglue
 .text.memset   0x0800652c       0x10 /opt/arm-none-eabi/bin/../lib/gcc/arm-none-eabi/13.2.1/../../../../arm-none-eabi/lib/thumb/v7e-m+fp/hard/libc_nano.a(libc_a-memset.o)
                0x0800652c                memset
 .text._free_r  0x0800653c       0x94 /opt/arm-none-eabi/bin/../lib/gcc/arm-none-eabi/13.2.1/../../../../arm-none-eabi/lib/thumb/v7e-m+fp/hard/libc_nano.a(libc_a-freer.o)
                0x0800653c                _free_r
 .text.__retarget_lock_init_recursive
                0x080065d0        0x2 /opt/arm-none-eabi/bin/../lib/gcc/arm-none-eabi/13.2.1/../../../../arm-none-eabi/lib/thumb/v7e-m+fp/hard/libc_nano.a(libc_a-lock.o)
                0x080065d0                __retarget_lock_init_recursive
 .text.__retarget_lock_acquire_recursive
                0x080065d2        0x2 /opt/arm-none-eabi/bin/../lib/gcc/arm-none-eabi/13.2.1/../../../../arm-none-eabi/lib/thumb/v7e-m+fp/hard/libc_nano.a(libc_a-lock.o)
                0x080065d2                __retarget_lock_acquire_recursive
 .text.__retarget_lock_release_recursive
                0x080065d4        0x2 /opt/arm-none-eabi/bin/../lib/gcc/arm-none-eabi/13.2.1/../../../../arm-none-eabi/lib/thumb/v7e-m+fp/hard/libc_nano.a(libc_a-lock.o)
                0x080065d4                __retarget_lock_release_recursive
 .text.__swhatbuf_r
                0x080065d6       0x4c /opt/arm-none-eabi/bin/../lib/gcc/arm-none-eabi/13.2.1/../../../../arm-none-eabi/lib/thumb/v7e-m+fp/hard/libc_nano.a(libc_a-makebuf.o)
                0x080065d6                __swhatbuf_r
 .text.__smakebuf_r
                0x08006622       0x78 /opt/arm-none-eabi/bin/../lib/gcc/arm-none-eabi/13.2.1/../../../../arm-none-eabi/lib/thumb/v7e-m+fp/hard/libc_nano.a(libc_a-makebuf.o)
                0x08006622                __smakebuf_r
 *fill*         0x0800669a        0x2 
 .text._close_r
                0x0800669c       0x20 /opt/arm-none-eabi/bin/../lib/gcc/arm-none-eabi/13.2.1/../../../../arm-none-eabi/lib/thumb/v7e-m+fp/hard/libc_nano.a(libc_a-closer.o)
                0x0800669c                _close_r
 .text.sbrk_aligned
                0x080066bc       0x44 /opt/arm-none-eabi/bin/../lib/gcc/arm-none-eabi/13.2.1/../../../../arm-none-eabi/lib/thumb/v7e-m+fp/hard/libc_nano.a(libc_a-mallocr.o)
 .text._malloc_r
                0x08006700      0x100 /opt/arm-none-eabi/bin/../lib/gcc/arm-none-eabi/13.2.1/../../../../arm-none-eabi/lib/thumb/v7e-m+fp/hard/libc_nano.a(libc_a-mallocr.o)
                0x08006700                _malloc_r
 .text._fstat_r
                0x08006800       0x24 /opt/arm-none-eabi/bin/../lib/gcc/arm-none-eabi/13.2.1/../../../../arm-none-eabi/lib/thumb/v7e-m+fp/hard/libc_nano.a(libc_a-fstatr.o)
                0x08006800                _fstat_r
 .text._isatty_r
                0x08006824       0x20 /opt/arm-none-eabi/bin/../lib/gcc/arm-none-eabi/13.2.1/../../../../arm-none-eabi/lib/thumb/v7e-m+fp/hard/libc_nano.a(libc_a-isattyr.o)
                0x08006824                _isatty_r
 .text._lseek_r
                0x08006844       0x24 /opt/arm-none-eabi/bin/../lib/gcc/arm-none-eabi/13.2.1/../../../../arm-none-eabi/lib/thumb/v7e-m+fp/hard/libc_nano.a(libc_a-lseekr.o)
                0x08006844                _lseek_r
 .text.__malloc_lock
                0x08006868        0xc /opt/arm-none-eabi/bin/../lib/gcc/arm-none-eabi/13.2.1/../../../../arm-none-eabi/lib/thumb/v7e-m+fp/hard/libc_nano.a(libc_a-mlock.o)
                0x08006868                __malloc_lock
 .text.__malloc_unlock
                0x08006874        0xc /opt/arm-none-eabi/bin/../lib/gcc/arm-none-eabi/13.2.1/../../../../arm-none-eabi/lib/thumb/v7e-m+fp/hard/libc_nano.a(libc_a-mlock.o)
                0x08006874                __malloc_unlock
 .text._sbrk_r  0x08006880       0x20 /opt/arm-none-eabi/bin/../lib/gcc/arm-none-eabi/13.2.1/../../../../arm-none-eabi/lib/thumb/v7e-m+fp/hard/libc_nano.a(libc_a-sbrkr.o)
                0x08006880                _sbrk_r
 .text          0x080068a0      0x378 /opt/arm-none-eabi/bin/../lib/gcc/arm-none-eabi/13.2.1/thumb/v7e-m+fp/hard/libgcc.a(_arm_addsubdf3.o)
                0x080068a0                __aeabi_drsub
                0x080068a8                __aeabi_dsub
                0x080068a8                __subdf3
                0x080068ac                __adddf3
                0x080068ac                __aeabi_dadd
                0x08006b24                __aeabi_ui2d
                0x08006b24                __floatunsidf
                0x08006b44                __floatsidf
                0x08006b44                __aeabi_i2d
                0x08006b68                __extendsfdf2
                0x08006b68                __aeabi_f2d
                0x08006bac                __aeabi_ul2d
                0x08006bac                __floatundidf
                0x08006bbc                __floatdidf
                0x08006bbc                __aeabi_l2d
 .text          0x08006c18      0x424 /opt/arm-none-eabi/bin/../lib/gcc/arm-none-eabi/13.2.1/thumb/v7e-m+fp/hard/libgcc.a(_arm_muldivdf3.o)
                0x08006c18                __aeabi_dmul
                0x08006c18                __muldf3
                0x08006e6c                __aeabi_ddiv
                0x08006e6c                __divdf3
 .text          0x0800703c      0x110 /opt/arm-none-eabi/bin/../lib/gcc/arm-none-eabi/13.2.1/thumb/v7e-m+fp/hard/libgcc.a(_arm_cmpdf2.o)
                0x0800703c                __gtdf2
                0x0800703c                __gedf2
                0x08007044                __ltdf2
                0x08007044                __ledf2
                0x0800704c                __cmpdf2
                0x0800704c                __eqdf2
                0x0800704c                __nedf2
                0x080070c8                __aeabi_cdrcmple
                0x080070d8                __aeabi_cdcmple
                0x080070d8                __aeabi_cdcmpeq
                0x080070e8                __aeabi_dcmpeq
                0x080070fc                __aeabi_dcmplt
                0x08007110                __aeabi_dcmple
                0x08007124                __aeabi_dcmpge
                0x08007138                __aeabi_dcmpgt
 .text          0x0800714c       0x2c /opt/arm-none-eabi/bin/../lib/gcc/arm-none-eabi/13.2.1/thumb/v7e-m+fp/hard/libgcc.a(_arm_unorddf2.o)
                0x0800714c                __aeabi_dcmpun
                0x0800714c                __unorddf2
 .text          0x08007178       0x50 /opt/arm-none-eabi/bin/../lib/gcc/arm-none-eabi/13.2.1/thumb/v7e-m+fp/hard/libgcc.a(_arm_fixdfsi.o)
                0x08007178                __fixdfsi
                0x08007178                __aeabi_d2iz
 .text.__fixdfdi
                0x080071c8       0x30 /opt/arm-none-eabi/bin/../lib/gcc/arm-none-eabi/13.2.1/thumb/v7e-m+fp/hard/libgcc.a(_fixdfdi.o)
                0x080071c8                __aeabi_d2lz
                0x080071c8                __fixdfdi
 .text.__fixunsdfdi
                0x080071f8       0x3c /opt/arm-none-eabi/bin/../lib/gcc/arm-none-eabi/13.2.1/thumb/v7e-m+fp/hard/libgcc.a(_fixunsdfdi.o)
                0x080071f8                __aeabi_d2ulz
                0x080071f8                __fixunsdfdi
 .text          0x08007234       0x40 /opt/arm-none-eabi/bin/../lib/gcc/arm-none-eabi/13.2.1/thumb/v7e-m+fp/hard/libgcc.a(_arm_fixunsdfsi.o)
                0x08007234                __fixunsdfsi
                0x08007234                __aeabi_d2uiz

.glue_7         0x08007274        0x0
 .glue_7        0x08007274        0x0 linker stubs

.glue_7t        0x08007274        0x0
 .glue_7t       0x08007274        0x0 linker stubs

.vfp11_veneer   0x08007274        0x0
 .vfp11_veneer  0x08007274        0x0 linker stubs

.v4_bx          0x08007274        0x0
 .v4_bx         0x08007274        0x0 linker stubs

.iplt           0x08007274        0x0
 .iplt          0x08007274        0x0 /tmp/cc9i2B0y.o

.rodata         0x08007278      0x5b3
 *(.rodata*)
 .rodata        0x08007278      0x4a4 /tmp/cc9i2B0y.o
 .rodata        0x0800771c       0x46 /tmp/ccWoGxZo.o
 *fill*         0x08007762        0x2 
 .rodata        0x08007764       0x7e /tmp/cceynLpH.o
 *fill*         0x080077e2        0x6 
 .rodata.tiny   0x080077e8        0x8 /opt/arm-none-eabi/bin/../lib/gcc/arm-none-eabi/13.2.1/../../../../arm-none-eabi/lib/thumb/v7e-m+fp/hard/libm.a(libm_a-e_sqrt.o)
 .rodata.one    0x080077f0        0x8 /opt/arm-none-eabi/bin/../lib/gcc/arm-none-eabi/13.2.1/../../../../arm-none-eabi/lib/thumb/v7e-m+fp/hard/libm.a(libm_a-e_sqrt.o)
 .rodata._vfprintf_r.str1.1
                0x080077f8       0x33 /opt/arm-none-eabi/bin/../lib/gcc/arm-none-eabi/13.2.1/../../../../arm-none-eabi/lib/thumb/v7e-m+fp/hard/libc_nano.a(libc_a-nano-vfprintf.o)
                                 0x11 (size before relaxing)
 .rodata._printf_i.str1.1
                0x0800782b       0x22 /opt/arm-none-eabi/bin/../lib/gcc/arm-none-eabi/13.2.1/../../../../arm-none-eabi/lib/thumb/v7e-m+fp/hard/libc_nano.a(libc_a-nano-vfprintf_i.o)

.ARM.exidx      0x0800782c        0x8
 .ARM.exidx     0x0800782c        0x8 /opt/arm-none-eabi/bin/../lib/gcc/arm-none-eabi/13.2.1/../../../../arm-none-eabi/lib/thumb/v7e-m+fp/hard/libc_nano.a(libc_a-memchr.o)

.rel.dyn        0x08007834        0x0
 .rel.iplt      0x08007834        0x0 /tmp/cc9i2B0y.o

.data           0x20000000       0x81 load address 0x08007834
                0x20000000                        _sdata = .
 *(.first_data)
 *(.data SORT_BY_NAME(.data.*))
 .data.ALE      0x20000000        0x2 /tmp/cc9i2B0y.o
                0x20000000                ALE
 .data.CE       0x20000002        0x2 /tmp/cc9i2B0y.o
                0x20000002                CE
 .data.CLE      0x20000004        0x2 /tmp/cc9i2B0y.o
                0x20000004                CLE
 *fill*         0x20000006        0x2 
 .data.FREQ     0x20000008        0x4 /tmp/ccaMlnxt.o
                0x20000008                FREQ
 .data.RB       0x2000000c        0x2 /tmp/cc9i2B0y.o
                0x2000000c                RB
 .data.RE       0x2000000e        0x2 /tmp/cc9i2B0y.o
                0x2000000e                RE
 .data.WE       0x20000010        0x2 /tmp/cc9i2B0y.o
                0x20000010                WE
 .data.WP       0x20000012        0x2 /tmp/cc9i2B0y.o
                0x20000012                WP
 .data.__sglue  0x20000014        0xc /opt/arm-none-eabi/bin/../lib/gcc/arm-none-eabi/13.2.1/../../../../arm-none-eabi/lib/thumb/v7e-m+fp/hard/libc_nano.a(libc_a-findfp.o)
                0x20000014                __sglue
 .data._impure_data
                0x20000020       0x4c /opt/arm-none-eabi/bin/../lib/gcc/arm-none-eabi/13.2.1/../../../../arm-none-eabi/lib/thumb/v7e-m+fp/hard/libc_nano.a(libc_a-impure.o)
                0x20000020                _impure_data
 .data._impure_ptr
                0x2000006c        0x4 /opt/arm-none-eabi/bin/../lib/gcc/arm-none-eabi/13.2.1/../../../../arm-none-eabi/lib/thumb/v7e-m+fp/hard/libc_nano.a(libc_a-impure.o)
                0x2000006c                _impure_ptr
 .data.data0    0x20000070        0x2 /tmp/cc9i2B0y.o
                0x20000070                data0
 .data.data1    0x20000072        0x2 /tmp/cc9i2B0y.o
                0x20000072                data1
 .data.data2    0x20000074        0x2 /tmp/cc9i2B0y.o
                0x20000074                data2
 .data.data3    0x20000076        0x2 /tmp/cc9i2B0y.o
                0x20000076                data3
 .data.data4    0x20000078        0x2 /tmp/cc9i2B0y.o
                0x20000078                data4
 .data.data5    0x2000007a        0x2 /tmp/cc9i2B0y.o
                0x2000007a                data5
 .data.data6    0x2000007c        0x2 /tmp/cc9i2B0y.o
                0x2000007c                data6
 .data.data7    0x2000007e        0x2 /tmp/cc9i2B0y.o
                0x2000007e                data7
 .data.globalPinMode
                0x20000080        0x1 /tmp/cc9i2B0y.o
                0x20000080                globalPinMode
                0x20000081                        _edata = .
                0x08007834                        _sidata = LOADADDR (.data)

.igot.plt       0x20000084        0x0 load address 0x080078b5
 .igot.plt      0x20000084        0x0 /tmp/cc9i2B0y.o

.bss            0x20000084      0x174 load address 0x080078b5
                0x20000084                        _sbss = .
 *(.bss SORT_BY_NAME(.bss.*) COMMON)
 .bss.ADXL375_SPI
                0x20000084        0x4 /tmp/ccWoGxZo.o
                0x20000084                ADXL375_SPI
 .bss.MS5611_SPI
                0x20000088        0x4 /tmp/ccz3egfk.o
                0x20000088                MS5611_SPI
 .bss.__lock___malloc_recursive_mutex
                0x2000008c        0x1 /opt/arm-none-eabi/bin/../lib/gcc/arm-none-eabi/13.2.1/../../../../arm-none-eabi/lib/thumb/v7e-m+fp/hard/libc_nano.a(libc_a-lock.o)
                0x2000008c                __lock___malloc_recursive_mutex
 .bss.__lock___sfp_recursive_mutex
                0x2000008d        0x1 /opt/arm-none-eabi/bin/../lib/gcc/arm-none-eabi/13.2.1/../../../../arm-none-eabi/lib/thumb/v7e-m+fp/hard/libc_nano.a(libc_a-lock.o)
                0x2000008d                __lock___sfp_recursive_mutex
 *fill*         0x2000008e        0x2 
 .bss.__malloc_free_list
                0x20000090        0x4 /opt/arm-none-eabi/bin/../lib/gcc/arm-none-eabi/13.2.1/../../../../arm-none-eabi/lib/thumb/v7e-m+fp/hard/libc_nano.a(libc_a-mallocr.o)
                0x20000090                __malloc_free_list
 .bss.__malloc_sbrk_start
                0x20000094        0x4 /opt/arm-none-eabi/bin/../lib/gcc/arm-none-eabi/13.2.1/../../../../arm-none-eabi/lib/thumb/v7e-m+fp/hard/libc_nano.a(libc_a-mallocr.o)
                0x20000094                __malloc_sbrk_start
 .bss.__sf      0x20000098      0x138 /opt/arm-none-eabi/bin/../lib/gcc/arm-none-eabi/13.2.1/../../../../arm-none-eabi/lib/thumb/v7e-m+fp/hard/libc_nano.a(libc_a-findfp.o)
                0x20000098                __sf
 .bss.__stdio_exit_handler
                0x200001d0        0x4 /opt/arm-none-eabi/bin/../lib/gcc/arm-none-eabi/13.2.1/../../../../arm-none-eabi/lib/thumb/v7e-m+fp/hard/libc_nano.a(libc_a-findfp.o)
                0x200001d0                __stdio_exit_handler
 .bss.errno     0x200001d4        0x4 /opt/arm-none-eabi/bin/../lib/gcc/arm-none-eabi/13.2.1/../../../../arm-none-eabi/lib/thumb/v7e-m+fp/hard/libc_nano.a(libc_a-reent.o)
                0x200001d4                errno
 .bss.flightStage
                0x200001d8        0x1 /tmp/cc9i2B0y.o
                0x200001d8                flightStage
 *fill*         0x200001d9        0x3 
 .bss.frameAddressPointer
                0x200001dc        0x4 /tmp/cc9i2B0y.o
                0x200001dc                frameAddressPointer
 .bss.heap.0    0x200001e0        0x4 /tmp/ccKxj87f.o
 .bss.ms5611_prom_data
                0x200001e4       0x10 /tmp/ccz3egfk.o
                0x200001e4                ms5611_prom_data
 .bss.s_ticks   0x200001f4        0x4 /tmp/cc9i2B0y.o
                0x200001f4                s_ticks
                0x200001f8                        _ebss = .
                0x200001f8                        . = ALIGN (0x8)
                0x200001f8                        _end = .
OUTPUT(firmware.elf elf32-littlearm)
LOAD linker stubs

.debug_info     0x00000000     0x57ac
 .debug_info    0x00000000     0x18e2 /tmp/cc9i2B0y.o
 .debug_info    0x000018e2      0x108 /tmp/ccvf3aCx.o
 .debug_info    0x000019ea      0x897 /tmp/ccKxj87f.o
 .debug_info    0x00002281      0xf91 /tmp/ccaMlnxt.o
 .debug_info    0x00003212      0x94f /tmp/ccz3egfk.o
 .debug_info    0x00003b61      0x764 /tmp/ccWoGxZo.o
 .debug_info    0x000042c5      0x847 /tmp/ccF68LAp.o
 .debug_info    0x00004b0c      0xca0 /tmp/cceynLpH.o

.debug_abbrev   0x00000000     0x1502
 .debug_abbrev  0x00000000      0x489 /tmp/cc9i2B0y.o
 .debug_abbrev  0x00000489       0xc5 /tmp/ccvf3aCx.o
 .debug_abbrev  0x0000054e      0x26e /tmp/ccKxj87f.o
 .debug_abbrev  0x000007bc      0x2a9 /tmp/ccaMlnxt.o
 .debug_abbrev  0x00000a65      0x2ce /tmp/ccz3egfk.o
 .debug_abbrev  0x00000d33      0x2b9 /tmp/ccWoGxZo.o
 .debug_abbrev  0x00000fec      0x21e /tmp/ccF68LAp.o
 .debug_abbrev  0x0000120a      0x2f8 /tmp/cceynLpH.o

.debug_aranges  0x00000000      0x520
 .debug_aranges
                0x00000000      0x160 /tmp/cc9i2B0y.o
 .debug_aranges
                0x00000160       0x20 /tmp/ccvf3aCx.o
 .debug_aranges
                0x00000180       0xb0 /tmp/ccKxj87f.o
 .debug_aranges
                0x00000230       0xa8 /tmp/ccaMlnxt.o
 .debug_aranges
                0x000002d8       0x90 /tmp/ccz3egfk.o
 .debug_aranges
                0x00000368       0x90 /tmp/ccWoGxZo.o
 .debug_aranges
                0x000003f8       0x58 /tmp/ccF68LAp.o
 .debug_aranges
                0x00000450       0xd0 /tmp/cceynLpH.o

.debug_rnglists
                0x00000000      0x3de
 .debug_rnglists
                0x00000000      0x114 /tmp/cc9i2B0y.o
 .debug_rnglists
                0x00000114       0x13 /tmp/ccvf3aCx.o
 .debug_rnglists
                0x00000127       0x80 /tmp/ccKxj87f.o
 .debug_rnglists
                0x000001a7       0x7e /tmp/ccaMlnxt.o
 .debug_rnglists
                0x00000225       0x6b /tmp/ccz3egfk.o
 .debug_rnglists
                0x00000290       0x6c /tmp/ccWoGxZo.o
 .debug_rnglists
                0x000002fc       0x41 /tmp/ccF68LAp.o
 .debug_rnglists
                0x0000033d       0xa1 /tmp/cceynLpH.o

.debug_macro    0x00000000    0x223df
 .debug_macro   0x00000000      0x341 /tmp/cc9i2B0y.o
 .debug_macro   0x00000341      0xacc /tmp/cc9i2B0y.o
 .debug_macro   0x00000e0d       0x22 /tmp/cc9i2B0y.o
 .debug_macro   0x00000e2f       0x5b /tmp/cc9i2B0y.o
 .debug_macro   0x00000e8a       0x2a /tmp/cc9i2B0y.o
 .debug_macro   0x00000eb4       0x94 /tmp/cc9i2B0y.o
 .debug_macro   0x00000f48       0x43 /tmp/cc9i2B0y.o
 .debug_macro   0x00000f8b       0x34 /tmp/cc9i2B0y.o
 .debug_macro   0x00000fbf       0x16 /tmp/cc9i2B0y.o
 .debug_macro   0x00000fd5       0x57 /tmp/cc9i2B0y.o
 .debug_macro   0x0000102c       0x9e /tmp/cc9i2B0y.o
 .debug_macro   0x000010ca      0x370 /tmp/cc9i2B0y.o
 .debug_macro   0x0000143a      0x112 /tmp/cc9i2B0y.o
 .debug_macro   0x0000154c       0x10 /tmp/cc9i2B0y.o
 .debug_macro   0x0000155c       0x16 /tmp/cc9i2B0y.o
 .debug_macro   0x00001572       0x4a /tmp/cc9i2B0y.o
 .debug_macro   0x000015bc       0x34 /tmp/cc9i2B0y.o
 .debug_macro   0x000015f0       0x10 /tmp/cc9i2B0y.o
 .debug_macro   0x00001600       0x58 /tmp/cc9i2B0y.o
 .debug_macro   0x00001658       0x8e /tmp/cc9i2B0y.o
 .debug_macro   0x000016e6       0x1c /tmp/cc9i2B0y.o
 .debug_macro   0x00001702      0x177 /tmp/cc9i2B0y.o
 .debug_macro   0x00001879       0x16 /tmp/cc9i2B0y.o
 .debug_macro   0x0000188f       0x16 /tmp/cc9i2B0y.o
 .debug_macro   0x000018a5      0x146 /tmp/cc9i2B0y.o
 .debug_macro   0x000019eb      0x103 /tmp/cc9i2B0y.o
 .debug_macro   0x00001aee       0x6a /tmp/cc9i2B0y.o
 .debug_macro   0x00001b58      0x1df /tmp/cc9i2B0y.o
 .debug_macro   0x00001d37       0x3c /tmp/cc9i2B0y.o
 .debug_macro   0x00001d73      0x460 /tmp/cc9i2B0y.o
 .debug_macro   0x000021d3       0x22 /tmp/cc9i2B0y.o
 .debug_macro   0x000021f5       0x16 /tmp/cc9i2B0y.o
 .debug_macro   0x0000220b       0x16 /tmp/cc9i2B0y.o
 .debug_macro   0x00002221       0x29 /tmp/cc9i2B0y.o
 .debug_macro   0x0000224a       0x16 /tmp/cc9i2B0y.o
 .debug_macro   0x00002260       0x10 /tmp/cc9i2B0y.o
 .debug_macro   0x00002270       0x10 /tmp/cc9i2B0y.o
 .debug_macro   0x00002280       0x10 /tmp/cc9i2B0y.o
 .debug_macro   0x00002290       0x1c /tmp/cc9i2B0y.o
 .debug_macro   0x000022ac       0x52 /tmp/cc9i2B0y.o
 .debug_macro   0x000022fe       0x22 /tmp/cc9i2B0y.o
 .debug_macro   0x00002320       0x10 /tmp/cc9i2B0y.o
 .debug_macro   0x00002330       0x52 /tmp/cc9i2B0y.o
 .debug_macro   0x00002382       0xc1 /tmp/cc9i2B0y.o
 .debug_macro   0x00002443       0x1c /tmp/cc9i2B0y.o
 .debug_macro   0x0000245f       0x3d /tmp/cc9i2B0y.o
 .debug_macro   0x0000249c       0x35 /tmp/cc9i2B0y.o
 .debug_macro   0x000024d1      0x12c /tmp/cc9i2B0y.o
 .debug_macro   0x000025fd      0x19b /tmp/cc9i2B0y.o
 .debug_macro   0x00002798       0x28 /tmp/cc9i2B0y.o
 .debug_macro   0x000027c0       0x1c /tmp/cc9i2B0y.o
 .debug_macro   0x000027dc       0x22 /tmp/cc9i2B0y.o
 .debug_macro   0x000027fe       0xd9 /tmp/cc9i2B0y.o
 .debug_macro   0x000028d7     0x102d /tmp/cc9i2B0y.o
 .debug_macro   0x00003904      0x11f /tmp/cc9i2B0y.o
 .debug_macro   0x00003a23    0x1cb71 /tmp/cc9i2B0y.o
 .debug_macro   0x00020594       0xd7 /tmp/cc9i2B0y.o
 .debug_macro   0x0002066b       0x88 /tmp/cc9i2B0y.o
 .debug_macro   0x000206f3       0x16 /tmp/cc9i2B0y.o
 .debug_macro   0x00020709      0x1a8 /tmp/cc9i2B0y.o
 .debug_macro   0x000208b1      0x190 /tmp/cc9i2B0y.o
 .debug_macro   0x00020a41       0xd0 /tmp/cc9i2B0y.o
 .debug_macro   0x00020b11       0x22 /tmp/cc9i2B0y.o
 .debug_macro   0x00020b33       0x7c /tmp/cc9i2B0y.o
 .debug_macro   0x00020baf       0x2e /tmp/cc9i2B0y.o
 .debug_macro   0x00020bdd       0x11 /tmp/ccvf3aCx.o
 .debug_macro   0x00020bee      0x2c5 /tmp/ccKxj87f.o
 .debug_macro   0x00020eb3       0x3a /tmp/ccKxj87f.o
 .debug_macro   0x00020eed       0x89 /tmp/ccKxj87f.o
 .debug_macro   0x00020f76       0x1c /tmp/ccKxj87f.o
 .debug_macro   0x00020f92       0x9b /tmp/ccKxj87f.o
 .debug_macro   0x0002102d      0x2d4 /tmp/ccaMlnxt.o
 .debug_macro   0x00021301       0x1c /tmp/ccaMlnxt.o
 .debug_macro   0x0002131d      0x2da /tmp/ccz3egfk.o
 .debug_macro   0x000215f7       0x8e /tmp/ccz3egfk.o
 .debug_macro   0x00021685       0x51 /tmp/ccz3egfk.o
 .debug_macro   0x000216d6       0x61 /tmp/ccz3egfk.o
 .debug_macro   0x00021737       0x82 /tmp/ccz3egfk.o
 .debug_macro   0x000217b9      0x2d4 /tmp/ccWoGxZo.o
 .debug_macro   0x00021a8d      0x18a /tmp/ccWoGxZo.o
 .debug_macro   0x00021c17      0x317 /tmp/ccF68LAp.o
 .debug_macro   0x00021f2e       0x28 /tmp/ccF68LAp.o
 .debug_macro   0x00021f56      0x2dd /tmp/cceynLpH.o
 .debug_macro   0x00022233      0x190 /tmp/cceynLpH.o
 .debug_macro   0x000223c3       0x1c /tmp/cceynLpH.o

.debug_line     0x00000000     0x4972
 .debug_line    0x00000000     0x1941 /tmp/cc9i2B0y.o
 .debug_line    0x00001941       0x88 /tmp/ccvf3aCx.o
 .debug_line    0x000019c9      0x60f /tmp/ccKxj87f.o
 .debug_line    0x00001fd8      0x91d /tmp/ccaMlnxt.o
 .debug_line    0x000028f5      0x77f /tmp/ccz3egfk.o
 .debug_line    0x00003074      0x74a /tmp/ccWoGxZo.o
 .debug_line    0x000037be      0x69a /tmp/ccF68LAp.o
 .debug_line    0x00003e58      0xb1a /tmp/cceynLpH.o

.debug_str      0x00000000    0xb56ba
 .debug_str     0x00000000    0xb56ba /tmp/cc9i2B0y.o
                              0xb516e (size before relaxing)
 .debug_str     0x000b56ba     0x2e75 /tmp/ccvf3aCx.o
 .debug_str     0x000b56ba    0xb30bf /tmp/ccKxj87f.o
 .debug_str     0x000b56ba    0xb33d9 /tmp/ccaMlnxt.o
 .debug_str     0x000b56ba    0xb3358 /tmp/ccz3egfk.o
 .debug_str     0x000b56ba    0xb3891 /tmp/ccWoGxZo.o
 .debug_str     0x000b56ba    0xb47e6 /tmp/ccF68LAp.o
 .debug_str     0x000b56ba    0xb3aec /tmp/cceynLpH.o

.comment        0x00000000       0x44
 .comment       0x00000000       0x44 /tmp/cc9i2B0y.o
                                 0x45 (size before relaxing)
 .comment       0x00000044       0x45 /tmp/ccvf3aCx.o
 .comment       0x00000044       0x45 /tmp/ccKxj87f.o
 .comment       0x00000044       0x45 /tmp/ccaMlnxt.o
 .comment       0x00000044       0x45 /tmp/ccz3egfk.o
 .comment       0x00000044       0x45 /tmp/ccWoGxZo.o
 .comment       0x00000044       0x45 /tmp/ccF68LAp.o
 .comment       0x00000044       0x45 /tmp/cceynLpH.o

.ARM.attributes
                0x00000000       0x32
 .ARM.attributes
                0x00000000       0x34 /tmp/cc9i2B0y.o
 .ARM.attributes
                0x00000034       0x34 /tmp/ccvf3aCx.o
 .ARM.attributes
                0x00000068       0x34 /tmp/ccKxj87f.o
 .ARM.attributes
                0x0000009c       0x34 /tmp/ccaMlnxt.o
 .ARM.attributes
                0x000000d0       0x34 /tmp/ccz3egfk.o
 .ARM.attributes
                0x00000104       0x34 /tmp/ccWoGxZo.o
 .ARM.attributes
                0x00000138       0x34 /tmp/ccF68LAp.o
 .ARM.attributes
                0x0000016c       0x34 /tmp/cceynLpH.o
 .ARM.attributes
                0x000001a0       0x34 /opt/arm-none-eabi/bin/../lib/gcc/arm-none-eabi/13.2.1/../../../../arm-none-eabi/lib/thumb/v7e-m+fp/hard/libm.a(libm_a-w_sqrt.o)
 .ARM.attributes
                0x000001d4       0x34 /opt/arm-none-eabi/bin/../lib/gcc/arm-none-eabi/13.2.1/../../../../arm-none-eabi/lib/thumb/v7e-m+fp/hard/libm.a(libm_a-powl.o)
 .ARM.attributes
                0x00000208       0x34 /opt/arm-none-eabi/bin/../lib/gcc/arm-none-eabi/13.2.1/../../../../arm-none-eabi/lib/thumb/v7e-m+fp/hard/libm.a(libm_a-e_sqrt.o)
 .ARM.attributes
                0x0000023c       0x34 /opt/arm-none-eabi/bin/../lib/gcc/arm-none-eabi/13.2.1/../../../../arm-none-eabi/lib/thumb/v7e-m+fp/hard/libm.a(libm_a-w_pow.o)
 .ARM.attributes
                0x00000270       0x34 /opt/arm-none-eabi/bin/../lib/gcc/arm-none-eabi/13.2.1/../../../../arm-none-eabi/lib/thumb/v7e-m+fp/hard/libm.a(libm_a-s_finite.o)
 .ARM.attributes
                0x000002a4       0x34 /opt/arm-none-eabi/bin/../lib/gcc/arm-none-eabi/13.2.1/../../../../arm-none-eabi/lib/thumb/v7e-m+fp/hard/libm.a(libm_a-e_pow.o)
 .ARM.attributes
                0x000002d8       0x34 /opt/arm-none-eabi/bin/../lib/gcc/arm-none-eabi/13.2.1/../../../../arm-none-eabi/lib/thumb/v7e-m+fp/hard/libm.a(libm_a-math_err.o)
 .ARM.attributes
                0x0000030c       0x34 /opt/arm-none-eabi/bin/../lib/gcc/arm-none-eabi/13.2.1/../../../../arm-none-eabi/lib/thumb/v7e-m+fp/hard/libm.a(libm_a-s_fabs.o)
 .ARM.attributes
                0x00000340       0x34 /opt/arm-none-eabi/bin/../lib/gcc/arm-none-eabi/13.2.1/../../../../arm-none-eabi/lib/thumb/v7e-m+fp/hard/libm.a(libm_a-s_scalbn.o)
 .ARM.attributes
                0x00000374       0x34 /opt/arm-none-eabi/bin/../lib/gcc/arm-none-eabi/13.2.1/../../../../arm-none-eabi/lib/thumb/v7e-m+fp/hard/libc_nano.a(libc_a-printf.o)
 .ARM.attributes
                0x000003a8       0x34 /opt/arm-none-eabi/bin/../lib/gcc/arm-none-eabi/13.2.1/../../../../arm-none-eabi/lib/thumb/v7e-m+fp/hard/libc_nano.a(libc_a-nano-vfprintf.o)
 .ARM.attributes
                0x000003dc       0x34 /opt/arm-none-eabi/bin/../lib/gcc/arm-none-eabi/13.2.1/../../../../arm-none-eabi/lib/thumb/v7e-m+fp/hard/libc_nano.a(libc_a-wbuf.o)
 .ARM.attributes
                0x00000410       0x34 /opt/arm-none-eabi/bin/../lib/gcc/arm-none-eabi/13.2.1/../../../../arm-none-eabi/lib/thumb/v7e-m+fp/hard/libc_nano.a(libc_a-wsetup.o)
 .ARM.attributes
                0x00000444       0x34 /opt/arm-none-eabi/bin/../lib/gcc/arm-none-eabi/13.2.1/../../../../arm-none-eabi/lib/thumb/v7e-m+fp/hard/libc_nano.a(libc_a-nano-vfprintf_i.o)
 .ARM.attributes
                0x00000478       0x34 /opt/arm-none-eabi/bin/../lib/gcc/arm-none-eabi/13.2.1/../../../../arm-none-eabi/lib/thumb/v7e-m+fp/hard/libc_nano.a(libc_a-puts.o)
 .ARM.attributes
                0x000004ac       0x34 /opt/arm-none-eabi/bin/../lib/gcc/arm-none-eabi/13.2.1/../../../../arm-none-eabi/lib/thumb/v7e-m+fp/hard/libc_nano.a(libc_a-impure.o)
 .ARM.attributes
                0x000004e0       0x34 /opt/arm-none-eabi/bin/../lib/gcc/arm-none-eabi/13.2.1/../../../../arm-none-eabi/lib/thumb/v7e-m+fp/hard/libc_nano.a(libc_a-fflush.o)
 .ARM.attributes
                0x00000514       0x1c /opt/arm-none-eabi/bin/../lib/gcc/arm-none-eabi/13.2.1/../../../../arm-none-eabi/lib/thumb/v7e-m+fp/hard/libc_nano.a(libc_a-memchr.o)
 .ARM.attributes
                0x00000530       0x34 /opt/arm-none-eabi/bin/../lib/gcc/arm-none-eabi/13.2.1/../../../../arm-none-eabi/lib/thumb/v7e-m+fp/hard/libc_nano.a(libc_a-memcpy-stub.o)
 .ARM.attributes
                0x00000564       0x34 /opt/arm-none-eabi/bin/../lib/gcc/arm-none-eabi/13.2.1/../../../../arm-none-eabi/lib/thumb/v7e-m+fp/hard/libc_nano.a(libc_a-findfp.o)
 .ARM.attributes
                0x00000598       0x34 /opt/arm-none-eabi/bin/../lib/gcc/arm-none-eabi/13.2.1/../../../../arm-none-eabi/lib/thumb/v7e-m+fp/hard/libc_nano.a(libc_a-stdio.o)
 .ARM.attributes
                0x000005cc       0x34 /opt/arm-none-eabi/bin/../lib/gcc/arm-none-eabi/13.2.1/../../../../arm-none-eabi/lib/thumb/v7e-m+fp/hard/libc_nano.a(libc_a-readr.o)
 .ARM.attributes
                0x00000600       0x34 /opt/arm-none-eabi/bin/../lib/gcc/arm-none-eabi/13.2.1/../../../../arm-none-eabi/lib/thumb/v7e-m+fp/hard/libc_nano.a(libc_a-qsort.o)
 .ARM.attributes
                0x00000634       0x34 /opt/arm-none-eabi/bin/../lib/gcc/arm-none-eabi/13.2.1/../../../../arm-none-eabi/lib/thumb/v7e-m+fp/hard/libc_nano.a(libc_a-writer.o)
 .ARM.attributes
                0x00000668       0x34 /opt/arm-none-eabi/bin/../lib/gcc/arm-none-eabi/13.2.1/../../../../arm-none-eabi/lib/thumb/v7e-m+fp/hard/libc_nano.a(libc_a-errno.o)
 .ARM.attributes
                0x0000069c       0x34 /opt/arm-none-eabi/bin/../lib/gcc/arm-none-eabi/13.2.1/../../../../arm-none-eabi/lib/thumb/v7e-m+fp/hard/libc_nano.a(libc_a-fwalk.o)
 .ARM.attributes
                0x000006d0       0x34 /opt/arm-none-eabi/bin/../lib/gcc/arm-none-eabi/13.2.1/../../../../arm-none-eabi/lib/thumb/v7e-m+fp/hard/libc_nano.a(libc_a-memset.o)
 .ARM.attributes
                0x00000704       0x34 /opt/arm-none-eabi/bin/../lib/gcc/arm-none-eabi/13.2.1/../../../../arm-none-eabi/lib/thumb/v7e-m+fp/hard/libc_nano.a(libc_a-freer.o)
 .ARM.attributes
                0x00000738       0x34 /opt/arm-none-eabi/bin/../lib/gcc/arm-none-eabi/13.2.1/../../../../arm-none-eabi/lib/thumb/v7e-m+fp/hard/libc_nano.a(libc_a-lock.o)
 .ARM.attributes
                0x0000076c       0x34 /opt/arm-none-eabi/bin/../lib/gcc/arm-none-eabi/13.2.1/../../../../arm-none-eabi/lib/thumb/v7e-m+fp/hard/libc_nano.a(libc_a-makebuf.o)
 .ARM.attributes
                0x000007a0       0x34 /opt/arm-none-eabi/bin/../lib/gcc/arm-none-eabi/13.2.1/../../../../arm-none-eabi/lib/thumb/v7e-m+fp/hard/libc_nano.a(libc_a-closer.o)
 .ARM.attributes
                0x000007d4       0x34 /opt/arm-none-eabi/bin/../lib/gcc/arm-none-eabi/13.2.1/../../../../arm-none-eabi/lib/thumb/v7e-m+fp/hard/libc_nano.a(libc_a-reent.o)
 .ARM.attributes
                0x00000808       0x34 /opt/arm-none-eabi/bin/../lib/gcc/arm-none-eabi/13.2.1/../../../../arm-none-eabi/lib/thumb/v7e-m+fp/hard/libc_nano.a(libc_a-mallocr.o)
 .ARM.attributes
                0x0000083c       0x34 /opt/arm-none-eabi/bin/../lib/gcc/arm-none-eabi/13.2.1/../../../../arm-none-eabi/lib/thumb/v7e-m+fp/hard/libc_nano.a(libc_a-fstatr.o)
 .ARM.attributes
                0x00000870       0x34 /opt/arm-none-eabi/bin/../lib/gcc/arm-none-eabi/13.2.1/../../../../arm-none-eabi/lib/thumb/v7e-m+fp/hard/libc_nano.a(libc_a-isattyr.o)
 .ARM.attributes
                0x000008a4       0x34 /opt/arm-none-eabi/bin/../lib/gcc/arm-none-eabi/13.2.1/../../../../arm-none-eabi/lib/thumb/v7e-m+fp/hard/libc_nano.a(libc_a-lseekr.o)
 .ARM.attributes
                0x000008d8       0x34 /opt/arm-none-eabi/bin/../lib/gcc/arm-none-eabi/13.2.1/../../../../arm-none-eabi/lib/thumb/v7e-m+fp/hard/libc_nano.a(libc_a-mlock.o)
 .ARM.attributes
                0x0000090c       0x34 /opt/arm-none-eabi/bin/../lib/gcc/arm-none-eabi/13.2.1/../../../../arm-none-eabi/lib/thumb/v7e-m+fp/hard/libc_nano.a(libc_a-sbrkr.o)
 .ARM.attributes
                0x00000940       0x22 /opt/arm-none-eabi/bin/../lib/gcc/arm-none-eabi/13.2.1/thumb/v7e-m+fp/hard/libgcc.a(_arm_addsubdf3.o)
 .ARM.attributes
                0x00000962       0x22 /opt/arm-none-eabi/bin/../lib/gcc/arm-none-eabi/13.2.1/thumb/v7e-m+fp/hard/libgcc.a(_arm_muldivdf3.o)
 .ARM.attributes
                0x00000984       0x22 /opt/arm-none-eabi/bin/../lib/gcc/arm-none-eabi/13.2.1/thumb/v7e-m+fp/hard/libgcc.a(_arm_cmpdf2.o)
 .ARM.attributes
                0x000009a6       0x22 /opt/arm-none-eabi/bin/../lib/gcc/arm-none-eabi/13.2.1/thumb/v7e-m+fp/hard/libgcc.a(_arm_unorddf2.o)
 .ARM.attributes
                0x000009c8       0x22 /opt/arm-none-eabi/bin/../lib/gcc/arm-none-eabi/13.2.1/thumb/v7e-m+fp/hard/libgcc.a(_arm_fixdfsi.o)
 .ARM.attributes
                0x000009ea       0x34 /opt/arm-none-eabi/bin/../lib/gcc/arm-none-eabi/13.2.1/thumb/v7e-m+fp/hard/libgcc.a(_fixdfdi.o)
 .ARM.attributes
                0x00000a1e       0x34 /opt/arm-none-eabi/bin/../lib/gcc/arm-none-eabi/13.2.1/thumb/v7e-m+fp/hard/libgcc.a(_fixunsdfdi.o)
 .ARM.attributes
                0x00000a52       0x22 /opt/arm-none-eabi/bin/../lib/gcc/arm-none-eabi/13.2.1/thumb/v7e-m+fp/hard/libgcc.a(_arm_fixunsdfsi.o)

.debug_frame    0x00000000     0x2354
 .debug_frame   0x00000000      0x650 /tmp/cc9i2B0y.o
 .debug_frame   0x00000650       0x20 /tmp/ccvf3aCx.o
 .debug_frame   0x00000670      0x2e8 /tmp/ccKxj87f.o
 .debug_frame   0x00000958      0x294 /tmp/ccaMlnxt.o
 .debug_frame   0x00000bec      0x238 /tmp/ccz3egfk.o
 .debug_frame   0x00000e24      0x240 /tmp/ccWoGxZo.o
 .debug_frame   0x00001064      0x140 /tmp/ccF68LAp.o
 .debug_frame   0x000011a4      0x37c /tmp/cceynLpH.o
 .debug_frame   0x00001520       0x48 /opt/arm-none-eabi/bin/../lib/gcc/arm-none-eabi/13.2.1/../../../../arm-none-eabi/lib/thumb/v7e-m+fp/hard/libm.a(libm_a-w_sqrt.o)
 .debug_frame   0x00001568       0x20 /opt/arm-none-eabi/bin/../lib/gcc/arm-none-eabi/13.2.1/../../../../arm-none-eabi/lib/thumb/v7e-m+fp/hard/libm.a(libm_a-powl.o)
 .debug_frame   0x00001588       0x38 /opt/arm-none-eabi/bin/../lib/gcc/arm-none-eabi/13.2.1/../../../../arm-none-eabi/lib/thumb/v7e-m+fp/hard/libm.a(libm_a-e_sqrt.o)
 .debug_frame   0x000015c0       0x44 /opt/arm-none-eabi/bin/../lib/gcc/arm-none-eabi/13.2.1/../../../../arm-none-eabi/lib/thumb/v7e-m+fp/hard/libm.a(libm_a-w_pow.o)
 .debug_frame   0x00001604       0x28 /opt/arm-none-eabi/bin/../lib/gcc/arm-none-eabi/13.2.1/../../../../arm-none-eabi/lib/thumb/v7e-m+fp/hard/libm.a(libm_a-s_finite.o)
 .debug_frame   0x0000162c       0x80 /opt/arm-none-eabi/bin/../lib/gcc/arm-none-eabi/13.2.1/../../../../arm-none-eabi/lib/thumb/v7e-m+fp/hard/libm.a(libm_a-e_pow.o)
 .debug_frame   0x000016ac      0x14c /opt/arm-none-eabi/bin/../lib/gcc/arm-none-eabi/13.2.1/../../../../arm-none-eabi/lib/thumb/v7e-m+fp/hard/libm.a(libm_a-math_err.o)
 .debug_frame   0x000017f8       0x20 /opt/arm-none-eabi/bin/../lib/gcc/arm-none-eabi/13.2.1/../../../../arm-none-eabi/lib/thumb/v7e-m+fp/hard/libm.a(libm_a-s_fabs.o)
 .debug_frame   0x00001818       0x2c /opt/arm-none-eabi/bin/../lib/gcc/arm-none-eabi/13.2.1/../../../../arm-none-eabi/lib/thumb/v7e-m+fp/hard/libm.a(libm_a-s_scalbn.o)
 .debug_frame   0x00001844       0x6c /opt/arm-none-eabi/bin/../lib/gcc/arm-none-eabi/13.2.1/../../../../arm-none-eabi/lib/thumb/v7e-m+fp/hard/libc_nano.a(libc_a-printf.o)
 .debug_frame   0x000018b0       0xa8 /opt/arm-none-eabi/bin/../lib/gcc/arm-none-eabi/13.2.1/../../../../arm-none-eabi/lib/thumb/v7e-m+fp/hard/libc_nano.a(libc_a-nano-vfprintf.o)
 .debug_frame   0x00001958       0x40 /opt/arm-none-eabi/bin/../lib/gcc/arm-none-eabi/13.2.1/../../../../arm-none-eabi/lib/thumb/v7e-m+fp/hard/libc_nano.a(libc_a-wbuf.o)
 .debug_frame   0x00001998       0x2c /opt/arm-none-eabi/bin/../lib/gcc/arm-none-eabi/13.2.1/../../../../arm-none-eabi/lib/thumb/v7e-m+fp/hard/libc_nano.a(libc_a-wsetup.o)
 .debug_frame   0x000019c4       0x60 /opt/arm-none-eabi/bin/../lib/gcc/arm-none-eabi/13.2.1/../../../../arm-none-eabi/lib/thumb/v7e-m+fp/hard/libc_nano.a(libc_a-nano-vfprintf_i.o)
 .debug_frame   0x00001a24       0x3c /opt/arm-none-eabi/bin/../lib/gcc/arm-none-eabi/13.2.1/../../../../arm-none-eabi/lib/thumb/v7e-m+fp/hard/libc_nano.a(libc_a-puts.o)
 .debug_frame   0x00001a60       0x5c /opt/arm-none-eabi/bin/../lib/gcc/arm-none-eabi/13.2.1/../../../../arm-none-eabi/lib/thumb/v7e-m+fp/hard/libc_nano.a(libc_a-fflush.o)
 .debug_frame   0x00001abc       0x28 /opt/arm-none-eabi/bin/../lib/gcc/arm-none-eabi/13.2.1/../../../../arm-none-eabi/lib/thumb/v7e-m+fp/hard/libc_nano.a(libc_a-memcpy-stub.o)
 .debug_frame   0x00001ae4      0x144 /opt/arm-none-eabi/bin/../lib/gcc/arm-none-eabi/13.2.1/../../../../arm-none-eabi/lib/thumb/v7e-m+fp/hard/libc_nano.a(libc_a-findfp.o)
 .debug_frame   0x00001c28       0x88 /opt/arm-none-eabi/bin/../lib/gcc/arm-none-eabi/13.2.1/../../../../arm-none-eabi/lib/thumb/v7e-m+fp/hard/libc_nano.a(libc_a-stdio.o)
 .debug_frame   0x00001cb0       0x2c /opt/arm-none-eabi/bin/../lib/gcc/arm-none-eabi/13.2.1/../../../../arm-none-eabi/lib/thumb/v7e-m+fp/hard/libc_nano.a(libc_a-readr.o)
 .debug_frame   0x00001cdc       0x78 /opt/arm-none-eabi/bin/../lib/gcc/arm-none-eabi/13.2.1/../../../../arm-none-eabi/lib/thumb/v7e-m+fp/hard/libc_nano.a(libc_a-qsort.o)
 .debug_frame   0x00001d54       0x2c /opt/arm-none-eabi/bin/../lib/gcc/arm-none-eabi/13.2.1/../../../../arm-none-eabi/lib/thumb/v7e-m+fp/hard/libc_nano.a(libc_a-writer.o)
 .debug_frame   0x00001d80       0x20 /opt/arm-none-eabi/bin/../lib/gcc/arm-none-eabi/13.2.1/../../../../arm-none-eabi/lib/thumb/v7e-m+fp/hard/libc_nano.a(libc_a-errno.o)
 .debug_frame   0x00001da0       0x34 /opt/arm-none-eabi/bin/../lib/gcc/arm-none-eabi/13.2.1/../../../../arm-none-eabi/lib/thumb/v7e-m+fp/hard/libc_nano.a(libc_a-fwalk.o)
 .debug_frame   0x00001dd4       0x20 /opt/arm-none-eabi/bin/../lib/gcc/arm-none-eabi/13.2.1/../../../../arm-none-eabi/lib/thumb/v7e-m+fp/hard/libc_nano.a(libc_a-memset.o)
 .debug_frame   0x00001df4       0x38 /opt/arm-none-eabi/bin/../lib/gcc/arm-none-eabi/13.2.1/../../../../arm-none-eabi/lib/thumb/v7e-m+fp/hard/libc_nano.a(libc_a-freer.o)
 .debug_frame   0x00001e2c       0xb0 /opt/arm-none-eabi/bin/../lib/gcc/arm-none-eabi/13.2.1/../../../../arm-none-eabi/lib/thumb/v7e-m+fp/hard/libc_nano.a(libc_a-lock.o)
 .debug_frame   0x00001edc       0x58 /opt/arm-none-eabi/bin/../lib/gcc/arm-none-eabi/13.2.1/../../../../arm-none-eabi/lib/thumb/v7e-m+fp/hard/libc_nano.a(libc_a-makebuf.o)
 .debug_frame   0x00001f34       0x2c /opt/arm-none-eabi/bin/../lib/gcc/arm-none-eabi/13.2.1/../../../../arm-none-eabi/lib/thumb/v7e-m+fp/hard/libc_nano.a(libc_a-closer.o)
 .debug_frame   0x00001f60       0x38 /opt/arm-none-eabi/bin/../lib/gcc/arm-none-eabi/13.2.1/../../../../arm-none-eabi/lib/thumb/v7e-m+fp/hard/libc_nano.a(libc_a-reent.o)
 .debug_frame   0x00001f98       0x50 /opt/arm-none-eabi/bin/../lib/gcc/arm-none-eabi/13.2.1/../../../../arm-none-eabi/lib/thumb/v7e-m+fp/hard/libc_nano.a(libc_a-mallocr.o)
 .debug_frame   0x00001fe8       0x2c /opt/arm-none-eabi/bin/../lib/gcc/arm-none-eabi/13.2.1/../../../../arm-none-eabi/lib/thumb/v7e-m+fp/hard/libc_nano.a(libc_a-fstatr.o)
 .debug_frame   0x00002014       0x2c /opt/arm-none-eabi/bin/../lib/gcc/arm-none-eabi/13.2.1/../../../../arm-none-eabi/lib/thumb/v7e-m+fp/hard/libc_nano.a(libc_a-isattyr.o)
 .debug_frame   0x00002040       0x2c /opt/arm-none-eabi/bin/../lib/gcc/arm-none-eabi/13.2.1/../../../../arm-none-eabi/lib/thumb/v7e-m+fp/hard/libc_nano.a(libc_a-lseekr.o)
 .debug_frame   0x0000206c       0x30 /opt/arm-none-eabi/bin/../lib/gcc/arm-none-eabi/13.2.1/../../../../arm-none-eabi/lib/thumb/v7e-m+fp/hard/libc_nano.a(libc_a-mlock.o)
 .debug_frame   0x0000209c       0x2c /opt/arm-none-eabi/bin/../lib/gcc/arm-none-eabi/13.2.1/../../../../arm-none-eabi/lib/thumb/v7e-m+fp/hard/libc_nano.a(libc_a-sbrkr.o)
 .debug_frame   0x000020c8       0xac /opt/arm-none-eabi/bin/../lib/gcc/arm-none-eabi/13.2.1/thumb/v7e-m+fp/hard/libgcc.a(_arm_addsubdf3.o)
 .debug_frame   0x00002174       0x50 /opt/arm-none-eabi/bin/../lib/gcc/arm-none-eabi/13.2.1/thumb/v7e-m+fp/hard/libgcc.a(_arm_muldivdf3.o)
 .debug_frame   0x000021c4       0xc4 /opt/arm-none-eabi/bin/../lib/gcc/arm-none-eabi/13.2.1/thumb/v7e-m+fp/hard/libgcc.a(_arm_cmpdf2.o)
 .debug_frame   0x00002288       0x20 /opt/arm-none-eabi/bin/../lib/gcc/arm-none-eabi/13.2.1/thumb/v7e-m+fp/hard/libgcc.a(_arm_unorddf2.o)
 .debug_frame   0x000022a8       0x24 /opt/arm-none-eabi/bin/../lib/gcc/arm-none-eabi/13.2.1/thumb/v7e-m+fp/hard/libgcc.a(_arm_fixdfsi.o)
 .debug_frame   0x000022cc       0x38 /opt/arm-none-eabi/bin/../lib/gcc/arm-none-eabi/13.2.1/thumb/v7e-m+fp/hard/libgcc.a(_fixdfdi.o)
 .debug_frame   0x00002304       0x2c /opt/arm-none-eabi/bin/../lib/gcc/arm-none-eabi/13.2.1/thumb/v7e-m+fp/hard/libgcc.a(_fixunsdfdi.o)
 .debug_frame   0x00002330       0x24 /opt/arm-none-eabi/bin/../lib/gcc/arm-none-eabi/13.2.1/thumb/v7e-m+fp/hard/libgcc.a(_arm_fixunsdfsi.o)

.debug_line_str
                0x00000000      0x1a1
 .debug_line_str
                0x00000000      0x1a1 /opt/arm-none-eabi/bin/../lib/gcc/arm-none-eabi/13.2.1/../../../../arm-none-eabi/lib/thumb/v7e-m+fp/hard/libc_nano.a(libc_a-memchr.o)
                                 0xda (size before relaxing)
 .debug_line_str
                0x000001a1       0xc7 /opt/arm-none-eabi/bin/../lib/gcc/arm-none-eabi/13.2.1/thumb/v7e-m+fp/hard/libgcc.a(_arm_addsubdf3.o)
 .debug_line_str
                0x000001a1       0xc7 /opt/arm-none-eabi/bin/../lib/gcc/arm-none-eabi/13.2.1/thumb/v7e-m+fp/hard/libgcc.a(_arm_muldivdf3.o)
 .debug_line_str
                0x000001a1       0xc7 /opt/arm-none-eabi/bin/../lib/gcc/arm-none-eabi/13.2.1/thumb/v7e-m+fp/hard/libgcc.a(_arm_cmpdf2.o)
 .debug_line_str
                0x000001a1       0xc7 /opt/arm-none-eabi/bin/../lib/gcc/arm-none-eabi/13.2.1/thumb/v7e-m+fp/hard/libgcc.a(_arm_unorddf2.o)
 .debug_line_str
                0x000001a1       0xc7 /opt/arm-none-eabi/bin/../lib/gcc/arm-none-eabi/13.2.1/thumb/v7e-m+fp/hard/libgcc.a(_arm_fixdfsi.o)
 .debug_line_str
                0x000001a1       0xc7 /opt/arm-none-eabi/bin/../lib/gcc/arm-none-eabi/13.2.1/thumb/v7e-m+fp/hard/libgcc.a(_arm_fixunsdfsi.o)
