Archive member included to satisfy reference by file (symbol)

/opt/arm-none-eabi/bin/../lib/gcc/arm-none-eabi/13.2.1/../../../../arm-none-eabi/lib/thumb/v7e-m+fp/hard/libc_nano.a(libc_a-printf.o)
                              /tmp/ccJRaIat.o (printf)
/opt/arm-none-eabi/bin/../lib/gcc/arm-none-eabi/13.2.1/../../../../arm-none-eabi/lib/thumb/v7e-m+fp/hard/libc_nano.a(libc_a-nano-vfprintf.o)
                              /opt/arm-none-eabi/bin/../lib/gcc/arm-none-eabi/13.2.1/../../../../arm-none-eabi/lib/thumb/v7e-m+fp/hard/libc_nano.a(libc_a-printf.o) (_vfprintf_r)
/opt/arm-none-eabi/bin/../lib/gcc/arm-none-eabi/13.2.1/../../../../arm-none-eabi/lib/thumb/v7e-m+fp/hard/libc_nano.a(libc_a-wbuf.o)
                              /opt/arm-none-eabi/bin/../lib/gcc/arm-none-eabi/13.2.1/../../../../arm-none-eabi/lib/thumb/v7e-m+fp/hard/libc_nano.a(libc_a-nano-vfprintf.o) (__swbuf_r)
/opt/arm-none-eabi/bin/../lib/gcc/arm-none-eabi/13.2.1/../../../../arm-none-eabi/lib/thumb/v7e-m+fp/hard/libc_nano.a(libc_a-wsetup.o)
                              /opt/arm-none-eabi/bin/../lib/gcc/arm-none-eabi/13.2.1/../../../../arm-none-eabi/lib/thumb/v7e-m+fp/hard/libc_nano.a(libc_a-nano-vfprintf.o) (__swsetup_r)
/opt/arm-none-eabi/bin/../lib/gcc/arm-none-eabi/13.2.1/../../../../arm-none-eabi/lib/thumb/v7e-m+fp/hard/libc_nano.a(libc_a-nano-vfprintf_i.o)
                              /opt/arm-none-eabi/bin/../lib/gcc/arm-none-eabi/13.2.1/../../../../arm-none-eabi/lib/thumb/v7e-m+fp/hard/libc_nano.a(libc_a-nano-vfprintf.o) (_printf_i)
/opt/arm-none-eabi/bin/../lib/gcc/arm-none-eabi/13.2.1/../../../../arm-none-eabi/lib/thumb/v7e-m+fp/hard/libc_nano.a(libc_a-puts.o)
                              /tmp/ccJRaIat.o (puts)
/opt/arm-none-eabi/bin/../lib/gcc/arm-none-eabi/13.2.1/../../../../arm-none-eabi/lib/thumb/v7e-m+fp/hard/libc_nano.a(libc_a-impure.o)
                              /opt/arm-none-eabi/bin/../lib/gcc/arm-none-eabi/13.2.1/../../../../arm-none-eabi/lib/thumb/v7e-m+fp/hard/libc_nano.a(libc_a-printf.o) (_impure_ptr)
/opt/arm-none-eabi/bin/../lib/gcc/arm-none-eabi/13.2.1/../../../../arm-none-eabi/lib/thumb/v7e-m+fp/hard/libc_nano.a(libc_a-fflush.o)
                              /opt/arm-none-eabi/bin/../lib/gcc/arm-none-eabi/13.2.1/../../../../arm-none-eabi/lib/thumb/v7e-m+fp/hard/libc_nano.a(libc_a-wbuf.o) (_fflush_r)
/opt/arm-none-eabi/bin/../lib/gcc/arm-none-eabi/13.2.1/../../../../arm-none-eabi/lib/thumb/v7e-m+fp/hard/libc_nano.a(libc_a-memchr.o)
                              /opt/arm-none-eabi/bin/../lib/gcc/arm-none-eabi/13.2.1/../../../../arm-none-eabi/lib/thumb/v7e-m+fp/hard/libc_nano.a(libc_a-nano-vfprintf.o) (memchr)
/opt/arm-none-eabi/bin/../lib/gcc/arm-none-eabi/13.2.1/../../../../arm-none-eabi/lib/thumb/v7e-m+fp/hard/libc_nano.a(libc_a-memcpy-stub.o)
                              /tmp/ccNZI9vt.o (memcpy)
/opt/arm-none-eabi/bin/../lib/gcc/arm-none-eabi/13.2.1/../../../../arm-none-eabi/lib/thumb/v7e-m+fp/hard/libc_nano.a(libc_a-findfp.o)
                              /opt/arm-none-eabi/bin/../lib/gcc/arm-none-eabi/13.2.1/../../../../arm-none-eabi/lib/thumb/v7e-m+fp/hard/libc_nano.a(libc_a-fflush.o) (__sglue)
/opt/arm-none-eabi/bin/../lib/gcc/arm-none-eabi/13.2.1/../../../../arm-none-eabi/lib/thumb/v7e-m+fp/hard/libc_nano.a(libc_a-stdio.o)
                              /opt/arm-none-eabi/bin/../lib/gcc/arm-none-eabi/13.2.1/../../../../arm-none-eabi/lib/thumb/v7e-m+fp/hard/libc_nano.a(libc_a-findfp.o) (__sread)
/opt/arm-none-eabi/bin/../lib/gcc/arm-none-eabi/13.2.1/../../../../arm-none-eabi/lib/thumb/v7e-m+fp/hard/libc_nano.a(libc_a-readr.o)
                              /opt/arm-none-eabi/bin/../lib/gcc/arm-none-eabi/13.2.1/../../../../arm-none-eabi/lib/thumb/v7e-m+fp/hard/libc_nano.a(libc_a-stdio.o) (_read_r)
/opt/arm-none-eabi/bin/../lib/gcc/arm-none-eabi/13.2.1/../../../../arm-none-eabi/lib/thumb/v7e-m+fp/hard/libc_nano.a(libc_a-writer.o)
                              /opt/arm-none-eabi/bin/../lib/gcc/arm-none-eabi/13.2.1/../../../../arm-none-eabi/lib/thumb/v7e-m+fp/hard/libc_nano.a(libc_a-stdio.o) (_write_r)
/opt/arm-none-eabi/bin/../lib/gcc/arm-none-eabi/13.2.1/../../../../arm-none-eabi/lib/thumb/v7e-m+fp/hard/libc_nano.a(libc_a-fvwrite.o)
                              /opt/arm-none-eabi/bin/../lib/gcc/arm-none-eabi/13.2.1/../../../../arm-none-eabi/lib/thumb/v7e-m+fp/hard/libc_nano.a(libc_a-nano-vfprintf.o) (__sfvwrite_r)
/opt/arm-none-eabi/bin/../lib/gcc/arm-none-eabi/13.2.1/../../../../arm-none-eabi/lib/thumb/v7e-m+fp/hard/libc_nano.a(libc_a-fwalk.o)
                              /opt/arm-none-eabi/bin/../lib/gcc/arm-none-eabi/13.2.1/../../../../arm-none-eabi/lib/thumb/v7e-m+fp/hard/libc_nano.a(libc_a-fflush.o) (_fwalk_sglue)
/opt/arm-none-eabi/bin/../lib/gcc/arm-none-eabi/13.2.1/../../../../arm-none-eabi/lib/thumb/v7e-m+fp/hard/libc_nano.a(libc_a-memmove.o)
[...]
Memory Configuration

Name             Origin             Length             Attributes
flash            0x08000000         0x00200000         xr
sram             0x20000000         0x00030000         xrw
*default*        0x00000000         0xffffffff

Linker script and memory map

LOAD /tmp/ccJRaIat.o
LOAD /tmp/ccNZI9vt.o
LOAD /tmp/cc46wq9E.o
LOAD /tmp/ccMVLGVQ.o
LOAD /tmp/cc5PEZPl.o
LOAD /tmp/ccdbFyUo.o
LOAD /opt/arm-none-eabi/bin/../lib/gcc/arm-none-eabi/13.2.1/../../../../arm-none-eabi/lib/thumb/v7e-m+fp/hard/libc_nano.a
LOAD /opt/arm-none-eabi/bin/../lib/gcc/arm-none-eabi/13.2.1/thumb/v7e-m+fp/hard/libgcc.a
                0x20030000                        _estack = (ORIGIN (sram) + LENGTH (sram))

.vectors        0x08000000      0x1bc
 *(.vectors)
 .vectors       0x08000000      0x1bc /tmp/ccNZI9vt.o
                0x08000000                tab

.text           0x080001c0     0x1594
 *(.text*)
 .text.systick_init
                0x080001c0       0x34 /tmp/ccJRaIat.o
 .text.gpio_set_mode
                0x080001f4       0x34 /tmp/ccJRaIat.o
 .text.gpio_set_af
                0x08000228       0x2e /tmp/ccJRaIat.o
 *fill*         0x08000256        0x2 
 .text.uart_init.constprop.0
                0x08000258       0x60 /tmp/ccJRaIat.o
 .text.SysTick_Handler
                0x080002b8       0x10 /tmp/ccJRaIat.o
                0x080002b8                SysTick_Handler
 .text.run_ADXL375_routine
                0x080002c8        0xc /tmp/ccJRaIat.o
                0x080002c8                run_ADXL375_routine
 .text.startup.main
                0x080002d4       0x38 /tmp/ccJRaIat.o
                0x080002d4                main
 .text._reset   0x0800030c       0x50 /tmp/ccNZI9vt.o
                0x0800030c                _reset
 .text._fstat   0x0800035c       0x12 /tmp/cc46wq9E.o
                0x0800035c                _fstat
 *fill*         0x0800036e        0x2 
 .text._sbrk    0x08000370       0x1c /tmp/cc46wq9E.o
                0x08000370                _sbrk
 .text._close   0x0800038c        0x6 /tmp/cc46wq9E.o
                0x0800038c                _close
 .text._isatty  0x08000392        0x4 /tmp/cc46wq9E.o
                0x08000392                _isatty
 .text._lseek   0x08000396        0x4 /tmp/cc46wq9E.o
                0x08000396                _lseek
 .text._read    0x0800039a        0x6 /tmp/cc46wq9E.o
                0x0800039a                _read
 .text._write   0x080003a0       0x34 /tmp/cc46wq9E.o
                0x080003a0                _write
 .text.systick_init
                0x080003d4       0x34 /tmp/ccMVLGVQ.o
 .text.gpio_set_mode
                0x08000408       0x34 /tmp/ccMVLGVQ.o
 .text.gpio_set_af
                0x0800043c       0x2e /tmp/ccMVLGVQ.o
 *fill*         0x0800046a        0x2 
 .text.uart_init.constprop.0
                0x0800046c       0xd0 /tmp/ccMVLGVQ.o
 .text.STM32_init_clock
                0x0800053c       0x78 /tmp/ccMVLGVQ.o
                0x0800053c                STM32_init_clock
 .text.STM32_init_internals
                0x080005b4      0x10c /tmp/ccMVLGVQ.o
                0x080005b4                STM32_init_internals
 .text.STM32_init_peripherals
                0x080006c0       0x30 /tmp/ccMVLGVQ.o
                0x080006c0                STM32_init_peripherals
 .text.STM32_init
                0x080006f0       0x24 /tmp/ccMVLGVQ.o
                0x080006f0                STM32_init
 .text.spi_ready_write.isra.0
                0x08000714        0x8 /tmp/ccdbFyUo.o
 .text.spi_transmit_receive.constprop.0.isra.0
                0x0800071c       0x4c /tmp/ccdbFyUo.o
 .text.ADXL375_reg_write
                0x08000768       0x20 /tmp/ccdbFyUo.o
                0x08000768                ADXL375_reg_write
 .text.ADXL375_init
                0x08000788       0x40 /tmp/ccdbFyUo.o
                0x08000788                ADXL375_init
 .text.printf   0x080007c8       0x24 /opt/arm-none-eabi/bin/../lib/gcc/arm-none-eabi/13.2.1/../../../../arm-none-eabi/lib/thumb/v7e-m+fp/hard/libc_nano.a(libc_a-printf.o)
                0x080007c8                printf
                0x080007c8                iprintf
 .text.__sfputc_r
                0x080007ec       0x2e /opt/arm-none-eabi/bin/../lib/gcc/arm-none-eabi/13.2.1/../../../../arm-none-eabi/lib/thumb/v7e-m+fp/hard/libc_nano.a(libc_a-nano-vfprintf.o)
 .text.__sfputs_r
                0x0800081a       0x24 /opt/arm-none-eabi/bin/../lib/gcc/arm-none-eabi/13.2.1/../../../../arm-none-eabi/lib/thumb/v7e-m+fp/hard/libc_nano.a(libc_a-nano-vfprintf.o)
                0x0800081a                __sfputs_r
 *fill*         0x0800083e        0x2 
 .text._vfprintf_r
                0x08000840      0x230 /opt/arm-none-eabi/bin/../lib/gcc/arm-none-eabi/13.2.1/../../../../arm-none-eabi/lib/thumb/v7e-m+fp/hard/libc_nano.a(libc_a-nano-vfprintf.o)
                0x08000840                _vfiprintf_r
                0x08000840                _vfprintf_r
 .text.__swbuf_r
                0x08000a70       0x7c /opt/arm-none-eabi/bin/../lib/gcc/arm-none-eabi/13.2.1/../../../../arm-none-eabi/lib/thumb/v7e-m+fp/hard/libc_nano.a(libc_a-wbuf.o)
                0x08000a70                __swbuf_r
 .text.__swsetup_r
                0x08000aec       0xac /opt/arm-none-eabi/bin/../lib/gcc/arm-none-eabi/13.2.1/../../../../arm-none-eabi/lib/thumb/v7e-m+fp/hard/libc_nano.a(libc_a-wsetup.o)
                0x08000aec                __swsetup_r
 .text._printf_common
                0x08000b98       0xda /opt/arm-none-eabi/bin/../lib/gcc/arm-none-eabi/13.2.1/../../../../arm-none-eabi/lib/thumb/v7e-m+fp/hard/libc_nano.a(libc_a-nano-vfprintf_i.o)
                0x08000b98                _printf_common
 *fill*         0x08000c72        0x2 
 .text._printf_i
                0x08000c74      0x23c /opt/arm-none-eabi/bin/../lib/gcc/arm-none-eabi/13.2.1/../../../../arm-none-eabi/lib/thumb/v7e-m+fp/hard/libc_nano.a(libc_a-nano-vfprintf_i.o)
                0x08000c74                _printf_i
 .text._puts_r  0x08000eb0       0xaa /opt/arm-none-eabi/bin/../lib/gcc/arm-none-eabi/13.2.1/../../../../arm-none-eabi/lib/thumb/v7e-m+fp/hard/libc_nano.a(libc_a-puts.o)
                0x08000eb0                _puts_r
 *fill*         0x08000f5a        0x2 
 .text.puts     0x08000f5c       0x10 /opt/arm-none-eabi/bin/../lib/gcc/arm-none-eabi/13.2.1/../../../../arm-none-eabi/lib/thumb/v7e-m+fp/hard/libc_nano.a(libc_a-puts.o)
                0x08000f5c                puts
 .text.__sflush_r
                0x08000f6c      0x108 /opt/arm-none-eabi/bin/../lib/gcc/arm-none-eabi/13.2.1/../../../../arm-none-eabi/lib/thumb/v7e-m+fp/hard/libc_nano.a(libc_a-fflush.o)
                0x08000f6c                __sflush_r
 .text._fflush_r
                0x08001074       0x50 /opt/arm-none-eabi/bin/../lib/gcc/arm-none-eabi/13.2.1/../../../../arm-none-eabi/lib/thumb/v7e-m+fp/hard/libc_nano.a(libc_a-fflush.o)
                0x08001074                _fflush_r
 *fill*         0x080010c4        0xc 
 .text          0x080010d0       0xa0 /opt/arm-none-eabi/bin/../lib/gcc/arm-none-eabi/13.2.1/../../../../arm-none-eabi/lib/thumb/v7e-m+fp/hard/libc_nano.a(libc_a-memchr.o)
                0x080010d0                memchr
 .text.memcpy   0x08001170       0x1c /opt/arm-none-eabi/bin/../lib/gcc/arm-none-eabi/13.2.1/../../../../arm-none-eabi/lib/thumb/v7e-m+fp/hard/libc_nano.a(libc_a-memcpy-stub.o)
                0x08001170                memcpy
 .text.std      0x0800118c       0x6c /opt/arm-none-eabi/bin/../lib/gcc/arm-none-eabi/13.2.1/../../../../arm-none-eabi/lib/thumb/v7e-m+fp/hard/libc_nano.a(libc_a-findfp.o)
 .text.stdio_exit_handler
                0x080011f8       0x18 /opt/arm-none-eabi/bin/../lib/gcc/arm-none-eabi/13.2.1/../../../../arm-none-eabi/lib/thumb/v7e-m+fp/hard/libc_nano.a(libc_a-findfp.o)
 .text.cleanup_stdio
                0x08001210       0x40 /opt/arm-none-eabi/bin/../lib/gcc/arm-none-eabi/13.2.1/../../../../arm-none-eabi/lib/thumb/v7e-m+fp/hard/libc_nano.a(libc_a-findfp.o)
 .text.global_stdio_init.part.0
                0x08001250       0x3c /opt/arm-none-eabi/bin/../lib/gcc/arm-none-eabi/13.2.1/../../../../arm-none-eabi/lib/thumb/v7e-m+fp/hard/libc_nano.a(libc_a-findfp.o)
 .text.__sfp_lock_acquire
                0x0800128c        0xc /opt/arm-none-eabi/bin/../lib/gcc/arm-none-eabi/13.2.1/../../../../arm-none-eabi/lib/thumb/v7e-m+fp/hard/libc_nano.a(libc_a-findfp.o)
                0x0800128c                __sfp_lock_acquire
 .text.__sfp_lock_release
                0x08001298        0xc /opt/arm-none-eabi/bin/../lib/gcc/arm-none-eabi/13.2.1/../../../../arm-none-eabi/lib/thumb/v7e-m+fp/hard/libc_nano.a(libc_a-findfp.o)
                0x08001298                __sfp_lock_release
 .text.__sinit  0x080012a4       0x30 /opt/arm-none-eabi/bin/../lib/gcc/arm-none-eabi/13.2.1/../../../../arm-none-eabi/lib/thumb/v7e-m+fp/hard/libc_nano.a(libc_a-findfp.o)
                0x080012a4                __sinit
 .text.__sread  0x080012d4       0x22 /opt/arm-none-eabi/bin/../lib/gcc/arm-none-eabi/13.2.1/../../../../arm-none-eabi/lib/thumb/v7e-m+fp/hard/libc_nano.a(libc_a-stdio.o)
                0x080012d4                __sread
 .text.__swrite
                0x080012f6       0x38 /opt/arm-none-eabi/bin/../lib/gcc/arm-none-eabi/13.2.1/../../../../arm-none-eabi/lib/thumb/v7e-m+fp/hard/libc_nano.a(libc_a-stdio.o)
                0x080012f6                __swrite
 .text.__sseek  0x0800132e       0x24 /opt/arm-none-eabi/bin/../lib/gcc/arm-none-eabi/13.2.1/../../../../arm-none-eabi/lib/thumb/v7e-m+fp/hard/libc_nano.a(libc_a-stdio.o)
                0x0800132e                __sseek
 .text.__sclose
                0x08001352        0x8 /opt/arm-none-eabi/bin/../lib/gcc/arm-none-eabi/13.2.1/../../../../arm-none-eabi/lib/thumb/v7e-m+fp/hard/libc_nano.a(libc_a-stdio.o)
                0x08001352                __sclose
 *fill*         0x0800135a        0x2 
 .text._read_r  0x0800135c       0x24 /opt/arm-none-eabi/bin/../lib/gcc/arm-none-eabi/13.2.1/../../../../arm-none-eabi/lib/thumb/v7e-m+fp/hard/libc_nano.a(libc_a-readr.o)
                0x0800135c                _read_r
 .text._write_r
                0x08001380       0x24 /opt/arm-none-eabi/bin/../lib/gcc/arm-none-eabi/13.2.1/../../../../arm-none-eabi/lib/thumb/v7e-m+fp/hard/libc_nano.a(libc_a-writer.o)
                0x08001380                _write_r
 .text._fwalk_sglue
                0x080013a4       0x3c /opt/arm-none-eabi/bin/../lib/gcc/arm-none-eabi/13.2.1/../../../../arm-none-eabi/lib/thumb/v7e-m+fp/hard/libc_nano.a(libc_a-fwalk.o)
                0x080013a4                _fwalk_sglue
 .text.memset   0x080013e0       0x10 /opt/arm-none-eabi/bin/../lib/gcc/arm-none-eabi/13.2.1/../../../../arm-none-eabi/lib/thumb/v7e-m+fp/hard/libc_nano.a(libc_a-memset.o)
                0x080013e0                memset
 .text._free_r  0x080013f0       0x94 /opt/arm-none-eabi/bin/../lib/gcc/arm-none-eabi/13.2.1/../../../../arm-none-eabi/lib/thumb/v7e-m+fp/hard/libc_nano.a(libc_a-freer.o)
                0x080013f0                _free_r
 .text.__retarget_lock_init_recursive
                0x08001484        0x2 /opt/arm-none-eabi/bin/../lib/gcc/arm-none-eabi/13.2.1/../../../../arm-none-eabi/lib/thumb/v7e-m+fp/hard/libc_nano.a(libc_a-lock.o)
                0x08001484                __retarget_lock_init_recursive
 .text.__retarget_lock_acquire_recursive
                0x08001486        0x2 /opt/arm-none-eabi/bin/../lib/gcc/arm-none-eabi/13.2.1/../../../../arm-none-eabi/lib/thumb/v7e-m+fp/hard/libc_nano.a(libc_a-lock.o)
                0x08001486                __retarget_lock_acquire_recursive
 .text.__retarget_lock_release_recursive
                0x08001488        0x2 /opt/arm-none-eabi/bin/../lib/gcc/arm-none-eabi/13.2.1/../../../../arm-none-eabi/lib/thumb/v7e-m+fp/hard/libc_nano.a(libc_a-lock.o)
                0x08001488                __retarget_lock_release_recursive
 .text.__swhatbuf_r
                0x0800148a       0x4c /opt/arm-none-eabi/bin/../lib/gcc/arm-none-eabi/13.2.1/../../../../arm-none-eabi/lib/thumb/v7e-m+fp/hard/libc_nano.a(libc_a-makebuf.o)
                0x0800148a                __swhatbuf_r
 .text.__smakebuf_r
                0x080014d6       0x78 /opt/arm-none-eabi/bin/../lib/gcc/arm-none-eabi/13.2.1/../../../../arm-none-eabi/lib/thumb/v7e-m+fp/hard/libc_nano.a(libc_a-makebuf.o)
                0x080014d6                __smakebuf_r
 *fill*         0x0800154e        0x2 
 .text._close_r
                0x08001550       0x20 /opt/arm-none-eabi/bin/../lib/gcc/arm-none-eabi/13.2.1/../../../../arm-none-eabi/lib/thumb/v7e-m+fp/hard/libc_nano.a(libc_a-closer.o)
                0x08001550                _close_r
 .text.sbrk_aligned
                0x08001570       0x44 /opt/arm-none-eabi/bin/../lib/gcc/arm-none-eabi/13.2.1/../../../../arm-none-eabi/lib/thumb/v7e-m+fp/hard/libc_nano.a(libc_a-mallocr.o)
 .text._malloc_r
                0x080015b4      0x100 /opt/arm-none-eabi/bin/../lib/gcc/arm-none-eabi/13.2.1/../../../../arm-none-eabi/lib/thumb/v7e-m+fp/hard/libc_nano.a(libc_a-mallocr.o)
                0x080015b4                _malloc_r
 .text._fstat_r
                0x080016b4       0x24 /opt/arm-none-eabi/bin/../lib/gcc/arm-none-eabi/13.2.1/../../../../arm-none-eabi/lib/thumb/v7e-m+fp/hard/libc_nano.a(libc_a-fstatr.o)
                0x080016b4                _fstat_r
 .text._isatty_r
                0x080016d8       0x20 /opt/arm-none-eabi/bin/../lib/gcc/arm-none-eabi/13.2.1/../../../../arm-none-eabi/lib/thumb/v7e-m+fp/hard/libc_nano.a(libc_a-isattyr.o)
                0x080016d8                _isatty_r
 .text._lseek_r
                0x080016f8       0x24 /opt/arm-none-eabi/bin/../lib/gcc/arm-none-eabi/13.2.1/../../../../arm-none-eabi/lib/thumb/v7e-m+fp/hard/libc_nano.a(libc_a-lseekr.o)
                0x080016f8                _lseek_r
 .text.__malloc_lock
                0x0800171c        0xc /opt/arm-none-eabi/bin/../lib/gcc/arm-none-eabi/13.2.1/../../../../arm-none-eabi/lib/thumb/v7e-m+fp/hard/libc_nano.a(libc_a-mlock.o)
                0x0800171c                __malloc_lock
 .text.__malloc_unlock
                0x08001728        0xc /opt/arm-none-eabi/bin/../lib/gcc/arm-none-eabi/13.2.1/../../../../arm-none-eabi/lib/thumb/v7e-m+fp/hard/libc_nano.a(libc_a-mlock.o)
                0x08001728                __malloc_unlock
 .text._sbrk_r  0x08001734       0x20 /opt/arm-none-eabi/bin/../lib/gcc/arm-none-eabi/13.2.1/../../../../arm-none-eabi/lib/thumb/v7e-m+fp/hard/libc_nano.a(libc_a-sbrkr.o)
                0x08001734                _sbrk_r

.glue_7         0x08001754        0x0
 .glue_7        0x08001754        0x0 linker stubs

.glue_7t        0x08001754        0x0
 .glue_7t       0x08001754        0x0 linker stubs

.vfp11_veneer   0x08001754        0x0
 .vfp11_veneer  0x08001754        0x0 linker stubs

.v4_bx          0x08001754        0x0
 .v4_bx         0x08001754        0x0 linker stubs

.iplt           0x08001754        0x0
 .iplt          0x08001754        0x0 /tmp/ccJRaIat.o

.rodata         0x08001754       0x8f
 *(.rodata*)
 .rodata.main.str1.1
                0x08001754       0x8f /tmp/ccJRaIat.o
                                 0x3e (size before relaxing)
 .rodata.ADXL375_init.str1.1
                0x080017e3       0x1e /tmp/ccdbFyUo.o
 .rodata._vfprintf_r.str1.1
                0x080017e3       0x11 /opt/arm-none-eabi/bin/../lib/gcc/arm-none-eabi/13.2.1/../../../../arm-none-eabi/lib/thumb/v7e-m+fp/hard/libc_nano.a(libc_a-nano-vfprintf.o)
 .rodata._printf_i.str1.1
                0x080017e3       0x22 /opt/arm-none-eabi/bin/../lib/gcc/arm-none-eabi/13.2.1/../../../../arm-none-eabi/lib/thumb/v7e-m+fp/hard/libc_nano.a(libc_a-nano-vfprintf_i.o)

.ARM.exidx      0x080017e4        0x8
 .ARM.exidx     0x080017e4        0x8 /opt/arm-none-eabi/bin/../lib/gcc/arm-none-eabi/13.2.1/../../../../arm-none-eabi/lib/thumb/v7e-m+fp/hard/libc_nano.a(libc_a-memchr.o)

.rel.dyn        0x080017ec        0x0
 .rel.iplt      0x080017ec        0x0 /tmp/ccJRaIat.o

.data           0x20000000       0x60 load address 0x080017ec
                0x20000000                        _sdata = .
 *(.first_data)
 *(.data SORT_BY_NAME(.data.*))
 .data.FREQ     0x20000000        0x4 /tmp/ccMVLGVQ.o
                0x20000000                FREQ
 .data.__sglue  0x20000004        0xc /opt/arm-none-eabi/bin/../lib/gcc/arm-none-eabi/13.2.1/../../../../arm-none-eabi/lib/thumb/v7e-m+fp/hard/libc_nano.a(libc_a-findfp.o)
                0x20000004                __sglue
 .data._impure_data
                0x20000010       0x4c /opt/arm-none-eabi/bin/../lib/gcc/arm-none-eabi/13.2.1/../../../../arm-none-eabi/lib/thumb/v7e-m+fp/hard/libc_nano.a(libc_a-impure.o)
                0x20000010                _impure_data
 .data._impure_ptr
                0x2000005c        0x4 /opt/arm-none-eabi/bin/../lib/gcc/arm-none-eabi/13.2.1/../../../../arm-none-eabi/lib/thumb/v7e-m+fp/hard/libc_nano.a(libc_a-impure.o)
                0x2000005c                _impure_ptr
                0x20000060                        _edata = .
                0x080017ec                        _sidata = LOADADDR (.data)

.igot.plt       0x20000060        0x0 load address 0x0800184c
 .igot.plt      0x20000060        0x0 /tmp/ccJRaIat.o

.bss            0x20000060      0x158 load address 0x0800184c
                0x20000060                        _sbss = .
 *(.bss SORT_BY_NAME(.bss.*) COMMON)
 .bss.ADXL375_SPI
                0x20000060        0x4 /tmp/ccdbFyUo.o
                0x20000060                ADXL375_SPI
 .bss.__lock___malloc_recursive_mutex
                0x20000064        0x1 /opt/arm-none-eabi/bin/../lib/gcc/arm-none-eabi/13.2.1/../../../../arm-none-eabi/lib/thumb/v7e-m+fp/hard/libc_nano.a(libc_a-lock.o)
                0x20000064                __lock___malloc_recursive_mutex
 .bss.__lock___sfp_recursive_mutex
                0x20000065        0x1 /opt/arm-none-eabi/bin/../lib/gcc/arm-none-eabi/13.2.1/../../../../arm-none-eabi/lib/thumb/v7e-m+fp/hard/libc_nano.a(libc_a-lock.o)
                0x20000065                __lock___sfp_recursive_mutex
 *fill*         0x20000066        0x2 
 .bss.__malloc_free_list
                0x20000068        0x4 /opt/arm-none-eabi/bin/../lib/gcc/arm-none-eabi/13.2.1/../../../../arm-none-eabi/lib/thumb/v7e-m+fp/hard/libc_nano.a(libc_a-mallocr.o)
                0x20000068                __malloc_free_list
 .bss.__malloc_sbrk_start
                0x2000006c        0x4 /opt/arm-none-eabi/bin/../lib/gcc/arm-none-eabi/13.2.1/../../../../arm-none-eabi/lib/thumb/v7e-m+fp/hard/libc_nano.a(libc_a-mallocr.o)
                0x2000006c                __malloc_sbrk_start
 .bss.__sf      0x20000070      0x138 /opt/arm-none-eabi/bin/../lib/gcc/arm-none-eabi/13.2.1/../../../../arm-none-eabi/lib/thumb/v7e-m+fp/hard/libc_nano.a(libc_a-findfp.o)
                0x20000070                __sf
 .bss.__stdio_exit_handler
                0x200001a8        0x4 /opt/arm-none-eabi/bin/../lib/gcc/arm-none-eabi/13.2.1/../../../../arm-none-eabi/lib/thumb/v7e-m+fp/hard/libc_nano.a(libc_a-findfp.o)
                0x200001a8                __stdio_exit_handler
 .bss.errno     0x200001ac        0x4 /opt/arm-none-eabi/bin/../lib/gcc/arm-none-eabi/13.2.1/../../../../arm-none-eabi/lib/thumb/v7e-m+fp/hard/libc_nano.a(libc_a-reent.o)
                0x200001ac                errno
 .bss.heap.0    0x200001b0        0x4 /tmp/cc46wq9E.o
 .bss.s_ticks   0x200001b4        0x4 /tmp/ccJRaIat.o
                0x200001b4                s_ticks
                0x200001b8                        _ebss = .
                0x200001b8                        . = ALIGN (0x8)
                0x200001b8                        _end = .
OUTPUT(firmware.elf elf32-littlearm)
LOAD linker stubs

.debug_info     0x00000000     0x3357
 .debug_info    0x00000000     0x140a /tmp/ccJRaIat.o
 .debug_info    0x0000140a      0x139 /tmp/ccNZI9vt.o
 .debug_info    0x00001543      0x7f9 /tmp/cc46wq9E.o
 .debug_info    0x00001d3c      0xdda /tmp/ccMVLGVQ.o
 .debug_info    0x00002b16      0x841 /tmp/ccdbFyUo.o

.debug_abbrev   0x00000000      0xe69
 .debug_abbrev  0x00000000      0x4b0 /tmp/ccJRaIat.o
 .debug_abbrev  0x000004b0       0xe8 /tmp/ccNZI9vt.o
 .debug_abbrev  0x00000598      0x29f /tmp/cc46wq9E.o
 .debug_abbrev  0x00000837      0x324 /tmp/ccMVLGVQ.o
 .debug_abbrev  0x00000b5b      0x30e /tmp/ccdbFyUo.o

.debug_loclists
                0x00000000      0xab3
 .debug_loclists
                0x00000000      0x2f5 /tmp/ccJRaIat.o
 .debug_loclists
                0x000002f5      0x225 /tmp/cc46wq9E.o
 .debug_loclists
                0x0000051a      0x300 /tmp/ccMVLGVQ.o
 .debug_loclists
                0x0000081a      0x299 /tmp/ccdbFyUo.o

.debug_aranges  0x00000000      0x220
 .debug_aranges
                0x00000000       0xc0 /tmp/ccJRaIat.o
 .debug_aranges
                0x000000c0       0x20 /tmp/ccNZI9vt.o
 .debug_aranges
                0x000000e0       0x90 /tmp/cc46wq9E.o
 .debug_aranges
                0x00000170       0x70 /tmp/ccMVLGVQ.o
 .debug_aranges
                0x000001e0       0x40 /tmp/ccdbFyUo.o

.debug_rnglists
                0x00000000      0x23e
 .debug_rnglists
                0x00000000       0xd7 /tmp/ccJRaIat.o
 .debug_rnglists
                0x000000d7       0x13 /tmp/ccNZI9vt.o
 .debug_rnglists
                0x000000ea       0x7f /tmp/cc46wq9E.o
 .debug_rnglists
                0x00000169       0x5e /tmp/ccMVLGVQ.o
 .debug_rnglists
                0x000001c7       0x77 /tmp/ccdbFyUo.o

.debug_macro    0x00000000    0x211fa
 .debug_macro   0x00000000      0x2d9 /tmp/ccJRaIat.o
 .debug_macro   0x000002d9      0xacc /tmp/ccJRaIat.o
 .debug_macro   0x00000da5       0x22 /tmp/ccJRaIat.o
 .debug_macro   0x00000dc7       0x5b /tmp/ccJRaIat.o
 .debug_macro   0x00000e22       0x2a /tmp/ccJRaIat.o
 .debug_macro   0x00000e4c       0x94 /tmp/ccJRaIat.o
 .debug_macro   0x00000ee0       0x43 /tmp/ccJRaIat.o
 .debug_macro   0x00000f23       0x34 /tmp/ccJRaIat.o
 .debug_macro   0x00000f57       0x16 /tmp/ccJRaIat.o
 .debug_macro   0x00000f6d       0x57 /tmp/ccJRaIat.o
 .debug_macro   0x00000fc4       0x9e /tmp/ccJRaIat.o
 .debug_macro   0x00001062      0x370 /tmp/ccJRaIat.o
 .debug_macro   0x000013d2      0x112 /tmp/ccJRaIat.o
 .debug_macro   0x000014e4       0x10 /tmp/ccJRaIat.o
 .debug_macro   0x000014f4       0x16 /tmp/ccJRaIat.o
 .debug_macro   0x0000150a       0x4a /tmp/ccJRaIat.o
 .debug_macro   0x00001554       0x34 /tmp/ccJRaIat.o
 .debug_macro   0x00001588       0x10 /tmp/ccJRaIat.o
 .debug_macro   0x00001598       0x58 /tmp/ccJRaIat.o
 .debug_macro   0x000015f0       0x8e /tmp/ccJRaIat.o
 .debug_macro   0x0000167e       0x1c /tmp/ccJRaIat.o
 .debug_macro   0x0000169a      0x177 /tmp/ccJRaIat.o
 .debug_macro   0x00001811       0x16 /tmp/ccJRaIat.o
 .debug_macro   0x00001827       0x16 /tmp/ccJRaIat.o
 .debug_macro   0x0000183d      0x146 /tmp/ccJRaIat.o
 .debug_macro   0x00001983      0x103 /tmp/ccJRaIat.o
 .debug_macro   0x00001a86       0x6a /tmp/ccJRaIat.o
 .debug_macro   0x00001af0      0x1df /tmp/ccJRaIat.o
 .debug_macro   0x00001ccf       0x3c /tmp/ccJRaIat.o
 .debug_macro   0x00001d0b      0x460 /tmp/ccJRaIat.o
 .debug_macro   0x0000216b       0x22 /tmp/ccJRaIat.o
 .debug_macro   0x0000218d       0x16 /tmp/ccJRaIat.o
 .debug_macro   0x000021a3       0x16 /tmp/ccJRaIat.o
 .debug_macro   0x000021b9       0x29 /tmp/ccJRaIat.o
 .debug_macro   0x000021e2       0x16 /tmp/ccJRaIat.o
 .debug_macro   0x000021f8       0x10 /tmp/ccJRaIat.o
 .debug_macro   0x00002208       0x10 /tmp/ccJRaIat.o
 .debug_macro   0x00002218       0x10 /tmp/ccJRaIat.o
 .debug_macro   0x00002228       0x1c /tmp/ccJRaIat.o
 .debug_macro   0x00002244       0x52 /tmp/ccJRaIat.o
 .debug_macro   0x00002296       0x22 /tmp/ccJRaIat.o
 .debug_macro   0x000022b8       0x10 /tmp/ccJRaIat.o
 .debug_macro   0x000022c8       0x52 /tmp/ccJRaIat.o
 .debug_macro   0x0000231a       0xc1 /tmp/ccJRaIat.o
 .debug_macro   0x000023db       0x1c /tmp/ccJRaIat.o
 .debug_macro   0x000023f7       0x3d /tmp/ccJRaIat.o
 .debug_macro   0x00002434       0x35 /tmp/ccJRaIat.o
 .debug_macro   0x00002469      0x12c /tmp/ccJRaIat.o
 .debug_macro   0x00002595       0x28 /tmp/ccJRaIat.o
 .debug_macro   0x000025bd       0x1c /tmp/ccJRaIat.o
 .debug_macro   0x000025d9       0x22 /tmp/ccJRaIat.o
 .debug_macro   0x000025fb       0xd9 /tmp/ccJRaIat.o
 .debug_macro   0x000026d4     0x102d /tmp/ccJRaIat.o
 .debug_macro   0x00003701      0x11f /tmp/ccJRaIat.o
 .debug_macro   0x00003820    0x1cb71 /tmp/ccJRaIat.o
 .debug_macro   0x00020391       0xd6 /tmp/ccJRaIat.o
 .debug_macro   0x00020467       0x3a /tmp/ccJRaIat.o
 .debug_macro   0x000204a1       0x88 /tmp/ccJRaIat.o
 .debug_macro   0x00020529      0x172 /tmp/ccJRaIat.o
 .debug_macro   0x0002069b       0x11 /tmp/ccNZI9vt.o
 .debug_macro   0x000206ac      0x2b2 /tmp/cc46wq9E.o
 .debug_macro   0x0002095e       0x3a /tmp/cc46wq9E.o
 .debug_macro   0x00020998       0x89 /tmp/cc46wq9E.o
 .debug_macro   0x00020a21       0x1c /tmp/cc46wq9E.o
 .debug_macro   0x00020a3d       0x9b /tmp/cc46wq9E.o
 .debug_macro   0x00020ad8      0x2c1 /tmp/ccMVLGVQ.o
 .debug_macro   0x00020d99       0x34 /tmp/ccMVLGVQ.o
 .debug_macro   0x00020dcd      0x2c1 /tmp/ccdbFyUo.o
 .debug_macro   0x0002108e      0x16c /tmp/ccdbFyUo.o

.debug_line     0x00000000     0x1fb6
 .debug_line    0x00000000      0x9d3 /tmp/ccJRaIat.o
 .debug_line    0x000009d3       0x6b /tmp/ccNZI9vt.o
 .debug_line    0x00000a3e      0x5e8 /tmp/cc46wq9E.o
 .debug_line    0x00001026      0x8fe /tmp/ccMVLGVQ.o
 .debug_line    0x00001924      0x692 /tmp/ccdbFyUo.o

.debug_str      0x00000000    0xb3741
 .debug_str     0x00000000    0xb3741 /tmp/ccJRaIat.o
                              0xb362f (size before relaxing)
 .debug_str     0x000b3741     0x2ea6 /tmp/ccNZI9vt.o
 .debug_str     0x000b3741    0xb2827 /tmp/cc46wq9E.o
 .debug_str     0x000b3741    0xb2a82 /tmp/ccMVLGVQ.o
 .debug_str     0x000b3741    0xb2ecb /tmp/ccdbFyUo.o

.comment        0x00000000       0x44
 .comment       0x00000000       0x44 /tmp/ccJRaIat.o
                                 0x45 (size before relaxing)
 .comment       0x00000044       0x45 /tmp/ccNZI9vt.o
 .comment       0x00000044       0x45 /tmp/cc46wq9E.o
 .comment       0x00000044       0x45 /tmp/ccMVLGVQ.o
 .comment       0x00000044       0x45 /tmp/ccdbFyUo.o

.ARM.attributes
                0x00000000       0x32
 .ARM.attributes
                0x00000000       0x34 /tmp/ccJRaIat.o
 .ARM.attributes
                0x00000034       0x34 /tmp/ccNZI9vt.o
 .ARM.attributes
                0x00000068       0x34 /tmp/cc46wq9E.o
 .ARM.attributes
                0x0000009c       0x34 /tmp/ccMVLGVQ.o
 .ARM.attributes
                0x000000d0       0x34 /tmp/ccdbFyUo.o
 .ARM.attributes
                0x00000104       0x34 /opt/arm-none-eabi/bin/../lib/gcc/arm-none-eabi/13.2.1/../../../../arm-none-eabi/lib/thumb/v7e-m+fp/hard/libc_nano.a(libc_a-printf.o)
 .ARM.attributes
                0x00000138       0x34 /opt/arm-none-eabi/bin/../lib/gcc/arm-none-eabi/13.2.1/../../../../arm-none-eabi/lib/thumb/v7e-m+fp/hard/libc_nano.a(libc_a-nano-vfprintf.o)
 .ARM.attributes
                0x0000016c       0x34 /opt/arm-none-eabi/bin/../lib/gcc/arm-none-eabi/13.2.1/../../../../arm-none-eabi/lib/thumb/v7e-m+fp/hard/libc_nano.a(libc_a-wbuf.o)
 .ARM.attributes
                0x000001a0       0x34 /opt/arm-none-eabi/bin/../lib/gcc/arm-none-eabi/13.2.1/../../../../arm-none-eabi/lib/thumb/v7e-m+fp/hard/libc_nano.a(libc_a-wsetup.o)
 .ARM.attributes
                0x000001d4       0x34 /opt/arm-none-eabi/bin/../lib/gcc/arm-none-eabi/13.2.1/../../../../arm-none-eabi/lib/thumb/v7e-m+fp/hard/libc_nano.a(libc_a-nano-vfprintf_i.o)
 .ARM.attributes
                0x00000208       0x34 /opt/arm-none-eabi/bin/../lib/gcc/arm-none-eabi/13.2.1/../../../../arm-none-eabi/lib/thumb/v7e-m+fp/hard/libc_nano.a(libc_a-puts.o)
 .ARM.attributes
                0x0000023c       0x34 /opt/arm-none-eabi/bin/../lib/gcc/arm-none-eabi/13.2.1/../../../../arm-none-eabi/lib/thumb/v7e-m+fp/hard/libc_nano.a(libc_a-impure.o)
 .ARM.attributes
                0x00000270       0x34 /opt/arm-none-eabi/bin/../lib/gcc/arm-none-eabi/13.2.1/../../../../arm-none-eabi/lib/thumb/v7e-m+fp/hard/libc_nano.a(libc_a-fflush.o)
 .ARM.attributes
                0x000002a4       0x1c /opt/arm-none-eabi/bin/../lib/gcc/arm-none-eabi/13.2.1/../../../../arm-none-eabi/lib/thumb/v7e-m+fp/hard/libc_nano.a(libc_a-memchr.o)
 .ARM.attributes
                0x000002c0       0x34 /opt/arm-none-eabi/bin/../lib/gcc/arm-none-eabi/13.2.1/../../../../arm-none-eabi/lib/thumb/v7e-m+fp/hard/libc_nano.a(libc_a-memcpy-stub.o)
 .ARM.attributes
                0x000002f4       0x34 /opt/arm-none-eabi/bin/../lib/gcc/arm-none-eabi/13.2.1/../../../../arm-none-eabi/lib/thumb/v7e-m+fp/hard/libc_nano.a(libc_a-findfp.o)
 .ARM.attributes
                0x00000328       0x34 /opt/arm-none-eabi/bin/../lib/gcc/arm-none-eabi/13.2.1/../../../../arm-none-eabi/lib/thumb/v7e-m+fp/hard/libc_nano.a(libc_a-stdio.o)
 .ARM.attributes
                0x0000035c       0x34 /opt/arm-none-eabi/bin/../lib/gcc/arm-none-eabi/13.2.1/../../../../arm-none-eabi/lib/thumb/v7e-m+fp/hard/libc_nano.a(libc_a-readr.o)
 .ARM.attributes
                0x00000390       0x34 /opt/arm-none-eabi/bin/../lib/gcc/arm-none-eabi/13.2.1/../../../../arm-none-eabi/lib/thumb/v7e-m+fp/hard/libc_nano.a(libc_a-writer.o)
 .ARM.attributes
                0x000003c4       0x34 /opt/arm-none-eabi/bin/../lib/gcc/arm-none-eabi/13.2.1/../../../../arm-none-eabi/lib/thumb/v7e-m+fp/hard/libc_nano.a(libc_a-fwalk.o)
 .ARM.attributes
                0x000003f8       0x34 /opt/arm-none-eabi/bin/../lib/gcc/arm-none-eabi/13.2.1/../../../../arm-none-eabi/lib/thumb/v7e-m+fp/hard/libc_nano.a(libc_a-memset.o)
 .ARM.attributes
                0x0000042c       0x34 /opt/arm-none-eabi/bin/../lib/gcc/arm-none-eabi/13.2.1/../../../../arm-none-eabi/lib/thumb/v7e-m+fp/hard/libc_nano.a(libc_a-freer.o)
 .ARM.attributes
                0x00000460       0x34 /opt/arm-none-eabi/bin/../lib/gcc/arm-none-eabi/13.2.1/../../../../arm-none-eabi/lib/thumb/v7e-m+fp/hard/libc_nano.a(libc_a-lock.o)
 .ARM.attributes
                0x00000494       0x34 /opt/arm-none-eabi/bin/../lib/gcc/arm-none-eabi/13.2.1/../../../../arm-none-eabi/lib/thumb/v7e-m+fp/hard/libc_nano.a(libc_a-makebuf.o)
 .ARM.attributes
                0x000004c8       0x34 /opt/arm-none-eabi/bin/../lib/gcc/arm-none-eabi/13.2.1/../../../../arm-none-eabi/lib/thumb/v7e-m+fp/hard/libc_nano.a(libc_a-closer.o)
 .ARM.attributes
                0x000004fc       0x34 /opt/arm-none-eabi/bin/../lib/gcc/arm-none-eabi/13.2.1/../../../../arm-none-eabi/lib/thumb/v7e-m+fp/hard/libc_nano.a(libc_a-reent.o)
 .ARM.attributes
                0x00000530       0x34 /opt/arm-none-eabi/bin/../lib/gcc/arm-none-eabi/13.2.1/../../../../arm-none-eabi/lib/thumb/v7e-m+fp/hard/libc_nano.a(libc_a-mallocr.o)
 .ARM.attributes
                0x00000564       0x34 /opt/arm-none-eabi/bin/../lib/gcc/arm-none-eabi/13.2.1/../../../../arm-none-eabi/lib/thumb/v7e-m+fp/hard/libc_nano.a(libc_a-fstatr.o)
 .ARM.attributes
                0x00000598       0x34 /opt/arm-none-eabi/bin/../lib/gcc/arm-none-eabi/13.2.1/../../../../arm-none-eabi/lib/thumb/v7e-m+fp/hard/libc_nano.a(libc_a-isattyr.o)
 .ARM.attributes
                0x000005cc       0x34 /opt/arm-none-eabi/bin/../lib/gcc/arm-none-eabi/13.2.1/../../../../arm-none-eabi/lib/thumb/v7e-m+fp/hard/libc_nano.a(libc_a-lseekr.o)
 .ARM.attributes
                0x00000600       0x34 /opt/arm-none-eabi/bin/../lib/gcc/arm-none-eabi/13.2.1/../../../../arm-none-eabi/lib/thumb/v7e-m+fp/hard/libc_nano.a(libc_a-mlock.o)
 .ARM.attributes
                0x00000634       0x34 /opt/arm-none-eabi/bin/../lib/gcc/arm-none-eabi/13.2.1/../../../../arm-none-eabi/lib/thumb/v7e-m+fp/hard/libc_nano.a(libc_a-sbrkr.o)

.debug_frame    0x00000000      0xca0
 .debug_frame   0x00000000      0x1f4 /tmp/ccJRaIat.o
 .debug_frame   0x000001f4       0x20 /tmp/ccNZI9vt.o
 .debug_frame   0x00000214      0x108 /tmp/cc46wq9E.o
 .debug_frame   0x0000031c      0x100 /tmp/ccMVLGVQ.o
 .debug_frame   0x0000041c       0x98 /tmp/ccdbFyUo.o
 .debug_frame   0x000004b4       0x6c /opt/arm-none-eabi/bin/../lib/gcc/arm-none-eabi/13.2.1/../../../../arm-none-eabi/lib/thumb/v7e-m+fp/hard/libc_nano.a(libc_a-printf.o)
 .debug_frame   0x00000520       0xa8 /opt/arm-none-eabi/bin/../lib/gcc/arm-none-eabi/13.2.1/../../../../arm-none-eabi/lib/thumb/v7e-m+fp/hard/libc_nano.a(libc_a-nano-vfprintf.o)
 .debug_frame   0x000005c8       0x40 /opt/arm-none-eabi/bin/../lib/gcc/arm-none-eabi/13.2.1/../../../../arm-none-eabi/lib/thumb/v7e-m+fp/hard/libc_nano.a(libc_a-wbuf.o)
 .debug_frame   0x00000608       0x2c /opt/arm-none-eabi/bin/../lib/gcc/arm-none-eabi/13.2.1/../../../../arm-none-eabi/lib/thumb/v7e-m+fp/hard/libc_nano.a(libc_a-wsetup.o)
 .debug_frame   0x00000634       0x60 /opt/arm-none-eabi/bin/../lib/gcc/arm-none-eabi/13.2.1/../../../../arm-none-eabi/lib/thumb/v7e-m+fp/hard/libc_nano.a(libc_a-nano-vfprintf_i.o)
 .debug_frame   0x00000694       0x3c /opt/arm-none-eabi/bin/../lib/gcc/arm-none-eabi/13.2.1/../../../../arm-none-eabi/lib/thumb/v7e-m+fp/hard/libc_nano.a(libc_a-puts.o)
 .debug_frame   0x000006d0       0x5c /opt/arm-none-eabi/bin/../lib/gcc/arm-none-eabi/13.2.1/../../../../arm-none-eabi/lib/thumb/v7e-m+fp/hard/libc_nano.a(libc_a-fflush.o)
 .debug_frame   0x0000072c       0x28 /opt/arm-none-eabi/bin/../lib/gcc/arm-none-eabi/13.2.1/../../../../arm-none-eabi/lib/thumb/v7e-m+fp/hard/libc_nano.a(libc_a-memcpy-stub.o)
 .debug_frame   0x00000754      0x144 /opt/arm-none-eabi/bin/../lib/gcc/arm-none-eabi/13.2.1/../../../../arm-none-eabi/lib/thumb/v7e-m+fp/hard/libc_nano.a(libc_a-findfp.o)
 .debug_frame   0x00000898       0x88 /opt/arm-none-eabi/bin/../lib/gcc/arm-none-eabi/13.2.1/../../../../arm-none-eabi/lib/thumb/v7e-m+fp/hard/libc_nano.a(libc_a-stdio.o)
 .debug_frame   0x00000920       0x2c /opt/arm-none-eabi/bin/../lib/gcc/arm-none-eabi/13.2.1/../../../../arm-none-eabi/lib/thumb/v7e-m+fp/hard/libc_nano.a(libc_a-readr.o)
 .debug_frame   0x0000094c       0x2c /opt/arm-none-eabi/bin/../lib/gcc/arm-none-eabi/13.2.1/../../../../arm-none-eabi/lib/thumb/v7e-m+fp/hard/libc_nano.a(libc_a-writer.o)
 .debug_frame   0x00000978       0x34 /opt/arm-none-eabi/bin/../lib/gcc/arm-none-eabi/13.2.1/../../../../arm-none-eabi/lib/thumb/v7e-m+fp/hard/libc_nano.a(libc_a-fwalk.o)
 .debug_frame   0x000009ac       0x20 /opt/arm-none-eabi/bin/../lib/gcc/arm-none-eabi/13.2.1/../../../../arm-none-eabi/lib/thumb/v7e-m+fp/hard/libc_nano.a(libc_a-memset.o)
 .debug_frame   0x000009cc       0x38 /opt/arm-none-eabi/bin/../lib/gcc/arm-none-eabi/13.2.1/../../../../arm-none-eabi/lib/thumb/v7e-m+fp/hard/libc_nano.a(libc_a-freer.o)
 .debug_frame   0x00000a04       0xb0 /opt/arm-none-eabi/bin/../lib/gcc/arm-none-eabi/13.2.1/../../../../arm-none-eabi/lib/thumb/v7e-m+fp/hard/libc_nano.a(libc_a-lock.o)
 .debug_frame   0x00000ab4       0x58 /opt/arm-none-eabi/bin/../lib/gcc/arm-none-eabi/13.2.1/../../../../arm-none-eabi/lib/thumb/v7e-m+fp/hard/libc_nano.a(libc_a-makebuf.o)
 .debug_frame   0x00000b0c       0x2c /opt/arm-none-eabi/bin/../lib/gcc/arm-none-eabi/13.2.1/../../../../arm-none-eabi/lib/thumb/v7e-m+fp/hard/libc_nano.a(libc_a-closer.o)
 .debug_frame   0x00000b38       0x38 /opt/arm-none-eabi/bin/../lib/gcc/arm-none-eabi/13.2.1/../../../../arm-none-eabi/lib/thumb/v7e-m+fp/hard/libc_nano.a(libc_a-reent.o)
 .debug_frame   0x00000b70       0x50 /opt/arm-none-eabi/bin/../lib/gcc/arm-none-eabi/13.2.1/../../../../arm-none-eabi/lib/thumb/v7e-m+fp/hard/libc_nano.a(libc_a-mallocr.o)
 .debug_frame   0x00000bc0       0x2c /opt/arm-none-eabi/bin/../lib/gcc/arm-none-eabi/13.2.1/../../../../arm-none-eabi/lib/thumb/v7e-m+fp/hard/libc_nano.a(libc_a-fstatr.o)
 .debug_frame   0x00000bec       0x2c /opt/arm-none-eabi/bin/../lib/gcc/arm-none-eabi/13.2.1/../../../../arm-none-eabi/lib/thumb/v7e-m+fp/hard/libc_nano.a(libc_a-isattyr.o)
 .debug_frame   0x00000c18       0x2c /opt/arm-none-eabi/bin/../lib/gcc/arm-none-eabi/13.2.1/../../../../arm-none-eabi/lib/thumb/v7e-m+fp/hard/libc_nano.a(libc_a-lseekr.o)
 .debug_frame   0x00000c44       0x30 /opt/arm-none-eabi/bin/../lib/gcc/arm-none-eabi/13.2.1/../../../../arm-none-eabi/lib/thumb/v7e-m+fp/hard/libc_nano.a(libc_a-mlock.o)
 .debug_frame   0x00000c74       0x2c /opt/arm-none-eabi/bin/../lib/gcc/arm-none-eabi/13.2.1/../../../../arm-none-eabi/lib/thumb/v7e-m+fp/hard/libc_nano.a(libc_a-sbrkr.o)

.debug_line_str
                0x00000000       0xda
 .debug_line_str
                0x00000000       0xda /opt/arm-none-eabi/bin/../lib/gcc/arm-none-eabi/13.2.1/../../../../arm-none-eabi/lib/thumb/v7e-m+fp/hard/libc_nano.a(libc_a-memchr.o)
