Archive member included to satisfy reference by file (symbol)

/opt/arm-none-eabi/bin/../lib/gcc/arm-none-eabi/13.2.1/../../../../arm-none-eabi/lib/thumb/v7e-m+fp/hard/libc_nano.a(libc_a-printf.o)
                              /tmp/cc9VI5MI.o (printf)
/opt/arm-none-eabi/bin/../lib/gcc/arm-none-eabi/13.2.1/../../../../arm-none-eabi/lib/thumb/v7e-m+fp/hard/libc_nano.a(libc_a-nano-vfprintf.o)
                              /opt/arm-none-eabi/bin/../lib/gcc/arm-none-eabi/13.2.1/../../../../arm-none-eabi/lib/thumb/v7e-m+fp/hard/libc_nano.a(libc_a-printf.o) (_vfprintf_r)
/opt/arm-none-eabi/bin/../lib/gcc/arm-none-eabi/13.2.1/../../../../arm-none-eabi/lib/thumb/v7e-m+fp/hard/libc_nano.a(libc_a-wbuf.o)
                              /opt/arm-none-eabi/bin/../lib/gcc/arm-none-eabi/13.2.1/../../../../arm-none-eabi/lib/thumb/v7e-m+fp/hard/libc_nano.a(libc_a-nano-vfprintf.o) (__swbuf_r)
/opt/arm-none-eabi/bin/../lib/gcc/arm-none-eabi/13.2.1/../../../../arm-none-eabi/lib/thumb/v7e-m+fp/hard/libc_nano.a(libc_a-wsetup.o)
                              /opt/arm-none-eabi/bin/../lib/gcc/arm-none-eabi/13.2.1/../../../../arm-none-eabi/lib/thumb/v7e-m+fp/hard/libc_nano.a(libc_a-nano-vfprintf.o) (__swsetup_r)
/opt/arm-none-eabi/bin/../lib/gcc/arm-none-eabi/13.2.1/../../../../arm-none-eabi/lib/thumb/v7e-m+fp/hard/libc_nano.a(libc_a-putchar.o)
                              /tmp/cc9VI5MI.o (putchar)
/opt/arm-none-eabi/bin/../lib/gcc/arm-none-eabi/13.2.1/../../../../arm-none-eabi/lib/thumb/v7e-m+fp/hard/libc_nano.a(libc_a-nano-vfprintf_i.o)
                              /opt/arm-none-eabi/bin/../lib/gcc/arm-none-eabi/13.2.1/../../../../arm-none-eabi/lib/thumb/v7e-m+fp/hard/libc_nano.a(libc_a-nano-vfprintf.o) (_printf_i)
/opt/arm-none-eabi/bin/../lib/gcc/arm-none-eabi/13.2.1/../../../../arm-none-eabi/lib/thumb/v7e-m+fp/hard/libc_nano.a(libc_a-puts.o)
                              /tmp/cc9VI5MI.o (puts)
/opt/arm-none-eabi/bin/../lib/gcc/arm-none-eabi/13.2.1/../../../../arm-none-eabi/lib/thumb/v7e-m+fp/hard/libc_nano.a(libc_a-impure.o)
                              /opt/arm-none-eabi/bin/../lib/gcc/arm-none-eabi/13.2.1/../../../../arm-none-eabi/lib/thumb/v7e-m+fp/hard/libc_nano.a(libc_a-printf.o) (_impure_ptr)
/opt/arm-none-eabi/bin/../lib/gcc/arm-none-eabi/13.2.1/../../../../arm-none-eabi/lib/thumb/v7e-m+fp/hard/libc_nano.a(libc_a-fflush.o)
                              /opt/arm-none-eabi/bin/../lib/gcc/arm-none-eabi/13.2.1/../../../../arm-none-eabi/lib/thumb/v7e-m+fp/hard/libc_nano.a(libc_a-wbuf.o) (_fflush_r)
/opt/arm-none-eabi/bin/../lib/gcc/arm-none-eabi/13.2.1/../../../../arm-none-eabi/lib/thumb/v7e-m+fp/hard/libc_nano.a(libc_a-memchr.o)
                              /opt/arm-none-eabi/bin/../lib/gcc/arm-none-eabi/13.2.1/../../../../arm-none-eabi/lib/thumb/v7e-m+fp/hard/libc_nano.a(libc_a-nano-vfprintf.o) (memchr)
/opt/arm-none-eabi/bin/../lib/gcc/arm-none-eabi/13.2.1/../../../../arm-none-eabi/lib/thumb/v7e-m+fp/hard/libc_nano.a(libc_a-memcpy-stub.o)
                              /tmp/cc9VI5MI.o (memcpy)
/opt/arm-none-eabi/bin/../lib/gcc/arm-none-eabi/13.2.1/../../../../arm-none-eabi/lib/thumb/v7e-m+fp/hard/libc_nano.a(libc_a-findfp.o)
                              /opt/arm-none-eabi/bin/../lib/gcc/arm-none-eabi/13.2.1/../../../../arm-none-eabi/lib/thumb/v7e-m+fp/hard/libc_nano.a(libc_a-fflush.o) (__sglue)
/opt/arm-none-eabi/bin/../lib/gcc/arm-none-eabi/13.2.1/../../../../arm-none-eabi/lib/thumb/v7e-m+fp/hard/libc_nano.a(libc_a-stdio.o)
                              /opt/arm-none-eabi/bin/../lib/gcc/arm-none-eabi/13.2.1/../../../../arm-none-eabi/lib/thumb/v7e-m+fp/hard/libc_nano.a(libc_a-findfp.o) (__sread)
/opt/arm-none-eabi/bin/../lib/gcc/arm-none-eabi/13.2.1/../../../../arm-none-eabi/lib/thumb/v7e-m+fp/hard/libc_nano.a(libc_a-readr.o)
                              /opt/arm-none-eabi/bin/../lib/gcc/arm-none-eabi/13.2.1/../../../../arm-none-eabi/lib/thumb/v7e-m+fp/hard/libc_nano.a(libc_a-stdio.o) (_read_r)
/opt/arm-none-eabi/bin/../lib/gcc/arm-none-eabi/13.2.1/../../../../arm-none-eabi/lib/thumb/v7e-m+fp/hard/libc_nano.a(libc_a-qsort.o)
                              /tmp/cc9kFouI.o (qsort)
/opt/arm-none-eabi/bin/../lib/gcc/arm-none-eabi/13.2.1/../../../../arm-none-eabi/lib/thumb/v7e-m+fp/hard/libc_nano.a(libc_a-writer.o)
                              /opt/arm-none-eabi/bin/../lib/gcc/arm-none-eabi/13.2.1/../../../../arm-none-eabi/lib/thumb/v7e-m+fp/hard/libc_nano.a(libc_a-stdio.o) (_write_r)
/opt/arm-none-eabi/bin/../lib/gcc/arm-none-eabi/13.2.1/../../../../arm-none-eabi/lib/thumb/v7e-m+fp/hard/libc_nano.a(libc_a-fvwrite.o)
                              /opt/arm-none-eabi/bin/../lib/gcc/arm-none-eabi/13.2.1/../../../../arm-none-eabi/lib/thumb/v7e-m+fp/hard/libc_nano.a(libc_a-nano-vfprintf.o) (__sfvwrite_r)
/opt/arm-none-eabi/bin/../lib/gcc/arm-none-eabi/13.2.1/../../../../arm-none-eabi/lib/thumb/v7e-m+fp/hard/libc_nano.a(libc_a-fwalk.o)
[...]
Memory Configuration

Name             Origin             Length             Attributes
flash            0x08000000         0x00200000         xr
sram             0x20000000         0x00030000         xrw
*default*        0x00000000         0xffffffff

Linker script and memory map

LOAD /tmp/cc9VI5MI.o
LOAD /tmp/ccgcFfs5.o
LOAD /tmp/cccglTtt.o
LOAD /tmp/cc8SCVwP.o
LOAD /tmp/ccH2OF31.o
LOAD /tmp/ccjtIO1Y.o
LOAD /tmp/ccNUwaYy.o
LOAD /tmp/cc9kFouI.o
LOAD /opt/arm-none-eabi/bin/../lib/gcc/arm-none-eabi/13.2.1/../../../../arm-none-eabi/lib/thumb/v7e-m+fp/hard/libc_nano.a
LOAD /opt/arm-none-eabi/bin/../lib/gcc/arm-none-eabi/13.2.1/thumb/v7e-m+fp/hard/libgcc.a
                0x20030000                        _estack = (ORIGIN (sram) + LENGTH (sram))

.vectors        0x08000000      0x1bc
 *(.vectors)
 .vectors       0x08000000      0x1bc /tmp/ccgcFfs5.o
                0x08000000                tab

.text           0x080001c0     0x228c
 *(.text*)
 .text.delay_ms
                0x080001c0       0x14 /tmp/cc9VI5MI.o
 .text.gpio_set_mode
                0x080001d4       0x38 /tmp/cc9VI5MI.o
 .text.gpio_set_af
                0x0800020c       0x2e /tmp/cc9VI5MI.o
 *fill*         0x0800023a        0x2 
 .text.SysTick_Handler
                0x0800023c       0x10 /tmp/cc9VI5MI.o
                0x0800023c                SysTick_Handler
 .text.STM32_beep_buzzer
                0x0800024c       0x38 /tmp/cc9VI5MI.o
                0x0800024c                STM32_beep_buzzer
 .text.STM32_indicate_on_buzzer
                0x08000284        0xa /tmp/cc9VI5MI.o
                0x08000284                STM32_indicate_on_buzzer
 .text.STM32_indicate_on_led
                0x0800028e       0x1e /tmp/cc9VI5MI.o
                0x0800028e                STM32_indicate_on_led
 .text.startup.main
                0x080002ac      0x120 /tmp/cc9VI5MI.o
                0x080002ac                main
 .text._reset   0x080003cc       0x50 /tmp/ccgcFfs5.o
                0x080003cc                _reset
 .text._fstat   0x0800041c       0x12 /tmp/cccglTtt.o
                0x0800041c                _fstat
 *fill*         0x0800042e        0x2 
 .text._sbrk    0x08000430       0x1c /tmp/cccglTtt.o
                0x08000430                _sbrk
 .text._close   0x0800044c        0x6 /tmp/cccglTtt.o
                0x0800044c                _close
 .text._isatty  0x08000452        0x4 /tmp/cccglTtt.o
                0x08000452                _isatty
 .text._lseek   0x08000456        0x4 /tmp/cccglTtt.o
                0x08000456                _lseek
 .text._read    0x0800045a        0x6 /tmp/cccglTtt.o
                0x0800045a                _read
 .text._write   0x08000460       0x34 /tmp/cccglTtt.o
                0x08000460                _write
 .text.systick_init
                0x08000494       0x34 /tmp/cc8SCVwP.o
 .text.gpio_set_mode
                0x080004c8       0x34 /tmp/cc8SCVwP.o
 .text.gpio_set_af
                0x080004fc       0x2e /tmp/cc8SCVwP.o
 *fill*         0x0800052a        0x2 
 .text.uart_init.constprop.0
                0x0800052c       0xd0 /tmp/cc8SCVwP.o
 .text.STM32_init_clock
                0x080005fc       0x78 /tmp/cc8SCVwP.o
                0x080005fc                STM32_init_clock
 .text.STM32_init_internals
                0x08000674      0x10c /tmp/cc8SCVwP.o
                0x08000674                STM32_init_internals
 .text.STM32_init_peripherals
                0x08000780       0x30 /tmp/cc8SCVwP.o
                0x08000780                STM32_init_peripherals
 .text.STM32_init
                0x080007b0       0x24 /tmp/cc8SCVwP.o
                0x080007b0                STM32_init
 .text.STM32_led_on
                0x080007d4       0x10 /tmp/cc8SCVwP.o
                0x080007d4                STM32_led_on
 .text.STM32_led_off
                0x080007e4       0x10 /tmp/cc8SCVwP.o
                0x080007e4                STM32_led_off
 .text.spi_enable_cs.part.0
                0x080007f4        0xe /tmp/ccH2OF31.o
 .text.spi_disable_cs.part.0
                0x08000802        0xe /tmp/ccH2OF31.o
 .text.spi_transmit
                0x08000810       0x18 /tmp/ccH2OF31.o
 .text.spi_transmit_receive.constprop.0.isra.0
                0x08000828       0x5a /tmp/ccH2OF31.o
 *fill*         0x08000882        0x2 
 .text.MS5611_read_PROM
                0x08000884       0x68 /tmp/ccH2OF31.o
                0x08000884                MS5611_read_PROM
 .text.MS5611_get_data
                0x080008ec      0x1b0 /tmp/ccH2OF31.o
                0x080008ec                MS5611_get_data
 .text.MS5611_init
                0x08000a9c       0x4c /tmp/ccH2OF31.o
                0x08000a9c                MS5611_init
 .text.update_buffer
                0x08000ae8       0x3c /tmp/cc9kFouI.o
                0x08000ae8                update_buffer
 .text.printf   0x08000b24       0x24 /opt/arm-none-eabi/bin/../lib/gcc/arm-none-eabi/13.2.1/../../../../arm-none-eabi/lib/thumb/v7e-m+fp/hard/libc_nano.a(libc_a-printf.o)
                0x08000b24                printf
                0x08000b24                iprintf
 .text.__sfputc_r
                0x08000b48       0x2e /opt/arm-none-eabi/bin/../lib/gcc/arm-none-eabi/13.2.1/../../../../arm-none-eabi/lib/thumb/v7e-m+fp/hard/libc_nano.a(libc_a-nano-vfprintf.o)
 .text.__sfputs_r
                0x08000b76       0x24 /opt/arm-none-eabi/bin/../lib/gcc/arm-none-eabi/13.2.1/../../../../arm-none-eabi/lib/thumb/v7e-m+fp/hard/libc_nano.a(libc_a-nano-vfprintf.o)
                0x08000b76                __sfputs_r
 *fill*         0x08000b9a        0x2 
 .text._vfprintf_r
                0x08000b9c      0x230 /opt/arm-none-eabi/bin/../lib/gcc/arm-none-eabi/13.2.1/../../../../arm-none-eabi/lib/thumb/v7e-m+fp/hard/libc_nano.a(libc_a-nano-vfprintf.o)
                0x08000b9c                _vfiprintf_r
                0x08000b9c                _vfprintf_r
 .text.__swbuf_r
                0x08000dcc       0x7c /opt/arm-none-eabi/bin/../lib/gcc/arm-none-eabi/13.2.1/../../../../arm-none-eabi/lib/thumb/v7e-m+fp/hard/libc_nano.a(libc_a-wbuf.o)
                0x08000dcc                __swbuf_r
 .text.__swsetup_r
                0x08000e48       0xac /opt/arm-none-eabi/bin/../lib/gcc/arm-none-eabi/13.2.1/../../../../arm-none-eabi/lib/thumb/v7e-m+fp/hard/libc_nano.a(libc_a-wsetup.o)
                0x08000e48                __swsetup_r
 .text._printf_common
                0x08000ef4       0xda /opt/arm-none-eabi/bin/../lib/gcc/arm-none-eabi/13.2.1/../../../../arm-none-eabi/lib/thumb/v7e-m+fp/hard/libc_nano.a(libc_a-nano-vfprintf_i.o)
                0x08000ef4                _printf_common
 *fill*         0x08000fce        0x2 
 .text._printf_i
                0x08000fd0      0x23c /opt/arm-none-eabi/bin/../lib/gcc/arm-none-eabi/13.2.1/../../../../arm-none-eabi/lib/thumb/v7e-m+fp/hard/libc_nano.a(libc_a-nano-vfprintf_i.o)
                0x08000fd0                _printf_i
 .text._puts_r  0x0800120c       0xaa /opt/arm-none-eabi/bin/../lib/gcc/arm-none-eabi/13.2.1/../../../../arm-none-eabi/lib/thumb/v7e-m+fp/hard/libc_nano.a(libc_a-puts.o)
                0x0800120c                _puts_r
 *fill*         0x080012b6        0x2 
 .text.puts     0x080012b8       0x10 /opt/arm-none-eabi/bin/../lib/gcc/arm-none-eabi/13.2.1/../../../../arm-none-eabi/lib/thumb/v7e-m+fp/hard/libc_nano.a(libc_a-puts.o)
                0x080012b8                puts
 .text.__sflush_r
                0x080012c8      0x108 /opt/arm-none-eabi/bin/../lib/gcc/arm-none-eabi/13.2.1/../../../../arm-none-eabi/lib/thumb/v7e-m+fp/hard/libc_nano.a(libc_a-fflush.o)
                0x080012c8                __sflush_r
 .text._fflush_r
                0x080013d0       0x50 /opt/arm-none-eabi/bin/../lib/gcc/arm-none-eabi/13.2.1/../../../../arm-none-eabi/lib/thumb/v7e-m+fp/hard/libc_nano.a(libc_a-fflush.o)
                0x080013d0                _fflush_r
 .text          0x08001420       0xa0 /opt/arm-none-eabi/bin/../lib/gcc/arm-none-eabi/13.2.1/../../../../arm-none-eabi/lib/thumb/v7e-m+fp/hard/libc_nano.a(libc_a-memchr.o)
                0x08001420                memchr
 .text.memcpy   0x080014c0       0x1c /opt/arm-none-eabi/bin/../lib/gcc/arm-none-eabi/13.2.1/../../../../arm-none-eabi/lib/thumb/v7e-m+fp/hard/libc_nano.a(libc_a-memcpy-stub.o)
                0x080014c0                memcpy
 .text.std      0x080014dc       0x6c /opt/arm-none-eabi/bin/../lib/gcc/arm-none-eabi/13.2.1/../../../../arm-none-eabi/lib/thumb/v7e-m+fp/hard/libc_nano.a(libc_a-findfp.o)
 .text.stdio_exit_handler
                0x08001548       0x18 /opt/arm-none-eabi/bin/../lib/gcc/arm-none-eabi/13.2.1/../../../../arm-none-eabi/lib/thumb/v7e-m+fp/hard/libc_nano.a(libc_a-findfp.o)
 .text.cleanup_stdio
                0x08001560       0x40 /opt/arm-none-eabi/bin/../lib/gcc/arm-none-eabi/13.2.1/../../../../arm-none-eabi/lib/thumb/v7e-m+fp/hard/libc_nano.a(libc_a-findfp.o)
 .text.global_stdio_init.part.0
                0x080015a0       0x3c /opt/arm-none-eabi/bin/../lib/gcc/arm-none-eabi/13.2.1/../../../../arm-none-eabi/lib/thumb/v7e-m+fp/hard/libc_nano.a(libc_a-findfp.o)
 .text.__sfp_lock_acquire
                0x080015dc        0xc /opt/arm-none-eabi/bin/../lib/gcc/arm-none-eabi/13.2.1/../../../../arm-none-eabi/lib/thumb/v7e-m+fp/hard/libc_nano.a(libc_a-findfp.o)
                0x080015dc                __sfp_lock_acquire
 .text.__sfp_lock_release
                0x080015e8        0xc /opt/arm-none-eabi/bin/../lib/gcc/arm-none-eabi/13.2.1/../../../../arm-none-eabi/lib/thumb/v7e-m+fp/hard/libc_nano.a(libc_a-findfp.o)
                0x080015e8                __sfp_lock_release
 .text.__sinit  0x080015f4       0x30 /opt/arm-none-eabi/bin/../lib/gcc/arm-none-eabi/13.2.1/../../../../arm-none-eabi/lib/thumb/v7e-m+fp/hard/libc_nano.a(libc_a-findfp.o)
                0x080015f4                __sinit
 .text.__sread  0x08001624       0x22 /opt/arm-none-eabi/bin/../lib/gcc/arm-none-eabi/13.2.1/../../../../arm-none-eabi/lib/thumb/v7e-m+fp/hard/libc_nano.a(libc_a-stdio.o)
                0x08001624                __sread
 .text.__swrite
                0x08001646       0x38 /opt/arm-none-eabi/bin/../lib/gcc/arm-none-eabi/13.2.1/../../../../arm-none-eabi/lib/thumb/v7e-m+fp/hard/libc_nano.a(libc_a-stdio.o)
                0x08001646                __swrite
 .text.__sseek  0x0800167e       0x24 /opt/arm-none-eabi/bin/../lib/gcc/arm-none-eabi/13.2.1/../../../../arm-none-eabi/lib/thumb/v7e-m+fp/hard/libc_nano.a(libc_a-stdio.o)
                0x0800167e                __sseek
 .text.__sclose
                0x080016a2        0x8 /opt/arm-none-eabi/bin/../lib/gcc/arm-none-eabi/13.2.1/../../../../arm-none-eabi/lib/thumb/v7e-m+fp/hard/libc_nano.a(libc_a-stdio.o)
                0x080016a2                __sclose
 *fill*         0x080016aa        0x2 
 .text._read_r  0x080016ac       0x24 /opt/arm-none-eabi/bin/../lib/gcc/arm-none-eabi/13.2.1/../../../../arm-none-eabi/lib/thumb/v7e-m+fp/hard/libc_nano.a(libc_a-readr.o)
                0x080016ac                _read_r
 .text._write_r
                0x080016d0       0x24 /opt/arm-none-eabi/bin/../lib/gcc/arm-none-eabi/13.2.1/../../../../arm-none-eabi/lib/thumb/v7e-m+fp/hard/libc_nano.a(libc_a-writer.o)
                0x080016d0                _write_r
 .text._fwalk_sglue
                0x080016f4       0x3c /opt/arm-none-eabi/bin/../lib/gcc/arm-none-eabi/13.2.1/../../../../arm-none-eabi/lib/thumb/v7e-m+fp/hard/libc_nano.a(libc_a-fwalk.o)
                0x080016f4                _fwalk_sglue
 .text.memset   0x08001730       0x10 /opt/arm-none-eabi/bin/../lib/gcc/arm-none-eabi/13.2.1/../../../../arm-none-eabi/lib/thumb/v7e-m+fp/hard/libc_nano.a(libc_a-memset.o)
                0x08001730                memset
 .text._free_r  0x08001740       0x94 /opt/arm-none-eabi/bin/../lib/gcc/arm-none-eabi/13.2.1/../../../../arm-none-eabi/lib/thumb/v7e-m+fp/hard/libc_nano.a(libc_a-freer.o)
                0x08001740                _free_r
 .text.__retarget_lock_init_recursive
                0x080017d4        0x2 /opt/arm-none-eabi/bin/../lib/gcc/arm-none-eabi/13.2.1/../../../../arm-none-eabi/lib/thumb/v7e-m+fp/hard/libc_nano.a(libc_a-lock.o)
                0x080017d4                __retarget_lock_init_recursive
 .text.__retarget_lock_acquire_recursive
                0x080017d6        0x2 /opt/arm-none-eabi/bin/../lib/gcc/arm-none-eabi/13.2.1/../../../../arm-none-eabi/lib/thumb/v7e-m+fp/hard/libc_nano.a(libc_a-lock.o)
                0x080017d6                __retarget_lock_acquire_recursive
 .text.__retarget_lock_release_recursive
                0x080017d8        0x2 /opt/arm-none-eabi/bin/../lib/gcc/arm-none-eabi/13.2.1/../../../../arm-none-eabi/lib/thumb/v7e-m+fp/hard/libc_nano.a(libc_a-lock.o)
                0x080017d8                __retarget_lock_release_recursive
 .text.__swhatbuf_r
                0x080017da       0x4c /opt/arm-none-eabi/bin/../lib/gcc/arm-none-eabi/13.2.1/../../../../arm-none-eabi/lib/thumb/v7e-m+fp/hard/libc_nano.a(libc_a-makebuf.o)
                0x080017da                __swhatbuf_r
 .text.__smakebuf_r
                0x08001826       0x78 /opt/arm-none-eabi/bin/../lib/gcc/arm-none-eabi/13.2.1/../../../../arm-none-eabi/lib/thumb/v7e-m+fp/hard/libc_nano.a(libc_a-makebuf.o)
                0x08001826                __smakebuf_r
 *fill*         0x0800189e        0x2 
 .text._close_r
                0x080018a0       0x20 /opt/arm-none-eabi/bin/../lib/gcc/arm-none-eabi/13.2.1/../../../../arm-none-eabi/lib/thumb/v7e-m+fp/hard/libc_nano.a(libc_a-closer.o)
                0x080018a0                _close_r
 .text.sbrk_aligned
                0x080018c0       0x44 /opt/arm-none-eabi/bin/../lib/gcc/arm-none-eabi/13.2.1/../../../../arm-none-eabi/lib/thumb/v7e-m+fp/hard/libc_nano.a(libc_a-mallocr.o)
 .text._malloc_r
                0x08001904      0x100 /opt/arm-none-eabi/bin/../lib/gcc/arm-none-eabi/13.2.1/../../../../arm-none-eabi/lib/thumb/v7e-m+fp/hard/libc_nano.a(libc_a-mallocr.o)
                0x08001904                _malloc_r
 .text._fstat_r
                0x08001a04       0x24 /opt/arm-none-eabi/bin/../lib/gcc/arm-none-eabi/13.2.1/../../../../arm-none-eabi/lib/thumb/v7e-m+fp/hard/libc_nano.a(libc_a-fstatr.o)
                0x08001a04                _fstat_r
 .text._isatty_r
                0x08001a28       0x20 /opt/arm-none-eabi/bin/../lib/gcc/arm-none-eabi/13.2.1/../../../../arm-none-eabi/lib/thumb/v7e-m+fp/hard/libc_nano.a(libc_a-isattyr.o)
                0x08001a28                _isatty_r
 .text._lseek_r
                0x08001a48       0x24 /opt/arm-none-eabi/bin/../lib/gcc/arm-none-eabi/13.2.1/../../../../arm-none-eabi/lib/thumb/v7e-m+fp/hard/libc_nano.a(libc_a-lseekr.o)
                0x08001a48                _lseek_r
 .text.__malloc_lock
                0x08001a6c        0xc /opt/arm-none-eabi/bin/../lib/gcc/arm-none-eabi/13.2.1/../../../../arm-none-eabi/lib/thumb/v7e-m+fp/hard/libc_nano.a(libc_a-mlock.o)
                0x08001a6c                __malloc_lock
 .text.__malloc_unlock
                0x08001a78        0xc /opt/arm-none-eabi/bin/../lib/gcc/arm-none-eabi/13.2.1/../../../../arm-none-eabi/lib/thumb/v7e-m+fp/hard/libc_nano.a(libc_a-mlock.o)
                0x08001a78                __malloc_unlock
 .text._sbrk_r  0x08001a84       0x20 /opt/arm-none-eabi/bin/../lib/gcc/arm-none-eabi/13.2.1/../../../../arm-none-eabi/lib/thumb/v7e-m+fp/hard/libc_nano.a(libc_a-sbrkr.o)
                0x08001a84                _sbrk_r
 .text          0x08001aa4      0x378 /opt/arm-none-eabi/bin/../lib/gcc/arm-none-eabi/13.2.1/thumb/v7e-m+fp/hard/libgcc.a(_arm_addsubdf3.o)
                0x08001aa4                __aeabi_drsub
                0x08001aac                __aeabi_dsub
                0x08001aac                __subdf3
                0x08001ab0                __adddf3
                0x08001ab0                __aeabi_dadd
                0x08001d28                __aeabi_ui2d
                0x08001d28                __floatunsidf
                0x08001d48                __floatsidf
                0x08001d48                __aeabi_i2d
                0x08001d6c                __extendsfdf2
                0x08001d6c                __aeabi_f2d
                0x08001db0                __aeabi_ul2d
                0x08001db0                __floatundidf
                0x08001dc0                __floatdidf
                0x08001dc0                __aeabi_l2d
 .text          0x08001e1c      0x424 /opt/arm-none-eabi/bin/../lib/gcc/arm-none-eabi/13.2.1/thumb/v7e-m+fp/hard/libgcc.a(_arm_muldivdf3.o)
                0x08001e1c                __aeabi_dmul
                0x08001e1c                __muldf3
                0x08002070                __aeabi_ddiv
                0x08002070                __divdf3
 .text          0x08002240      0x110 /opt/arm-none-eabi/bin/../lib/gcc/arm-none-eabi/13.2.1/thumb/v7e-m+fp/hard/libgcc.a(_arm_cmpdf2.o)
                0x08002240                __gtdf2
                0x08002240                __gedf2
                0x08002248                __ltdf2
                0x08002248                __ledf2
                0x08002250                __cmpdf2
                0x08002250                __eqdf2
                0x08002250                __nedf2
                0x080022cc                __aeabi_cdrcmple
                0x080022dc                __aeabi_cdcmple
                0x080022dc                __aeabi_cdcmpeq
                0x080022ec                __aeabi_dcmpeq
                0x08002300                __aeabi_dcmplt
                0x08002314                __aeabi_dcmple
                0x08002328                __aeabi_dcmpge
                0x0800233c                __aeabi_dcmpgt
 .text          0x08002350       0x50 /opt/arm-none-eabi/bin/../lib/gcc/arm-none-eabi/13.2.1/thumb/v7e-m+fp/hard/libgcc.a(_arm_fixdfsi.o)
                0x08002350                __fixdfsi
                0x08002350                __aeabi_d2iz
 .text.__fixdfdi
                0x080023a0       0x30 /opt/arm-none-eabi/bin/../lib/gcc/arm-none-eabi/13.2.1/thumb/v7e-m+fp/hard/libgcc.a(_fixdfdi.o)
                0x080023a0                __aeabi_d2lz
                0x080023a0                __fixdfdi
 .text.__fixunsdfdi
                0x080023d0       0x3c /opt/arm-none-eabi/bin/../lib/gcc/arm-none-eabi/13.2.1/thumb/v7e-m+fp/hard/libgcc.a(_fixunsdfdi.o)
                0x080023d0                __aeabi_d2ulz
                0x080023d0                __fixunsdfdi
 .text          0x0800240c       0x40 /opt/arm-none-eabi/bin/../lib/gcc/arm-none-eabi/13.2.1/thumb/v7e-m+fp/hard/libgcc.a(_arm_fixunsdfsi.o)
                0x0800240c                __fixunsdfsi
                0x0800240c                __aeabi_d2uiz

.glue_7         0x0800244c        0x0
 .glue_7        0x0800244c        0x0 linker stubs

.glue_7t        0x0800244c        0x0
 .glue_7t       0x0800244c        0x0 linker stubs

.vfp11_veneer   0x0800244c        0x0
 .vfp11_veneer  0x0800244c        0x0 linker stubs

.v4_bx          0x0800244c        0x0
 .v4_bx         0x0800244c        0x0 linker stubs

.iplt           0x0800244c        0x0
 .iplt          0x0800244c        0x0 /tmp/cc9VI5MI.o

.rodata         0x0800244c      0x122
 *(.rodata*)
 .rodata.main.str1.1
                0x0800244c      0x122 /tmp/cc9VI5MI.o
                                 0xc4 (size before relaxing)
 .rodata.MS5611_read_PROM.str1.1
                0x0800256e        0x5 /tmp/ccH2OF31.o
 .rodata.MS5611_get_data.str1.1
                0x0800256e       0x19 /tmp/ccH2OF31.o
 .rodata.MS5611_init.str1.1
                0x0800256e        0xd /tmp/ccH2OF31.o
 .rodata._vfprintf_r.str1.1
                0x0800256e       0x11 /opt/arm-none-eabi/bin/../lib/gcc/arm-none-eabi/13.2.1/../../../../arm-none-eabi/lib/thumb/v7e-m+fp/hard/libc_nano.a(libc_a-nano-vfprintf.o)
 .rodata._printf_i.str1.1
                0x0800256e       0x22 /opt/arm-none-eabi/bin/../lib/gcc/arm-none-eabi/13.2.1/../../../../arm-none-eabi/lib/thumb/v7e-m+fp/hard/libc_nano.a(libc_a-nano-vfprintf_i.o)

.ARM.exidx      0x08002570        0x8
 .ARM.exidx     0x08002570        0x8 /opt/arm-none-eabi/bin/../lib/gcc/arm-none-eabi/13.2.1/../../../../arm-none-eabi/lib/thumb/v7e-m+fp/hard/libc_nano.a(libc_a-memchr.o)

.rel.dyn        0x08002578        0x0
 .rel.iplt      0x08002578        0x0 /tmp/cc9VI5MI.o

.data           0x20000000       0x60 load address 0x08002578
                0x20000000                        _sdata = .
 *(.first_data)
 *(.data SORT_BY_NAME(.data.*))
 .data.FREQ     0x20000000        0x4 /tmp/cc8SCVwP.o
                0x20000000                FREQ
 .data.__sglue  0x20000004        0xc /opt/arm-none-eabi/bin/../lib/gcc/arm-none-eabi/13.2.1/../../../../arm-none-eabi/lib/thumb/v7e-m+fp/hard/libc_nano.a(libc_a-findfp.o)
                0x20000004                __sglue
 .data._impure_data
                0x20000010       0x4c /opt/arm-none-eabi/bin/../lib/gcc/arm-none-eabi/13.2.1/../../../../arm-none-eabi/lib/thumb/v7e-m+fp/hard/libc_nano.a(libc_a-impure.o)
                0x20000010                _impure_data
 .data._impure_ptr
                0x2000005c        0x4 /opt/arm-none-eabi/bin/../lib/gcc/arm-none-eabi/13.2.1/../../../../arm-none-eabi/lib/thumb/v7e-m+fp/hard/libc_nano.a(libc_a-impure.o)
                0x2000005c                _impure_ptr
                0x20000060                        _edata = .
                0x08002578                        _sidata = LOADADDR (.data)

.igot.plt       0x20000060        0x0 load address 0x080025d8
 .igot.plt      0x20000060        0x0 /tmp/cc9VI5MI.o

.bss            0x20000060      0x16c load address 0x080025d8
                0x20000060                        _sbss = .
 *(.bss SORT_BY_NAME(.bss.*) COMMON)
 .bss.MS5611_SPI
                0x20000060        0x4 /tmp/ccH2OF31.o
                0x20000060                MS5611_SPI
 .bss.__lock___malloc_recursive_mutex
                0x20000064        0x1 /opt/arm-none-eabi/bin/../lib/gcc/arm-none-eabi/13.2.1/../../../../arm-none-eabi/lib/thumb/v7e-m+fp/hard/libc_nano.a(libc_a-lock.o)
                0x20000064                __lock___malloc_recursive_mutex
 .bss.__lock___sfp_recursive_mutex
                0x20000065        0x1 /opt/arm-none-eabi/bin/../lib/gcc/arm-none-eabi/13.2.1/../../../../arm-none-eabi/lib/thumb/v7e-m+fp/hard/libc_nano.a(libc_a-lock.o)
                0x20000065                __lock___sfp_recursive_mutex
 *fill*         0x20000066        0x2 
 .bss.__malloc_free_list
                0x20000068        0x4 /opt/arm-none-eabi/bin/../lib/gcc/arm-none-eabi/13.2.1/../../../../arm-none-eabi/lib/thumb/v7e-m+fp/hard/libc_nano.a(libc_a-mallocr.o)
                0x20000068                __malloc_free_list
 .bss.__malloc_sbrk_start
                0x2000006c        0x4 /opt/arm-none-eabi/bin/../lib/gcc/arm-none-eabi/13.2.1/../../../../arm-none-eabi/lib/thumb/v7e-m+fp/hard/libc_nano.a(libc_a-mallocr.o)
                0x2000006c                __malloc_sbrk_start
 .bss.__sf      0x20000070      0x138 /opt/arm-none-eabi/bin/../lib/gcc/arm-none-eabi/13.2.1/../../../../arm-none-eabi/lib/thumb/v7e-m+fp/hard/libc_nano.a(libc_a-findfp.o)
                0x20000070                __sf
 .bss.__stdio_exit_handler
                0x200001a8        0x4 /opt/arm-none-eabi/bin/../lib/gcc/arm-none-eabi/13.2.1/../../../../arm-none-eabi/lib/thumb/v7e-m+fp/hard/libc_nano.a(libc_a-findfp.o)
                0x200001a8                __stdio_exit_handler
 .bss.errno     0x200001ac        0x4 /opt/arm-none-eabi/bin/../lib/gcc/arm-none-eabi/13.2.1/../../../../arm-none-eabi/lib/thumb/v7e-m+fp/hard/libc_nano.a(libc_a-reent.o)
                0x200001ac                errno
 .bss.flightStage
                0x200001b0        0x1 /tmp/cc9VI5MI.o
                0x200001b0                flightStage
 *fill*         0x200001b1        0x3 
 .bss.heap.0    0x200001b4        0x4 /tmp/cccglTtt.o
 .bss.ms5611_prom_data
                0x200001b8       0x10 /tmp/ccH2OF31.o
                0x200001b8                ms5611_prom_data
 .bss.s_ticks   0x200001c8        0x4 /tmp/cc9VI5MI.o
                0x200001c8                s_ticks
                0x200001cc                        _ebss = .
                0x200001d0                        . = ALIGN (0x8)
                0x200001d0                        _end = .
OUTPUT(firmware.elf elf32-littlearm)
LOAD linker stubs

.debug_info     0x00000000     0x5d69
 .debug_info    0x00000000     0x3490 /tmp/cc9VI5MI.o
 .debug_info    0x00003490      0x139 /tmp/ccgcFfs5.o
 .debug_info    0x000035c9      0x7f9 /tmp/cccglTtt.o
 .debug_info    0x00003dc2      0xda4 /tmp/cc8SCVwP.o
 .debug_info    0x00004b66      0xf8c /tmp/ccH2OF31.o
 .debug_info    0x00005af2      0x277 /tmp/cc9kFouI.o

.debug_abbrev   0x00000000     0x1325
 .debug_abbrev  0x00000000      0x6a2 /tmp/cc9VI5MI.o
 .debug_abbrev  0x000006a2       0xe8 /tmp/ccgcFfs5.o
 .debug_abbrev  0x0000078a      0x29f /tmp/cccglTtt.o
 .debug_abbrev  0x00000a29      0x307 /tmp/cc8SCVwP.o
 .debug_abbrev  0x00000d30      0x44c /tmp/ccH2OF31.o
 .debug_abbrev  0x0000117c      0x1a9 /tmp/cc9kFouI.o

.debug_loclists
                0x00000000     0x336c
 .debug_loclists
                0x00000000     0x28fc /tmp/cc9VI5MI.o
 .debug_loclists
                0x000028fc      0x225 /tmp/cccglTtt.o
 .debug_loclists
                0x00002b21      0x2ea /tmp/cc8SCVwP.o
 .debug_loclists
                0x00002e0b      0x49e /tmp/ccH2OF31.o
 .debug_loclists
                0x000032a9       0xc3 /tmp/cc9kFouI.o

.debug_aranges  0x00000000      0x350
 .debug_aranges
                0x00000000      0x1b0 /tmp/cc9VI5MI.o
 .debug_aranges
                0x000001b0       0x20 /tmp/ccgcFfs5.o
 .debug_aranges
                0x000001d0       0x90 /tmp/cccglTtt.o
 .debug_aranges
                0x00000260       0x68 /tmp/cc8SCVwP.o
 .debug_aranges
                0x000002c8       0x58 /tmp/ccH2OF31.o
 .debug_aranges
                0x00000320       0x30 /tmp/cc9kFouI.o

.debug_rnglists
                0x00000000      0x484
 .debug_rnglists
                0x00000000      0x2da /tmp/cc9VI5MI.o
 .debug_rnglists
                0x000002da       0x13 /tmp/ccgcFfs5.o
 .debug_rnglists
                0x000002ed       0x7f /tmp/cccglTtt.o
 .debug_rnglists
                0x0000036c       0x58 /tmp/cc8SCVwP.o
 .debug_rnglists
                0x000003c4       0x92 /tmp/ccH2OF31.o
 .debug_rnglists
                0x00000456       0x2e /tmp/cc9kFouI.o

.debug_macro    0x00000000    0x215f1
 .debug_macro   0x00000000      0x2eb /tmp/cc9VI5MI.o
 .debug_macro   0x000002eb      0xacc /tmp/cc9VI5MI.o
 .debug_macro   0x00000db7       0x22 /tmp/cc9VI5MI.o
 .debug_macro   0x00000dd9       0x5b /tmp/cc9VI5MI.o
 .debug_macro   0x00000e34       0x2a /tmp/cc9VI5MI.o
 .debug_macro   0x00000e5e       0x94 /tmp/cc9VI5MI.o
 .debug_macro   0x00000ef2       0x43 /tmp/cc9VI5MI.o
 .debug_macro   0x00000f35       0x34 /tmp/cc9VI5MI.o
 .debug_macro   0x00000f69       0x16 /tmp/cc9VI5MI.o
 .debug_macro   0x00000f7f       0x57 /tmp/cc9VI5MI.o
 .debug_macro   0x00000fd6       0x9e /tmp/cc9VI5MI.o
 .debug_macro   0x00001074      0x370 /tmp/cc9VI5MI.o
 .debug_macro   0x000013e4      0x112 /tmp/cc9VI5MI.o
 .debug_macro   0x000014f6       0x10 /tmp/cc9VI5MI.o
 .debug_macro   0x00001506       0x16 /tmp/cc9VI5MI.o
 .debug_macro   0x0000151c       0x4a /tmp/cc9VI5MI.o
 .debug_macro   0x00001566       0x34 /tmp/cc9VI5MI.o
 .debug_macro   0x0000159a       0x10 /tmp/cc9VI5MI.o
 .debug_macro   0x000015aa       0x58 /tmp/cc9VI5MI.o
 .debug_macro   0x00001602       0x8e /tmp/cc9VI5MI.o
 .debug_macro   0x00001690       0x1c /tmp/cc9VI5MI.o
 .debug_macro   0x000016ac      0x177 /tmp/cc9VI5MI.o
 .debug_macro   0x00001823       0x16 /tmp/cc9VI5MI.o
 .debug_macro   0x00001839       0x16 /tmp/cc9VI5MI.o
 .debug_macro   0x0000184f      0x146 /tmp/cc9VI5MI.o
 .debug_macro   0x00001995      0x103 /tmp/cc9VI5MI.o
 .debug_macro   0x00001a98       0x6a /tmp/cc9VI5MI.o
 .debug_macro   0x00001b02      0x1df /tmp/cc9VI5MI.o
 .debug_macro   0x00001ce1       0x3c /tmp/cc9VI5MI.o
 .debug_macro   0x00001d1d      0x460 /tmp/cc9VI5MI.o
 .debug_macro   0x0000217d       0x22 /tmp/cc9VI5MI.o
 .debug_macro   0x0000219f       0x16 /tmp/cc9VI5MI.o
 .debug_macro   0x000021b5       0x16 /tmp/cc9VI5MI.o
 .debug_macro   0x000021cb       0x29 /tmp/cc9VI5MI.o
 .debug_macro   0x000021f4       0x16 /tmp/cc9VI5MI.o
 .debug_macro   0x0000220a       0x10 /tmp/cc9VI5MI.o
 .debug_macro   0x0000221a       0x10 /tmp/cc9VI5MI.o
 .debug_macro   0x0000222a       0x10 /tmp/cc9VI5MI.o
 .debug_macro   0x0000223a       0x1c /tmp/cc9VI5MI.o
 .debug_macro   0x00002256       0x52 /tmp/cc9VI5MI.o
 .debug_macro   0x000022a8       0x22 /tmp/cc9VI5MI.o
 .debug_macro   0x000022ca       0x10 /tmp/cc9VI5MI.o
 .debug_macro   0x000022da       0x52 /tmp/cc9VI5MI.o
 .debug_macro   0x0000232c       0xc1 /tmp/cc9VI5MI.o
 .debug_macro   0x000023ed       0x1c /tmp/cc9VI5MI.o
 .debug_macro   0x00002409       0x3d /tmp/cc9VI5MI.o
 .debug_macro   0x00002446       0x35 /tmp/cc9VI5MI.o
 .debug_macro   0x0000247b      0x12c /tmp/cc9VI5MI.o
 .debug_macro   0x000025a7       0x28 /tmp/cc9VI5MI.o
 .debug_macro   0x000025cf       0x1c /tmp/cc9VI5MI.o
 .debug_macro   0x000025eb       0x22 /tmp/cc9VI5MI.o
 .debug_macro   0x0000260d       0xd9 /tmp/cc9VI5MI.o
 .debug_macro   0x000026e6     0x102d /tmp/cc9VI5MI.o
 .debug_macro   0x00003713      0x11f /tmp/cc9VI5MI.o
 .debug_macro   0x00003832    0x1cb71 /tmp/cc9VI5MI.o
 .debug_macro   0x000203a3       0xd6 /tmp/cc9VI5MI.o
 .debug_macro   0x00020479       0x3a /tmp/cc9VI5MI.o
 .debug_macro   0x000204b3       0x7c /tmp/cc9VI5MI.o
 .debug_macro   0x0002052f       0x88 /tmp/cc9VI5MI.o
 .debug_macro   0x000205b7      0x190 /tmp/cc9VI5MI.o
 .debug_macro   0x00020747       0x1c /tmp/cc9VI5MI.o
 .debug_macro   0x00020763       0x11 /tmp/ccgcFfs5.o
 .debug_macro   0x00020774      0x2b2 /tmp/cccglTtt.o
 .debug_macro   0x00020a26       0x3a /tmp/cccglTtt.o
 .debug_macro   0x00020a60       0x89 /tmp/cccglTtt.o
 .debug_macro   0x00020ae9       0x1c /tmp/cccglTtt.o
 .debug_macro   0x00020b05       0x9b /tmp/cccglTtt.o
 .debug_macro   0x00020ba0      0x2c1 /tmp/cc8SCVwP.o
 .debug_macro   0x00020e61       0x34 /tmp/cc8SCVwP.o
 .debug_macro   0x00020e95      0x2c7 /tmp/ccH2OF31.o
 .debug_macro   0x0002115c       0x8e /tmp/ccH2OF31.o
 .debug_macro   0x000211ea       0x51 /tmp/ccH2OF31.o
 .debug_macro   0x0002123b       0x61 /tmp/ccH2OF31.o
 .debug_macro   0x0002129c       0x82 /tmp/ccH2OF31.o
 .debug_macro   0x0002131e      0x2d3 /tmp/cc9kFouI.o

.debug_line     0x00000000     0x36c0
 .debug_line    0x00000000     0x194b /tmp/cc9VI5MI.o
 .debug_line    0x0000194b       0x6b /tmp/ccgcFfs5.o
 .debug_line    0x000019b6      0x5e8 /tmp/cccglTtt.o
 .debug_line    0x00001f9e      0x8de /tmp/cc8SCVwP.o
 .debug_line    0x0000287c      0x98f /tmp/ccH2OF31.o
 .debug_line    0x0000320b      0x4b5 /tmp/cc9kFouI.o

.debug_str      0x00000000    0xb3f39
 .debug_str     0x00000000    0xb3f39 /tmp/cc9VI5MI.o
                              0xb3e25 (size before relaxing)
 .debug_str     0x000b3f39     0x2ea6 /tmp/ccgcFfs5.o
 .debug_str     0x000b3f39    0xb2827 /tmp/cccglTtt.o
 .debug_str     0x000b3f39    0xb2a56 /tmp/cc8SCVwP.o
 .debug_str     0x000b3f39    0xb2b1a /tmp/ccH2OF31.o
 .debug_str     0x000b3f39    0xb30e4 /tmp/cc9kFouI.o

.comment        0x00000000       0x44
 .comment       0x00000000       0x44 /tmp/cc9VI5MI.o
                                 0x45 (size before relaxing)
 .comment       0x00000044       0x45 /tmp/ccgcFfs5.o
 .comment       0x00000044       0x45 /tmp/cccglTtt.o
 .comment       0x00000044       0x45 /tmp/cc8SCVwP.o
 .comment       0x00000044       0x45 /tmp/ccH2OF31.o
 .comment       0x00000044       0x45 /tmp/cc9kFouI.o

.ARM.attributes
                0x00000000       0x32
 .ARM.attributes
                0x00000000       0x34 /tmp/cc9VI5MI.o
 .ARM.attributes
                0x00000034       0x34 /tmp/ccgcFfs5.o
 .ARM.attributes
                0x00000068       0x34 /tmp/cccglTtt.o
 .ARM.attributes
                0x0000009c       0x34 /tmp/cc8SCVwP.o
 .ARM.attributes
                0x000000d0       0x34 /tmp/ccH2OF31.o
 .ARM.attributes
                0x00000104       0x34 /tmp/cc9kFouI.o
 .ARM.attributes
                0x00000138       0x34 /opt/arm-none-eabi/bin/../lib/gcc/arm-none-eabi/13.2.1/../../../../arm-none-eabi/lib/thumb/v7e-m+fp/hard/libc_nano.a(libc_a-printf.o)
 .ARM.attributes
                0x0000016c       0x34 /opt/arm-none-eabi/bin/../lib/gcc/arm-none-eabi/13.2.1/../../../../arm-none-eabi/lib/thumb/v7e-m+fp/hard/libc_nano.a(libc_a-nano-vfprintf.o)
 .ARM.attributes
                0x000001a0       0x34 /opt/arm-none-eabi/bin/../lib/gcc/arm-none-eabi/13.2.1/../../../../arm-none-eabi/lib/thumb/v7e-m+fp/hard/libc_nano.a(libc_a-wbuf.o)
 .ARM.attributes
                0x000001d4       0x34 /opt/arm-none-eabi/bin/../lib/gcc/arm-none-eabi/13.2.1/../../../../arm-none-eabi/lib/thumb/v7e-m+fp/hard/libc_nano.a(libc_a-wsetup.o)
 .ARM.attributes
                0x00000208       0x34 /opt/arm-none-eabi/bin/../lib/gcc/arm-none-eabi/13.2.1/../../../../arm-none-eabi/lib/thumb/v7e-m+fp/hard/libc_nano.a(libc_a-nano-vfprintf_i.o)
 .ARM.attributes
                0x0000023c       0x34 /opt/arm-none-eabi/bin/../lib/gcc/arm-none-eabi/13.2.1/../../../../arm-none-eabi/lib/thumb/v7e-m+fp/hard/libc_nano.a(libc_a-puts.o)
 .ARM.attributes
                0x00000270       0x34 /opt/arm-none-eabi/bin/../lib/gcc/arm-none-eabi/13.2.1/../../../../arm-none-eabi/lib/thumb/v7e-m+fp/hard/libc_nano.a(libc_a-impure.o)
 .ARM.attributes
                0x000002a4       0x34 /opt/arm-none-eabi/bin/../lib/gcc/arm-none-eabi/13.2.1/../../../../arm-none-eabi/lib/thumb/v7e-m+fp/hard/libc_nano.a(libc_a-fflush.o)
 .ARM.attributes
                0x000002d8       0x1c /opt/arm-none-eabi/bin/../lib/gcc/arm-none-eabi/13.2.1/../../../../arm-none-eabi/lib/thumb/v7e-m+fp/hard/libc_nano.a(libc_a-memchr.o)
 .ARM.attributes
                0x000002f4       0x34 /opt/arm-none-eabi/bin/../lib/gcc/arm-none-eabi/13.2.1/../../../../arm-none-eabi/lib/thumb/v7e-m+fp/hard/libc_nano.a(libc_a-memcpy-stub.o)
 .ARM.attributes
                0x00000328       0x34 /opt/arm-none-eabi/bin/../lib/gcc/arm-none-eabi/13.2.1/../../../../arm-none-eabi/lib/thumb/v7e-m+fp/hard/libc_nano.a(libc_a-findfp.o)
 .ARM.attributes
                0x0000035c       0x34 /opt/arm-none-eabi/bin/../lib/gcc/arm-none-eabi/13.2.1/../../../../arm-none-eabi/lib/thumb/v7e-m+fp/hard/libc_nano.a(libc_a-stdio.o)
 .ARM.attributes
                0x00000390       0x34 /opt/arm-none-eabi/bin/../lib/gcc/arm-none-eabi/13.2.1/../../../../arm-none-eabi/lib/thumb/v7e-m+fp/hard/libc_nano.a(libc_a-readr.o)
 .ARM.attributes
                0x000003c4       0x34 /opt/arm-none-eabi/bin/../lib/gcc/arm-none-eabi/13.2.1/../../../../arm-none-eabi/lib/thumb/v7e-m+fp/hard/libc_nano.a(libc_a-writer.o)
 .ARM.attributes
                0x000003f8       0x34 /opt/arm-none-eabi/bin/../lib/gcc/arm-none-eabi/13.2.1/../../../../arm-none-eabi/lib/thumb/v7e-m+fp/hard/libc_nano.a(libc_a-fwalk.o)
 .ARM.attributes
                0x0000042c       0x34 /opt/arm-none-eabi/bin/../lib/gcc/arm-none-eabi/13.2.1/../../../../arm-none-eabi/lib/thumb/v7e-m+fp/hard/libc_nano.a(libc_a-memset.o)
 .ARM.attributes
                0x00000460       0x34 /opt/arm-none-eabi/bin/../lib/gcc/arm-none-eabi/13.2.1/../../../../arm-none-eabi/lib/thumb/v7e-m+fp/hard/libc_nano.a(libc_a-freer.o)
 .ARM.attributes
                0x00000494       0x34 /opt/arm-none-eabi/bin/../lib/gcc/arm-none-eabi/13.2.1/../../../../arm-none-eabi/lib/thumb/v7e-m+fp/hard/libc_nano.a(libc_a-lock.o)
 .ARM.attributes
                0x000004c8       0x34 /opt/arm-none-eabi/bin/../lib/gcc/arm-none-eabi/13.2.1/../../../../arm-none-eabi/lib/thumb/v7e-m+fp/hard/libc_nano.a(libc_a-makebuf.o)
 .ARM.attributes
                0x000004fc       0x34 /opt/arm-none-eabi/bin/../lib/gcc/arm-none-eabi/13.2.1/../../../../arm-none-eabi/lib/thumb/v7e-m+fp/hard/libc_nano.a(libc_a-closer.o)
 .ARM.attributes
                0x00000530       0x34 /opt/arm-none-eabi/bin/../lib/gcc/arm-none-eabi/13.2.1/../../../../arm-none-eabi/lib/thumb/v7e-m+fp/hard/libc_nano.a(libc_a-reent.o)
 .ARM.attributes
                0x00000564       0x34 /opt/arm-none-eabi/bin/../lib/gcc/arm-none-eabi/13.2.1/../../../../arm-none-eabi/lib/thumb/v7e-m+fp/hard/libc_nano.a(libc_a-mallocr.o)
 .ARM.attributes
                0x00000598       0x34 /opt/arm-none-eabi/bin/../lib/gcc/arm-none-eabi/13.2.1/../../../../arm-none-eabi/lib/thumb/v7e-m+fp/hard/libc_nano.a(libc_a-fstatr.o)
 .ARM.attributes
                0x000005cc       0x34 /opt/arm-none-eabi/bin/../lib/gcc/arm-none-eabi/13.2.1/../../../../arm-none-eabi/lib/thumb/v7e-m+fp/hard/libc_nano.a(libc_a-isattyr.o)
 .ARM.attributes
                0x00000600       0x34 /opt/arm-none-eabi/bin/../lib/gcc/arm-none-eabi/13.2.1/../../../../arm-none-eabi/lib/thumb/v7e-m+fp/hard/libc_nano.a(libc_a-lseekr.o)
 .ARM.attributes
                0x00000634       0x34 /opt/arm-none-eabi/bin/../lib/gcc/arm-none-eabi/13.2.1/../../../../arm-none-eabi/lib/thumb/v7e-m+fp/hard/libc_nano.a(libc_a-mlock.o)
 .ARM.attributes
                0x00000668       0x34 /opt/arm-none-eabi/bin/../lib/gcc/arm-none-eabi/13.2.1/../../../../arm-none-eabi/lib/thumb/v7e-m+fp/hard/libc_nano.a(libc_a-sbrkr.o)
 .ARM.attributes
                0x0000069c       0x22 /opt/arm-none-eabi/bin/../lib/gcc/arm-none-eabi/13.2.1/thumb/v7e-m+fp/hard/libgcc.a(_arm_addsubdf3.o)
 .ARM.attributes
                0x000006be       0x22 /opt/arm-none-eabi/bin/../lib/gcc/arm-none-eabi/13.2.1/thumb/v7e-m+fp/hard/libgcc.a(_arm_muldivdf3.o)
 .ARM.attributes
                0x000006e0       0x22 /opt/arm-none-eabi/bin/../lib/gcc/arm-none-eabi/13.2.1/thumb/v7e-m+fp/hard/libgcc.a(_arm_cmpdf2.o)
 .ARM.attributes
                0x00000702       0x22 /opt/arm-none-eabi/bin/../lib/gcc/arm-none-eabi/13.2.1/thumb/v7e-m+fp/hard/libgcc.a(_arm_fixdfsi.o)
 .ARM.attributes
                0x00000724       0x34 /opt/arm-none-eabi/bin/../lib/gcc/arm-none-eabi/13.2.1/thumb/v7e-m+fp/hard/libgcc.a(_fixdfdi.o)
 .ARM.attributes
                0x00000758       0x34 /opt/arm-none-eabi/bin/../lib/gcc/arm-none-eabi/13.2.1/thumb/v7e-m+fp/hard/libgcc.a(_fixunsdfdi.o)
 .ARM.attributes
                0x0000078c       0x22 /opt/arm-none-eabi/bin/../lib/gcc/arm-none-eabi/13.2.1/thumb/v7e-m+fp/hard/libgcc.a(_arm_fixunsdfsi.o)

.debug_frame    0x00000000     0x13b4
 .debug_frame   0x00000000      0x614 /tmp/cc9VI5MI.o
 .debug_frame   0x00000614       0x20 /tmp/ccgcFfs5.o
 .debug_frame   0x00000634      0x108 /tmp/cccglTtt.o
 .debug_frame   0x0000073c       0xf0 /tmp/cc8SCVwP.o
 .debug_frame   0x0000082c       0xe0 /tmp/ccH2OF31.o
 .debug_frame   0x0000090c       0x50 /tmp/cc9kFouI.o
 .debug_frame   0x0000095c       0x6c /opt/arm-none-eabi/bin/../lib/gcc/arm-none-eabi/13.2.1/../../../../arm-none-eabi/lib/thumb/v7e-m+fp/hard/libc_nano.a(libc_a-printf.o)
 .debug_frame   0x000009c8       0xa8 /opt/arm-none-eabi/bin/../lib/gcc/arm-none-eabi/13.2.1/../../../../arm-none-eabi/lib/thumb/v7e-m+fp/hard/libc_nano.a(libc_a-nano-vfprintf.o)
 .debug_frame   0x00000a70       0x40 /opt/arm-none-eabi/bin/../lib/gcc/arm-none-eabi/13.2.1/../../../../arm-none-eabi/lib/thumb/v7e-m+fp/hard/libc_nano.a(libc_a-wbuf.o)
 .debug_frame   0x00000ab0       0x2c /opt/arm-none-eabi/bin/../lib/gcc/arm-none-eabi/13.2.1/../../../../arm-none-eabi/lib/thumb/v7e-m+fp/hard/libc_nano.a(libc_a-wsetup.o)
 .debug_frame   0x00000adc       0x60 /opt/arm-none-eabi/bin/../lib/gcc/arm-none-eabi/13.2.1/../../../../arm-none-eabi/lib/thumb/v7e-m+fp/hard/libc_nano.a(libc_a-nano-vfprintf_i.o)
 .debug_frame   0x00000b3c       0x3c /opt/arm-none-eabi/bin/../lib/gcc/arm-none-eabi/13.2.1/../../../../arm-none-eabi/lib/thumb/v7e-m+fp/hard/libc_nano.a(libc_a-puts.o)
 .debug_frame   0x00000b78       0x5c /opt/arm-none-eabi/bin/../lib/gcc/arm-none-eabi/13.2.1/../../../../arm-none-eabi/lib/thumb/v7e-m+fp/hard/libc_nano.a(libc_a-fflush.o)
 .debug_frame   0x00000bd4       0x28 /opt/arm-none-eabi/bin/../lib/gcc/arm-none-eabi/13.2.1/../../../../arm-none-eabi/lib/thumb/v7e-m+fp/hard/libc_nano.a(libc_a-memcpy-stub.o)
 .debug_frame   0x00000bfc      0x144 /opt/arm-none-eabi/bin/../lib/gcc/arm-none-eabi/13.2.1/../../../../arm-none-eabi/lib/thumb/v7e-m+fp/hard/libc_nano.a(libc_a-findfp.o)
 .debug_frame   0x00000d40       0x88 /opt/arm-none-eabi/bin/../lib/gcc/arm-none-eabi/13.2.1/../../../../arm-none-eabi/lib/thumb/v7e-m+fp/hard/libc_nano.a(libc_a-stdio.o)
 .debug_frame   0x00000dc8       0x2c /opt/arm-none-eabi/bin/../lib/gcc/arm-none-eabi/13.2.1/../../../../arm-none-eabi/lib/thumb/v7e-m+fp/hard/libc_nano.a(libc_a-readr.o)
 .debug_frame   0x00000df4       0x2c /opt/arm-none-eabi/bin/../lib/gcc/arm-none-eabi/13.2.1/../../../../arm-none-eabi/lib/thumb/v7e-m+fp/hard/libc_nano.a(libc_a-writer.o)
 .debug_frame   0x00000e20       0x34 /opt/arm-none-eabi/bin/../lib/gcc/arm-none-eabi/13.2.1/../../../../arm-none-eabi/lib/thumb/v7e-m+fp/hard/libc_nano.a(libc_a-fwalk.o)
 .debug_frame   0x00000e54       0x20 /opt/arm-none-eabi/bin/../lib/gcc/arm-none-eabi/13.2.1/../../../../arm-none-eabi/lib/thumb/v7e-m+fp/hard/libc_nano.a(libc_a-memset.o)
 .debug_frame   0x00000e74       0x38 /opt/arm-none-eabi/bin/../lib/gcc/arm-none-eabi/13.2.1/../../../../arm-none-eabi/lib/thumb/v7e-m+fp/hard/libc_nano.a(libc_a-freer.o)
 .debug_frame   0x00000eac       0xb0 /opt/arm-none-eabi/bin/../lib/gcc/arm-none-eabi/13.2.1/../../../../arm-none-eabi/lib/thumb/v7e-m+fp/hard/libc_nano.a(libc_a-lock.o)
 .debug_frame   0x00000f5c       0x58 /opt/arm-none-eabi/bin/../lib/gcc/arm-none-eabi/13.2.1/../../../../arm-none-eabi/lib/thumb/v7e-m+fp/hard/libc_nano.a(libc_a-makebuf.o)
 .debug_frame   0x00000fb4       0x2c /opt/arm-none-eabi/bin/../lib/gcc/arm-none-eabi/13.2.1/../../../../arm-none-eabi/lib/thumb/v7e-m+fp/hard/libc_nano.a(libc_a-closer.o)
 .debug_frame   0x00000fe0       0x38 /opt/arm-none-eabi/bin/../lib/gcc/arm-none-eabi/13.2.1/../../../../arm-none-eabi/lib/thumb/v7e-m+fp/hard/libc_nano.a(libc_a-reent.o)
 .debug_frame   0x00001018       0x50 /opt/arm-none-eabi/bin/../lib/gcc/arm-none-eabi/13.2.1/../../../../arm-none-eabi/lib/thumb/v7e-m+fp/hard/libc_nano.a(libc_a-mallocr.o)
 .debug_frame   0x00001068       0x2c /opt/arm-none-eabi/bin/../lib/gcc/arm-none-eabi/13.2.1/../../../../arm-none-eabi/lib/thumb/v7e-m+fp/hard/libc_nano.a(libc_a-fstatr.o)
 .debug_frame   0x00001094       0x2c /opt/arm-none-eabi/bin/../lib/gcc/arm-none-eabi/13.2.1/../../../../arm-none-eabi/lib/thumb/v7e-m+fp/hard/libc_nano.a(libc_a-isattyr.o)
 .debug_frame   0x000010c0       0x2c /opt/arm-none-eabi/bin/../lib/gcc/arm-none-eabi/13.2.1/../../../../arm-none-eabi/lib/thumb/v7e-m+fp/hard/libc_nano.a(libc_a-lseekr.o)
 .debug_frame   0x000010ec       0x30 /opt/arm-none-eabi/bin/../lib/gcc/arm-none-eabi/13.2.1/../../../../arm-none-eabi/lib/thumb/v7e-m+fp/hard/libc_nano.a(libc_a-mlock.o)
 .debug_frame   0x0000111c       0x2c /opt/arm-none-eabi/bin/../lib/gcc/arm-none-eabi/13.2.1/../../../../arm-none-eabi/lib/thumb/v7e-m+fp/hard/libc_nano.a(libc_a-sbrkr.o)
 .debug_frame   0x00001148       0xac /opt/arm-none-eabi/bin/../lib/gcc/arm-none-eabi/13.2.1/thumb/v7e-m+fp/hard/libgcc.a(_arm_addsubdf3.o)
 .debug_frame   0x000011f4       0x50 /opt/arm-none-eabi/bin/../lib/gcc/arm-none-eabi/13.2.1/thumb/v7e-m+fp/hard/libgcc.a(_arm_muldivdf3.o)
 .debug_frame   0x00001244       0xc4 /opt/arm-none-eabi/bin/../lib/gcc/arm-none-eabi/13.2.1/thumb/v7e-m+fp/hard/libgcc.a(_arm_cmpdf2.o)
 .debug_frame   0x00001308       0x24 /opt/arm-none-eabi/bin/../lib/gcc/arm-none-eabi/13.2.1/thumb/v7e-m+fp/hard/libgcc.a(_arm_fixdfsi.o)
 .debug_frame   0x0000132c       0x38 /opt/arm-none-eabi/bin/../lib/gcc/arm-none-eabi/13.2.1/thumb/v7e-m+fp/hard/libgcc.a(_fixdfdi.o)
 .debug_frame   0x00001364       0x2c /opt/arm-none-eabi/bin/../lib/gcc/arm-none-eabi/13.2.1/thumb/v7e-m+fp/hard/libgcc.a(_fixunsdfdi.o)
 .debug_frame   0x00001390       0x24 /opt/arm-none-eabi/bin/../lib/gcc/arm-none-eabi/13.2.1/thumb/v7e-m+fp/hard/libgcc.a(_arm_fixunsdfsi.o)

.debug_line_str
                0x00000000      0x1a1
 .debug_line_str
                0x00000000      0x1a1 /opt/arm-none-eabi/bin/../lib/gcc/arm-none-eabi/13.2.1/../../../../arm-none-eabi/lib/thumb/v7e-m+fp/hard/libc_nano.a(libc_a-memchr.o)
                                 0xda (size before relaxing)
 .debug_line_str
                0x000001a1       0xc7 /opt/arm-none-eabi/bin/../lib/gcc/arm-none-eabi/13.2.1/thumb/v7e-m+fp/hard/libgcc.a(_arm_addsubdf3.o)
 .debug_line_str
                0x000001a1       0xc7 /opt/arm-none-eabi/bin/../lib/gcc/arm-none-eabi/13.2.1/thumb/v7e-m+fp/hard/libgcc.a(_arm_muldivdf3.o)
 .debug_line_str
                0x000001a1       0xc7 /opt/arm-none-eabi/bin/../lib/gcc/arm-none-eabi/13.2.1/thumb/v7e-m+fp/hard/libgcc.a(_arm_cmpdf2.o)
 .debug_line_str
                0x000001a1       0xc7 /opt/arm-none-eabi/bin/../lib/gcc/arm-none-eabi/13.2.1/thumb/v7e-m+fp/hard/libgcc.a(_arm_fixdfsi.o)
 .debug_line_str
                0x000001a1       0xc7 /opt/arm-none-eabi/bin/../lib/gcc/arm-none-eabi/13.2.1/thumb/v7e-m+fp/hard/libgcc.a(_arm_fixunsdfsi.o)
