Archive member included to satisfy reference by file (symbol)

c:/program files (x86)/arm gnu toolchain arm-none-eabi/12.2 rel1/bin/../lib/gcc/arm-none-eabi/12.2.1/thumb/v7e-m+fp/hard\libc_nano.a(libc_a-printf.o)
                              C:\Users\Alex\AppData\Local\Temp\ccBnuRny.o (printf)
c:/program files (x86)/arm gnu toolchain arm-none-eabi/12.2 rel1/bin/../lib/gcc/arm-none-eabi/12.2.1/thumb/v7e-m+fp/hard\libc_nano.a(libc_a-putchar.o)
                              C:\Users\Alex\AppData\Local\Temp\ccBnuRny.o (putchar)
c:/program files (x86)/arm gnu toolchain arm-none-eabi/12.2 rel1/bin/../lib/gcc/arm-none-eabi/12.2.1/thumb/v7e-m+fp/hard\libc_nano.a(libc_a-puts.o)
                              C:\Users\Alex\AppData\Local\Temp\ccBnuRny.o (puts)
c:/program files (x86)/arm gnu toolchain arm-none-eabi/12.2 rel1/bin/../lib/gcc/arm-none-eabi/12.2.1/thumb/v7e-m+fp/hard\libc_nano.a(libc_a-wbuf.o)
                              c:/program files (x86)/arm gnu toolchain arm-none-eabi/12.2 rel1/bin/../lib/gcc/arm-none-eabi/12.2.1/thumb/v7e-m+fp/hard\libc_nano.a(libc_a-puts.o) (__swbuf_r)
c:/program files (x86)/arm gnu toolchain arm-none-eabi/12.2 rel1/bin/../lib/gcc/arm-none-eabi/12.2.1/thumb/v7e-m+fp/hard\libc_nano.a(libc_a-wsetup.o)
                              c:/program files (x86)/arm gnu toolchain arm-none-eabi/12.2 rel1/bin/../lib/gcc/arm-none-eabi/12.2.1/thumb/v7e-m+fp/hard\libc_nano.a(libc_a-puts.o) (__swsetup_r)
c:/program files (x86)/arm gnu toolchain arm-none-eabi/12.2 rel1/bin/../lib/gcc/arm-none-eabi/12.2.1/thumb/v7e-m+fp/hard\libc_nano.a(libc_a-memset.o)
                              C:\Users\Alex\AppData\Local\Temp\ccBnuRny.o (memset)
c:/program files (x86)/arm gnu toolchain arm-none-eabi/12.2 rel1/bin/../lib/gcc/arm-none-eabi/12.2.1/thumb/v7e-m+fp/hard\libc_nano.a(libc_a-impure.o)
                              c:/program files (x86)/arm gnu toolchain arm-none-eabi/12.2 rel1/bin/../lib/gcc/arm-none-eabi/12.2.1/thumb/v7e-m+fp/hard\libc_nano.a(libc_a-printf.o) (_impure_ptr)
c:/program files (x86)/arm gnu toolchain arm-none-eabi/12.2 rel1/bin/../lib/gcc/arm-none-eabi/12.2.1/thumb/v7e-m+fp/hard\libc_nano.a(libc_a-lock.o)
                              c:/program files (x86)/arm gnu toolchain arm-none-eabi/12.2 rel1/bin/../lib/gcc/arm-none-eabi/12.2.1/thumb/v7e-m+fp/hard\libc_nano.a(libc_a-puts.o) (__retarget_lock_acquire_recursive)
c:/program files (x86)/arm gnu toolchain arm-none-eabi/12.2 rel1/bin/../lib/gcc/arm-none-eabi/12.2.1/thumb/v7e-m+fp/hard\libc_nano.a(libc_a-memcpy-stub.o)
                              C:\Users\Alex\AppData\Local\Temp\ccBnuRny.o (memcpy)
c:/program files (x86)/arm gnu toolchain arm-none-eabi/12.2 rel1/bin/../lib/gcc/arm-none-eabi/12.2.1/thumb/v7e-m+fp/hard\libc_nano.a(libc_a-freer.o)
                              c:/program files (x86)/arm gnu toolchain arm-none-eabi/12.2 rel1/bin/../lib/gcc/arm-none-eabi/12.2.1/thumb/v7e-m+fp/hard\libc_nano.a(libc_a-wsetup.o) (_free_r)
c:/program files (x86)/arm gnu toolchain arm-none-eabi/12.2 rel1/bin/../lib/gcc/arm-none-eabi/12.2.1/thumb/v7e-m+fp/hard\libc_nano.a(libc_a-mallocr.o)
                              c:/program files (x86)/arm gnu toolchain arm-none-eabi/12.2 rel1/bin/../lib/gcc/arm-none-eabi/12.2.1/thumb/v7e-m+fp/hard\libc_nano.a(libc_a-freer.o) (__malloc_free_list)
c:/program files (x86)/arm gnu toolchain arm-none-eabi/12.2 rel1/bin/../lib/gcc/arm-none-eabi/12.2.1/thumb/v7e-m+fp/hard\libc_nano.a(libc_a-mlock.o)
                              c:/program files (x86)/arm gnu toolchain arm-none-eabi/12.2 rel1/bin/../lib/gcc/arm-none-eabi/12.2.1/thumb/v7e-m+fp/hard\libc_nano.a(libc_a-freer.o) (__malloc_lock)
c:/program files (x86)/arm gnu toolchain arm-none-eabi/12.2 rel1/bin/../lib/gcc/arm-none-eabi/12.2.1/thumb/v7e-m+fp/hard\libc_nano.a(libc_a-nano-vfprintf.o)
                              c:/program files (x86)/arm gnu toolchain arm-none-eabi/12.2 rel1/bin/../lib/gcc/arm-none-eabi/12.2.1/thumb/v7e-m+fp/hard\libc_nano.a(libc_a-printf.o) (_vfprintf_r)
c:/program files (x86)/arm gnu toolchain arm-none-eabi/12.2 rel1/bin/../lib/gcc/arm-none-eabi/12.2.1/thumb/v7e-m+fp/hard\libc_nano.a(libc_a-nano-vfprintf_i.o)
                              c:/program files (x86)/arm gnu toolchain arm-none-eabi/12.2 rel1/bin/../lib/gcc/arm-none-eabi/12.2.1/thumb/v7e-m+fp/hard\libc_nano.a(libc_a-nano-vfprintf.o) (_printf_i)
c:/program files (x86)/arm gnu toolchain arm-none-eabi/12.2 rel1/bin/../lib/gcc/arm-none-eabi/12.2.1/thumb/v7e-m+fp/hard\libc_nano.a(libc_a-fflush.o)
                              c:/program files (x86)/arm gnu toolchain arm-none-eabi/12.2 rel1/bin/../lib/gcc/arm-none-eabi/12.2.1/thumb/v7e-m+fp/hard\libc_nano.a(libc_a-wbuf.o) (_fflush_r)
c:/program files (x86)/arm gnu toolchain arm-none-eabi/12.2 rel1/bin/../lib/gcc/arm-none-eabi/12.2.1/thumb/v7e-m+fp/hard\libc_nano.a(libc_a-findfp.o)
[...]
Memory Configuration

Name             Origin             Length             Attributes
flash            0x08000000         0x00200000         xr
sram             0x20000000         0x00030000         xrw
*default*        0x00000000         0xffffffff

Linker script and memory map

LOAD C:\Users\Alex\AppData\Local\Temp\ccBnuRny.o
LOAD C:\Users\Alex\AppData\Local\Temp\cc89h62c.o
LOAD C:\Users\Alex\AppData\Local\Temp\ccxmf4Ab.o
LOAD C:\Users\Alex\AppData\Local\Temp\ccRLYUsj.o
LOAD c:/program files (x86)/arm gnu toolchain arm-none-eabi/12.2 rel1/bin/../lib/gcc/arm-none-eabi/12.2.1/thumb/v7e-m+fp/hard\libc_nano.a
LOAD c:/program files (x86)/arm gnu toolchain arm-none-eabi/12.2 rel1/bin/../lib/gcc/arm-none-eabi/12.2.1/thumb/v7e-m+fp/hard\libgcc.a
                0x20030000                _estack = (ORIGIN (sram) + LENGTH (sram))

.vectors        0x08000000      0x1bc
 *(.vectors)
 .vectors       0x08000000      0x1bc C:\Users\Alex\AppData\Local\Temp\cc89h62c.o
                0x08000000                tab

.text           0x080001c0     0x1930
 *(.text*)
 .text.spin     0x080001c0       0x14 C:\Users\Alex\AppData\Local\Temp\ccBnuRny.o
 .text.gpio_set_mode
                0x080001d4       0x38 C:\Users\Alex\AppData\Local\Temp\ccBnuRny.o
 .text.gpio_write
                0x0800020c       0x20 C:\Users\Alex\AppData\Local\Temp\ccBnuRny.o
 .text.gpio_read
                0x0800022c       0x1a C:\Users\Alex\AppData\Local\Temp\ccBnuRny.o
 *fill*         0x08000246        0x2 
 .text.print_byte
                0x08000248       0x38 C:\Users\Alex\AppData\Local\Temp\ccBnuRny.o
                0x08000248                print_byte
 .text.wait_for_ready_flag
                0x08000280       0x38 C:\Users\Alex\AppData\Local\Temp\ccBnuRny.o
                0x08000280                wait_for_ready_flag
 .text.set_pin_modes
                0x080002b8       0x84 C:\Users\Alex\AppData\Local\Temp\ccBnuRny.o
                0x080002b8                set_pin_modes
 .text.set_control_pins
                0x0800033c       0x68 C:\Users\Alex\AppData\Local\Temp\ccBnuRny.o
                0x0800033c                set_control_pins
 .text.set_data_pins
                0x080003a4       0x98 C:\Users\Alex\AppData\Local\Temp\ccBnuRny.o
                0x080003a4                set_data_pins
 .text.send_byte_to_flash
                0x0800043c       0x1e C:\Users\Alex\AppData\Local\Temp\ccBnuRny.o
                0x0800043c                send_byte_to_flash
 *fill*         0x0800045a        0x2 
 .text.receive_byte_from_flash
                0x0800045c       0xc8 C:\Users\Alex\AppData\Local\Temp\ccBnuRny.o
                0x0800045c                receive_byte_from_flash
 .text.send_addr_to_flash
                0x08000524       0x4a C:\Users\Alex\AppData\Local\Temp\ccBnuRny.o
                0x08000524                send_addr_to_flash
 *fill*         0x0800056e        0x2 
 .text.read_flash_ID
                0x08000570       0x6c C:\Users\Alex\AppData\Local\Temp\ccBnuRny.o
                0x08000570                read_flash_ID
 .text.read_frame
                0x080005dc       0x3a C:\Users\Alex\AppData\Local\Temp\ccBnuRny.o
                0x080005dc                read_frame
 .text.get_next_available_frame_addr
                0x08000616       0x6c C:\Users\Alex\AppData\Local\Temp\ccBnuRny.o
                0x08000616                get_next_available_frame_addr
 *fill*         0x08000682        0x2 
 .text.init_flash
                0x08000684       0xf8 C:\Users\Alex\AppData\Local\Temp\ccBnuRny.o
                0x08000684                init_flash
 .text.SysTick_Handler
                0x0800077c       0x10 C:\Users\Alex\AppData\Local\Temp\ccBnuRny.o
                0x0800077c                SysTick_Handler
 .text.startup.main
                0x0800078c       0x88 C:\Users\Alex\AppData\Local\Temp\ccBnuRny.o
                0x0800078c                main
 .text._reset   0x08000814       0x50 C:\Users\Alex\AppData\Local\Temp\cc89h62c.o
                0x08000814                _reset
 .text._fstat   0x08000864       0x12 C:\Users\Alex\AppData\Local\Temp\ccxmf4Ab.o
                0x08000864                _fstat
 *fill*         0x08000876        0x2 
 .text._sbrk    0x08000878       0x1c C:\Users\Alex\AppData\Local\Temp\ccxmf4Ab.o
                0x08000878                _sbrk
 .text._close   0x08000894        0x6 C:\Users\Alex\AppData\Local\Temp\ccxmf4Ab.o
                0x08000894                _close
 .text._isatty  0x0800089a        0x4 C:\Users\Alex\AppData\Local\Temp\ccxmf4Ab.o
                0x0800089a                _isatty
 .text._lseek   0x0800089e        0x4 C:\Users\Alex\AppData\Local\Temp\ccxmf4Ab.o
                0x0800089e                _lseek
 .text._read    0x080008a2        0x6 C:\Users\Alex\AppData\Local\Temp\ccxmf4Ab.o
                0x080008a2                _read
 .text._write   0x080008a8       0x34 C:\Users\Alex\AppData\Local\Temp\ccxmf4Ab.o
                0x080008a8                _write
 .text.gpio_set_mode
                0x080008dc       0x34 C:\Users\Alex\AppData\Local\Temp\ccRLYUsj.o
 .text.gpio_set_af
                0x08000910       0x2e C:\Users\Alex\AppData\Local\Temp\ccRLYUsj.o
 *fill*         0x0800093e        0x2 
 .text.uart_init.constprop.0
                0x08000940       0xb0 C:\Users\Alex\AppData\Local\Temp\ccRLYUsj.o
 .text.init_internals
                0x080009f0      0x108 C:\Users\Alex\AppData\Local\Temp\ccRLYUsj.o
                0x080009f0                init_internals
 .text.init_peripherals
                0x08000af8       0x30 C:\Users\Alex\AppData\Local\Temp\ccRLYUsj.o
                0x08000af8                init_peripherals
 .text.init_STM32
                0x08000b28       0x30 C:\Users\Alex\AppData\Local\Temp\ccRLYUsj.o
                0x08000b28                init_STM32
 .text.printf   0x08000b58       0x24 c:/program files (x86)/arm gnu toolchain arm-none-eabi/12.2 rel1/bin/../lib/gcc/arm-none-eabi/12.2.1/thumb/v7e-m+fp/hard\libc_nano.a(libc_a-printf.o)
                0x08000b58                iprintf
                0x08000b58                printf
 .text._puts_r  0x08000b7c       0xaa c:/program files (x86)/arm gnu toolchain arm-none-eabi/12.2 rel1/bin/../lib/gcc/arm-none-eabi/12.2.1/thumb/v7e-m+fp/hard\libc_nano.a(libc_a-puts.o)
                0x08000b7c                _puts_r
 *fill*         0x08000c26        0x2 
 .text.puts     0x08000c28       0x10 c:/program files (x86)/arm gnu toolchain arm-none-eabi/12.2 rel1/bin/../lib/gcc/arm-none-eabi/12.2.1/thumb/v7e-m+fp/hard\libc_nano.a(libc_a-puts.o)
                0x08000c28                puts
 .text.__swbuf_r
                0x08000c38       0x7c c:/program files (x86)/arm gnu toolchain arm-none-eabi/12.2 rel1/bin/../lib/gcc/arm-none-eabi/12.2.1/thumb/v7e-m+fp/hard\libc_nano.a(libc_a-wbuf.o)
                0x08000c38                __swbuf_r
 .text.__swsetup_r
                0x08000cb4       0xac c:/program files (x86)/arm gnu toolchain arm-none-eabi/12.2 rel1/bin/../lib/gcc/arm-none-eabi/12.2.1/thumb/v7e-m+fp/hard\libc_nano.a(libc_a-wsetup.o)
                0x08000cb4                __swsetup_r
 .text.memset   0x08000d60       0x10 c:/program files (x86)/arm gnu toolchain arm-none-eabi/12.2 rel1/bin/../lib/gcc/arm-none-eabi/12.2.1/thumb/v7e-m+fp/hard\libc_nano.a(libc_a-memset.o)
                0x08000d60                memset
 .text.__retarget_lock_init_recursive
                0x08000d70        0x2 c:/program files (x86)/arm gnu toolchain arm-none-eabi/12.2 rel1/bin/../lib/gcc/arm-none-eabi/12.2.1/thumb/v7e-m+fp/hard\libc_nano.a(libc_a-lock.o)
                0x08000d70                __retarget_lock_init_recursive
 .text.__retarget_lock_acquire_recursive
                0x08000d72        0x2 c:/program files (x86)/arm gnu toolchain arm-none-eabi/12.2 rel1/bin/../lib/gcc/arm-none-eabi/12.2.1/thumb/v7e-m+fp/hard\libc_nano.a(libc_a-lock.o)
                0x08000d72                __retarget_lock_acquire_recursive
 .text.__retarget_lock_release_recursive
                0x08000d74        0x2 c:/program files (x86)/arm gnu toolchain arm-none-eabi/12.2 rel1/bin/../lib/gcc/arm-none-eabi/12.2.1/thumb/v7e-m+fp/hard\libc_nano.a(libc_a-lock.o)
                0x08000d74                __retarget_lock_release_recursive
 .text.memcpy   0x08000d76       0x1c c:/program files (x86)/arm gnu toolchain arm-none-eabi/12.2 rel1/bin/../lib/gcc/arm-none-eabi/12.2.1/thumb/v7e-m+fp/hard\libc_nano.a(libc_a-memcpy-stub.o)
                0x08000d76                memcpy
 *fill*         0x08000d92        0x2 
 .text._free_r  0x08000d94       0x94 c:/program files (x86)/arm gnu toolchain arm-none-eabi/12.2 rel1/bin/../lib/gcc/arm-none-eabi/12.2.1/thumb/v7e-m+fp/hard\libc_nano.a(libc_a-freer.o)
                0x08000d94                _free_r
 .text.sbrk_aligned
                0x08000e28       0x44 c:/program files (x86)/arm gnu toolchain arm-none-eabi/12.2 rel1/bin/../lib/gcc/arm-none-eabi/12.2.1/thumb/v7e-m+fp/hard\libc_nano.a(libc_a-mallocr.o)
 .text._malloc_r
                0x08000e6c       0xf0 c:/program files (x86)/arm gnu toolchain arm-none-eabi/12.2 rel1/bin/../lib/gcc/arm-none-eabi/12.2.1/thumb/v7e-m+fp/hard\libc_nano.a(libc_a-mallocr.o)
                0x08000e6c                _malloc_r
 .text.__malloc_lock
                0x08000f5c        0xc c:/program files (x86)/arm gnu toolchain arm-none-eabi/12.2 rel1/bin/../lib/gcc/arm-none-eabi/12.2.1/thumb/v7e-m+fp/hard\libc_nano.a(libc_a-mlock.o)
                0x08000f5c                __malloc_lock
 .text.__malloc_unlock
                0x08000f68        0xc c:/program files (x86)/arm gnu toolchain arm-none-eabi/12.2 rel1/bin/../lib/gcc/arm-none-eabi/12.2.1/thumb/v7e-m+fp/hard\libc_nano.a(libc_a-mlock.o)
                0x08000f68                __malloc_unlock
 .text.__sfputc_r
                0x08000f74       0x2e c:/program files (x86)/arm gnu toolchain arm-none-eabi/12.2 rel1/bin/../lib/gcc/arm-none-eabi/12.2.1/thumb/v7e-m+fp/hard\libc_nano.a(libc_a-nano-vfprintf.o)
 .text.__sfputs_r
                0x08000fa2       0x24 c:/program files (x86)/arm gnu toolchain arm-none-eabi/12.2 rel1/bin/../lib/gcc/arm-none-eabi/12.2.1/thumb/v7e-m+fp/hard\libc_nano.a(libc_a-nano-vfprintf.o)
                0x08000fa2                __sfputs_r
 *fill*         0x08000fc6        0x2 
 .text._vfprintf_r
                0x08000fc8      0x230 c:/program files (x86)/arm gnu toolchain arm-none-eabi/12.2 rel1/bin/../lib/gcc/arm-none-eabi/12.2.1/thumb/v7e-m+fp/hard\libc_nano.a(libc_a-nano-vfprintf.o)
                0x08000fc8                _vfprintf_r
                0x08000fc8                _vfiprintf_r
 .text._printf_common
                0x080011f8       0xda c:/program files (x86)/arm gnu toolchain arm-none-eabi/12.2 rel1/bin/../lib/gcc/arm-none-eabi/12.2.1/thumb/v7e-m+fp/hard\libc_nano.a(libc_a-nano-vfprintf_i.o)
                0x080011f8                _printf_common
 *fill*         0x080012d2        0x2 
 .text._printf_i
                0x080012d4      0x258 c:/program files (x86)/arm gnu toolchain arm-none-eabi/12.2 rel1/bin/../lib/gcc/arm-none-eabi/12.2.1/thumb/v7e-m+fp/hard\libc_nano.a(libc_a-nano-vfprintf_i.o)
                0x080012d4                _printf_i
 .text.__sflush_r
                0x0800152c      0x108 c:/program files (x86)/arm gnu toolchain arm-none-eabi/12.2 rel1/bin/../lib/gcc/arm-none-eabi/12.2.1/thumb/v7e-m+fp/hard\libc_nano.a(libc_a-fflush.o)
                0x0800152c                __sflush_r
 .text._fflush_r
                0x08001634       0x50 c:/program files (x86)/arm gnu toolchain arm-none-eabi/12.2 rel1/bin/../lib/gcc/arm-none-eabi/12.2.1/thumb/v7e-m+fp/hard\libc_nano.a(libc_a-fflush.o)
                0x08001634                _fflush_r
 .text.std      0x08001684       0x6c c:/program files (x86)/arm gnu toolchain arm-none-eabi/12.2 rel1/bin/../lib/gcc/arm-none-eabi/12.2.1/thumb/v7e-m+fp/hard\libc_nano.a(libc_a-findfp.o)
 .text.stdio_exit_handler
                0x080016f0       0x18 c:/program files (x86)/arm gnu toolchain arm-none-eabi/12.2 rel1/bin/../lib/gcc/arm-none-eabi/12.2.1/thumb/v7e-m+fp/hard\libc_nano.a(libc_a-findfp.o)
 .text.cleanup_stdio
                0x08001708       0x40 c:/program files (x86)/arm gnu toolchain arm-none-eabi/12.2 rel1/bin/../lib/gcc/arm-none-eabi/12.2.1/thumb/v7e-m+fp/hard\libc_nano.a(libc_a-findfp.o)
 .text.global_stdio_init.part.0
                0x08001748       0x3c c:/program files (x86)/arm gnu toolchain arm-none-eabi/12.2 rel1/bin/../lib/gcc/arm-none-eabi/12.2.1/thumb/v7e-m+fp/hard\libc_nano.a(libc_a-findfp.o)
 .text.__sfp_lock_acquire
                0x08001784        0xc c:/program files (x86)/arm gnu toolchain arm-none-eabi/12.2 rel1/bin/../lib/gcc/arm-none-eabi/12.2.1/thumb/v7e-m+fp/hard\libc_nano.a(libc_a-findfp.o)
                0x08001784                __sfp_lock_acquire
 .text.__sfp_lock_release
                0x08001790        0xc c:/program files (x86)/arm gnu toolchain arm-none-eabi/12.2 rel1/bin/../lib/gcc/arm-none-eabi/12.2.1/thumb/v7e-m+fp/hard\libc_nano.a(libc_a-findfp.o)
                0x08001790                __sfp_lock_release
 .text.__sinit  0x0800179c       0x30 c:/program files (x86)/arm gnu toolchain arm-none-eabi/12.2 rel1/bin/../lib/gcc/arm-none-eabi/12.2.1/thumb/v7e-m+fp/hard\libc_nano.a(libc_a-findfp.o)
                0x0800179c                __sinit
 .text._fwalk_sglue
                0x080017cc       0x3c c:/program files (x86)/arm gnu toolchain arm-none-eabi/12.2 rel1/bin/../lib/gcc/arm-none-eabi/12.2.1/thumb/v7e-m+fp/hard\libc_nano.a(libc_a-fwalk.o)
                0x080017cc                _fwalk_sglue
 .text.__swhatbuf_r
                0x08001808       0x4c c:/program files (x86)/arm gnu toolchain arm-none-eabi/12.2 rel1/bin/../lib/gcc/arm-none-eabi/12.2.1/thumb/v7e-m+fp/hard\libc_nano.a(libc_a-makebuf.o)
                0x08001808                __swhatbuf_r
 .text.__smakebuf_r
                0x08001854       0x78 c:/program files (x86)/arm gnu toolchain arm-none-eabi/12.2 rel1/bin/../lib/gcc/arm-none-eabi/12.2.1/thumb/v7e-m+fp/hard\libc_nano.a(libc_a-makebuf.o)
                0x08001854                __smakebuf_r
 .text.__sread  0x080018cc       0x22 c:/program files (x86)/arm gnu toolchain arm-none-eabi/12.2 rel1/bin/../lib/gcc/arm-none-eabi/12.2.1/thumb/v7e-m+fp/hard\libc_nano.a(libc_a-stdio.o)
                0x080018cc                __sread
 .text.__swrite
                0x080018ee       0x38 c:/program files (x86)/arm gnu toolchain arm-none-eabi/12.2 rel1/bin/../lib/gcc/arm-none-eabi/12.2.1/thumb/v7e-m+fp/hard\libc_nano.a(libc_a-stdio.o)
                0x080018ee                __swrite
 .text.__sseek  0x08001926       0x24 c:/program files (x86)/arm gnu toolchain arm-none-eabi/12.2 rel1/bin/../lib/gcc/arm-none-eabi/12.2.1/thumb/v7e-m+fp/hard\libc_nano.a(libc_a-stdio.o)
                0x08001926                __sseek
 .text.__sclose
                0x0800194a        0x8 c:/program files (x86)/arm gnu toolchain arm-none-eabi/12.2 rel1/bin/../lib/gcc/arm-none-eabi/12.2.1/thumb/v7e-m+fp/hard\libc_nano.a(libc_a-stdio.o)
                0x0800194a                __sclose
 *fill*         0x08001952        0x2 
 .text._close_r
                0x08001954       0x20 c:/program files (x86)/arm gnu toolchain arm-none-eabi/12.2 rel1/bin/../lib/gcc/arm-none-eabi/12.2.1/thumb/v7e-m+fp/hard\libc_nano.a(libc_a-closer.o)
                0x08001954                _close_r
 .text._fstat_r
                0x08001974       0x24 c:/program files (x86)/arm gnu toolchain arm-none-eabi/12.2 rel1/bin/../lib/gcc/arm-none-eabi/12.2.1/thumb/v7e-m+fp/hard\libc_nano.a(libc_a-fstatr.o)
                0x08001974                _fstat_r
 .text._isatty_r
                0x08001998       0x20 c:/program files (x86)/arm gnu toolchain arm-none-eabi/12.2 rel1/bin/../lib/gcc/arm-none-eabi/12.2.1/thumb/v7e-m+fp/hard\libc_nano.a(libc_a-isattyr.o)
                0x08001998                _isatty_r
 .text._lseek_r
                0x080019b8       0x24 c:/program files (x86)/arm gnu toolchain arm-none-eabi/12.2 rel1/bin/../lib/gcc/arm-none-eabi/12.2.1/thumb/v7e-m+fp/hard\libc_nano.a(libc_a-lseekr.o)
                0x080019b8                _lseek_r
 .text._read_r  0x080019dc       0x24 c:/program files (x86)/arm gnu toolchain arm-none-eabi/12.2 rel1/bin/../lib/gcc/arm-none-eabi/12.2.1/thumb/v7e-m+fp/hard\libc_nano.a(libc_a-readr.o)
                0x080019dc                _read_r
 .text._sbrk_r  0x08001a00       0x20 c:/program files (x86)/arm gnu toolchain arm-none-eabi/12.2 rel1/bin/../lib/gcc/arm-none-eabi/12.2.1/thumb/v7e-m+fp/hard\libc_nano.a(libc_a-sbrkr.o)
                0x08001a00                _sbrk_r
 .text._write_r
                0x08001a20       0x24 c:/program files (x86)/arm gnu toolchain arm-none-eabi/12.2 rel1/bin/../lib/gcc/arm-none-eabi/12.2.1/thumb/v7e-m+fp/hard\libc_nano.a(libc_a-writer.o)
                0x08001a20                _write_r
 *fill*         0x08001a44        0xc 
 .text          0x08001a50       0xa0 c:/program files (x86)/arm gnu toolchain arm-none-eabi/12.2 rel1/bin/../lib/gcc/arm-none-eabi/12.2.1/thumb/v7e-m+fp/hard\libc_nano.a(libc_a-memchr.o)
                0x08001a50                memchr

.glue_7         0x08001af0        0x0
 .glue_7        0x08001af0        0x0 linker stubs

.glue_7t        0x08001af0        0x0
 .glue_7t       0x08001af0        0x0 linker stubs

.vfp11_veneer   0x08001af0        0x0
 .vfp11_veneer  0x08001af0        0x0 linker stubs

.v4_bx          0x08001af0        0x0
 .v4_bx         0x08001af0        0x0 linker stubs

.iplt           0x08001af0        0x0
 .iplt          0x08001af0        0x0 C:\Users\Alex\AppData\Local\Temp\ccBnuRny.o

.rodata         0x08001af0      0x131
 *(.rodata*)
 .rodata.print_byte.str1.1
                0x08001af0        0x6 C:\Users\Alex\AppData\Local\Temp\ccBnuRny.o
                                  0x8 (size before relaxing)
 .rodata.wait_for_ready_flag.str1.1
                0x08001af6       0x1b C:\Users\Alex\AppData\Local\Temp\ccBnuRny.o
 .rodata.read_flash_ID.str1.1
                0x08001b11        0x7 C:\Users\Alex\AppData\Local\Temp\ccBnuRny.o
 .rodata.init_flash.str1.1
                0x08001b18       0x19 C:\Users\Alex\AppData\Local\Temp\ccBnuRny.o
 .rodata.main.str1.1
                0x08001b31       0xbd C:\Users\Alex\AppData\Local\Temp\ccBnuRny.o
 .rodata._vfprintf_r.str1.1
                0x08001bee       0x11 c:/program files (x86)/arm gnu toolchain arm-none-eabi/12.2 rel1/bin/../lib/gcc/arm-none-eabi/12.2.1/thumb/v7e-m+fp/hard\libc_nano.a(libc_a-nano-vfprintf.o)
 .rodata._printf_i.str1.1
                0x08001bff       0x22 c:/program files (x86)/arm gnu toolchain arm-none-eabi/12.2 rel1/bin/../lib/gcc/arm-none-eabi/12.2.1/thumb/v7e-m+fp/hard\libc_nano.a(libc_a-nano-vfprintf_i.o)

.rel.dyn        0x08001c24        0x0
 .rel.iplt      0x08001c24        0x0 C:\Users\Alex\AppData\Local\Temp\ccBnuRny.o

.data           0x20000000       0x7d load address 0x08001c21
                0x20000000                _sdata = .
 *(.first_data)
 *(.data SORT_BY_NAME(.data.*))
 .data.ALE      0x20000000        0x2 C:\Users\Alex\AppData\Local\Temp\ccBnuRny.o
                0x20000000                ALE
 .data.CE       0x20000002        0x2 C:\Users\Alex\AppData\Local\Temp\ccBnuRny.o
                0x20000002                CE
 .data.CLE      0x20000004        0x2 C:\Users\Alex\AppData\Local\Temp\ccBnuRny.o
                0x20000004                CLE
 .data.RB       0x20000006        0x2 C:\Users\Alex\AppData\Local\Temp\ccBnuRny.o
                0x20000006                RB
 .data.RE       0x20000008        0x2 C:\Users\Alex\AppData\Local\Temp\ccBnuRny.o
                0x20000008                RE
 .data.WE       0x2000000a        0x2 C:\Users\Alex\AppData\Local\Temp\ccBnuRny.o
                0x2000000a                WE
 .data.WP       0x2000000c        0x2 C:\Users\Alex\AppData\Local\Temp\ccBnuRny.o
                0x2000000c                WP
 *fill*         0x2000000e        0x2 
 .data.__sglue  0x20000010        0xc c:/program files (x86)/arm gnu toolchain arm-none-eabi/12.2 rel1/bin/../lib/gcc/arm-none-eabi/12.2.1/thumb/v7e-m+fp/hard\libc_nano.a(libc_a-findfp.o)
                0x20000010                __sglue
 .data._impure_data
                0x2000001c       0x4c c:/program files (x86)/arm gnu toolchain arm-none-eabi/12.2 rel1/bin/../lib/gcc/arm-none-eabi/12.2.1/thumb/v7e-m+fp/hard\libc_nano.a(libc_a-impure.o)
                0x2000001c                _impure_data
 .data._impure_ptr
                0x20000068        0x4 c:/program files (x86)/arm gnu toolchain arm-none-eabi/12.2 rel1/bin/../lib/gcc/arm-none-eabi/12.2.1/thumb/v7e-m+fp/hard\libc_nano.a(libc_a-impure.o)
                0x20000068                _impure_ptr
 .data.data0    0x2000006c        0x2 C:\Users\Alex\AppData\Local\Temp\ccBnuRny.o
                0x2000006c                data0
 .data.data1    0x2000006e        0x2 C:\Users\Alex\AppData\Local\Temp\ccBnuRny.o
                0x2000006e                data1
 .data.data2    0x20000070        0x2 C:\Users\Alex\AppData\Local\Temp\ccBnuRny.o
                0x20000070                data2
 .data.data3    0x20000072        0x2 C:\Users\Alex\AppData\Local\Temp\ccBnuRny.o
                0x20000072                data3
 .data.data4    0x20000074        0x2 C:\Users\Alex\AppData\Local\Temp\ccBnuRny.o
                0x20000074                data4
 .data.data5    0x20000076        0x2 C:\Users\Alex\AppData\Local\Temp\ccBnuRny.o
                0x20000076                data5
 .data.data6    0x20000078        0x2 C:\Users\Alex\AppData\Local\Temp\ccBnuRny.o
                0x20000078                data6
 .data.data7    0x2000007a        0x2 C:\Users\Alex\AppData\Local\Temp\ccBnuRny.o
                0x2000007a                data7
 .data.globalPinMode
                0x2000007c        0x1 C:\Users\Alex\AppData\Local\Temp\ccBnuRny.o
                0x2000007c                globalPinMode
                0x2000007d                _edata = .
                0x08001c21                _sidata = LOADADDR (.data)

.igot.plt       0x20000080        0x0 load address 0x08001c9e
 .igot.plt      0x20000080        0x0 C:\Users\Alex\AppData\Local\Temp\ccBnuRny.o

.bss            0x20000080      0x158 load address 0x08001c9e
                0x20000080                _sbss = .
 *(.bss SORT_BY_NAME(.bss.*) COMMON)
 .bss.__lock___malloc_recursive_mutex
                0x20000080        0x1 c:/program files (x86)/arm gnu toolchain arm-none-eabi/12.2 rel1/bin/../lib/gcc/arm-none-eabi/12.2.1/thumb/v7e-m+fp/hard\libc_nano.a(libc_a-lock.o)
                0x20000080                __lock___malloc_recursive_mutex
 .bss.__lock___sfp_recursive_mutex
                0x20000081        0x1 c:/program files (x86)/arm gnu toolchain arm-none-eabi/12.2 rel1/bin/../lib/gcc/arm-none-eabi/12.2.1/thumb/v7e-m+fp/hard\libc_nano.a(libc_a-lock.o)
                0x20000081                __lock___sfp_recursive_mutex
 *fill*         0x20000082        0x2 
 .bss.__malloc_free_list
                0x20000084        0x4 c:/program files (x86)/arm gnu toolchain arm-none-eabi/12.2 rel1/bin/../lib/gcc/arm-none-eabi/12.2.1/thumb/v7e-m+fp/hard\libc_nano.a(libc_a-mallocr.o)
                0x20000084                __malloc_free_list
 .bss.__malloc_sbrk_start
                0x20000088        0x4 c:/program files (x86)/arm gnu toolchain arm-none-eabi/12.2 rel1/bin/../lib/gcc/arm-none-eabi/12.2.1/thumb/v7e-m+fp/hard\libc_nano.a(libc_a-mallocr.o)
                0x20000088                __malloc_sbrk_start
 .bss.__sf      0x2000008c      0x138 c:/program files (x86)/arm gnu toolchain arm-none-eabi/12.2 rel1/bin/../lib/gcc/arm-none-eabi/12.2.1/thumb/v7e-m+fp/hard\libc_nano.a(libc_a-findfp.o)
                0x2000008c                __sf
 .bss.__stdio_exit_handler
                0x200001c4        0x4 c:/program files (x86)/arm gnu toolchain arm-none-eabi/12.2 rel1/bin/../lib/gcc/arm-none-eabi/12.2.1/thumb/v7e-m+fp/hard\libc_nano.a(libc_a-findfp.o)
                0x200001c4                __stdio_exit_handler
 .bss.errno     0x200001c8        0x4 c:/program files (x86)/arm gnu toolchain arm-none-eabi/12.2 rel1/bin/../lib/gcc/arm-none-eabi/12.2.1/thumb/v7e-m+fp/hard\libc_nano.a(libc_a-reent.o)
                0x200001c8                errno
 .bss.frameAddressPointer
                0x200001cc        0x4 C:\Users\Alex\AppData\Local\Temp\ccBnuRny.o
                0x200001cc                frameAddressPointer
 .bss.heap.0    0x200001d0        0x4 C:\Users\Alex\AppData\Local\Temp\ccxmf4Ab.o
 .bss.s_ticks   0x200001d4        0x4 C:\Users\Alex\AppData\Local\Temp\ccBnuRny.o
                0x200001d8                _ebss = .
                0x200001d8                . = ALIGN (0x8)
                0x200001d8                _end = .
OUTPUT(firmware.elf elf32-littlearm)
LOAD linker stubs

.debug_info     0x00000000     0x4ac6
 .debug_info    0x00000000     0x2d41 C:\Users\Alex\AppData\Local\Temp\ccBnuRny.o
 .debug_info    0x00002d41      0x139 C:\Users\Alex\AppData\Local\Temp\cc89h62c.o
 .debug_info    0x00002e7a      0x7fb C:\Users\Alex\AppData\Local\Temp\ccxmf4Ab.o
 .debug_info    0x00003675     0x1451 C:\Users\Alex\AppData\Local\Temp\ccRLYUsj.o

.debug_abbrev   0x00000000      0xd0c
 .debug_abbrev  0x00000000      0x68f C:\Users\Alex\AppData\Local\Temp\ccBnuRny.o
 .debug_abbrev  0x0000068f       0xe8 C:\Users\Alex\AppData\Local\Temp\cc89h62c.o
 .debug_abbrev  0x00000777      0x29e C:\Users\Alex\AppData\Local\Temp\ccxmf4Ab.o
 .debug_abbrev  0x00000a15      0x2f7 C:\Users\Alex\AppData\Local\Temp\ccRLYUsj.o

.debug_loclists
                0x00000000     0x2cb9
 .debug_loclists
                0x00000000     0x25c8 C:\Users\Alex\AppData\Local\Temp\ccBnuRny.o
 .debug_loclists
                0x000025c8      0x1cb C:\Users\Alex\AppData\Local\Temp\ccxmf4Ab.o
 .debug_loclists
                0x00002793      0x526 C:\Users\Alex\AppData\Local\Temp\ccRLYUsj.o

.debug_aranges  0x00000000      0x2c0
 .debug_aranges
                0x00000000      0x190 C:\Users\Alex\AppData\Local\Temp\ccBnuRny.o
 .debug_aranges
                0x00000190       0x20 C:\Users\Alex\AppData\Local\Temp\cc89h62c.o
 .debug_aranges
                0x000001b0       0x90 C:\Users\Alex\AppData\Local\Temp\ccxmf4Ab.o
 .debug_aranges
                0x00000240       0x80 C:\Users\Alex\AppData\Local\Temp\ccRLYUsj.o

.debug_rnglists
                0x00000000      0x445
 .debug_rnglists
                0x00000000      0x2db C:\Users\Alex\AppData\Local\Temp\ccBnuRny.o
 .debug_rnglists
                0x000002db       0x13 C:\Users\Alex\AppData\Local\Temp\cc89h62c.o
 .debug_rnglists
                0x000002ee       0x7f C:\Users\Alex\AppData\Local\Temp\ccxmf4Ab.o
 .debug_rnglists
                0x0000036d       0xd8 C:\Users\Alex\AppData\Local\Temp\ccRLYUsj.o

.debug_macro    0x00000000    0x20b2b
 .debug_macro   0x00000000      0x2d0 C:\Users\Alex\AppData\Local\Temp\ccBnuRny.o
 .debug_macro   0x000002d0      0xaa8 C:\Users\Alex\AppData\Local\Temp\ccBnuRny.o
 .debug_macro   0x00000d78       0x22 C:\Users\Alex\AppData\Local\Temp\ccBnuRny.o
 .debug_macro   0x00000d9a       0x5b C:\Users\Alex\AppData\Local\Temp\ccBnuRny.o
 .debug_macro   0x00000df5       0x2a C:\Users\Alex\AppData\Local\Temp\ccBnuRny.o
 .debug_macro   0x00000e1f       0x94 C:\Users\Alex\AppData\Local\Temp\ccBnuRny.o
 .debug_macro   0x00000eb3       0x43 C:\Users\Alex\AppData\Local\Temp\ccBnuRny.o
 .debug_macro   0x00000ef6       0x34 C:\Users\Alex\AppData\Local\Temp\ccBnuRny.o
 .debug_macro   0x00000f2a       0x16 C:\Users\Alex\AppData\Local\Temp\ccBnuRny.o
 .debug_macro   0x00000f40       0x57 C:\Users\Alex\AppData\Local\Temp\ccBnuRny.o
 .debug_macro   0x00000f97       0x9e C:\Users\Alex\AppData\Local\Temp\ccBnuRny.o
 .debug_macro   0x00001035      0x369 C:\Users\Alex\AppData\Local\Temp\ccBnuRny.o
 .debug_macro   0x0000139e      0x10b C:\Users\Alex\AppData\Local\Temp\ccBnuRny.o
 .debug_macro   0x000014a9       0x10 C:\Users\Alex\AppData\Local\Temp\ccBnuRny.o
 .debug_macro   0x000014b9       0x16 C:\Users\Alex\AppData\Local\Temp\ccBnuRny.o
 .debug_macro   0x000014cf       0x43 C:\Users\Alex\AppData\Local\Temp\ccBnuRny.o
 .debug_macro   0x00001512       0x34 C:\Users\Alex\AppData\Local\Temp\ccBnuRny.o
 .debug_macro   0x00001546       0x10 C:\Users\Alex\AppData\Local\Temp\ccBnuRny.o
 .debug_macro   0x00001556       0x58 C:\Users\Alex\AppData\Local\Temp\ccBnuRny.o
 .debug_macro   0x000015ae       0x8e C:\Users\Alex\AppData\Local\Temp\ccBnuRny.o
 .debug_macro   0x0000163c       0x1c C:\Users\Alex\AppData\Local\Temp\ccBnuRny.o
 .debug_macro   0x00001658      0x177 C:\Users\Alex\AppData\Local\Temp\ccBnuRny.o
 .debug_macro   0x000017cf       0x16 C:\Users\Alex\AppData\Local\Temp\ccBnuRny.o
 .debug_macro   0x000017e5       0x16 C:\Users\Alex\AppData\Local\Temp\ccBnuRny.o
 .debug_macro   0x000017fb      0x146 C:\Users\Alex\AppData\Local\Temp\ccBnuRny.o
 .debug_macro   0x00001941      0x103 C:\Users\Alex\AppData\Local\Temp\ccBnuRny.o
 .debug_macro   0x00001a44       0x6a C:\Users\Alex\AppData\Local\Temp\ccBnuRny.o
 .debug_macro   0x00001aae      0x1df C:\Users\Alex\AppData\Local\Temp\ccBnuRny.o
 .debug_macro   0x00001c8d       0x35 C:\Users\Alex\AppData\Local\Temp\ccBnuRny.o
 .debug_macro   0x00001cc2      0x460 C:\Users\Alex\AppData\Local\Temp\ccBnuRny.o
 .debug_macro   0x00002122       0x22 C:\Users\Alex\AppData\Local\Temp\ccBnuRny.o
 .debug_macro   0x00002144       0x16 C:\Users\Alex\AppData\Local\Temp\ccBnuRny.o
 .debug_macro   0x0000215a       0x16 C:\Users\Alex\AppData\Local\Temp\ccBnuRny.o
 .debug_macro   0x00002170       0x29 C:\Users\Alex\AppData\Local\Temp\ccBnuRny.o
 .debug_macro   0x00002199       0x16 C:\Users\Alex\AppData\Local\Temp\ccBnuRny.o
 .debug_macro   0x000021af       0x10 C:\Users\Alex\AppData\Local\Temp\ccBnuRny.o
 .debug_macro   0x000021bf       0x10 C:\Users\Alex\AppData\Local\Temp\ccBnuRny.o
 .debug_macro   0x000021cf       0x10 C:\Users\Alex\AppData\Local\Temp\ccBnuRny.o
 .debug_macro   0x000021df       0x1c C:\Users\Alex\AppData\Local\Temp\ccBnuRny.o
 .debug_macro   0x000021fb       0x52 C:\Users\Alex\AppData\Local\Temp\ccBnuRny.o
 .debug_macro   0x0000224d       0x22 C:\Users\Alex\AppData\Local\Temp\ccBnuRny.o
 .debug_macro   0x0000226f       0x10 C:\Users\Alex\AppData\Local\Temp\ccBnuRny.o
 .debug_macro   0x0000227f       0x52 C:\Users\Alex\AppData\Local\Temp\ccBnuRny.o
 .debug_macro   0x000022d1       0xc1 C:\Users\Alex\AppData\Local\Temp\ccBnuRny.o
 .debug_macro   0x00002392       0x1c C:\Users\Alex\AppData\Local\Temp\ccBnuRny.o
 .debug_macro   0x000023ae       0x3d C:\Users\Alex\AppData\Local\Temp\ccBnuRny.o
 .debug_macro   0x000023eb       0x35 C:\Users\Alex\AppData\Local\Temp\ccBnuRny.o
 .debug_macro   0x00002420      0x12c C:\Users\Alex\AppData\Local\Temp\ccBnuRny.o
 .debug_macro   0x0000254c       0x28 C:\Users\Alex\AppData\Local\Temp\ccBnuRny.o
 .debug_macro   0x00002574       0x1c C:\Users\Alex\AppData\Local\Temp\ccBnuRny.o
 .debug_macro   0x00002590       0x22 C:\Users\Alex\AppData\Local\Temp\ccBnuRny.o
 .debug_macro   0x000025b2       0xd9 C:\Users\Alex\AppData\Local\Temp\ccBnuRny.o
 .debug_macro   0x0000268b     0x102d C:\Users\Alex\AppData\Local\Temp\ccBnuRny.o
 .debug_macro   0x000036b8      0x11f C:\Users\Alex\AppData\Local\Temp\ccBnuRny.o
 .debug_macro   0x000037d7    0x1cb71 C:\Users\Alex\AppData\Local\Temp\ccBnuRny.o
 .debug_macro   0x00020348       0x50 C:\Users\Alex\AppData\Local\Temp\ccBnuRny.o
 .debug_macro   0x00020398       0x76 C:\Users\Alex\AppData\Local\Temp\ccBnuRny.o
 .debug_macro   0x0002040e       0x16 C:\Users\Alex\AppData\Local\Temp\ccBnuRny.o
 .debug_macro   0x00020424       0x11 C:\Users\Alex\AppData\Local\Temp\cc89h62c.o
 .debug_macro   0x00020435      0x2b2 C:\Users\Alex\AppData\Local\Temp\ccxmf4Ab.o
 .debug_macro   0x000206e7       0x3a C:\Users\Alex\AppData\Local\Temp\ccxmf4Ab.o
 .debug_macro   0x00020721       0x89 C:\Users\Alex\AppData\Local\Temp\ccxmf4Ab.o
 .debug_macro   0x000207aa       0x1c C:\Users\Alex\AppData\Local\Temp\ccxmf4Ab.o
 .debug_macro   0x000207c6       0x94 C:\Users\Alex\AppData\Local\Temp\ccxmf4Ab.o
 .debug_macro   0x0002085a      0x2c1 C:\Users\Alex\AppData\Local\Temp\ccRLYUsj.o
 .debug_macro   0x00020b1b       0x10 C:\Users\Alex\AppData\Local\Temp\ccRLYUsj.o

.debug_line     0x00000000     0x2bad
 .debug_line    0x00000000     0x193d C:\Users\Alex\AppData\Local\Temp\ccBnuRny.o
 .debug_line    0x0000193d       0x67 C:\Users\Alex\AppData\Local\Temp\cc89h62c.o
 .debug_line    0x000019a4      0x6df C:\Users\Alex\AppData\Local\Temp\ccxmf4Ab.o
 .debug_line    0x00002083      0xb2a C:\Users\Alex\AppData\Local\Temp\ccRLYUsj.o

.debug_str      0x00000000    0xb308f
 .debug_str     0x00000000    0xb2cef C:\Users\Alex\AppData\Local\Temp\ccBnuRny.o
                              0xb2fac (size before relaxing)
 .debug_str     0x000b2cef       0x3b C:\Users\Alex\AppData\Local\Temp\cc89h62c.o
                               0x2e36 (size before relaxing)
 .debug_str     0x000b2d2a      0x19b C:\Users\Alex\AppData\Local\Temp\ccxmf4Ab.o
                              0xb26f9 (size before relaxing)
 .debug_str     0x000b2ec5      0x1ca C:\Users\Alex\AppData\Local\Temp\ccRLYUsj.o
                              0xb2955 (size before relaxing)

.comment        0x00000000       0x45
 .comment       0x00000000       0x45 C:\Users\Alex\AppData\Local\Temp\ccBnuRny.o
                                 0x46 (size before relaxing)
 .comment       0x00000045       0x46 C:\Users\Alex\AppData\Local\Temp\cc89h62c.o
 .comment       0x00000045       0x46 C:\Users\Alex\AppData\Local\Temp\ccxmf4Ab.o
 .comment       0x00000045       0x46 C:\Users\Alex\AppData\Local\Temp\ccRLYUsj.o

.ARM.attributes
                0x00000000       0x32
 .ARM.attributes
                0x00000000       0x34 C:\Users\Alex\AppData\Local\Temp\ccBnuRny.o
 .ARM.attributes
                0x00000034       0x34 C:\Users\Alex\AppData\Local\Temp\cc89h62c.o
 .ARM.attributes
                0x00000068       0x34 C:\Users\Alex\AppData\Local\Temp\ccxmf4Ab.o
 .ARM.attributes
                0x0000009c       0x34 C:\Users\Alex\AppData\Local\Temp\ccRLYUsj.o
 .ARM.attributes
                0x000000d0       0x34 c:/program files (x86)/arm gnu toolchain arm-none-eabi/12.2 rel1/bin/../lib/gcc/arm-none-eabi/12.2.1/thumb/v7e-m+fp/hard\libc_nano.a(libc_a-printf.o)
 .ARM.attributes
                0x00000104       0x34 c:/program files (x86)/arm gnu toolchain arm-none-eabi/12.2 rel1/bin/../lib/gcc/arm-none-eabi/12.2.1/thumb/v7e-m+fp/hard\libc_nano.a(libc_a-puts.o)
 .ARM.attributes
                0x00000138       0x34 c:/program files (x86)/arm gnu toolchain arm-none-eabi/12.2 rel1/bin/../lib/gcc/arm-none-eabi/12.2.1/thumb/v7e-m+fp/hard\libc_nano.a(libc_a-wbuf.o)
 .ARM.attributes
                0x0000016c       0x34 c:/program files (x86)/arm gnu toolchain arm-none-eabi/12.2 rel1/bin/../lib/gcc/arm-none-eabi/12.2.1/thumb/v7e-m+fp/hard\libc_nano.a(libc_a-wsetup.o)
 .ARM.attributes
                0x000001a0       0x34 c:/program files (x86)/arm gnu toolchain arm-none-eabi/12.2 rel1/bin/../lib/gcc/arm-none-eabi/12.2.1/thumb/v7e-m+fp/hard\libc_nano.a(libc_a-memset.o)
 .ARM.attributes
                0x000001d4       0x34 c:/program files (x86)/arm gnu toolchain arm-none-eabi/12.2 rel1/bin/../lib/gcc/arm-none-eabi/12.2.1/thumb/v7e-m+fp/hard\libc_nano.a(libc_a-impure.o)
 .ARM.attributes
                0x00000208       0x34 c:/program files (x86)/arm gnu toolchain arm-none-eabi/12.2 rel1/bin/../lib/gcc/arm-none-eabi/12.2.1/thumb/v7e-m+fp/hard\libc_nano.a(libc_a-lock.o)
 .ARM.attributes
                0x0000023c       0x34 c:/program files (x86)/arm gnu toolchain arm-none-eabi/12.2 rel1/bin/../lib/gcc/arm-none-eabi/12.2.1/thumb/v7e-m+fp/hard\libc_nano.a(libc_a-memcpy-stub.o)
 .ARM.attributes
                0x00000270       0x34 c:/program files (x86)/arm gnu toolchain arm-none-eabi/12.2 rel1/bin/../lib/gcc/arm-none-eabi/12.2.1/thumb/v7e-m+fp/hard\libc_nano.a(libc_a-freer.o)
 .ARM.attributes
                0x000002a4       0x34 c:/program files (x86)/arm gnu toolchain arm-none-eabi/12.2 rel1/bin/../lib/gcc/arm-none-eabi/12.2.1/thumb/v7e-m+fp/hard\libc_nano.a(libc_a-mallocr.o)
 .ARM.attributes
                0x000002d8       0x34 c:/program files (x86)/arm gnu toolchain arm-none-eabi/12.2 rel1/bin/../lib/gcc/arm-none-eabi/12.2.1/thumb/v7e-m+fp/hard\libc_nano.a(libc_a-mlock.o)
 .ARM.attributes
                0x0000030c       0x34 c:/program files (x86)/arm gnu toolchain arm-none-eabi/12.2 rel1/bin/../lib/gcc/arm-none-eabi/12.2.1/thumb/v7e-m+fp/hard\libc_nano.a(libc_a-nano-vfprintf.o)
 .ARM.attributes
                0x00000340       0x34 c:/program files (x86)/arm gnu toolchain arm-none-eabi/12.2 rel1/bin/../lib/gcc/arm-none-eabi/12.2.1/thumb/v7e-m+fp/hard\libc_nano.a(libc_a-nano-vfprintf_i.o)
 .ARM.attributes
                0x00000374       0x34 c:/program files (x86)/arm gnu toolchain arm-none-eabi/12.2 rel1/bin/../lib/gcc/arm-none-eabi/12.2.1/thumb/v7e-m+fp/hard\libc_nano.a(libc_a-fflush.o)
 .ARM.attributes
                0x000003a8       0x34 c:/program files (x86)/arm gnu toolchain arm-none-eabi/12.2 rel1/bin/../lib/gcc/arm-none-eabi/12.2.1/thumb/v7e-m+fp/hard\libc_nano.a(libc_a-findfp.o)
 .ARM.attributes
                0x000003dc       0x34 c:/program files (x86)/arm gnu toolchain arm-none-eabi/12.2 rel1/bin/../lib/gcc/arm-none-eabi/12.2.1/thumb/v7e-m+fp/hard\libc_nano.a(libc_a-fwalk.o)
 .ARM.attributes
                0x00000410       0x34 c:/program files (x86)/arm gnu toolchain arm-none-eabi/12.2 rel1/bin/../lib/gcc/arm-none-eabi/12.2.1/thumb/v7e-m+fp/hard\libc_nano.a(libc_a-makebuf.o)
 .ARM.attributes
                0x00000444       0x34 c:/program files (x86)/arm gnu toolchain arm-none-eabi/12.2 rel1/bin/../lib/gcc/arm-none-eabi/12.2.1/thumb/v7e-m+fp/hard\libc_nano.a(libc_a-stdio.o)
 .ARM.attributes
                0x00000478       0x34 c:/program files (x86)/arm gnu toolchain arm-none-eabi/12.2 rel1/bin/../lib/gcc/arm-none-eabi/12.2.1/thumb/v7e-m+fp/hard\libc_nano.a(libc_a-closer.o)
 .ARM.attributes
                0x000004ac       0x34 c:/program files (x86)/arm gnu toolchain arm-none-eabi/12.2 rel1/bin/../lib/gcc/arm-none-eabi/12.2.1/thumb/v7e-m+fp/hard\libc_nano.a(libc_a-reent.o)
 .ARM.attributes
                0x000004e0       0x34 c:/program files (x86)/arm gnu toolchain arm-none-eabi/12.2 rel1/bin/../lib/gcc/arm-none-eabi/12.2.1/thumb/v7e-m+fp/hard\libc_nano.a(libc_a-fstatr.o)
 .ARM.attributes
                0x00000514       0x34 c:/program files (x86)/arm gnu toolchain arm-none-eabi/12.2 rel1/bin/../lib/gcc/arm-none-eabi/12.2.1/thumb/v7e-m+fp/hard\libc_nano.a(libc_a-isattyr.o)
 .ARM.attributes
                0x00000548       0x34 c:/program files (x86)/arm gnu toolchain arm-none-eabi/12.2 rel1/bin/../lib/gcc/arm-none-eabi/12.2.1/thumb/v7e-m+fp/hard\libc_nano.a(libc_a-lseekr.o)
 .ARM.attributes
                0x0000057c       0x34 c:/program files (x86)/arm gnu toolchain arm-none-eabi/12.2 rel1/bin/../lib/gcc/arm-none-eabi/12.2.1/thumb/v7e-m+fp/hard\libc_nano.a(libc_a-readr.o)
 .ARM.attributes
                0x000005b0       0x34 c:/program files (x86)/arm gnu toolchain arm-none-eabi/12.2 rel1/bin/../lib/gcc/arm-none-eabi/12.2.1/thumb/v7e-m+fp/hard\libc_nano.a(libc_a-sbrkr.o)
 .ARM.attributes
                0x000005e4       0x34 c:/program files (x86)/arm gnu toolchain arm-none-eabi/12.2 rel1/bin/../lib/gcc/arm-none-eabi/12.2.1/thumb/v7e-m+fp/hard\libc_nano.a(libc_a-writer.o)
 .ARM.attributes
                0x00000618       0x1c c:/program files (x86)/arm gnu toolchain arm-none-eabi/12.2 rel1/bin/../lib/gcc/arm-none-eabi/12.2.1/thumb/v7e-m+fp/hard\libc_nano.a(libc_a-memchr.o)

.debug_frame    0x00000000     0x1018
 .debug_frame   0x00000000      0x5b4 C:\Users\Alex\AppData\Local\Temp\ccBnuRny.o
 .debug_frame   0x000005b4       0x20 C:\Users\Alex\AppData\Local\Temp\cc89h62c.o
 .debug_frame   0x000005d4      0x108 C:\Users\Alex\AppData\Local\Temp\ccxmf4Ab.o
 .debug_frame   0x000006dc      0x154 C:\Users\Alex\AppData\Local\Temp\ccRLYUsj.o
 .debug_frame   0x00000830       0x6c c:/program files (x86)/arm gnu toolchain arm-none-eabi/12.2 rel1/bin/../lib/gcc/arm-none-eabi/12.2.1/thumb/v7e-m+fp/hard\libc_nano.a(libc_a-printf.o)
 .debug_frame   0x0000089c       0x3c c:/program files (x86)/arm gnu toolchain arm-none-eabi/12.2 rel1/bin/../lib/gcc/arm-none-eabi/12.2.1/thumb/v7e-m+fp/hard\libc_nano.a(libc_a-puts.o)
 .debug_frame   0x000008d8       0x40 c:/program files (x86)/arm gnu toolchain arm-none-eabi/12.2 rel1/bin/../lib/gcc/arm-none-eabi/12.2.1/thumb/v7e-m+fp/hard\libc_nano.a(libc_a-wbuf.o)
 .debug_frame   0x00000918       0x2c c:/program files (x86)/arm gnu toolchain arm-none-eabi/12.2 rel1/bin/../lib/gcc/arm-none-eabi/12.2.1/thumb/v7e-m+fp/hard\libc_nano.a(libc_a-wsetup.o)
 .debug_frame   0x00000944       0x20 c:/program files (x86)/arm gnu toolchain arm-none-eabi/12.2 rel1/bin/../lib/gcc/arm-none-eabi/12.2.1/thumb/v7e-m+fp/hard\libc_nano.a(libc_a-memset.o)
 .debug_frame   0x00000964       0xb0 c:/program files (x86)/arm gnu toolchain arm-none-eabi/12.2 rel1/bin/../lib/gcc/arm-none-eabi/12.2.1/thumb/v7e-m+fp/hard\libc_nano.a(libc_a-lock.o)
 .debug_frame   0x00000a14       0x28 c:/program files (x86)/arm gnu toolchain arm-none-eabi/12.2 rel1/bin/../lib/gcc/arm-none-eabi/12.2.1/thumb/v7e-m+fp/hard\libc_nano.a(libc_a-memcpy-stub.o)
 .debug_frame   0x00000a3c       0x38 c:/program files (x86)/arm gnu toolchain arm-none-eabi/12.2 rel1/bin/../lib/gcc/arm-none-eabi/12.2.1/thumb/v7e-m+fp/hard\libc_nano.a(libc_a-freer.o)
 .debug_frame   0x00000a74       0x4c c:/program files (x86)/arm gnu toolchain arm-none-eabi/12.2 rel1/bin/../lib/gcc/arm-none-eabi/12.2.1/thumb/v7e-m+fp/hard\libc_nano.a(libc_a-mallocr.o)
 .debug_frame   0x00000ac0       0x30 c:/program files (x86)/arm gnu toolchain arm-none-eabi/12.2 rel1/bin/../lib/gcc/arm-none-eabi/12.2.1/thumb/v7e-m+fp/hard\libc_nano.a(libc_a-mlock.o)
 .debug_frame   0x00000af0       0xa8 c:/program files (x86)/arm gnu toolchain arm-none-eabi/12.2 rel1/bin/../lib/gcc/arm-none-eabi/12.2.1/thumb/v7e-m+fp/hard\libc_nano.a(libc_a-nano-vfprintf.o)
 .debug_frame   0x00000b98       0x60 c:/program files (x86)/arm gnu toolchain arm-none-eabi/12.2 rel1/bin/../lib/gcc/arm-none-eabi/12.2.1/thumb/v7e-m+fp/hard\libc_nano.a(libc_a-nano-vfprintf_i.o)
 .debug_frame   0x00000bf8       0x5c c:/program files (x86)/arm gnu toolchain arm-none-eabi/12.2 rel1/bin/../lib/gcc/arm-none-eabi/12.2.1/thumb/v7e-m+fp/hard\libc_nano.a(libc_a-fflush.o)
 .debug_frame   0x00000c54      0x144 c:/program files (x86)/arm gnu toolchain arm-none-eabi/12.2 rel1/bin/../lib/gcc/arm-none-eabi/12.2.1/thumb/v7e-m+fp/hard\libc_nano.a(libc_a-findfp.o)
 .debug_frame   0x00000d98       0x34 c:/program files (x86)/arm gnu toolchain arm-none-eabi/12.2 rel1/bin/../lib/gcc/arm-none-eabi/12.2.1/thumb/v7e-m+fp/hard\libc_nano.a(libc_a-fwalk.o)
 .debug_frame   0x00000dcc       0x58 c:/program files (x86)/arm gnu toolchain arm-none-eabi/12.2 rel1/bin/../lib/gcc/arm-none-eabi/12.2.1/thumb/v7e-m+fp/hard\libc_nano.a(libc_a-makebuf.o)
 .debug_frame   0x00000e24       0x88 c:/program files (x86)/arm gnu toolchain arm-none-eabi/12.2 rel1/bin/../lib/gcc/arm-none-eabi/12.2.1/thumb/v7e-m+fp/hard\libc_nano.a(libc_a-stdio.o)
 .debug_frame   0x00000eac       0x2c c:/program files (x86)/arm gnu toolchain arm-none-eabi/12.2 rel1/bin/../lib/gcc/arm-none-eabi/12.2.1/thumb/v7e-m+fp/hard\libc_nano.a(libc_a-closer.o)
 .debug_frame   0x00000ed8       0x38 c:/program files (x86)/arm gnu toolchain arm-none-eabi/12.2 rel1/bin/../lib/gcc/arm-none-eabi/12.2.1/thumb/v7e-m+fp/hard\libc_nano.a(libc_a-reent.o)
 .debug_frame   0x00000f10       0x2c c:/program files (x86)/arm gnu toolchain arm-none-eabi/12.2 rel1/bin/../lib/gcc/arm-none-eabi/12.2.1/thumb/v7e-m+fp/hard\libc_nano.a(libc_a-fstatr.o)
 .debug_frame   0x00000f3c       0x2c c:/program files (x86)/arm gnu toolchain arm-none-eabi/12.2 rel1/bin/../lib/gcc/arm-none-eabi/12.2.1/thumb/v7e-m+fp/hard\libc_nano.a(libc_a-isattyr.o)
 .debug_frame   0x00000f68       0x2c c:/program files (x86)/arm gnu toolchain arm-none-eabi/12.2 rel1/bin/../lib/gcc/arm-none-eabi/12.2.1/thumb/v7e-m+fp/hard\libc_nano.a(libc_a-lseekr.o)
 .debug_frame   0x00000f94       0x2c c:/program files (x86)/arm gnu toolchain arm-none-eabi/12.2 rel1/bin/../lib/gcc/arm-none-eabi/12.2.1/thumb/v7e-m+fp/hard\libc_nano.a(libc_a-readr.o)
 .debug_frame   0x00000fc0       0x2c c:/program files (x86)/arm gnu toolchain arm-none-eabi/12.2 rel1/bin/../lib/gcc/arm-none-eabi/12.2.1/thumb/v7e-m+fp/hard\libc_nano.a(libc_a-sbrkr.o)
 .debug_frame   0x00000fec       0x2c c:/program files (x86)/arm gnu toolchain arm-none-eabi/12.2 rel1/bin/../lib/gcc/arm-none-eabi/12.2.1/thumb/v7e-m+fp/hard\libc_nano.a(libc_a-writer.o)

.debug_line_str
                0x00000000       0xe1
 .debug_line_str
                0x00000000       0xe1 c:/program files (x86)/arm gnu toolchain arm-none-eabi/12.2 rel1/bin/../lib/gcc/arm-none-eabi/12.2.1/thumb/v7e-m+fp/hard\libc_nano.a(libc_a-memchr.o)
