Archive member included to satisfy reference by file (symbol)

/opt/arm-none-eabi/bin/../lib/gcc/arm-none-eabi/13.2.1/../../../../arm-none-eabi/lib/thumb/v7e-m+fp/hard/libc_nano.a(libc_a-printf.o)
                              /tmp/cc91U3G8.o (printf)
/opt/arm-none-eabi/bin/../lib/gcc/arm-none-eabi/13.2.1/../../../../arm-none-eabi/lib/thumb/v7e-m+fp/hard/libc_nano.a(libc_a-nano-vfprintf.o)
                              /opt/arm-none-eabi/bin/../lib/gcc/arm-none-eabi/13.2.1/../../../../arm-none-eabi/lib/thumb/v7e-m+fp/hard/libc_nano.a(libc_a-printf.o) (_vfprintf_r)
/opt/arm-none-eabi/bin/../lib/gcc/arm-none-eabi/13.2.1/../../../../arm-none-eabi/lib/thumb/v7e-m+fp/hard/libc_nano.a(libc_a-wbuf.o)
                              /opt/arm-none-eabi/bin/../lib/gcc/arm-none-eabi/13.2.1/../../../../arm-none-eabi/lib/thumb/v7e-m+fp/hard/libc_nano.a(libc_a-nano-vfprintf.o) (__swbuf_r)
/opt/arm-none-eabi/bin/../lib/gcc/arm-none-eabi/13.2.1/../../../../arm-none-eabi/lib/thumb/v7e-m+fp/hard/libc_nano.a(libc_a-wsetup.o)
                              /opt/arm-none-eabi/bin/../lib/gcc/arm-none-eabi/13.2.1/../../../../arm-none-eabi/lib/thumb/v7e-m+fp/hard/libc_nano.a(libc_a-nano-vfprintf.o) (__swsetup_r)
/opt/arm-none-eabi/bin/../lib/gcc/arm-none-eabi/13.2.1/../../../../arm-none-eabi/lib/thumb/v7e-m+fp/hard/libc_nano.a(libc_a-nano-vfprintf_i.o)
                              /opt/arm-none-eabi/bin/../lib/gcc/arm-none-eabi/13.2.1/../../../../arm-none-eabi/lib/thumb/v7e-m+fp/hard/libc_nano.a(libc_a-nano-vfprintf.o) (_printf_i)
/opt/arm-none-eabi/bin/../lib/gcc/arm-none-eabi/13.2.1/../../../../arm-none-eabi/lib/thumb/v7e-m+fp/hard/libc_nano.a(libc_a-puts.o)
                              /tmp/cc91U3G8.o (puts)
/opt/arm-none-eabi/bin/../lib/gcc/arm-none-eabi/13.2.1/../../../../arm-none-eabi/lib/thumb/v7e-m+fp/hard/libc_nano.a(libc_a-impure.o)
                              /opt/arm-none-eabi/bin/../lib/gcc/arm-none-eabi/13.2.1/../../../../arm-none-eabi/lib/thumb/v7e-m+fp/hard/libc_nano.a(libc_a-printf.o) (_impure_ptr)
/opt/arm-none-eabi/bin/../lib/gcc/arm-none-eabi/13.2.1/../../../../arm-none-eabi/lib/thumb/v7e-m+fp/hard/libc_nano.a(libc_a-fflush.o)
                              /opt/arm-none-eabi/bin/../lib/gcc/arm-none-eabi/13.2.1/../../../../arm-none-eabi/lib/thumb/v7e-m+fp/hard/libc_nano.a(libc_a-wbuf.o) (_fflush_r)
/opt/arm-none-eabi/bin/../lib/gcc/arm-none-eabi/13.2.1/../../../../arm-none-eabi/lib/thumb/v7e-m+fp/hard/libc_nano.a(libc_a-memchr.o)
                              /opt/arm-none-eabi/bin/../lib/gcc/arm-none-eabi/13.2.1/../../../../arm-none-eabi/lib/thumb/v7e-m+fp/hard/libc_nano.a(libc_a-nano-vfprintf.o) (memchr)
/opt/arm-none-eabi/bin/../lib/gcc/arm-none-eabi/13.2.1/../../../../arm-none-eabi/lib/thumb/v7e-m+fp/hard/libc_nano.a(libc_a-memcpy-stub.o)
                              /tmp/ccxD6pN1.o (memcpy)
/opt/arm-none-eabi/bin/../lib/gcc/arm-none-eabi/13.2.1/../../../../arm-none-eabi/lib/thumb/v7e-m+fp/hard/libc_nano.a(libc_a-findfp.o)
                              /opt/arm-none-eabi/bin/../lib/gcc/arm-none-eabi/13.2.1/../../../../arm-none-eabi/lib/thumb/v7e-m+fp/hard/libc_nano.a(libc_a-fflush.o) (__sglue)
/opt/arm-none-eabi/bin/../lib/gcc/arm-none-eabi/13.2.1/../../../../arm-none-eabi/lib/thumb/v7e-m+fp/hard/libc_nano.a(libc_a-stdio.o)
                              /opt/arm-none-eabi/bin/../lib/gcc/arm-none-eabi/13.2.1/../../../../arm-none-eabi/lib/thumb/v7e-m+fp/hard/libc_nano.a(libc_a-findfp.o) (__sread)
/opt/arm-none-eabi/bin/../lib/gcc/arm-none-eabi/13.2.1/../../../../arm-none-eabi/lib/thumb/v7e-m+fp/hard/libc_nano.a(libc_a-readr.o)
                              /opt/arm-none-eabi/bin/../lib/gcc/arm-none-eabi/13.2.1/../../../../arm-none-eabi/lib/thumb/v7e-m+fp/hard/libc_nano.a(libc_a-stdio.o) (_read_r)
/opt/arm-none-eabi/bin/../lib/gcc/arm-none-eabi/13.2.1/../../../../arm-none-eabi/lib/thumb/v7e-m+fp/hard/libc_nano.a(libc_a-writer.o)
                              /opt/arm-none-eabi/bin/../lib/gcc/arm-none-eabi/13.2.1/../../../../arm-none-eabi/lib/thumb/v7e-m+fp/hard/libc_nano.a(libc_a-stdio.o) (_write_r)
/opt/arm-none-eabi/bin/../lib/gcc/arm-none-eabi/13.2.1/../../../../arm-none-eabi/lib/thumb/v7e-m+fp/hard/libc_nano.a(libc_a-fvwrite.o)
                              /opt/arm-none-eabi/bin/../lib/gcc/arm-none-eabi/13.2.1/../../../../arm-none-eabi/lib/thumb/v7e-m+fp/hard/libc_nano.a(libc_a-nano-vfprintf.o) (__sfvwrite_r)
/opt/arm-none-eabi/bin/../lib/gcc/arm-none-eabi/13.2.1/../../../../arm-none-eabi/lib/thumb/v7e-m+fp/hard/libc_nano.a(libc_a-fwalk.o)
                              /opt/arm-none-eabi/bin/../lib/gcc/arm-none-eabi/13.2.1/../../../../arm-none-eabi/lib/thumb/v7e-m+fp/hard/libc_nano.a(libc_a-fflush.o) (_fwalk_sglue)
/opt/arm-none-eabi/bin/../lib/gcc/arm-none-eabi/13.2.1/../../../../arm-none-eabi/lib/thumb/v7e-m+fp/hard/libc_nano.a(libc_a-memmove.o)
[...]
Memory Configuration

Name             Origin             Length             Attributes
flash            0x08000000         0x00200000         xr
sram             0x20000000         0x00030000         xrw
*default*        0x00000000         0xffffffff

Linker script and memory map

LOAD /tmp/cc91U3G8.o
LOAD /tmp/ccxD6pN1.o
LOAD /tmp/cc2Y7m8M.o
LOAD /tmp/ccBXkIIV.o
LOAD /tmp/ccGWfREm.o
LOAD /tmp/ccEE4IUy.o
LOAD /tmp/ccgOWlZY.o
LOAD /tmp/cciOiMfv.o
LOAD /opt/arm-none-eabi/bin/../lib/gcc/arm-none-eabi/13.2.1/../../../../arm-none-eabi/lib/thumb/v7e-m+fp/hard/libc_nano.a
LOAD /opt/arm-none-eabi/bin/../lib/gcc/arm-none-eabi/13.2.1/thumb/v7e-m+fp/hard/libgcc.a
                0x20030000                        _estack = (ORIGIN (sram) + LENGTH (sram))

.vectors        0x08000000      0x1bc
 *(.vectors)
 .vectors       0x08000000      0x1bc /tmp/ccxD6pN1.o
                0x08000000                tab

.text           0x080001c0     0x1684
 *(.text*)
 .text.systick_init
                0x080001c0       0x34 /tmp/cc91U3G8.o
 .text.gpio_set_mode
                0x080001f4       0x34 /tmp/cc91U3G8.o
 .text.gpio_set_af
                0x08000228       0x2e /tmp/cc91U3G8.o
 *fill*         0x08000256        0x2 
 .text.uart_init.constprop.0
                0x08000258       0x60 /tmp/cc91U3G8.o
 .text.SysTick_Handler
                0x080002b8       0x10 /tmp/cc91U3G8.o
                0x080002b8                SysTick_Handler
 .text.run_ADXL375_routine
                0x080002c8       0x28 /tmp/cc91U3G8.o
                0x080002c8                run_ADXL375_routine
 .text.startup.main
                0x080002f0       0x38 /tmp/cc91U3G8.o
                0x080002f0                main
 .text._reset   0x08000328       0x50 /tmp/ccxD6pN1.o
                0x08000328                _reset
 .text._fstat   0x08000378       0x12 /tmp/cc2Y7m8M.o
                0x08000378                _fstat
 *fill*         0x0800038a        0x2 
 .text._sbrk    0x0800038c       0x1c /tmp/cc2Y7m8M.o
                0x0800038c                _sbrk
 .text._close   0x080003a8        0x6 /tmp/cc2Y7m8M.o
                0x080003a8                _close
 .text._isatty  0x080003ae        0x4 /tmp/cc2Y7m8M.o
                0x080003ae                _isatty
 .text._lseek   0x080003b2        0x4 /tmp/cc2Y7m8M.o
                0x080003b2                _lseek
 .text._read    0x080003b6        0x6 /tmp/cc2Y7m8M.o
                0x080003b6                _read
 .text._write   0x080003bc       0x34 /tmp/cc2Y7m8M.o
                0x080003bc                _write
 .text.systick_init
                0x080003f0       0x34 /tmp/ccBXkIIV.o
 .text.gpio_set_mode
                0x08000424       0x34 /tmp/ccBXkIIV.o
 .text.gpio_set_af
                0x08000458       0x2e /tmp/ccBXkIIV.o
 *fill*         0x08000486        0x2 
 .text.uart_init.constprop.0
                0x08000488       0xd0 /tmp/ccBXkIIV.o
 .text.STM32_init_clock
                0x08000558       0x78 /tmp/ccBXkIIV.o
                0x08000558                STM32_init_clock
 .text.STM32_init_internals
                0x080005d0      0x10c /tmp/ccBXkIIV.o
                0x080005d0                STM32_init_internals
 .text.STM32_init_peripherals
                0x080006dc       0x30 /tmp/ccBXkIIV.o
                0x080006dc                STM32_init_peripherals
 .text.STM32_init
                0x0800070c       0x24 /tmp/ccBXkIIV.o
                0x0800070c                STM32_init
 .text.spi_ready_write.isra.0
                0x08000730        0x8 /tmp/ccEE4IUy.o
 .text.spi_transmit_receive.constprop.0
                0x08000738       0x4e /tmp/ccEE4IUy.o
 *fill*         0x08000786        0x2 
 .text.ADXL375_get_data
                0x08000788       0xa4 /tmp/ccEE4IUy.o
                0x08000788                ADXL375_get_data
 .text.ADXL375_reg_write
                0x0800082c       0x20 /tmp/ccEE4IUy.o
                0x0800082c                ADXL375_reg_write
 .text.ADXL375_init
                0x0800084c       0x6c /tmp/ccEE4IUy.o
                0x0800084c                ADXL375_init
 .text.printf   0x080008b8       0x24 /opt/arm-none-eabi/bin/../lib/gcc/arm-none-eabi/13.2.1/../../../../arm-none-eabi/lib/thumb/v7e-m+fp/hard/libc_nano.a(libc_a-printf.o)
                0x080008b8                printf
                0x080008b8                iprintf
 .text.__sfputc_r
                0x080008dc       0x2e /opt/arm-none-eabi/bin/../lib/gcc/arm-none-eabi/13.2.1/../../../../arm-none-eabi/lib/thumb/v7e-m+fp/hard/libc_nano.a(libc_a-nano-vfprintf.o)
 .text.__sfputs_r
                0x0800090a       0x24 /opt/arm-none-eabi/bin/../lib/gcc/arm-none-eabi/13.2.1/../../../../arm-none-eabi/lib/thumb/v7e-m+fp/hard/libc_nano.a(libc_a-nano-vfprintf.o)
                0x0800090a                __sfputs_r
 *fill*         0x0800092e        0x2 
 .text._vfprintf_r
                0x08000930      0x230 /opt/arm-none-eabi/bin/../lib/gcc/arm-none-eabi/13.2.1/../../../../arm-none-eabi/lib/thumb/v7e-m+fp/hard/libc_nano.a(libc_a-nano-vfprintf.o)
                0x08000930                _vfiprintf_r
                0x08000930                _vfprintf_r
 .text.__swbuf_r
                0x08000b60       0x7c /opt/arm-none-eabi/bin/../lib/gcc/arm-none-eabi/13.2.1/../../../../arm-none-eabi/lib/thumb/v7e-m+fp/hard/libc_nano.a(libc_a-wbuf.o)
                0x08000b60                __swbuf_r
 .text.__swsetup_r
                0x08000bdc       0xac /opt/arm-none-eabi/bin/../lib/gcc/arm-none-eabi/13.2.1/../../../../arm-none-eabi/lib/thumb/v7e-m+fp/hard/libc_nano.a(libc_a-wsetup.o)
                0x08000bdc                __swsetup_r
 .text._printf_common
                0x08000c88       0xda /opt/arm-none-eabi/bin/../lib/gcc/arm-none-eabi/13.2.1/../../../../arm-none-eabi/lib/thumb/v7e-m+fp/hard/libc_nano.a(libc_a-nano-vfprintf_i.o)
                0x08000c88                _printf_common
 *fill*         0x08000d62        0x2 
 .text._printf_i
                0x08000d64      0x23c /opt/arm-none-eabi/bin/../lib/gcc/arm-none-eabi/13.2.1/../../../../arm-none-eabi/lib/thumb/v7e-m+fp/hard/libc_nano.a(libc_a-nano-vfprintf_i.o)
                0x08000d64                _printf_i
 .text._puts_r  0x08000fa0       0xaa /opt/arm-none-eabi/bin/../lib/gcc/arm-none-eabi/13.2.1/../../../../arm-none-eabi/lib/thumb/v7e-m+fp/hard/libc_nano.a(libc_a-puts.o)
                0x08000fa0                _puts_r
 *fill*         0x0800104a        0x2 
 .text.puts     0x0800104c       0x10 /opt/arm-none-eabi/bin/../lib/gcc/arm-none-eabi/13.2.1/../../../../arm-none-eabi/lib/thumb/v7e-m+fp/hard/libc_nano.a(libc_a-puts.o)
                0x0800104c                puts
 .text.__sflush_r
                0x0800105c      0x108 /opt/arm-none-eabi/bin/../lib/gcc/arm-none-eabi/13.2.1/../../../../arm-none-eabi/lib/thumb/v7e-m+fp/hard/libc_nano.a(libc_a-fflush.o)
                0x0800105c                __sflush_r
 .text._fflush_r
                0x08001164       0x50 /opt/arm-none-eabi/bin/../lib/gcc/arm-none-eabi/13.2.1/../../../../arm-none-eabi/lib/thumb/v7e-m+fp/hard/libc_nano.a(libc_a-fflush.o)
                0x08001164                _fflush_r
 *fill*         0x080011b4        0xc 
 .text          0x080011c0       0xa0 /opt/arm-none-eabi/bin/../lib/gcc/arm-none-eabi/13.2.1/../../../../arm-none-eabi/lib/thumb/v7e-m+fp/hard/libc_nano.a(libc_a-memchr.o)
                0x080011c0                memchr
 .text.memcpy   0x08001260       0x1c /opt/arm-none-eabi/bin/../lib/gcc/arm-none-eabi/13.2.1/../../../../arm-none-eabi/lib/thumb/v7e-m+fp/hard/libc_nano.a(libc_a-memcpy-stub.o)
                0x08001260                memcpy
 .text.std      0x0800127c       0x6c /opt/arm-none-eabi/bin/../lib/gcc/arm-none-eabi/13.2.1/../../../../arm-none-eabi/lib/thumb/v7e-m+fp/hard/libc_nano.a(libc_a-findfp.o)
 .text.stdio_exit_handler
                0x080012e8       0x18 /opt/arm-none-eabi/bin/../lib/gcc/arm-none-eabi/13.2.1/../../../../arm-none-eabi/lib/thumb/v7e-m+fp/hard/libc_nano.a(libc_a-findfp.o)
 .text.cleanup_stdio
                0x08001300       0x40 /opt/arm-none-eabi/bin/../lib/gcc/arm-none-eabi/13.2.1/../../../../arm-none-eabi/lib/thumb/v7e-m+fp/hard/libc_nano.a(libc_a-findfp.o)
 .text.global_stdio_init.part.0
                0x08001340       0x3c /opt/arm-none-eabi/bin/../lib/gcc/arm-none-eabi/13.2.1/../../../../arm-none-eabi/lib/thumb/v7e-m+fp/hard/libc_nano.a(libc_a-findfp.o)
 .text.__sfp_lock_acquire
                0x0800137c        0xc /opt/arm-none-eabi/bin/../lib/gcc/arm-none-eabi/13.2.1/../../../../arm-none-eabi/lib/thumb/v7e-m+fp/hard/libc_nano.a(libc_a-findfp.o)
                0x0800137c                __sfp_lock_acquire
 .text.__sfp_lock_release
                0x08001388        0xc /opt/arm-none-eabi/bin/../lib/gcc/arm-none-eabi/13.2.1/../../../../arm-none-eabi/lib/thumb/v7e-m+fp/hard/libc_nano.a(libc_a-findfp.o)
                0x08001388                __sfp_lock_release
 .text.__sinit  0x08001394       0x30 /opt/arm-none-eabi/bin/../lib/gcc/arm-none-eabi/13.2.1/../../../../arm-none-eabi/lib/thumb/v7e-m+fp/hard/libc_nano.a(libc_a-findfp.o)
                0x08001394                __sinit
 .text.__sread  0x080013c4       0x22 /opt/arm-none-eabi/bin/../lib/gcc/arm-none-eabi/13.2.1/../../../../arm-none-eabi/lib/thumb/v7e-m+fp/hard/libc_nano.a(libc_a-stdio.o)
                0x080013c4                __sread
 .text.__swrite
                0x080013e6       0x38 /opt/arm-none-eabi/bin/../lib/gcc/arm-none-eabi/13.2.1/../../../../arm-none-eabi/lib/thumb/v7e-m+fp/hard/libc_nano.a(libc_a-stdio.o)
                0x080013e6                __swrite
 .text.__sseek  0x0800141e       0x24 /opt/arm-none-eabi/bin/../lib/gcc/arm-none-eabi/13.2.1/../../../../arm-none-eabi/lib/thumb/v7e-m+fp/hard/libc_nano.a(libc_a-stdio.o)
                0x0800141e                __sseek
 .text.__sclose
                0x08001442        0x8 /opt/arm-none-eabi/bin/../lib/gcc/arm-none-eabi/13.2.1/../../../../arm-none-eabi/lib/thumb/v7e-m+fp/hard/libc_nano.a(libc_a-stdio.o)
                0x08001442                __sclose
 *fill*         0x0800144a        0x2 
 .text._read_r  0x0800144c       0x24 /opt/arm-none-eabi/bin/../lib/gcc/arm-none-eabi/13.2.1/../../../../arm-none-eabi/lib/thumb/v7e-m+fp/hard/libc_nano.a(libc_a-readr.o)
                0x0800144c                _read_r
 .text._write_r
                0x08001470       0x24 /opt/arm-none-eabi/bin/../lib/gcc/arm-none-eabi/13.2.1/../../../../arm-none-eabi/lib/thumb/v7e-m+fp/hard/libc_nano.a(libc_a-writer.o)
                0x08001470                _write_r
 .text._fwalk_sglue
                0x08001494       0x3c /opt/arm-none-eabi/bin/../lib/gcc/arm-none-eabi/13.2.1/../../../../arm-none-eabi/lib/thumb/v7e-m+fp/hard/libc_nano.a(libc_a-fwalk.o)
                0x08001494                _fwalk_sglue
 .text.memset   0x080014d0       0x10 /opt/arm-none-eabi/bin/../lib/gcc/arm-none-eabi/13.2.1/../../../../arm-none-eabi/lib/thumb/v7e-m+fp/hard/libc_nano.a(libc_a-memset.o)
                0x080014d0                memset
 .text._free_r  0x080014e0       0x94 /opt/arm-none-eabi/bin/../lib/gcc/arm-none-eabi/13.2.1/../../../../arm-none-eabi/lib/thumb/v7e-m+fp/hard/libc_nano.a(libc_a-freer.o)
                0x080014e0                _free_r
 .text.__retarget_lock_init_recursive
                0x08001574        0x2 /opt/arm-none-eabi/bin/../lib/gcc/arm-none-eabi/13.2.1/../../../../arm-none-eabi/lib/thumb/v7e-m+fp/hard/libc_nano.a(libc_a-lock.o)
                0x08001574                __retarget_lock_init_recursive
 .text.__retarget_lock_acquire_recursive
                0x08001576        0x2 /opt/arm-none-eabi/bin/../lib/gcc/arm-none-eabi/13.2.1/../../../../arm-none-eabi/lib/thumb/v7e-m+fp/hard/libc_nano.a(libc_a-lock.o)
                0x08001576                __retarget_lock_acquire_recursive
 .text.__retarget_lock_release_recursive
                0x08001578        0x2 /opt/arm-none-eabi/bin/../lib/gcc/arm-none-eabi/13.2.1/../../../../arm-none-eabi/lib/thumb/v7e-m+fp/hard/libc_nano.a(libc_a-lock.o)
                0x08001578                __retarget_lock_release_recursive
 .text.__swhatbuf_r
                0x0800157a       0x4c /opt/arm-none-eabi/bin/../lib/gcc/arm-none-eabi/13.2.1/../../../../arm-none-eabi/lib/thumb/v7e-m+fp/hard/libc_nano.a(libc_a-makebuf.o)
                0x0800157a                __swhatbuf_r
 .text.__smakebuf_r
                0x080015c6       0x78 /opt/arm-none-eabi/bin/../lib/gcc/arm-none-eabi/13.2.1/../../../../arm-none-eabi/lib/thumb/v7e-m+fp/hard/libc_nano.a(libc_a-makebuf.o)
                0x080015c6                __smakebuf_r
 *fill*         0x0800163e        0x2 
 .text._close_r
                0x08001640       0x20 /opt/arm-none-eabi/bin/../lib/gcc/arm-none-eabi/13.2.1/../../../../arm-none-eabi/lib/thumb/v7e-m+fp/hard/libc_nano.a(libc_a-closer.o)
                0x08001640                _close_r
 .text.sbrk_aligned
                0x08001660       0x44 /opt/arm-none-eabi/bin/../lib/gcc/arm-none-eabi/13.2.1/../../../../arm-none-eabi/lib/thumb/v7e-m+fp/hard/libc_nano.a(libc_a-mallocr.o)
 .text._malloc_r
                0x080016a4      0x100 /opt/arm-none-eabi/bin/../lib/gcc/arm-none-eabi/13.2.1/../../../../arm-none-eabi/lib/thumb/v7e-m+fp/hard/libc_nano.a(libc_a-mallocr.o)
                0x080016a4                _malloc_r
 .text._fstat_r
                0x080017a4       0x24 /opt/arm-none-eabi/bin/../lib/gcc/arm-none-eabi/13.2.1/../../../../arm-none-eabi/lib/thumb/v7e-m+fp/hard/libc_nano.a(libc_a-fstatr.o)
                0x080017a4                _fstat_r
 .text._isatty_r
                0x080017c8       0x20 /opt/arm-none-eabi/bin/../lib/gcc/arm-none-eabi/13.2.1/../../../../arm-none-eabi/lib/thumb/v7e-m+fp/hard/libc_nano.a(libc_a-isattyr.o)
                0x080017c8                _isatty_r
 .text._lseek_r
                0x080017e8       0x24 /opt/arm-none-eabi/bin/../lib/gcc/arm-none-eabi/13.2.1/../../../../arm-none-eabi/lib/thumb/v7e-m+fp/hard/libc_nano.a(libc_a-lseekr.o)
                0x080017e8                _lseek_r
 .text.__malloc_lock
                0x0800180c        0xc /opt/arm-none-eabi/bin/../lib/gcc/arm-none-eabi/13.2.1/../../../../arm-none-eabi/lib/thumb/v7e-m+fp/hard/libc_nano.a(libc_a-mlock.o)
                0x0800180c                __malloc_lock
 .text.__malloc_unlock
                0x08001818        0xc /opt/arm-none-eabi/bin/../lib/gcc/arm-none-eabi/13.2.1/../../../../arm-none-eabi/lib/thumb/v7e-m+fp/hard/libc_nano.a(libc_a-mlock.o)
                0x08001818                __malloc_unlock
 .text._sbrk_r  0x08001824       0x20 /opt/arm-none-eabi/bin/../lib/gcc/arm-none-eabi/13.2.1/../../../../arm-none-eabi/lib/thumb/v7e-m+fp/hard/libc_nano.a(libc_a-sbrkr.o)
                0x08001824                _sbrk_r

.glue_7         0x08001844        0x0
 .glue_7        0x08001844        0x0 linker stubs

.glue_7t        0x08001844        0x0
 .glue_7t       0x08001844        0x0 linker stubs

.vfp11_veneer   0x08001844        0x0
 .vfp11_veneer  0x08001844        0x0 linker stubs

.v4_bx          0x08001844        0x0
 .v4_bx         0x08001844        0x0 linker stubs

.iplt           0x08001844        0x0
 .iplt          0x08001844        0x0 /tmp/cc91U3G8.o

.rodata         0x08001844       0xa7
 *(.rodata*)
 .rodata.run_ADXL375_routine.str1.1
                0x08001844       0xa7 /tmp/cc91U3G8.o
                                  0x8 (size before relaxing)
 .rodata.main.str1.1
                0x080018eb       0x3e /tmp/cc91U3G8.o
 .rodata.ADXL375_get_data.str1.1
                0x080018eb       0x10 /tmp/ccEE4IUy.o
 .rodata.ADXL375_init.str1.1
                0x080018eb       0x1e /tmp/ccEE4IUy.o
 .rodata._vfprintf_r.str1.1
                0x080018eb       0x11 /opt/arm-none-eabi/bin/../lib/gcc/arm-none-eabi/13.2.1/../../../../arm-none-eabi/lib/thumb/v7e-m+fp/hard/libc_nano.a(libc_a-nano-vfprintf.o)
 .rodata._printf_i.str1.1
                0x080018eb       0x22 /opt/arm-none-eabi/bin/../lib/gcc/arm-none-eabi/13.2.1/../../../../arm-none-eabi/lib/thumb/v7e-m+fp/hard/libc_nano.a(libc_a-nano-vfprintf_i.o)

.ARM.exidx      0x080018ec        0x8
 .ARM.exidx     0x080018ec        0x8 /opt/arm-none-eabi/bin/../lib/gcc/arm-none-eabi/13.2.1/../../../../arm-none-eabi/lib/thumb/v7e-m+fp/hard/libc_nano.a(libc_a-memchr.o)

.rel.dyn        0x080018f4        0x0
 .rel.iplt      0x080018f4        0x0 /tmp/cc91U3G8.o

.data           0x20000000       0x60 load address 0x080018f4
                0x20000000                        _sdata = .
 *(.first_data)
 *(.data SORT_BY_NAME(.data.*))
 .data.FREQ     0x20000000        0x4 /tmp/ccBXkIIV.o
                0x20000000                FREQ
 .data.__sglue  0x20000004        0xc /opt/arm-none-eabi/bin/../lib/gcc/arm-none-eabi/13.2.1/../../../../arm-none-eabi/lib/thumb/v7e-m+fp/hard/libc_nano.a(libc_a-findfp.o)
                0x20000004                __sglue
 .data._impure_data
                0x20000010       0x4c /opt/arm-none-eabi/bin/../lib/gcc/arm-none-eabi/13.2.1/../../../../arm-none-eabi/lib/thumb/v7e-m+fp/hard/libc_nano.a(libc_a-impure.o)
                0x20000010                _impure_data
 .data._impure_ptr
                0x2000005c        0x4 /opt/arm-none-eabi/bin/../lib/gcc/arm-none-eabi/13.2.1/../../../../arm-none-eabi/lib/thumb/v7e-m+fp/hard/libc_nano.a(libc_a-impure.o)
                0x2000005c                _impure_ptr
                0x20000060                        _edata = .
                0x080018f4                        _sidata = LOADADDR (.data)

.igot.plt       0x20000060        0x0 load address 0x08001954
 .igot.plt      0x20000060        0x0 /tmp/cc91U3G8.o

.bss            0x20000060      0x158 load address 0x08001954
                0x20000060                        _sbss = .
 *(.bss SORT_BY_NAME(.bss.*) COMMON)
 .bss.ADXL375_SPI
                0x20000060        0x4 /tmp/ccEE4IUy.o
                0x20000060                ADXL375_SPI
 .bss.__lock___malloc_recursive_mutex
                0x20000064        0x1 /opt/arm-none-eabi/bin/../lib/gcc/arm-none-eabi/13.2.1/../../../../arm-none-eabi/lib/thumb/v7e-m+fp/hard/libc_nano.a(libc_a-lock.o)
                0x20000064                __lock___malloc_recursive_mutex
 .bss.__lock___sfp_recursive_mutex
                0x20000065        0x1 /opt/arm-none-eabi/bin/../lib/gcc/arm-none-eabi/13.2.1/../../../../arm-none-eabi/lib/thumb/v7e-m+fp/hard/libc_nano.a(libc_a-lock.o)
                0x20000065                __lock___sfp_recursive_mutex
 *fill*         0x20000066        0x2 
 .bss.__malloc_free_list
                0x20000068        0x4 /opt/arm-none-eabi/bin/../lib/gcc/arm-none-eabi/13.2.1/../../../../arm-none-eabi/lib/thumb/v7e-m+fp/hard/libc_nano.a(libc_a-mallocr.o)
                0x20000068                __malloc_free_list
 .bss.__malloc_sbrk_start
                0x2000006c        0x4 /opt/arm-none-eabi/bin/../lib/gcc/arm-none-eabi/13.2.1/../../../../arm-none-eabi/lib/thumb/v7e-m+fp/hard/libc_nano.a(libc_a-mallocr.o)
                0x2000006c                __malloc_sbrk_start
 .bss.__sf      0x20000070      0x138 /opt/arm-none-eabi/bin/../lib/gcc/arm-none-eabi/13.2.1/../../../../arm-none-eabi/lib/thumb/v7e-m+fp/hard/libc_nano.a(libc_a-findfp.o)
                0x20000070                __sf
 .bss.__stdio_exit_handler
                0x200001a8        0x4 /opt/arm-none-eabi/bin/../lib/gcc/arm-none-eabi/13.2.1/../../../../arm-none-eabi/lib/thumb/v7e-m+fp/hard/libc_nano.a(libc_a-findfp.o)
                0x200001a8                __stdio_exit_handler
 .bss.errno     0x200001ac        0x4 /opt/arm-none-eabi/bin/../lib/gcc/arm-none-eabi/13.2.1/../../../../arm-none-eabi/lib/thumb/v7e-m+fp/hard/libc_nano.a(libc_a-reent.o)
                0x200001ac                errno
 .bss.heap.0    0x200001b0        0x4 /tmp/cc2Y7m8M.o
 .bss.s_ticks   0x200001b4        0x4 /tmp/cc91U3G8.o
                0x200001b4                s_ticks
                0x200001b8                        _ebss = .
                0x200001b8                        . = ALIGN (0x8)
                0x200001b8                        _end = .
OUTPUT(firmware.elf elf32-littlearm)
LOAD linker stubs

.debug_info     0x00000000     0x34ae
 .debug_info    0x00000000     0x13c9 /tmp/cc91U3G8.o
 .debug_info    0x000013c9      0x139 /tmp/ccxD6pN1.o
 .debug_info    0x00001502      0x7f9 /tmp/cc2Y7m8M.o
 .debug_info    0x00001cfb      0xdda /tmp/ccBXkIIV.o
 .debug_info    0x00002ad5      0x9d9 /tmp/ccEE4IUy.o

.debug_abbrev   0x00000000      0xed6
 .debug_abbrev  0x00000000      0x484 /tmp/cc91U3G8.o
 .debug_abbrev  0x00000484       0xe8 /tmp/ccxD6pN1.o
 .debug_abbrev  0x0000056c      0x29f /tmp/cc2Y7m8M.o
 .debug_abbrev  0x0000080b      0x324 /tmp/ccBXkIIV.o
 .debug_abbrev  0x00000b2f      0x3a7 /tmp/ccEE4IUy.o

.debug_loclists
                0x00000000      0xaf7
 .debug_loclists
                0x00000000      0x2ba /tmp/cc91U3G8.o
 .debug_loclists
                0x000002ba      0x225 /tmp/cc2Y7m8M.o
 .debug_loclists
                0x000004df      0x300 /tmp/ccBXkIIV.o
 .debug_loclists
                0x000007df      0x318 /tmp/ccEE4IUy.o

.debug_aranges  0x00000000      0x220
 .debug_aranges
                0x00000000       0xc0 /tmp/cc91U3G8.o
 .debug_aranges
                0x000000c0       0x20 /tmp/ccxD6pN1.o
 .debug_aranges
                0x000000e0       0x90 /tmp/cc2Y7m8M.o
 .debug_aranges
                0x00000170       0x70 /tmp/ccBXkIIV.o
 .debug_aranges
                0x000001e0       0x40 /tmp/ccEE4IUy.o

.debug_rnglists
                0x00000000      0x23d
 .debug_rnglists
                0x00000000       0xd6 /tmp/cc91U3G8.o
 .debug_rnglists
                0x000000d6       0x13 /tmp/ccxD6pN1.o
 .debug_rnglists
                0x000000e9       0x7f /tmp/cc2Y7m8M.o
 .debug_rnglists
                0x00000168       0x5e /tmp/ccBXkIIV.o
 .debug_rnglists
                0x000001c6       0x77 /tmp/ccEE4IUy.o

.debug_macro    0x00000000    0x212f8
 .debug_macro   0x00000000      0x2eb /tmp/cc91U3G8.o
 .debug_macro   0x000002eb      0xacc /tmp/cc91U3G8.o
 .debug_macro   0x00000db7       0x22 /tmp/cc91U3G8.o
 .debug_macro   0x00000dd9       0x5b /tmp/cc91U3G8.o
 .debug_macro   0x00000e34       0x2a /tmp/cc91U3G8.o
 .debug_macro   0x00000e5e       0x94 /tmp/cc91U3G8.o
 .debug_macro   0x00000ef2       0x43 /tmp/cc91U3G8.o
 .debug_macro   0x00000f35       0x34 /tmp/cc91U3G8.o
 .debug_macro   0x00000f69       0x16 /tmp/cc91U3G8.o
 .debug_macro   0x00000f7f       0x57 /tmp/cc91U3G8.o
 .debug_macro   0x00000fd6       0x9e /tmp/cc91U3G8.o
 .debug_macro   0x00001074      0x370 /tmp/cc91U3G8.o
 .debug_macro   0x000013e4      0x112 /tmp/cc91U3G8.o
 .debug_macro   0x000014f6       0x10 /tmp/cc91U3G8.o
 .debug_macro   0x00001506       0x16 /tmp/cc91U3G8.o
 .debug_macro   0x0000151c       0x4a /tmp/cc91U3G8.o
 .debug_macro   0x00001566       0x34 /tmp/cc91U3G8.o
 .debug_macro   0x0000159a       0x10 /tmp/cc91U3G8.o
 .debug_macro   0x000015aa       0x58 /tmp/cc91U3G8.o
 .debug_macro   0x00001602       0x8e /tmp/cc91U3G8.o
 .debug_macro   0x00001690       0x1c /tmp/cc91U3G8.o
 .debug_macro   0x000016ac      0x177 /tmp/cc91U3G8.o
 .debug_macro   0x00001823       0x16 /tmp/cc91U3G8.o
 .debug_macro   0x00001839       0x16 /tmp/cc91U3G8.o
 .debug_macro   0x0000184f      0x146 /tmp/cc91U3G8.o
 .debug_macro   0x00001995      0x103 /tmp/cc91U3G8.o
 .debug_macro   0x00001a98       0x6a /tmp/cc91U3G8.o
 .debug_macro   0x00001b02      0x1df /tmp/cc91U3G8.o
 .debug_macro   0x00001ce1       0x3c /tmp/cc91U3G8.o
 .debug_macro   0x00001d1d      0x460 /tmp/cc91U3G8.o
 .debug_macro   0x0000217d       0x22 /tmp/cc91U3G8.o
 .debug_macro   0x0000219f       0x16 /tmp/cc91U3G8.o
 .debug_macro   0x000021b5       0x16 /tmp/cc91U3G8.o
 .debug_macro   0x000021cb       0x29 /tmp/cc91U3G8.o
 .debug_macro   0x000021f4       0x16 /tmp/cc91U3G8.o
 .debug_macro   0x0000220a       0x10 /tmp/cc91U3G8.o
 .debug_macro   0x0000221a       0x10 /tmp/cc91U3G8.o
 .debug_macro   0x0000222a       0x10 /tmp/cc91U3G8.o
 .debug_macro   0x0000223a       0x1c /tmp/cc91U3G8.o
 .debug_macro   0x00002256       0x52 /tmp/cc91U3G8.o
 .debug_macro   0x000022a8       0x22 /tmp/cc91U3G8.o
 .debug_macro   0x000022ca       0x10 /tmp/cc91U3G8.o
 .debug_macro   0x000022da       0x52 /tmp/cc91U3G8.o
 .debug_macro   0x0000232c       0xc1 /tmp/cc91U3G8.o
 .debug_macro   0x000023ed       0x1c /tmp/cc91U3G8.o
 .debug_macro   0x00002409       0x3d /tmp/cc91U3G8.o
 .debug_macro   0x00002446       0x35 /tmp/cc91U3G8.o
 .debug_macro   0x0000247b      0x12c /tmp/cc91U3G8.o
 .debug_macro   0x000025a7       0x28 /tmp/cc91U3G8.o
 .debug_macro   0x000025cf       0x1c /tmp/cc91U3G8.o
 .debug_macro   0x000025eb       0x22 /tmp/cc91U3G8.o
 .debug_macro   0x0000260d       0xd9 /tmp/cc91U3G8.o
 .debug_macro   0x000026e6     0x102d /tmp/cc91U3G8.o
 .debug_macro   0x00003713      0x11f /tmp/cc91U3G8.o
 .debug_macro   0x00003832    0x1cb71 /tmp/cc91U3G8.o
 .debug_macro   0x000203a3       0xd6 /tmp/cc91U3G8.o
 .debug_macro   0x00020479       0x3a /tmp/cc91U3G8.o
 .debug_macro   0x000204b3       0x88 /tmp/cc91U3G8.o
 .debug_macro   0x0002053b      0x172 /tmp/cc91U3G8.o
 .debug_macro   0x000206ad       0x3a /tmp/cc91U3G8.o
 .debug_macro   0x000206e7       0xb2 /tmp/cc91U3G8.o
 .debug_macro   0x00020799       0x11 /tmp/ccxD6pN1.o
 .debug_macro   0x000207aa      0x2b2 /tmp/cc2Y7m8M.o
 .debug_macro   0x00020a5c       0x3a /tmp/cc2Y7m8M.o
 .debug_macro   0x00020a96       0x89 /tmp/cc2Y7m8M.o
 .debug_macro   0x00020b1f       0x1c /tmp/cc2Y7m8M.o
 .debug_macro   0x00020b3b       0x9b /tmp/cc2Y7m8M.o
 .debug_macro   0x00020bd6      0x2c1 /tmp/ccBXkIIV.o
 .debug_macro   0x00020e97       0x34 /tmp/ccBXkIIV.o
 .debug_macro   0x00020ecb      0x2c1 /tmp/ccEE4IUy.o
 .debug_macro   0x0002118c      0x16c /tmp/ccEE4IUy.o

.debug_line     0x00000000     0x2027
 .debug_line    0x00000000      0x9be /tmp/cc91U3G8.o
 .debug_line    0x000009be       0x6b /tmp/ccxD6pN1.o
 .debug_line    0x00000a29      0x5e8 /tmp/cc2Y7m8M.o
 .debug_line    0x00001011      0x8fe /tmp/ccBXkIIV.o
 .debug_line    0x0000190f      0x718 /tmp/ccEE4IUy.o

.debug_str      0x00000000    0xb3ad1
 .debug_str     0x00000000    0xb3ad1 /tmp/cc91U3G8.o
                              0xb39bd (size before relaxing)
 .debug_str     0x000b3ad1     0x2ea6 /tmp/ccxD6pN1.o
 .debug_str     0x000b3ad1    0xb2827 /tmp/cc2Y7m8M.o
 .debug_str     0x000b3ad1    0xb2a82 /tmp/ccBXkIIV.o
 .debug_str     0x000b3ad1    0xb2f30 /tmp/ccEE4IUy.o

.comment        0x00000000       0x44
 .comment       0x00000000       0x44 /tmp/cc91U3G8.o
                                 0x45 (size before relaxing)
 .comment       0x00000044       0x45 /tmp/ccxD6pN1.o
 .comment       0x00000044       0x45 /tmp/cc2Y7m8M.o
 .comment       0x00000044       0x45 /tmp/ccBXkIIV.o
 .comment       0x00000044       0x45 /tmp/ccEE4IUy.o

.ARM.attributes
                0x00000000       0x32
 .ARM.attributes
                0x00000000       0x34 /tmp/cc91U3G8.o
 .ARM.attributes
                0x00000034       0x34 /tmp/ccxD6pN1.o
 .ARM.attributes
                0x00000068       0x34 /tmp/cc2Y7m8M.o
 .ARM.attributes
                0x0000009c       0x34 /tmp/ccBXkIIV.o
 .ARM.attributes
                0x000000d0       0x34 /tmp/ccEE4IUy.o
 .ARM.attributes
                0x00000104       0x34 /opt/arm-none-eabi/bin/../lib/gcc/arm-none-eabi/13.2.1/../../../../arm-none-eabi/lib/thumb/v7e-m+fp/hard/libc_nano.a(libc_a-printf.o)
 .ARM.attributes
                0x00000138       0x34 /opt/arm-none-eabi/bin/../lib/gcc/arm-none-eabi/13.2.1/../../../../arm-none-eabi/lib/thumb/v7e-m+fp/hard/libc_nano.a(libc_a-nano-vfprintf.o)
 .ARM.attributes
                0x0000016c       0x34 /opt/arm-none-eabi/bin/../lib/gcc/arm-none-eabi/13.2.1/../../../../arm-none-eabi/lib/thumb/v7e-m+fp/hard/libc_nano.a(libc_a-wbuf.o)
 .ARM.attributes
                0x000001a0       0x34 /opt/arm-none-eabi/bin/../lib/gcc/arm-none-eabi/13.2.1/../../../../arm-none-eabi/lib/thumb/v7e-m+fp/hard/libc_nano.a(libc_a-wsetup.o)
 .ARM.attributes
                0x000001d4       0x34 /opt/arm-none-eabi/bin/../lib/gcc/arm-none-eabi/13.2.1/../../../../arm-none-eabi/lib/thumb/v7e-m+fp/hard/libc_nano.a(libc_a-nano-vfprintf_i.o)
 .ARM.attributes
                0x00000208       0x34 /opt/arm-none-eabi/bin/../lib/gcc/arm-none-eabi/13.2.1/../../../../arm-none-eabi/lib/thumb/v7e-m+fp/hard/libc_nano.a(libc_a-puts.o)
 .ARM.attributes
                0x0000023c       0x34 /opt/arm-none-eabi/bin/../lib/gcc/arm-none-eabi/13.2.1/../../../../arm-none-eabi/lib/thumb/v7e-m+fp/hard/libc_nano.a(libc_a-impure.o)
 .ARM.attributes
                0x00000270       0x34 /opt/arm-none-eabi/bin/../lib/gcc/arm-none-eabi/13.2.1/../../../../arm-none-eabi/lib/thumb/v7e-m+fp/hard/libc_nano.a(libc_a-fflush.o)
 .ARM.attributes
                0x000002a4       0x1c /opt/arm-none-eabi/bin/../lib/gcc/arm-none-eabi/13.2.1/../../../../arm-none-eabi/lib/thumb/v7e-m+fp/hard/libc_nano.a(libc_a-memchr.o)
 .ARM.attributes
                0x000002c0       0x34 /opt/arm-none-eabi/bin/../lib/gcc/arm-none-eabi/13.2.1/../../../../arm-none-eabi/lib/thumb/v7e-m+fp/hard/libc_nano.a(libc_a-memcpy-stub.o)
 .ARM.attributes
                0x000002f4       0x34 /opt/arm-none-eabi/bin/../lib/gcc/arm-none-eabi/13.2.1/../../../../arm-none-eabi/lib/thumb/v7e-m+fp/hard/libc_nano.a(libc_a-findfp.o)
 .ARM.attributes
                0x00000328       0x34 /opt/arm-none-eabi/bin/../lib/gcc/arm-none-eabi/13.2.1/../../../../arm-none-eabi/lib/thumb/v7e-m+fp/hard/libc_nano.a(libc_a-stdio.o)
 .ARM.attributes
                0x0000035c       0x34 /opt/arm-none-eabi/bin/../lib/gcc/arm-none-eabi/13.2.1/../../../../arm-none-eabi/lib/thumb/v7e-m+fp/hard/libc_nano.a(libc_a-readr.o)
 .ARM.attributes
                0x00000390       0x34 /opt/arm-none-eabi/bin/../lib/gcc/arm-none-eabi/13.2.1/../../../../arm-none-eabi/lib/thumb/v7e-m+fp/hard/libc_nano.a(libc_a-writer.o)
 .ARM.attributes
                0x000003c4       0x34 /opt/arm-none-eabi/bin/../lib/gcc/arm-none-eabi/13.2.1/../../../../arm-none-eabi/lib/thumb/v7e-m+fp/hard/libc_nano.a(libc_a-fwalk.o)
 .ARM.attributes
                0x000003f8       0x34 /opt/arm-none-eabi/bin/../lib/gcc/arm-none-eabi/13.2.1/../../../../arm-none-eabi/lib/thumb/v7e-m+fp/hard/libc_nano.a(libc_a-memset.o)
 .ARM.attributes
                0x0000042c       0x34 /opt/arm-none-eabi/bin/../lib/gcc/arm-none-eabi/13.2.1/../../../../arm-none-eabi/lib/thumb/v7e-m+fp/hard/libc_nano.a(libc_a-freer.o)
 .ARM.attributes
                0x00000460       0x34 /opt/arm-none-eabi/bin/../lib/gcc/arm-none-eabi/13.2.1/../../../../arm-none-eabi/lib/thumb/v7e-m+fp/hard/libc_nano.a(libc_a-lock.o)
 .ARM.attributes
                0x00000494       0x34 /opt/arm-none-eabi/bin/../lib/gcc/arm-none-eabi/13.2.1/../../../../arm-none-eabi/lib/thumb/v7e-m+fp/hard/libc_nano.a(libc_a-makebuf.o)
 .ARM.attributes
                0x000004c8       0x34 /opt/arm-none-eabi/bin/../lib/gcc/arm-none-eabi/13.2.1/../../../../arm-none-eabi/lib/thumb/v7e-m+fp/hard/libc_nano.a(libc_a-closer.o)
 .ARM.attributes
                0x000004fc       0x34 /opt/arm-none-eabi/bin/../lib/gcc/arm-none-eabi/13.2.1/../../../../arm-none-eabi/lib/thumb/v7e-m+fp/hard/libc_nano.a(libc_a-reent.o)
 .ARM.attributes
                0x00000530       0x34 /opt/arm-none-eabi/bin/../lib/gcc/arm-none-eabi/13.2.1/../../../../arm-none-eabi/lib/thumb/v7e-m+fp/hard/libc_nano.a(libc_a-mallocr.o)
 .ARM.attributes
                0x00000564       0x34 /opt/arm-none-eabi/bin/../lib/gcc/arm-none-eabi/13.2.1/../../../../arm-none-eabi/lib/thumb/v7e-m+fp/hard/libc_nano.a(libc_a-fstatr.o)
 .ARM.attributes
                0x00000598       0x34 /opt/arm-none-eabi/bin/../lib/gcc/arm-none-eabi/13.2.1/../../../../arm-none-eabi/lib/thumb/v7e-m+fp/hard/libc_nano.a(libc_a-isattyr.o)
 .ARM.attributes
                0x000005cc       0x34 /opt/arm-none-eabi/bin/../lib/gcc/arm-none-eabi/13.2.1/../../../../arm-none-eabi/lib/thumb/v7e-m+fp/hard/libc_nano.a(libc_a-lseekr.o)
 .ARM.attributes
                0x00000600       0x34 /opt/arm-none-eabi/bin/../lib/gcc/arm-none-eabi/13.2.1/../../../../arm-none-eabi/lib/thumb/v7e-m+fp/hard/libc_nano.a(libc_a-mlock.o)
 .ARM.attributes
                0x00000634       0x34 /opt/arm-none-eabi/bin/../lib/gcc/arm-none-eabi/13.2.1/../../../../arm-none-eabi/lib/thumb/v7e-m+fp/hard/libc_nano.a(libc_a-sbrkr.o)

.debug_frame    0x00000000      0xca4
 .debug_frame   0x00000000      0x1fc /tmp/cc91U3G8.o
 .debug_frame   0x000001fc       0x20 /tmp/ccxD6pN1.o
 .debug_frame   0x0000021c      0x108 /tmp/cc2Y7m8M.o
 .debug_frame   0x00000324      0x100 /tmp/ccBXkIIV.o
 .debug_frame   0x00000424       0x94 /tmp/ccEE4IUy.o
 .debug_frame   0x000004b8       0x6c /opt/arm-none-eabi/bin/../lib/gcc/arm-none-eabi/13.2.1/../../../../arm-none-eabi/lib/thumb/v7e-m+fp/hard/libc_nano.a(libc_a-printf.o)
 .debug_frame   0x00000524       0xa8 /opt/arm-none-eabi/bin/../lib/gcc/arm-none-eabi/13.2.1/../../../../arm-none-eabi/lib/thumb/v7e-m+fp/hard/libc_nano.a(libc_a-nano-vfprintf.o)
 .debug_frame   0x000005cc       0x40 /opt/arm-none-eabi/bin/../lib/gcc/arm-none-eabi/13.2.1/../../../../arm-none-eabi/lib/thumb/v7e-m+fp/hard/libc_nano.a(libc_a-wbuf.o)
 .debug_frame   0x0000060c       0x2c /opt/arm-none-eabi/bin/../lib/gcc/arm-none-eabi/13.2.1/../../../../arm-none-eabi/lib/thumb/v7e-m+fp/hard/libc_nano.a(libc_a-wsetup.o)
 .debug_frame   0x00000638       0x60 /opt/arm-none-eabi/bin/../lib/gcc/arm-none-eabi/13.2.1/../../../../arm-none-eabi/lib/thumb/v7e-m+fp/hard/libc_nano.a(libc_a-nano-vfprintf_i.o)
 .debug_frame   0x00000698       0x3c /opt/arm-none-eabi/bin/../lib/gcc/arm-none-eabi/13.2.1/../../../../arm-none-eabi/lib/thumb/v7e-m+fp/hard/libc_nano.a(libc_a-puts.o)
 .debug_frame   0x000006d4       0x5c /opt/arm-none-eabi/bin/../lib/gcc/arm-none-eabi/13.2.1/../../../../arm-none-eabi/lib/thumb/v7e-m+fp/hard/libc_nano.a(libc_a-fflush.o)
 .debug_frame   0x00000730       0x28 /opt/arm-none-eabi/bin/../lib/gcc/arm-none-eabi/13.2.1/../../../../arm-none-eabi/lib/thumb/v7e-m+fp/hard/libc_nano.a(libc_a-memcpy-stub.o)
 .debug_frame   0x00000758      0x144 /opt/arm-none-eabi/bin/../lib/gcc/arm-none-eabi/13.2.1/../../../../arm-none-eabi/lib/thumb/v7e-m+fp/hard/libc_nano.a(libc_a-findfp.o)
 .debug_frame   0x0000089c       0x88 /opt/arm-none-eabi/bin/../lib/gcc/arm-none-eabi/13.2.1/../../../../arm-none-eabi/lib/thumb/v7e-m+fp/hard/libc_nano.a(libc_a-stdio.o)
 .debug_frame   0x00000924       0x2c /opt/arm-none-eabi/bin/../lib/gcc/arm-none-eabi/13.2.1/../../../../arm-none-eabi/lib/thumb/v7e-m+fp/hard/libc_nano.a(libc_a-readr.o)
 .debug_frame   0x00000950       0x2c /opt/arm-none-eabi/bin/../lib/gcc/arm-none-eabi/13.2.1/../../../../arm-none-eabi/lib/thumb/v7e-m+fp/hard/libc_nano.a(libc_a-writer.o)
 .debug_frame   0x0000097c       0x34 /opt/arm-none-eabi/bin/../lib/gcc/arm-none-eabi/13.2.1/../../../../arm-none-eabi/lib/thumb/v7e-m+fp/hard/libc_nano.a(libc_a-fwalk.o)
 .debug_frame   0x000009b0       0x20 /opt/arm-none-eabi/bin/../lib/gcc/arm-none-eabi/13.2.1/../../../../arm-none-eabi/lib/thumb/v7e-m+fp/hard/libc_nano.a(libc_a-memset.o)
 .debug_frame   0x000009d0       0x38 /opt/arm-none-eabi/bin/../lib/gcc/arm-none-eabi/13.2.1/../../../../arm-none-eabi/lib/thumb/v7e-m+fp/hard/libc_nano.a(libc_a-freer.o)
 .debug_frame   0x00000a08       0xb0 /opt/arm-none-eabi/bin/../lib/gcc/arm-none-eabi/13.2.1/../../../../arm-none-eabi/lib/thumb/v7e-m+fp/hard/libc_nano.a(libc_a-lock.o)
 .debug_frame   0x00000ab8       0x58 /opt/arm-none-eabi/bin/../lib/gcc/arm-none-eabi/13.2.1/../../../../arm-none-eabi/lib/thumb/v7e-m+fp/hard/libc_nano.a(libc_a-makebuf.o)
 .debug_frame   0x00000b10       0x2c /opt/arm-none-eabi/bin/../lib/gcc/arm-none-eabi/13.2.1/../../../../arm-none-eabi/lib/thumb/v7e-m+fp/hard/libc_nano.a(libc_a-closer.o)
 .debug_frame   0x00000b3c       0x38 /opt/arm-none-eabi/bin/../lib/gcc/arm-none-eabi/13.2.1/../../../../arm-none-eabi/lib/thumb/v7e-m+fp/hard/libc_nano.a(libc_a-reent.o)
 .debug_frame   0x00000b74       0x50 /opt/arm-none-eabi/bin/../lib/gcc/arm-none-eabi/13.2.1/../../../../arm-none-eabi/lib/thumb/v7e-m+fp/hard/libc_nano.a(libc_a-mallocr.o)
 .debug_frame   0x00000bc4       0x2c /opt/arm-none-eabi/bin/../lib/gcc/arm-none-eabi/13.2.1/../../../../arm-none-eabi/lib/thumb/v7e-m+fp/hard/libc_nano.a(libc_a-fstatr.o)
 .debug_frame   0x00000bf0       0x2c /opt/arm-none-eabi/bin/../lib/gcc/arm-none-eabi/13.2.1/../../../../arm-none-eabi/lib/thumb/v7e-m+fp/hard/libc_nano.a(libc_a-isattyr.o)
 .debug_frame   0x00000c1c       0x2c /opt/arm-none-eabi/bin/../lib/gcc/arm-none-eabi/13.2.1/../../../../arm-none-eabi/lib/thumb/v7e-m+fp/hard/libc_nano.a(libc_a-lseekr.o)
 .debug_frame   0x00000c48       0x30 /opt/arm-none-eabi/bin/../lib/gcc/arm-none-eabi/13.2.1/../../../../arm-none-eabi/lib/thumb/v7e-m+fp/hard/libc_nano.a(libc_a-mlock.o)
 .debug_frame   0x00000c78       0x2c /opt/arm-none-eabi/bin/../lib/gcc/arm-none-eabi/13.2.1/../../../../arm-none-eabi/lib/thumb/v7e-m+fp/hard/libc_nano.a(libc_a-sbrkr.o)

.debug_line_str
                0x00000000       0xda
 .debug_line_str
                0x00000000       0xda /opt/arm-none-eabi/bin/../lib/gcc/arm-none-eabi/13.2.1/../../../../arm-none-eabi/lib/thumb/v7e-m+fp/hard/libc_nano.a(libc_a-memchr.o)
