Archive member included to satisfy reference by file (symbol)

/opt/arm-none-eabi/bin/../lib/gcc/arm-none-eabi/13.2.1/../../../../arm-none-eabi/lib/thumb/v7e-m+fp/hard/libm.a(libm_a-wf_sqrt.o)
                              /tmp/ccziNJU5.o (sqrtf)
/opt/arm-none-eabi/bin/../lib/gcc/arm-none-eabi/13.2.1/../../../../arm-none-eabi/lib/thumb/v7e-m+fp/hard/libm.a(libm_a-s_trunc.o)
                              /tmp/ccPO5T58.o (trunc)
/opt/arm-none-eabi/bin/../lib/gcc/arm-none-eabi/13.2.1/../../../../arm-none-eabi/lib/thumb/v7e-m+fp/hard/libm.a(libm_a-w_sqrt.o)
                              /tmp/ccVLmlu6.o (sqrt)
/opt/arm-none-eabi/bin/../lib/gcc/arm-none-eabi/13.2.1/../../../../arm-none-eabi/lib/thumb/v7e-m+fp/hard/libm.a(libm_a-powl.o)
                              /tmp/ccziNJU5.o (powl)
/opt/arm-none-eabi/bin/../lib/gcc/arm-none-eabi/13.2.1/../../../../arm-none-eabi/lib/thumb/v7e-m+fp/hard/libm.a(libm_a-e_sqrt.o)
                              /opt/arm-none-eabi/bin/../lib/gcc/arm-none-eabi/13.2.1/../../../../arm-none-eabi/lib/thumb/v7e-m+fp/hard/libm.a(libm_a-w_sqrt.o) (__ieee754_sqrt)
/opt/arm-none-eabi/bin/../lib/gcc/arm-none-eabi/13.2.1/../../../../arm-none-eabi/lib/thumb/v7e-m+fp/hard/libm.a(libm_a-ef_sqrt.o)
                              /opt/arm-none-eabi/bin/../lib/gcc/arm-none-eabi/13.2.1/../../../../arm-none-eabi/lib/thumb/v7e-m+fp/hard/libm.a(libm_a-wf_sqrt.o) (__ieee754_sqrtf)
/opt/arm-none-eabi/bin/../lib/gcc/arm-none-eabi/13.2.1/../../../../arm-none-eabi/lib/thumb/v7e-m+fp/hard/libm.a(libm_a-w_pow.o)
                              /tmp/ccVLmlu6.o (pow)
/opt/arm-none-eabi/bin/../lib/gcc/arm-none-eabi/13.2.1/../../../../arm-none-eabi/lib/thumb/v7e-m+fp/hard/libm.a(libm_a-s_finite.o)
                              /opt/arm-none-eabi/bin/../lib/gcc/arm-none-eabi/13.2.1/../../../../arm-none-eabi/lib/thumb/v7e-m+fp/hard/libm.a(libm_a-w_pow.o) (finite)
/opt/arm-none-eabi/bin/../lib/gcc/arm-none-eabi/13.2.1/../../../../arm-none-eabi/lib/thumb/v7e-m+fp/hard/libm.a(libm_a-e_pow.o)
                              /opt/arm-none-eabi/bin/../lib/gcc/arm-none-eabi/13.2.1/../../../../arm-none-eabi/lib/thumb/v7e-m+fp/hard/libm.a(libm_a-w_pow.o) (__ieee754_pow)
/opt/arm-none-eabi/bin/../lib/gcc/arm-none-eabi/13.2.1/../../../../arm-none-eabi/lib/thumb/v7e-m+fp/hard/libm.a(libm_a-math_err.o)
                              /opt/arm-none-eabi/bin/../lib/gcc/arm-none-eabi/13.2.1/../../../../arm-none-eabi/lib/thumb/v7e-m+fp/hard/libm.a(libm_a-e_pow.o) (__math_uflow)
/opt/arm-none-eabi/bin/../lib/gcc/arm-none-eabi/13.2.1/../../../../arm-none-eabi/lib/thumb/v7e-m+fp/hard/libm.a(libm_a-s_fabs.o)
                              /opt/arm-none-eabi/bin/../lib/gcc/arm-none-eabi/13.2.1/../../../../arm-none-eabi/lib/thumb/v7e-m+fp/hard/libm.a(libm_a-e_pow.o) (fabs)
/opt/arm-none-eabi/bin/../lib/gcc/arm-none-eabi/13.2.1/../../../../arm-none-eabi/lib/thumb/v7e-m+fp/hard/libm.a(libm_a-s_scalbn.o)
                              /opt/arm-none-eabi/bin/../lib/gcc/arm-none-eabi/13.2.1/../../../../arm-none-eabi/lib/thumb/v7e-m+fp/hard/libm.a(libm_a-e_pow.o) (scalbn)
/opt/arm-none-eabi/bin/../lib/gcc/arm-none-eabi/13.2.1/../../../../arm-none-eabi/lib/thumb/v7e-m+fp/hard/libc_nano.a(libc_a-printf.o)
                              /tmp/ccPO5T58.o (printf)
/opt/arm-none-eabi/bin/../lib/gcc/arm-none-eabi/13.2.1/../../../../arm-none-eabi/lib/thumb/v7e-m+fp/hard/libc_nano.a(libc_a-nano-vfprintf.o)
                              /opt/arm-none-eabi/bin/../lib/gcc/arm-none-eabi/13.2.1/../../../../arm-none-eabi/lib/thumb/v7e-m+fp/hard/libc_nano.a(libc_a-printf.o) (_vfprintf_r)
/opt/arm-none-eabi/bin/../lib/gcc/arm-none-eabi/13.2.1/../../../../arm-none-eabi/lib/thumb/v7e-m+fp/hard/libc_nano.a(libc_a-wbuf.o)
                              /opt/arm-none-eabi/bin/../lib/gcc/arm-none-eabi/13.2.1/../../../../arm-none-eabi/lib/thumb/v7e-m+fp/hard/libc_nano.a(libc_a-nano-vfprintf.o) (__swbuf_r)
/opt/arm-none-eabi/bin/../lib/gcc/arm-none-eabi/13.2.1/../../../../arm-none-eabi/lib/thumb/v7e-m+fp/hard/libc_nano.a(libc_a-wsetup.o)
                              /opt/arm-none-eabi/bin/../lib/gcc/arm-none-eabi/13.2.1/../../../../arm-none-eabi/lib/thumb/v7e-m+fp/hard/libc_nano.a(libc_a-nano-vfprintf.o) (__swsetup_r)
/opt/arm-none-eabi/bin/../lib/gcc/arm-none-eabi/13.2.1/../../../../arm-none-eabi/lib/thumb/v7e-m+fp/hard/libc_nano.a(libc_a-putchar.o)
                              /tmp/ccPO5T58.o (putchar)
/opt/arm-none-eabi/bin/../lib/gcc/arm-none-eabi/13.2.1/../../../../arm-none-eabi/lib/thumb/v7e-m+fp/hard/libc_nano.a(libc_a-nano-vfprintf_i.o)
                              /opt/arm-none-eabi/bin/../lib/gcc/arm-none-eabi/13.2.1/../../../../arm-none-eabi/lib/thumb/v7e-m+fp/hard/libc_nano.a(libc_a-nano-vfprintf.o) (_printf_i)
/opt/arm-none-eabi/bin/../lib/gcc/arm-none-eabi/13.2.1/../../../../arm-none-eabi/lib/thumb/v7e-m+fp/hard/libc_nano.a(libc_a-puts.o)
                              /tmp/ccPO5T58.o (puts)
[...]
Memory Configuration

Name             Origin             Length             Attributes
flash            0x08000000         0x00200000         xr
sram             0x20000000         0x00030000         xrw
*default*        0x00000000         0xffffffff

Linker script and memory map

LOAD /tmp/ccPO5T58.o
LOAD /tmp/ccTVY1xI.o
LOAD /tmp/cc9eLoyv.o
LOAD /tmp/ccO4jZte.o
LOAD /tmp/cc0LPFE2.o
LOAD /tmp/ccjyoGLn.o
LOAD /tmp/ccDJkQaR.o
LOAD /tmp/ccnNh34o.o
LOAD /tmp/ccVLmlu6.o
LOAD /tmp/ccziNJU5.o
LOAD /tmp/cckgxS7T.o
LOAD /opt/arm-none-eabi/bin/../lib/gcc/arm-none-eabi/13.2.1/../../../../arm-none-eabi/lib/thumb/v7e-m+fp/hard/libm.a
LOAD /opt/arm-none-eabi/bin/../lib/gcc/arm-none-eabi/13.2.1/../../../../arm-none-eabi/lib/thumb/v7e-m+fp/hard/libc_nano.a
LOAD /opt/arm-none-eabi/bin/../lib/gcc/arm-none-eabi/13.2.1/thumb/v7e-m+fp/hard/libgcc.a
                0x20030000                        _estack = (ORIGIN (sram) + LENGTH (sram))

.vectors        0x08000000      0x1bc
 *(.vectors)
 .vectors       0x08000000      0x1bc /tmp/ccTVY1xI.o
                0x08000000                tab

.text           0x080001c0     0x781c
 *(.text*)
 .text.get_time_us
                0x080001c0       0x14 /tmp/ccPO5T58.o
 .text.delay_microseconds
                0x080001d4       0x2a /tmp/ccPO5T58.o
 *fill*         0x080001fe        0x2 
 .text.delay_ms
                0x08000200       0x30 /tmp/ccPO5T58.o
 .text.gpio_set_mode
                0x08000230       0x78 /tmp/ccPO5T58.o
 .text.gpio_write
                0x080002a8       0x4c /tmp/ccPO5T58.o
 .text.gpio_read
                0x080002f4       0x40 /tmp/ccPO5T58.o
 .text.watchdog_pat
                0x08000334       0x1c /tmp/ccPO5T58.o
 .text.get_bit  0x08000350       0x40 /tmp/ccPO5T58.o
 .text.zip      0x08000390      0x694 /tmp/ccPO5T58.o
 .text.unzip    0x08000a24      0x794 /tmp/ccPO5T58.o
 .text.print_byte
                0x080011b8       0x50 /tmp/ccPO5T58.o
 .text._memset  0x08001208       0x3a /tmp/ccPO5T58.o
 *fill*         0x08001242        0x2 
 .text.wait_for_ready_flag
                0x08001244       0x54 /tmp/ccPO5T58.o
 .text.set_pin_modes
                0x08001298       0xb4 /tmp/ccPO5T58.o
 .text.set_control_pins
                0x0800134c       0xbc /tmp/ccPO5T58.o
 .text.set_data_pins
                0x08001408      0x108 /tmp/ccPO5T58.o
 .text.send_byte_to_flash
                0x08001510       0x36 /tmp/ccPO5T58.o
 *fill*         0x08001546        0x2 
 .text.receive_byte_from_flash
                0x08001548      0x110 /tmp/ccPO5T58.o
 .text.send_addr_to_flash
                0x08001658       0xb0 /tmp/ccPO5T58.o
 .text.send_block_addr_to_flash
                0x08001708       0x42 /tmp/ccPO5T58.o
 *fill*         0x0800174a        0x2 
 .text.read_flash_ID
                0x0800174c       0x9c /tmp/ccPO5T58.o
 .text.read_frame
                0x080017e8       0x5a /tmp/ccPO5T58.o
 *fill*         0x08001842        0x2 
 .text.write_frame
                0x08001844       0x78 /tmp/ccPO5T58.o
 .text.erase_block
                0x080018bc       0x2e /tmp/ccPO5T58.o
 *fill*         0x080018ea        0x6 
 .text.erase_all
                0x080018f0      0x138 /tmp/ccPO5T58.o
 .text.max      0x08001a28       0x28 /tmp/ccPO5T58.o
 .text.diff     0x08001a50       0x2a /tmp/ccPO5T58.o
 .text.get_next_available_frame_addr
                0x08001a7a       0xbe /tmp/ccPO5T58.o
 .text.init_flash
                0x08001b38      0x140 /tmp/ccPO5T58.o
 .text.calculate_CRC
                0x08001c78       0x88 /tmp/ccPO5T58.o
 .text.encode_parity
                0x08001d00       0x5e /tmp/ccPO5T58.o
 *fill*         0x08001d5e        0x2 
 .text.log_frame
                0x08001d60       0x90 /tmp/ccPO5T58.o
 .text.SysTick_Handler
                0x08001df0       0x1c /tmp/ccPO5T58.o
                0x08001df0                SysTick_Handler
 .text.get_frame_array
                0x08001e0c      0x118 /tmp/ccPO5T58.o
                0x08001e0c                get_frame_array
 .text.update_sensors
                0x08001f24       0x7c /tmp/ccPO5T58.o
                0x08001f24                update_sensors
 .text.NAND_flash_erase
                0x08001fa0       0x10 /tmp/ccPO5T58.o
                0x08001fa0                NAND_flash_erase
 .text.main     0x08001fb0      0x974 /tmp/ccPO5T58.o
                0x08001fb0                main
 .text._reset   0x08002924       0x44 /tmp/ccTVY1xI.o
                0x08002924                _reset
 .text.spin     0x08002968       0x24 /tmp/cc9eLoyv.o
 .text.uart_write_byte
                0x0800298c       0x32 /tmp/cc9eLoyv.o
 .text.uart_write_buf
                0x080029be       0x32 /tmp/cc9eLoyv.o
 .text._fstat   0x080029f0       0x2c /tmp/cc9eLoyv.o
                0x080029f0                _fstat
 .text._sbrk    0x08002a1c       0x40 /tmp/cc9eLoyv.o
                0x08002a1c                _sbrk
 .text._close   0x08002a5c       0x18 /tmp/cc9eLoyv.o
                0x08002a5c                _close
 .text._isatty  0x08002a74       0x16 /tmp/cc9eLoyv.o
                0x08002a74                _isatty
 .text._lseek   0x08002a8a       0x1a /tmp/cc9eLoyv.o
                0x08002a8a                _lseek
 .text._read    0x08002aa4       0x1c /tmp/cc9eLoyv.o
                0x08002aa4                _read
 .text._write   0x08002ac0       0x40 /tmp/cc9eLoyv.o
                0x08002ac0                _write
 .text.delay_ms
                0x08002b00       0x30 /tmp/ccO4jZte.o
 .text.systick_init
                0x08002b30       0x58 /tmp/ccO4jZte.o
 .text.gpio_set_mode
                0x08002b88       0x78 /tmp/ccO4jZte.o
 .text.gpio_set_af
                0x08002c00       0x82 /tmp/ccO4jZte.o
 .text.gpio_write
                0x08002c82       0x4c /tmp/ccO4jZte.o
 *fill*         0x08002cce        0x2 
 .text.uart_init
                0x08002cd0      0x12c /tmp/ccO4jZte.o
 .text.multiplexer_init
                0x08002dfc       0x30 /tmp/ccO4jZte.o
 .text.spi_init
                0x08002e2c      0x1a0 /tmp/ccO4jZte.o
 .text.pwr_vdd2_init
                0x08002fcc       0x30 /tmp/ccO4jZte.o
 .text.STM32_init
                0x08002ffc       0x3c /tmp/ccO4jZte.o
                0x08002ffc                STM32_init
 .text.STM32_init_clock
                0x08003038       0xc4 /tmp/ccO4jZte.o
                0x08003038                STM32_init_clock
 .text.init_delay_timer
                0x080030fc       0x50 /tmp/ccO4jZte.o
                0x080030fc                init_delay_timer
 .text.STM32_init_internals
                0x0800314c       0x48 /tmp/ccO4jZte.o
                0x0800314c                STM32_init_internals
 .text.STM32_init_peripherals
                0x08003194       0x20 /tmp/ccO4jZte.o
                0x08003194                STM32_init_peripherals
 .text.STM32_beep_buzzer
                0x080031b4       0x4c /tmp/ccO4jZte.o
                0x080031b4                STM32_beep_buzzer
 .text.STM32_indicate_on
                0x08003200       0x56 /tmp/ccO4jZte.o
                0x08003200                STM32_indicate_on
 .text.get_time_us
                0x08003256       0x14 /tmp/cc0LPFE2.o
 .text.delay_microseconds
                0x0800326a       0x2a /tmp/cc0LPFE2.o
 .text.gpio_write
                0x08003294       0x4c /tmp/cc0LPFE2.o
 .text.set_cs   0x080032e0       0xe0 /tmp/cc0LPFE2.o
 .text.unset_cs
                0x080033c0       0x30 /tmp/cc0LPFE2.o
 .text.spi_ready_read
                0x080033f0       0x32 /tmp/cc0LPFE2.o
 .text.spi_ready_write
                0x08003422       0x24 /tmp/cc0LPFE2.o
 .text.spi_enable_cs
                0x08003446       0x1e /tmp/cc0LPFE2.o
 .text.spi_disable_cs
                0x08003464       0x1c /tmp/cc0LPFE2.o
 .text.spi_transmit
                0x08003480       0x36 /tmp/cc0LPFE2.o
 .text.spi_transmit_receive
                0x080034b6       0xb8 /tmp/cc0LPFE2.o
 *fill*         0x0800356e        0x2 
 .text.MS5611_init
                0x08003570       0x5c /tmp/cc0LPFE2.o
                0x08003570                MS5611_init
 .text.MS5611_read_PROM
                0x080035cc       0x78 /tmp/cc0LPFE2.o
                0x080035cc                MS5611_read_PROM
 .text.MS5611_get_data
                0x08003644      0x248 /tmp/cc0LPFE2.o
                0x08003644                MS5611_get_data
 .text.delay_ms
                0x0800388c       0x30 /tmp/ccDJkQaR.o
 .text.gpio_write
                0x080038bc       0x4c /tmp/ccDJkQaR.o
 .text.set_cs   0x08003908       0xe0 /tmp/ccDJkQaR.o
 .text.unset_cs
                0x080039e8       0x30 /tmp/ccDJkQaR.o
 .text.spi_ready_read
                0x08003a18       0x32 /tmp/ccDJkQaR.o
 .text.spi_ready_write
                0x08003a4a       0x24 /tmp/ccDJkQaR.o
 .text.spi_enable_cs
                0x08003a6e       0x1e /tmp/ccDJkQaR.o
 .text.spi_disable_cs
                0x08003a8c       0x1c /tmp/ccDJkQaR.o
 .text.spi_transmit
                0x08003aa8       0x36 /tmp/ccDJkQaR.o
 .text.spi_transmit_receive
                0x08003ade       0xb8 /tmp/ccDJkQaR.o
 *fill*         0x08003b96        0x2 
 .text.ADXL375_init
                0x08003b98       0xa4 /tmp/ccDJkQaR.o
                0x08003b98                ADXL375_init
 .text.ADXL375_get_data
                0x08003c3c       0xe8 /tmp/ccDJkQaR.o
                0x08003c3c                ADXL375_get_data
 .text.ADXL375_reg_write
                0x08003d24       0x54 /tmp/ccDJkQaR.o
                0x08003d24                ADXL375_reg_write
 .text.ADXL375_reg_read
                0x08003d78       0x78 /tmp/ccDJkQaR.o
                0x08003d78                ADXL375_reg_read
 .text.init_buffer
                0x08003df0       0x3e /tmp/ccVLmlu6.o
                0x08003df0                init_buffer
 .text.cmpfunc  0x08003e2e       0x20 /tmp/ccVLmlu6.o
                0x08003e2e                cmpfunc
 *fill*         0x08003e4e        0x2 
 .text.get_median
                0x08003e50       0x6c /tmp/ccVLmlu6.o
                0x08003e50                get_median
 .text.set_ground_reference
                0x08003ebc       0x58 /tmp/ccVLmlu6.o
                0x08003ebc                set_ground_reference
 .text.update_buffer
                0x08003f14      0x104 /tmp/ccVLmlu6.o
                0x08003f14                update_buffer
 .text.get_time_us
                0x08004018       0x14 /tmp/ccziNJU5.o
 .text.delay_microseconds
                0x0800402c       0x2a /tmp/ccziNJU5.o
 *fill*         0x08004056        0x2 
 .text.delay_ms
                0x08004058       0x30 /tmp/ccziNJU5.o
 .text.gpio_write
                0x08004088       0x4c /tmp/ccziNJU5.o
 .text.set_cs   0x080040d4       0xe0 /tmp/ccziNJU5.o
 .text.unset_cs
                0x080041b4       0x30 /tmp/ccziNJU5.o
 .text.spi_ready_read
                0x080041e4       0x32 /tmp/ccziNJU5.o
 .text.spi_ready_write
                0x08004216       0x24 /tmp/ccziNJU5.o
 .text.spi_enable_cs
                0x0800423a       0x1e /tmp/ccziNJU5.o
 .text.spi_disable_cs
                0x08004258       0x1c /tmp/ccziNJU5.o
 .text.spi_transmit
                0x08004274       0x36 /tmp/ccziNJU5.o
 .text.spi_transmit_receive
                0x080042aa       0xb8 /tmp/ccziNJU5.o
 *fill*         0x08004362        0x2 
 .text.LSM6DS3_init
                0x08004364       0xa8 /tmp/ccziNJU5.o
                0x08004364                LSM6DS3_init
 .text.LSM6DS3_write_register
                0x0800440c       0x74 /tmp/ccziNJU5.o
 .text.LSM6DS3_write_register_bits
                0x08004480       0x94 /tmp/ccziNJU5.o
 .text.LSM6DS3_config
                0x08004514       0x7e /tmp/ccziNJU5.o
                0x08004514                LSM6DS3_config
 *fill*         0x08004592        0x2 
 .text.LSM6DS3_acc_read
                0x08004594       0xfc /tmp/ccziNJU5.o
                0x08004594                LSM6DS3_acc_read
 .text.LSM6DS3_gyro_read
                0x08004690       0xe2 /tmp/ccziNJU5.o
                0x08004690                LSM6DS3_gyro_read
 *fill*         0x08004772        0x2 
 .text.LSM6DS3_gyro_offsets
                0x08004774      0x228 /tmp/ccziNJU5.o
                0x08004774                LSM6DS3_gyro_offsets
 *fill*         0x0800499c        0x4 
 .text.LSM6DS3_gyro_standard_dev
                0x080049a0      0x240 /tmp/ccziNJU5.o
                0x080049a0                LSM6DS3_gyro_standard_dev
 .text.sqrt     0x08004be0       0x68 /opt/arm-none-eabi/bin/../lib/gcc/arm-none-eabi/13.2.1/../../../../arm-none-eabi/lib/thumb/v7e-m+fp/hard/libm.a(libm_a-w_sqrt.o)
                0x08004be0                sqrt
 .text.powl     0x08004c48        0x4 /opt/arm-none-eabi/bin/../lib/gcc/arm-none-eabi/13.2.1/../../../../arm-none-eabi/lib/thumb/v7e-m+fp/hard/libm.a(libm_a-powl.o)
                0x08004c48                powl
 .text.__ieee754_sqrt
                0x08004c4c      0x1f4 /opt/arm-none-eabi/bin/../lib/gcc/arm-none-eabi/13.2.1/../../../../arm-none-eabi/lib/thumb/v7e-m+fp/hard/libm.a(libm_a-e_sqrt.o)
                0x08004c4c                __ieee754_sqrt
 .text.pow      0x08004e40       0xf0 /opt/arm-none-eabi/bin/../lib/gcc/arm-none-eabi/13.2.1/../../../../arm-none-eabi/lib/thumb/v7e-m+fp/hard/libm.a(libm_a-w_pow.o)
                0x08004e40                pow
 .text.finite   0x08004f30       0x18 /opt/arm-none-eabi/bin/../lib/gcc/arm-none-eabi/13.2.1/../../../../arm-none-eabi/lib/thumb/v7e-m+fp/hard/libm.a(libm_a-s_finite.o)
                0x08004f30                finite
 .text.__ieee754_pow
                0x08004f48      0xc14 /opt/arm-none-eabi/bin/../lib/gcc/arm-none-eabi/13.2.1/../../../../arm-none-eabi/lib/thumb/v7e-m+fp/hard/libm.a(libm_a-e_pow.o)
                0x08004f48                __ieee754_pow
 .text.with_errno
                0x08005b5c       0x24 /opt/arm-none-eabi/bin/../lib/gcc/arm-none-eabi/13.2.1/../../../../arm-none-eabi/lib/thumb/v7e-m+fp/hard/libm.a(libm_a-math_err.o)
 .text.xflow    0x08005b80       0x34 /opt/arm-none-eabi/bin/../lib/gcc/arm-none-eabi/13.2.1/../../../../arm-none-eabi/lib/thumb/v7e-m+fp/hard/libm.a(libm_a-math_err.o)
 *fill*         0x08005bb4        0x4 
 .text.__math_uflow
                0x08005bb8       0x10 /opt/arm-none-eabi/bin/../lib/gcc/arm-none-eabi/13.2.1/../../../../arm-none-eabi/lib/thumb/v7e-m+fp/hard/libm.a(libm_a-math_err.o)
                0x08005bb8                __math_uflow
 .text.__math_oflow
                0x08005bc8       0x10 /opt/arm-none-eabi/bin/../lib/gcc/arm-none-eabi/13.2.1/../../../../arm-none-eabi/lib/thumb/v7e-m+fp/hard/libm.a(libm_a-math_err.o)
                0x08005bc8                __math_oflow
 .text.fabs     0x08005bd8       0x10 /opt/arm-none-eabi/bin/../lib/gcc/arm-none-eabi/13.2.1/../../../../arm-none-eabi/lib/thumb/v7e-m+fp/hard/libm.a(libm_a-s_fabs.o)
                0x08005bd8                fabs
 .text.scalbn   0x08005be8      0x114 /opt/arm-none-eabi/bin/../lib/gcc/arm-none-eabi/13.2.1/../../../../arm-none-eabi/lib/thumb/v7e-m+fp/hard/libm.a(libm_a-s_scalbn.o)
                0x08005be8                scalbn
 .text.printf   0x08005cfc       0x24 /opt/arm-none-eabi/bin/../lib/gcc/arm-none-eabi/13.2.1/../../../../arm-none-eabi/lib/thumb/v7e-m+fp/hard/libc_nano.a(libc_a-printf.o)
                0x08005cfc                printf
                0x08005cfc                iprintf
 .text.__sfputc_r
                0x08005d20       0x2e /opt/arm-none-eabi/bin/../lib/gcc/arm-none-eabi/13.2.1/../../../../arm-none-eabi/lib/thumb/v7e-m+fp/hard/libc_nano.a(libc_a-nano-vfprintf.o)
 .text.__sfputs_r
                0x08005d4e       0x24 /opt/arm-none-eabi/bin/../lib/gcc/arm-none-eabi/13.2.1/../../../../arm-none-eabi/lib/thumb/v7e-m+fp/hard/libc_nano.a(libc_a-nano-vfprintf.o)
                0x08005d4e                __sfputs_r
 *fill*         0x08005d72        0x2 
 .text._vfprintf_r
                0x08005d74      0x230 /opt/arm-none-eabi/bin/../lib/gcc/arm-none-eabi/13.2.1/../../../../arm-none-eabi/lib/thumb/v7e-m+fp/hard/libc_nano.a(libc_a-nano-vfprintf.o)
                0x08005d74                _vfiprintf_r
                0x08005d74                _vfprintf_r
 .text.__swbuf_r
                0x08005fa4       0x7c /opt/arm-none-eabi/bin/../lib/gcc/arm-none-eabi/13.2.1/../../../../arm-none-eabi/lib/thumb/v7e-m+fp/hard/libc_nano.a(libc_a-wbuf.o)
                0x08005fa4                __swbuf_r
 .text.__swsetup_r
                0x08006020       0xac /opt/arm-none-eabi/bin/../lib/gcc/arm-none-eabi/13.2.1/../../../../arm-none-eabi/lib/thumb/v7e-m+fp/hard/libc_nano.a(libc_a-wsetup.o)
                0x08006020                __swsetup_r
 .text.putchar  0x080060cc       0x10 /opt/arm-none-eabi/bin/../lib/gcc/arm-none-eabi/13.2.1/../../../../arm-none-eabi/lib/thumb/v7e-m+fp/hard/libc_nano.a(libc_a-putchar.o)
                0x080060cc                putchar
 .text._printf_common
                0x080060dc       0xda /opt/arm-none-eabi/bin/../lib/gcc/arm-none-eabi/13.2.1/../../../../arm-none-eabi/lib/thumb/v7e-m+fp/hard/libc_nano.a(libc_a-nano-vfprintf_i.o)
                0x080060dc                _printf_common
 *fill*         0x080061b6        0x2 
 .text._printf_i
                0x080061b8      0x23c /opt/arm-none-eabi/bin/../lib/gcc/arm-none-eabi/13.2.1/../../../../arm-none-eabi/lib/thumb/v7e-m+fp/hard/libc_nano.a(libc_a-nano-vfprintf_i.o)
                0x080061b8                _printf_i
 .text._puts_r  0x080063f4       0xaa /opt/arm-none-eabi/bin/../lib/gcc/arm-none-eabi/13.2.1/../../../../arm-none-eabi/lib/thumb/v7e-m+fp/hard/libc_nano.a(libc_a-puts.o)
                0x080063f4                _puts_r
 *fill*         0x0800649e        0x2 
 .text.puts     0x080064a0       0x10 /opt/arm-none-eabi/bin/../lib/gcc/arm-none-eabi/13.2.1/../../../../arm-none-eabi/lib/thumb/v7e-m+fp/hard/libc_nano.a(libc_a-puts.o)
                0x080064a0                puts
 .text.__sflush_r
                0x080064b0      0x108 /opt/arm-none-eabi/bin/../lib/gcc/arm-none-eabi/13.2.1/../../../../arm-none-eabi/lib/thumb/v7e-m+fp/hard/libc_nano.a(libc_a-fflush.o)
                0x080064b0                __sflush_r
 .text._fflush_r
                0x080065b8       0x50 /opt/arm-none-eabi/bin/../lib/gcc/arm-none-eabi/13.2.1/../../../../arm-none-eabi/lib/thumb/v7e-m+fp/hard/libc_nano.a(libc_a-fflush.o)
                0x080065b8                _fflush_r
 *fill*         0x08006608        0x8 
 .text          0x08006610       0xa0 /opt/arm-none-eabi/bin/../lib/gcc/arm-none-eabi/13.2.1/../../../../arm-none-eabi/lib/thumb/v7e-m+fp/hard/libc_nano.a(libc_a-memchr.o)
                0x08006610                memchr
 .text.memcpy   0x080066b0       0x1c /opt/arm-none-eabi/bin/../lib/gcc/arm-none-eabi/13.2.1/../../../../arm-none-eabi/lib/thumb/v7e-m+fp/hard/libc_nano.a(libc_a-memcpy-stub.o)
                0x080066b0                memcpy
 .text.std      0x080066cc       0x6c /opt/arm-none-eabi/bin/../lib/gcc/arm-none-eabi/13.2.1/../../../../arm-none-eabi/lib/thumb/v7e-m+fp/hard/libc_nano.a(libc_a-findfp.o)
 .text.stdio_exit_handler
                0x08006738       0x18 /opt/arm-none-eabi/bin/../lib/gcc/arm-none-eabi/13.2.1/../../../../arm-none-eabi/lib/thumb/v7e-m+fp/hard/libc_nano.a(libc_a-findfp.o)
 .text.cleanup_stdio
                0x08006750       0x40 /opt/arm-none-eabi/bin/../lib/gcc/arm-none-eabi/13.2.1/../../../../arm-none-eabi/lib/thumb/v7e-m+fp/hard/libc_nano.a(libc_a-findfp.o)
 .text.global_stdio_init.part.0
                0x08006790       0x3c /opt/arm-none-eabi/bin/../lib/gcc/arm-none-eabi/13.2.1/../../../../arm-none-eabi/lib/thumb/v7e-m+fp/hard/libc_nano.a(libc_a-findfp.o)
 .text.__sfp_lock_acquire
                0x080067cc        0xc /opt/arm-none-eabi/bin/../lib/gcc/arm-none-eabi/13.2.1/../../../../arm-none-eabi/lib/thumb/v7e-m+fp/hard/libc_nano.a(libc_a-findfp.o)
                0x080067cc                __sfp_lock_acquire
 .text.__sfp_lock_release
                0x080067d8        0xc /opt/arm-none-eabi/bin/../lib/gcc/arm-none-eabi/13.2.1/../../../../arm-none-eabi/lib/thumb/v7e-m+fp/hard/libc_nano.a(libc_a-findfp.o)
                0x080067d8                __sfp_lock_release
 .text.__sinit  0x080067e4       0x30 /opt/arm-none-eabi/bin/../lib/gcc/arm-none-eabi/13.2.1/../../../../arm-none-eabi/lib/thumb/v7e-m+fp/hard/libc_nano.a(libc_a-findfp.o)
                0x080067e4                __sinit
 .text.__sread  0x08006814       0x22 /opt/arm-none-eabi/bin/../lib/gcc/arm-none-eabi/13.2.1/../../../../arm-none-eabi/lib/thumb/v7e-m+fp/hard/libc_nano.a(libc_a-stdio.o)
                0x08006814                __sread
 .text.__swrite
                0x08006836       0x38 /opt/arm-none-eabi/bin/../lib/gcc/arm-none-eabi/13.2.1/../../../../arm-none-eabi/lib/thumb/v7e-m+fp/hard/libc_nano.a(libc_a-stdio.o)
                0x08006836                __swrite
 .text.__sseek  0x0800686e       0x24 /opt/arm-none-eabi/bin/../lib/gcc/arm-none-eabi/13.2.1/../../../../arm-none-eabi/lib/thumb/v7e-m+fp/hard/libc_nano.a(libc_a-stdio.o)
                0x0800686e                __sseek
 .text.__sclose
                0x08006892        0x8 /opt/arm-none-eabi/bin/../lib/gcc/arm-none-eabi/13.2.1/../../../../arm-none-eabi/lib/thumb/v7e-m+fp/hard/libc_nano.a(libc_a-stdio.o)
                0x08006892                __sclose
 *fill*         0x0800689a        0x2 
 .text._read_r  0x0800689c       0x24 /opt/arm-none-eabi/bin/../lib/gcc/arm-none-eabi/13.2.1/../../../../arm-none-eabi/lib/thumb/v7e-m+fp/hard/libc_nano.a(libc_a-readr.o)
                0x0800689c                _read_r
 .text.swapfunc
                0x080068c0       0x32 /opt/arm-none-eabi/bin/../lib/gcc/arm-none-eabi/13.2.1/../../../../arm-none-eabi/lib/thumb/v7e-m+fp/hard/libc_nano.a(libc_a-qsort.o)
 .text.med3.constprop.0
                0x080068f2       0x40 /opt/arm-none-eabi/bin/../lib/gcc/arm-none-eabi/13.2.1/../../../../arm-none-eabi/lib/thumb/v7e-m+fp/hard/libc_nano.a(libc_a-qsort.o)
 .text.qsort    0x08006932      0x28e /opt/arm-none-eabi/bin/../lib/gcc/arm-none-eabi/13.2.1/../../../../arm-none-eabi/lib/thumb/v7e-m+fp/hard/libc_nano.a(libc_a-qsort.o)
                0x08006932                qsort
 .text._write_r
                0x08006bc0       0x24 /opt/arm-none-eabi/bin/../lib/gcc/arm-none-eabi/13.2.1/../../../../arm-none-eabi/lib/thumb/v7e-m+fp/hard/libc_nano.a(libc_a-writer.o)
                0x08006bc0                _write_r
 .text.__errno  0x08006be4        0xc /opt/arm-none-eabi/bin/../lib/gcc/arm-none-eabi/13.2.1/../../../../arm-none-eabi/lib/thumb/v7e-m+fp/hard/libc_nano.a(libc_a-errno.o)
                0x08006be4                __errno
 .text._fwalk_sglue
                0x08006bf0       0x3c /opt/arm-none-eabi/bin/../lib/gcc/arm-none-eabi/13.2.1/../../../../arm-none-eabi/lib/thumb/v7e-m+fp/hard/libc_nano.a(libc_a-fwalk.o)
                0x08006bf0                _fwalk_sglue
 .text.memset   0x08006c2c       0x10 /opt/arm-none-eabi/bin/../lib/gcc/arm-none-eabi/13.2.1/../../../../arm-none-eabi/lib/thumb/v7e-m+fp/hard/libc_nano.a(libc_a-memset.o)
                0x08006c2c                memset
 .text._free_r  0x08006c3c       0x94 /opt/arm-none-eabi/bin/../lib/gcc/arm-none-eabi/13.2.1/../../../../arm-none-eabi/lib/thumb/v7e-m+fp/hard/libc_nano.a(libc_a-freer.o)
                0x08006c3c                _free_r
 .text.__retarget_lock_init_recursive
                0x08006cd0        0x2 /opt/arm-none-eabi/bin/../lib/gcc/arm-none-eabi/13.2.1/../../../../arm-none-eabi/lib/thumb/v7e-m+fp/hard/libc_nano.a(libc_a-lock.o)
                0x08006cd0                __retarget_lock_init_recursive
 .text.__retarget_lock_acquire_recursive
                0x08006cd2        0x2 /opt/arm-none-eabi/bin/../lib/gcc/arm-none-eabi/13.2.1/../../../../arm-none-eabi/lib/thumb/v7e-m+fp/hard/libc_nano.a(libc_a-lock.o)
                0x08006cd2                __retarget_lock_acquire_recursive
 .text.__retarget_lock_release_recursive
                0x08006cd4        0x2 /opt/arm-none-eabi/bin/../lib/gcc/arm-none-eabi/13.2.1/../../../../arm-none-eabi/lib/thumb/v7e-m+fp/hard/libc_nano.a(libc_a-lock.o)
                0x08006cd4                __retarget_lock_release_recursive
 .text.__swhatbuf_r
                0x08006cd6       0x4c /opt/arm-none-eabi/bin/../lib/gcc/arm-none-eabi/13.2.1/../../../../arm-none-eabi/lib/thumb/v7e-m+fp/hard/libc_nano.a(libc_a-makebuf.o)
                0x08006cd6                __swhatbuf_r
 .text.__smakebuf_r
                0x08006d22       0x78 /opt/arm-none-eabi/bin/../lib/gcc/arm-none-eabi/13.2.1/../../../../arm-none-eabi/lib/thumb/v7e-m+fp/hard/libc_nano.a(libc_a-makebuf.o)
                0x08006d22                __smakebuf_r
 .text._putc_r  0x08006d9a       0x68 /opt/arm-none-eabi/bin/../lib/gcc/arm-none-eabi/13.2.1/../../../../arm-none-eabi/lib/thumb/v7e-m+fp/hard/libc_nano.a(libc_a-putc.o)
                0x08006d9a                _putc_r
 *fill*         0x08006e02        0x2 
 .text._close_r
                0x08006e04       0x20 /opt/arm-none-eabi/bin/../lib/gcc/arm-none-eabi/13.2.1/../../../../arm-none-eabi/lib/thumb/v7e-m+fp/hard/libc_nano.a(libc_a-closer.o)
                0x08006e04                _close_r
 .text.sbrk_aligned
                0x08006e24       0x44 /opt/arm-none-eabi/bin/../lib/gcc/arm-none-eabi/13.2.1/../../../../arm-none-eabi/lib/thumb/v7e-m+fp/hard/libc_nano.a(libc_a-mallocr.o)
 .text._malloc_r
                0x08006e68      0x100 /opt/arm-none-eabi/bin/../lib/gcc/arm-none-eabi/13.2.1/../../../../arm-none-eabi/lib/thumb/v7e-m+fp/hard/libc_nano.a(libc_a-mallocr.o)
                0x08006e68                _malloc_r
 .text._fstat_r
                0x08006f68       0x24 /opt/arm-none-eabi/bin/../lib/gcc/arm-none-eabi/13.2.1/../../../../arm-none-eabi/lib/thumb/v7e-m+fp/hard/libc_nano.a(libc_a-fstatr.o)
                0x08006f68                _fstat_r
 .text._isatty_r
                0x08006f8c       0x20 /opt/arm-none-eabi/bin/../lib/gcc/arm-none-eabi/13.2.1/../../../../arm-none-eabi/lib/thumb/v7e-m+fp/hard/libc_nano.a(libc_a-isattyr.o)
                0x08006f8c                _isatty_r
 .text._lseek_r
                0x08006fac       0x24 /opt/arm-none-eabi/bin/../lib/gcc/arm-none-eabi/13.2.1/../../../../arm-none-eabi/lib/thumb/v7e-m+fp/hard/libc_nano.a(libc_a-lseekr.o)
                0x08006fac                _lseek_r
 .text.__malloc_lock
                0x08006fd0        0xc /opt/arm-none-eabi/bin/../lib/gcc/arm-none-eabi/13.2.1/../../../../arm-none-eabi/lib/thumb/v7e-m+fp/hard/libc_nano.a(libc_a-mlock.o)
                0x08006fd0                __malloc_lock
 .text.__malloc_unlock
                0x08006fdc        0xc /opt/arm-none-eabi/bin/../lib/gcc/arm-none-eabi/13.2.1/../../../../arm-none-eabi/lib/thumb/v7e-m+fp/hard/libc_nano.a(libc_a-mlock.o)
                0x08006fdc                __malloc_unlock
 .text._sbrk_r  0x08006fe8       0x20 /opt/arm-none-eabi/bin/../lib/gcc/arm-none-eabi/13.2.1/../../../../arm-none-eabi/lib/thumb/v7e-m+fp/hard/libc_nano.a(libc_a-sbrkr.o)
                0x08006fe8                _sbrk_r
 .text          0x08007008      0x378 /opt/arm-none-eabi/bin/../lib/gcc/arm-none-eabi/13.2.1/thumb/v7e-m+fp/hard/libgcc.a(_arm_addsubdf3.o)
                0x08007008                __aeabi_drsub
                0x08007010                __aeabi_dsub
                0x08007010                __subdf3
                0x08007014                __adddf3
                0x08007014                __aeabi_dadd
                0x0800728c                __aeabi_ui2d
                0x0800728c                __floatunsidf
                0x080072ac                __floatsidf
                0x080072ac                __aeabi_i2d
                0x080072d0                __extendsfdf2
                0x080072d0                __aeabi_f2d
                0x08007314                __aeabi_ul2d
                0x08007314                __floatundidf
                0x08007324                __floatdidf
                0x08007324                __aeabi_l2d
 .text          0x08007380      0x424 /opt/arm-none-eabi/bin/../lib/gcc/arm-none-eabi/13.2.1/thumb/v7e-m+fp/hard/libgcc.a(_arm_muldivdf3.o)
                0x08007380                __aeabi_dmul
                0x08007380                __muldf3
                0x080075d4                __aeabi_ddiv
                0x080075d4                __divdf3
 .text          0x080077a4      0x110 /opt/arm-none-eabi/bin/../lib/gcc/arm-none-eabi/13.2.1/thumb/v7e-m+fp/hard/libgcc.a(_arm_cmpdf2.o)
                0x080077a4                __gtdf2
                0x080077a4                __gedf2
                0x080077ac                __ltdf2
                0x080077ac                __ledf2
                0x080077b4                __cmpdf2
                0x080077b4                __eqdf2
                0x080077b4                __nedf2
                0x08007830                __aeabi_cdrcmple
                0x08007840                __aeabi_cdcmple
                0x08007840                __aeabi_cdcmpeq
                0x08007850                __aeabi_dcmpeq
                0x08007864                __aeabi_dcmplt
                0x08007878                __aeabi_dcmple
                0x0800788c                __aeabi_dcmpge
                0x080078a0                __aeabi_dcmpgt
 .text          0x080078b4       0x2c /opt/arm-none-eabi/bin/../lib/gcc/arm-none-eabi/13.2.1/thumb/v7e-m+fp/hard/libgcc.a(_arm_unorddf2.o)
                0x080078b4                __aeabi_dcmpun
                0x080078b4                __unorddf2
 .text          0x080078e0       0x50 /opt/arm-none-eabi/bin/../lib/gcc/arm-none-eabi/13.2.1/thumb/v7e-m+fp/hard/libgcc.a(_arm_fixdfsi.o)
                0x080078e0                __fixdfsi
                0x080078e0                __aeabi_d2iz
 .text.__fixdfdi
                0x08007930       0x30 /opt/arm-none-eabi/bin/../lib/gcc/arm-none-eabi/13.2.1/thumb/v7e-m+fp/hard/libgcc.a(_fixdfdi.o)
                0x08007930                __aeabi_d2lz
                0x08007930                __fixdfdi
 .text.__fixunsdfdi
                0x08007960       0x3c /opt/arm-none-eabi/bin/../lib/gcc/arm-none-eabi/13.2.1/thumb/v7e-m+fp/hard/libgcc.a(_fixunsdfdi.o)
                0x08007960                __aeabi_d2ulz
                0x08007960                __fixunsdfdi
 .text          0x0800799c       0x40 /opt/arm-none-eabi/bin/../lib/gcc/arm-none-eabi/13.2.1/thumb/v7e-m+fp/hard/libgcc.a(_arm_fixunsdfsi.o)
                0x0800799c                __fixunsdfsi
                0x0800799c                __aeabi_d2uiz

.glue_7         0x080079dc        0x0
 .glue_7        0x080079dc        0x0 linker stubs

.glue_7t        0x080079dc        0x0
 .glue_7t       0x080079dc        0x0 linker stubs

.vfp11_veneer   0x080079dc        0x0
 .vfp11_veneer  0x080079dc        0x0 linker stubs

.v4_bx          0x080079dc        0x0
 .v4_bx         0x080079dc        0x0 linker stubs

.iplt           0x080079dc        0x0
 .iplt          0x080079dc        0x0 /tmp/ccPO5T58.o

.rodata         0x080079e0      0x603
 *(.rodata*)
 .rodata        0x080079e0      0x4f4 /tmp/ccPO5T58.o
 .rodata        0x08007ed4       0x46 /tmp/ccDJkQaR.o
 *fill*         0x08007f1a        0x2 
 .rodata        0x08007f1c       0x7e /tmp/ccziNJU5.o
 *fill*         0x08007f9a        0x6 
 .rodata.tiny   0x08007fa0        0x8 /opt/arm-none-eabi/bin/../lib/gcc/arm-none-eabi/13.2.1/../../../../arm-none-eabi/lib/thumb/v7e-m+fp/hard/libm.a(libm_a-e_sqrt.o)
 .rodata.one    0x08007fa8        0x8 /opt/arm-none-eabi/bin/../lib/gcc/arm-none-eabi/13.2.1/../../../../arm-none-eabi/lib/thumb/v7e-m+fp/hard/libm.a(libm_a-e_sqrt.o)
 .rodata._vfprintf_r.str1.1
                0x08007fb0       0x33 /opt/arm-none-eabi/bin/../lib/gcc/arm-none-eabi/13.2.1/../../../../arm-none-eabi/lib/thumb/v7e-m+fp/hard/libc_nano.a(libc_a-nano-vfprintf.o)
                                 0x11 (size before relaxing)
 .rodata._printf_i.str1.1
                0x08007fe3       0x22 /opt/arm-none-eabi/bin/../lib/gcc/arm-none-eabi/13.2.1/../../../../arm-none-eabi/lib/thumb/v7e-m+fp/hard/libc_nano.a(libc_a-nano-vfprintf_i.o)

.ARM.exidx      0x08007fe4        0x8
 .ARM.exidx     0x08007fe4        0x8 /opt/arm-none-eabi/bin/../lib/gcc/arm-none-eabi/13.2.1/../../../../arm-none-eabi/lib/thumb/v7e-m+fp/hard/libc_nano.a(libc_a-memchr.o)

.rel.dyn        0x08007fec        0x0
 .rel.iplt      0x08007fec        0x0 /tmp/ccPO5T58.o

.data           0x20000000       0x81 load address 0x08007fec
                0x20000000                        _sdata = .
 *(.first_data)
 *(.data SORT_BY_NAME(.data.*))
 .data.ALE      0x20000000        0x2 /tmp/ccPO5T58.o
                0x20000000                ALE
 .data.CE       0x20000002        0x2 /tmp/ccPO5T58.o
                0x20000002                CE
 .data.CLE      0x20000004        0x2 /tmp/ccPO5T58.o
                0x20000004                CLE
 *fill*         0x20000006        0x2 
 .data.FREQ     0x20000008        0x4 /tmp/ccO4jZte.o
                0x20000008                FREQ
 .data.RB       0x2000000c        0x2 /tmp/ccPO5T58.o
                0x2000000c                RB
 .data.RE       0x2000000e        0x2 /tmp/ccPO5T58.o
                0x2000000e                RE
 .data.WE       0x20000010        0x2 /tmp/ccPO5T58.o
                0x20000010                WE
 .data.WP       0x20000012        0x2 /tmp/ccPO5T58.o
                0x20000012                WP
 .data.__sglue  0x20000014        0xc /opt/arm-none-eabi/bin/../lib/gcc/arm-none-eabi/13.2.1/../../../../arm-none-eabi/lib/thumb/v7e-m+fp/hard/libc_nano.a(libc_a-findfp.o)
                0x20000014                __sglue
 .data._impure_data
                0x20000020       0x4c /opt/arm-none-eabi/bin/../lib/gcc/arm-none-eabi/13.2.1/../../../../arm-none-eabi/lib/thumb/v7e-m+fp/hard/libc_nano.a(libc_a-impure.o)
                0x20000020                _impure_data
 .data._impure_ptr
                0x2000006c        0x4 /opt/arm-none-eabi/bin/../lib/gcc/arm-none-eabi/13.2.1/../../../../arm-none-eabi/lib/thumb/v7e-m+fp/hard/libc_nano.a(libc_a-impure.o)
                0x2000006c                _impure_ptr
 .data.data0    0x20000070        0x2 /tmp/ccPO5T58.o
                0x20000070                data0
 .data.data1    0x20000072        0x2 /tmp/ccPO5T58.o
                0x20000072                data1
 .data.data2    0x20000074        0x2 /tmp/ccPO5T58.o
                0x20000074                data2
 .data.data3    0x20000076        0x2 /tmp/ccPO5T58.o
                0x20000076                data3
 .data.data4    0x20000078        0x2 /tmp/ccPO5T58.o
                0x20000078                data4
 .data.data5    0x2000007a        0x2 /tmp/ccPO5T58.o
                0x2000007a                data5
 .data.data6    0x2000007c        0x2 /tmp/ccPO5T58.o
                0x2000007c                data6
 .data.data7    0x2000007e        0x2 /tmp/ccPO5T58.o
                0x2000007e                data7
 .data.globalPinMode
                0x20000080        0x1 /tmp/ccPO5T58.o
                0x20000080                globalPinMode
                0x20000081                        _edata = .
                0x08007fec                        _sidata = LOADADDR (.data)

.igot.plt       0x20000084        0x0 load address 0x0800806d
 .igot.plt      0x20000084        0x0 /tmp/ccPO5T58.o

.bss            0x20000084      0x174 load address 0x0800806d
                0x20000084                        _sbss = .
 *(.bss SORT_BY_NAME(.bss.*) COMMON)
 .bss.ADXL375_SPI
                0x20000084        0x4 /tmp/ccDJkQaR.o
                0x20000084                ADXL375_SPI
 .bss.MS5611_SPI
                0x20000088        0x4 /tmp/cc0LPFE2.o
                0x20000088                MS5611_SPI
 .bss.__lock___malloc_recursive_mutex
                0x2000008c        0x1 /opt/arm-none-eabi/bin/../lib/gcc/arm-none-eabi/13.2.1/../../../../arm-none-eabi/lib/thumb/v7e-m+fp/hard/libc_nano.a(libc_a-lock.o)
                0x2000008c                __lock___malloc_recursive_mutex
 .bss.__lock___sfp_recursive_mutex
                0x2000008d        0x1 /opt/arm-none-eabi/bin/../lib/gcc/arm-none-eabi/13.2.1/../../../../arm-none-eabi/lib/thumb/v7e-m+fp/hard/libc_nano.a(libc_a-lock.o)
                0x2000008d                __lock___sfp_recursive_mutex
 *fill*         0x2000008e        0x2 
 .bss.__malloc_free_list
                0x20000090        0x4 /opt/arm-none-eabi/bin/../lib/gcc/arm-none-eabi/13.2.1/../../../../arm-none-eabi/lib/thumb/v7e-m+fp/hard/libc_nano.a(libc_a-mallocr.o)
                0x20000090                __malloc_free_list
 .bss.__malloc_sbrk_start
                0x20000094        0x4 /opt/arm-none-eabi/bin/../lib/gcc/arm-none-eabi/13.2.1/../../../../arm-none-eabi/lib/thumb/v7e-m+fp/hard/libc_nano.a(libc_a-mallocr.o)
                0x20000094                __malloc_sbrk_start
 .bss.__sf      0x20000098      0x138 /opt/arm-none-eabi/bin/../lib/gcc/arm-none-eabi/13.2.1/../../../../arm-none-eabi/lib/thumb/v7e-m+fp/hard/libc_nano.a(libc_a-findfp.o)
                0x20000098                __sf
 .bss.__stdio_exit_handler
                0x200001d0        0x4 /opt/arm-none-eabi/bin/../lib/gcc/arm-none-eabi/13.2.1/../../../../arm-none-eabi/lib/thumb/v7e-m+fp/hard/libc_nano.a(libc_a-findfp.o)
                0x200001d0                __stdio_exit_handler
 .bss.errno     0x200001d4        0x4 /opt/arm-none-eabi/bin/../lib/gcc/arm-none-eabi/13.2.1/../../../../arm-none-eabi/lib/thumb/v7e-m+fp/hard/libc_nano.a(libc_a-reent.o)
                0x200001d4                errno
 .bss.flightStage
                0x200001d8        0x1 /tmp/ccPO5T58.o
                0x200001d8                flightStage
 *fill*         0x200001d9        0x3 
 .bss.frameAddressPointer
                0x200001dc        0x4 /tmp/ccPO5T58.o
                0x200001dc                frameAddressPointer
 .bss.heap.0    0x200001e0        0x4 /tmp/cc9eLoyv.o
 .bss.ms5611_prom_data
                0x200001e4       0x10 /tmp/cc0LPFE2.o
                0x200001e4                ms5611_prom_data
 .bss.s_ticks   0x200001f4        0x4 /tmp/ccPO5T58.o
                0x200001f4                s_ticks
                0x200001f8                        _ebss = .
                0x200001f8                        . = ALIGN (0x8)
                0x200001f8                        _end = .
OUTPUT(firmware.elf elf32-littlearm)
LOAD linker stubs

.debug_info     0x00000000     0x58ef
 .debug_info    0x00000000     0x19b6 /tmp/ccPO5T58.o
 .debug_info    0x000019b6      0x108 /tmp/ccTVY1xI.o
 .debug_info    0x00001abe      0x897 /tmp/cc9eLoyv.o
 .debug_info    0x00002355      0xf91 /tmp/ccO4jZte.o
 .debug_info    0x000032e6      0x971 /tmp/cc0LPFE2.o
 .debug_info    0x00003c57      0x786 /tmp/ccDJkQaR.o
 .debug_info    0x000043dd      0x847 /tmp/ccVLmlu6.o
 .debug_info    0x00004c24      0xccb /tmp/ccziNJU5.o

.debug_abbrev   0x00000000     0x14f4
 .debug_abbrev  0x00000000      0x48d /tmp/ccPO5T58.o
 .debug_abbrev  0x0000048d       0xc5 /tmp/ccTVY1xI.o
 .debug_abbrev  0x00000552      0x26e /tmp/cc9eLoyv.o
 .debug_abbrev  0x000007c0      0x2a9 /tmp/ccO4jZte.o
 .debug_abbrev  0x00000a69      0x2c9 /tmp/cc0LPFE2.o
 .debug_abbrev  0x00000d32      0x2b4 /tmp/ccDJkQaR.o
 .debug_abbrev  0x00000fe6      0x21e /tmp/ccVLmlu6.o
 .debug_abbrev  0x00001204      0x2f0 /tmp/ccziNJU5.o

.debug_aranges  0x00000000      0x538
 .debug_aranges
                0x00000000      0x178 /tmp/ccPO5T58.o
 .debug_aranges
                0x00000178       0x20 /tmp/ccTVY1xI.o
 .debug_aranges
                0x00000198       0xb0 /tmp/cc9eLoyv.o
 .debug_aranges
                0x00000248       0xa8 /tmp/ccO4jZte.o
 .debug_aranges
                0x000002f0       0x90 /tmp/cc0LPFE2.o
 .debug_aranges
                0x00000380       0x90 /tmp/ccDJkQaR.o
 .debug_aranges
                0x00000410       0x58 /tmp/ccVLmlu6.o
 .debug_aranges
                0x00000468       0xd0 /tmp/ccziNJU5.o

.debug_rnglists
                0x00000000      0x3f2
 .debug_rnglists
                0x00000000      0x128 /tmp/ccPO5T58.o
 .debug_rnglists
                0x00000128       0x13 /tmp/ccTVY1xI.o
 .debug_rnglists
                0x0000013b       0x80 /tmp/cc9eLoyv.o
 .debug_rnglists
                0x000001bb       0x7e /tmp/ccO4jZte.o
 .debug_rnglists
                0x00000239       0x6b /tmp/cc0LPFE2.o
 .debug_rnglists
                0x000002a4       0x6c /tmp/ccDJkQaR.o
 .debug_rnglists
                0x00000310       0x41 /tmp/ccVLmlu6.o
 .debug_rnglists
                0x00000351       0xa1 /tmp/ccziNJU5.o

.debug_macro    0x00000000    0x223d9
 .debug_macro   0x00000000      0x341 /tmp/ccPO5T58.o
 .debug_macro   0x00000341      0xacc /tmp/ccPO5T58.o
 .debug_macro   0x00000e0d       0x22 /tmp/ccPO5T58.o
 .debug_macro   0x00000e2f       0x5b /tmp/ccPO5T58.o
 .debug_macro   0x00000e8a       0x2a /tmp/ccPO5T58.o
 .debug_macro   0x00000eb4       0x94 /tmp/ccPO5T58.o
 .debug_macro   0x00000f48       0x43 /tmp/ccPO5T58.o
 .debug_macro   0x00000f8b       0x34 /tmp/ccPO5T58.o
 .debug_macro   0x00000fbf       0x16 /tmp/ccPO5T58.o
 .debug_macro   0x00000fd5       0x57 /tmp/ccPO5T58.o
 .debug_macro   0x0000102c       0x9e /tmp/ccPO5T58.o
 .debug_macro   0x000010ca      0x370 /tmp/ccPO5T58.o
 .debug_macro   0x0000143a      0x112 /tmp/ccPO5T58.o
 .debug_macro   0x0000154c       0x10 /tmp/ccPO5T58.o
 .debug_macro   0x0000155c       0x16 /tmp/ccPO5T58.o
 .debug_macro   0x00001572       0x4a /tmp/ccPO5T58.o
 .debug_macro   0x000015bc       0x34 /tmp/ccPO5T58.o
 .debug_macro   0x000015f0       0x10 /tmp/ccPO5T58.o
 .debug_macro   0x00001600       0x58 /tmp/ccPO5T58.o
 .debug_macro   0x00001658       0x8e /tmp/ccPO5T58.o
 .debug_macro   0x000016e6       0x1c /tmp/ccPO5T58.o
 .debug_macro   0x00001702      0x177 /tmp/ccPO5T58.o
 .debug_macro   0x00001879       0x16 /tmp/ccPO5T58.o
 .debug_macro   0x0000188f       0x16 /tmp/ccPO5T58.o
 .debug_macro   0x000018a5      0x146 /tmp/ccPO5T58.o
 .debug_macro   0x000019eb      0x103 /tmp/ccPO5T58.o
 .debug_macro   0x00001aee       0x6a /tmp/ccPO5T58.o
 .debug_macro   0x00001b58      0x1df /tmp/ccPO5T58.o
 .debug_macro   0x00001d37       0x3c /tmp/ccPO5T58.o
 .debug_macro   0x00001d73      0x460 /tmp/ccPO5T58.o
 .debug_macro   0x000021d3       0x22 /tmp/ccPO5T58.o
 .debug_macro   0x000021f5       0x16 /tmp/ccPO5T58.o
 .debug_macro   0x0000220b       0x16 /tmp/ccPO5T58.o
 .debug_macro   0x00002221       0x29 /tmp/ccPO5T58.o
 .debug_macro   0x0000224a       0x16 /tmp/ccPO5T58.o
 .debug_macro   0x00002260       0x10 /tmp/ccPO5T58.o
 .debug_macro   0x00002270       0x10 /tmp/ccPO5T58.o
 .debug_macro   0x00002280       0x10 /tmp/ccPO5T58.o
 .debug_macro   0x00002290       0x1c /tmp/ccPO5T58.o
 .debug_macro   0x000022ac       0x52 /tmp/ccPO5T58.o
 .debug_macro   0x000022fe       0x22 /tmp/ccPO5T58.o
 .debug_macro   0x00002320       0x10 /tmp/ccPO5T58.o
 .debug_macro   0x00002330       0x52 /tmp/ccPO5T58.o
 .debug_macro   0x00002382       0xc1 /tmp/ccPO5T58.o
 .debug_macro   0x00002443       0x1c /tmp/ccPO5T58.o
 .debug_macro   0x0000245f       0x3d /tmp/ccPO5T58.o
 .debug_macro   0x0000249c       0x35 /tmp/ccPO5T58.o
 .debug_macro   0x000024d1      0x12c /tmp/ccPO5T58.o
 .debug_macro   0x000025fd      0x19b /tmp/ccPO5T58.o
 .debug_macro   0x00002798       0x28 /tmp/ccPO5T58.o
 .debug_macro   0x000027c0       0x1c /tmp/ccPO5T58.o
 .debug_macro   0x000027dc       0x22 /tmp/ccPO5T58.o
 .debug_macro   0x000027fe       0xd9 /tmp/ccPO5T58.o
 .debug_macro   0x000028d7     0x102d /tmp/ccPO5T58.o
 .debug_macro   0x00003904      0x11f /tmp/ccPO5T58.o
 .debug_macro   0x00003a23    0x1cb71 /tmp/ccPO5T58.o
 .debug_macro   0x00020594       0xd7 /tmp/ccPO5T58.o
 .debug_macro   0x0002066b       0x88 /tmp/ccPO5T58.o
 .debug_macro   0x000206f3       0x10 /tmp/ccPO5T58.o
 .debug_macro   0x00020703      0x1a8 /tmp/ccPO5T58.o
 .debug_macro   0x000208ab      0x190 /tmp/ccPO5T58.o
 .debug_macro   0x00020a3b       0xd0 /tmp/ccPO5T58.o
 .debug_macro   0x00020b0b       0x22 /tmp/ccPO5T58.o
 .debug_macro   0x00020b2d       0x7c /tmp/ccPO5T58.o
 .debug_macro   0x00020ba9       0x2e /tmp/ccPO5T58.o
 .debug_macro   0x00020bd7       0x11 /tmp/ccTVY1xI.o
 .debug_macro   0x00020be8      0x2c5 /tmp/cc9eLoyv.o
 .debug_macro   0x00020ead       0x3a /tmp/cc9eLoyv.o
 .debug_macro   0x00020ee7       0x89 /tmp/cc9eLoyv.o
 .debug_macro   0x00020f70       0x1c /tmp/cc9eLoyv.o
 .debug_macro   0x00020f8c       0x9b /tmp/cc9eLoyv.o
 .debug_macro   0x00021027      0x2d4 /tmp/ccO4jZte.o
 .debug_macro   0x000212fb       0x1c /tmp/ccO4jZte.o
 .debug_macro   0x00021317      0x2da /tmp/cc0LPFE2.o
 .debug_macro   0x000215f1       0x8e /tmp/cc0LPFE2.o
 .debug_macro   0x0002167f       0x51 /tmp/cc0LPFE2.o
 .debug_macro   0x000216d0       0x61 /tmp/cc0LPFE2.o
 .debug_macro   0x00021731       0x82 /tmp/cc0LPFE2.o
 .debug_macro   0x000217b3      0x2d4 /tmp/ccDJkQaR.o
 .debug_macro   0x00021a87      0x18a /tmp/ccDJkQaR.o
 .debug_macro   0x00021c11      0x317 /tmp/ccVLmlu6.o
 .debug_macro   0x00021f28       0x28 /tmp/ccVLmlu6.o
 .debug_macro   0x00021f50      0x2dd /tmp/ccziNJU5.o
 .debug_macro   0x0002222d      0x190 /tmp/ccziNJU5.o
 .debug_macro   0x000223bd       0x1c /tmp/ccziNJU5.o

.debug_line     0x00000000     0x4a26
 .debug_line    0x00000000     0x1a13 /tmp/ccPO5T58.o
 .debug_line    0x00001a13       0x88 /tmp/ccTVY1xI.o
 .debug_line    0x00001a9b      0x60f /tmp/cc9eLoyv.o
 .debug_line    0x000020aa      0x91d /tmp/ccO4jZte.o
 .debug_line    0x000029c7      0x775 /tmp/cc0LPFE2.o
 .debug_line    0x0000313c      0x740 /tmp/ccDJkQaR.o
 .debug_line    0x0000387c      0x69a /tmp/ccVLmlu6.o
 .debug_line    0x00003f16      0xb10 /tmp/ccziNJU5.o

.debug_str      0x00000000    0xb56f9
 .debug_str     0x00000000    0xb56f9 /tmp/ccPO5T58.o
                              0xb51a8 (size before relaxing)
 .debug_str     0x000b56f9     0x2e75 /tmp/ccTVY1xI.o
 .debug_str     0x000b56f9    0xb30bf /tmp/cc9eLoyv.o
 .debug_str     0x000b56f9    0xb33d9 /tmp/ccO4jZte.o
 .debug_str     0x000b56f9    0xb3372 /tmp/cc0LPFE2.o
 .debug_str     0x000b56f9    0xb38ab /tmp/ccDJkQaR.o
 .debug_str     0x000b56f9    0xb47e1 /tmp/ccVLmlu6.o
 .debug_str     0x000b56f9    0xb3b01 /tmp/ccziNJU5.o

.comment        0x00000000       0x44
 .comment       0x00000000       0x44 /tmp/ccPO5T58.o
                                 0x45 (size before relaxing)
 .comment       0x00000044       0x45 /tmp/ccTVY1xI.o
 .comment       0x00000044       0x45 /tmp/cc9eLoyv.o
 .comment       0x00000044       0x45 /tmp/ccO4jZte.o
 .comment       0x00000044       0x45 /tmp/cc0LPFE2.o
 .comment       0x00000044       0x45 /tmp/ccDJkQaR.o
 .comment       0x00000044       0x45 /tmp/ccVLmlu6.o
 .comment       0x00000044       0x45 /tmp/ccziNJU5.o

.ARM.attributes
                0x00000000       0x32
 .ARM.attributes
                0x00000000       0x34 /tmp/ccPO5T58.o
 .ARM.attributes
                0x00000034       0x34 /tmp/ccTVY1xI.o
 .ARM.attributes
                0x00000068       0x34 /tmp/cc9eLoyv.o
 .ARM.attributes
                0x0000009c       0x34 /tmp/ccO4jZte.o
 .ARM.attributes
                0x000000d0       0x34 /tmp/cc0LPFE2.o
 .ARM.attributes
                0x00000104       0x34 /tmp/ccDJkQaR.o
 .ARM.attributes
                0x00000138       0x34 /tmp/ccVLmlu6.o
 .ARM.attributes
                0x0000016c       0x34 /tmp/ccziNJU5.o
 .ARM.attributes
                0x000001a0       0x34 /opt/arm-none-eabi/bin/../lib/gcc/arm-none-eabi/13.2.1/../../../../arm-none-eabi/lib/thumb/v7e-m+fp/hard/libm.a(libm_a-w_sqrt.o)
 .ARM.attributes
                0x000001d4       0x34 /opt/arm-none-eabi/bin/../lib/gcc/arm-none-eabi/13.2.1/../../../../arm-none-eabi/lib/thumb/v7e-m+fp/hard/libm.a(libm_a-powl.o)
 .ARM.attributes
                0x00000208       0x34 /opt/arm-none-eabi/bin/../lib/gcc/arm-none-eabi/13.2.1/../../../../arm-none-eabi/lib/thumb/v7e-m+fp/hard/libm.a(libm_a-e_sqrt.o)
 .ARM.attributes
                0x0000023c       0x34 /opt/arm-none-eabi/bin/../lib/gcc/arm-none-eabi/13.2.1/../../../../arm-none-eabi/lib/thumb/v7e-m+fp/hard/libm.a(libm_a-w_pow.o)
 .ARM.attributes
                0x00000270       0x34 /opt/arm-none-eabi/bin/../lib/gcc/arm-none-eabi/13.2.1/../../../../arm-none-eabi/lib/thumb/v7e-m+fp/hard/libm.a(libm_a-s_finite.o)
 .ARM.attributes
                0x000002a4       0x34 /opt/arm-none-eabi/bin/../lib/gcc/arm-none-eabi/13.2.1/../../../../arm-none-eabi/lib/thumb/v7e-m+fp/hard/libm.a(libm_a-e_pow.o)
 .ARM.attributes
                0x000002d8       0x34 /opt/arm-none-eabi/bin/../lib/gcc/arm-none-eabi/13.2.1/../../../../arm-none-eabi/lib/thumb/v7e-m+fp/hard/libm.a(libm_a-math_err.o)
 .ARM.attributes
                0x0000030c       0x34 /opt/arm-none-eabi/bin/../lib/gcc/arm-none-eabi/13.2.1/../../../../arm-none-eabi/lib/thumb/v7e-m+fp/hard/libm.a(libm_a-s_fabs.o)
 .ARM.attributes
                0x00000340       0x34 /opt/arm-none-eabi/bin/../lib/gcc/arm-none-eabi/13.2.1/../../../../arm-none-eabi/lib/thumb/v7e-m+fp/hard/libm.a(libm_a-s_scalbn.o)
 .ARM.attributes
                0x00000374       0x34 /opt/arm-none-eabi/bin/../lib/gcc/arm-none-eabi/13.2.1/../../../../arm-none-eabi/lib/thumb/v7e-m+fp/hard/libc_nano.a(libc_a-printf.o)
 .ARM.attributes
                0x000003a8       0x34 /opt/arm-none-eabi/bin/../lib/gcc/arm-none-eabi/13.2.1/../../../../arm-none-eabi/lib/thumb/v7e-m+fp/hard/libc_nano.a(libc_a-nano-vfprintf.o)
 .ARM.attributes
                0x000003dc       0x34 /opt/arm-none-eabi/bin/../lib/gcc/arm-none-eabi/13.2.1/../../../../arm-none-eabi/lib/thumb/v7e-m+fp/hard/libc_nano.a(libc_a-wbuf.o)
 .ARM.attributes
                0x00000410       0x34 /opt/arm-none-eabi/bin/../lib/gcc/arm-none-eabi/13.2.1/../../../../arm-none-eabi/lib/thumb/v7e-m+fp/hard/libc_nano.a(libc_a-wsetup.o)
 .ARM.attributes
                0x00000444       0x34 /opt/arm-none-eabi/bin/../lib/gcc/arm-none-eabi/13.2.1/../../../../arm-none-eabi/lib/thumb/v7e-m+fp/hard/libc_nano.a(libc_a-putchar.o)
 .ARM.attributes
                0x00000478       0x34 /opt/arm-none-eabi/bin/../lib/gcc/arm-none-eabi/13.2.1/../../../../arm-none-eabi/lib/thumb/v7e-m+fp/hard/libc_nano.a(libc_a-nano-vfprintf_i.o)
 .ARM.attributes
                0x000004ac       0x34 /opt/arm-none-eabi/bin/../lib/gcc/arm-none-eabi/13.2.1/../../../../arm-none-eabi/lib/thumb/v7e-m+fp/hard/libc_nano.a(libc_a-puts.o)
 .ARM.attributes
                0x000004e0       0x34 /opt/arm-none-eabi/bin/../lib/gcc/arm-none-eabi/13.2.1/../../../../arm-none-eabi/lib/thumb/v7e-m+fp/hard/libc_nano.a(libc_a-impure.o)
 .ARM.attributes
                0x00000514       0x34 /opt/arm-none-eabi/bin/../lib/gcc/arm-none-eabi/13.2.1/../../../../arm-none-eabi/lib/thumb/v7e-m+fp/hard/libc_nano.a(libc_a-fflush.o)
 .ARM.attributes
                0x00000548       0x1c /opt/arm-none-eabi/bin/../lib/gcc/arm-none-eabi/13.2.1/../../../../arm-none-eabi/lib/thumb/v7e-m+fp/hard/libc_nano.a(libc_a-memchr.o)
 .ARM.attributes
                0x00000564       0x34 /opt/arm-none-eabi/bin/../lib/gcc/arm-none-eabi/13.2.1/../../../../arm-none-eabi/lib/thumb/v7e-m+fp/hard/libc_nano.a(libc_a-memcpy-stub.o)
 .ARM.attributes
                0x00000598       0x34 /opt/arm-none-eabi/bin/../lib/gcc/arm-none-eabi/13.2.1/../../../../arm-none-eabi/lib/thumb/v7e-m+fp/hard/libc_nano.a(libc_a-findfp.o)
 .ARM.attributes
                0x000005cc       0x34 /opt/arm-none-eabi/bin/../lib/gcc/arm-none-eabi/13.2.1/../../../../arm-none-eabi/lib/thumb/v7e-m+fp/hard/libc_nano.a(libc_a-stdio.o)
 .ARM.attributes
                0x00000600       0x34 /opt/arm-none-eabi/bin/../lib/gcc/arm-none-eabi/13.2.1/../../../../arm-none-eabi/lib/thumb/v7e-m+fp/hard/libc_nano.a(libc_a-readr.o)
 .ARM.attributes
                0x00000634       0x34 /opt/arm-none-eabi/bin/../lib/gcc/arm-none-eabi/13.2.1/../../../../arm-none-eabi/lib/thumb/v7e-m+fp/hard/libc_nano.a(libc_a-qsort.o)
 .ARM.attributes
                0x00000668       0x34 /opt/arm-none-eabi/bin/../lib/gcc/arm-none-eabi/13.2.1/../../../../arm-none-eabi/lib/thumb/v7e-m+fp/hard/libc_nano.a(libc_a-writer.o)
 .ARM.attributes
                0x0000069c       0x34 /opt/arm-none-eabi/bin/../lib/gcc/arm-none-eabi/13.2.1/../../../../arm-none-eabi/lib/thumb/v7e-m+fp/hard/libc_nano.a(libc_a-errno.o)
 .ARM.attributes
                0x000006d0       0x34 /opt/arm-none-eabi/bin/../lib/gcc/arm-none-eabi/13.2.1/../../../../arm-none-eabi/lib/thumb/v7e-m+fp/hard/libc_nano.a(libc_a-fwalk.o)
 .ARM.attributes
                0x00000704       0x34 /opt/arm-none-eabi/bin/../lib/gcc/arm-none-eabi/13.2.1/../../../../arm-none-eabi/lib/thumb/v7e-m+fp/hard/libc_nano.a(libc_a-memset.o)
 .ARM.attributes
                0x00000738       0x34 /opt/arm-none-eabi/bin/../lib/gcc/arm-none-eabi/13.2.1/../../../../arm-none-eabi/lib/thumb/v7e-m+fp/hard/libc_nano.a(libc_a-freer.o)
 .ARM.attributes
                0x0000076c       0x34 /opt/arm-none-eabi/bin/../lib/gcc/arm-none-eabi/13.2.1/../../../../arm-none-eabi/lib/thumb/v7e-m+fp/hard/libc_nano.a(libc_a-lock.o)
 .ARM.attributes
                0x000007a0       0x34 /opt/arm-none-eabi/bin/../lib/gcc/arm-none-eabi/13.2.1/../../../../arm-none-eabi/lib/thumb/v7e-m+fp/hard/libc_nano.a(libc_a-makebuf.o)
 .ARM.attributes
                0x000007d4       0x34 /opt/arm-none-eabi/bin/../lib/gcc/arm-none-eabi/13.2.1/../../../../arm-none-eabi/lib/thumb/v7e-m+fp/hard/libc_nano.a(libc_a-putc.o)
 .ARM.attributes
                0x00000808       0x34 /opt/arm-none-eabi/bin/../lib/gcc/arm-none-eabi/13.2.1/../../../../arm-none-eabi/lib/thumb/v7e-m+fp/hard/libc_nano.a(libc_a-closer.o)
 .ARM.attributes
                0x0000083c       0x34 /opt/arm-none-eabi/bin/../lib/gcc/arm-none-eabi/13.2.1/../../../../arm-none-eabi/lib/thumb/v7e-m+fp/hard/libc_nano.a(libc_a-reent.o)
 .ARM.attributes
                0x00000870       0x34 /opt/arm-none-eabi/bin/../lib/gcc/arm-none-eabi/13.2.1/../../../../arm-none-eabi/lib/thumb/v7e-m+fp/hard/libc_nano.a(libc_a-mallocr.o)
 .ARM.attributes
                0x000008a4       0x34 /opt/arm-none-eabi/bin/../lib/gcc/arm-none-eabi/13.2.1/../../../../arm-none-eabi/lib/thumb/v7e-m+fp/hard/libc_nano.a(libc_a-fstatr.o)
 .ARM.attributes
                0x000008d8       0x34 /opt/arm-none-eabi/bin/../lib/gcc/arm-none-eabi/13.2.1/../../../../arm-none-eabi/lib/thumb/v7e-m+fp/hard/libc_nano.a(libc_a-isattyr.o)
 .ARM.attributes
                0x0000090c       0x34 /opt/arm-none-eabi/bin/../lib/gcc/arm-none-eabi/13.2.1/../../../../arm-none-eabi/lib/thumb/v7e-m+fp/hard/libc_nano.a(libc_a-lseekr.o)
 .ARM.attributes
                0x00000940       0x34 /opt/arm-none-eabi/bin/../lib/gcc/arm-none-eabi/13.2.1/../../../../arm-none-eabi/lib/thumb/v7e-m+fp/hard/libc_nano.a(libc_a-mlock.o)
 .ARM.attributes
                0x00000974       0x34 /opt/arm-none-eabi/bin/../lib/gcc/arm-none-eabi/13.2.1/../../../../arm-none-eabi/lib/thumb/v7e-m+fp/hard/libc_nano.a(libc_a-sbrkr.o)
 .ARM.attributes
                0x000009a8       0x22 /opt/arm-none-eabi/bin/../lib/gcc/arm-none-eabi/13.2.1/thumb/v7e-m+fp/hard/libgcc.a(_arm_addsubdf3.o)
 .ARM.attributes
                0x000009ca       0x22 /opt/arm-none-eabi/bin/../lib/gcc/arm-none-eabi/13.2.1/thumb/v7e-m+fp/hard/libgcc.a(_arm_muldivdf3.o)
 .ARM.attributes
                0x000009ec       0x22 /opt/arm-none-eabi/bin/../lib/gcc/arm-none-eabi/13.2.1/thumb/v7e-m+fp/hard/libgcc.a(_arm_cmpdf2.o)
 .ARM.attributes
                0x00000a0e       0x22 /opt/arm-none-eabi/bin/../lib/gcc/arm-none-eabi/13.2.1/thumb/v7e-m+fp/hard/libgcc.a(_arm_unorddf2.o)
 .ARM.attributes
                0x00000a30       0x22 /opt/arm-none-eabi/bin/../lib/gcc/arm-none-eabi/13.2.1/thumb/v7e-m+fp/hard/libgcc.a(_arm_fixdfsi.o)
 .ARM.attributes
                0x00000a52       0x34 /opt/arm-none-eabi/bin/../lib/gcc/arm-none-eabi/13.2.1/thumb/v7e-m+fp/hard/libgcc.a(_fixdfdi.o)
 .ARM.attributes
                0x00000a86       0x34 /opt/arm-none-eabi/bin/../lib/gcc/arm-none-eabi/13.2.1/thumb/v7e-m+fp/hard/libgcc.a(_fixunsdfdi.o)
 .ARM.attributes
                0x00000aba       0x22 /opt/arm-none-eabi/bin/../lib/gcc/arm-none-eabi/13.2.1/thumb/v7e-m+fp/hard/libgcc.a(_arm_fixunsdfsi.o)

.debug_frame    0x00000000     0x242c
 .debug_frame   0x00000000      0x6bc /tmp/ccPO5T58.o
 .debug_frame   0x000006bc       0x20 /tmp/ccTVY1xI.o
 .debug_frame   0x000006dc      0x2e8 /tmp/cc9eLoyv.o
 .debug_frame   0x000009c4      0x294 /tmp/ccO4jZte.o
 .debug_frame   0x00000c58      0x238 /tmp/cc0LPFE2.o
 .debug_frame   0x00000e90      0x240 /tmp/ccDJkQaR.o
 .debug_frame   0x000010d0      0x140 /tmp/ccVLmlu6.o
 .debug_frame   0x00001210      0x37c /tmp/ccziNJU5.o
 .debug_frame   0x0000158c       0x48 /opt/arm-none-eabi/bin/../lib/gcc/arm-none-eabi/13.2.1/../../../../arm-none-eabi/lib/thumb/v7e-m+fp/hard/libm.a(libm_a-w_sqrt.o)
 .debug_frame   0x000015d4       0x20 /opt/arm-none-eabi/bin/../lib/gcc/arm-none-eabi/13.2.1/../../../../arm-none-eabi/lib/thumb/v7e-m+fp/hard/libm.a(libm_a-powl.o)
 .debug_frame   0x000015f4       0x38 /opt/arm-none-eabi/bin/../lib/gcc/arm-none-eabi/13.2.1/../../../../arm-none-eabi/lib/thumb/v7e-m+fp/hard/libm.a(libm_a-e_sqrt.o)
 .debug_frame   0x0000162c       0x44 /opt/arm-none-eabi/bin/../lib/gcc/arm-none-eabi/13.2.1/../../../../arm-none-eabi/lib/thumb/v7e-m+fp/hard/libm.a(libm_a-w_pow.o)
 .debug_frame   0x00001670       0x28 /opt/arm-none-eabi/bin/../lib/gcc/arm-none-eabi/13.2.1/../../../../arm-none-eabi/lib/thumb/v7e-m+fp/hard/libm.a(libm_a-s_finite.o)
 .debug_frame   0x00001698       0x80 /opt/arm-none-eabi/bin/../lib/gcc/arm-none-eabi/13.2.1/../../../../arm-none-eabi/lib/thumb/v7e-m+fp/hard/libm.a(libm_a-e_pow.o)
 .debug_frame   0x00001718      0x14c /opt/arm-none-eabi/bin/../lib/gcc/arm-none-eabi/13.2.1/../../../../arm-none-eabi/lib/thumb/v7e-m+fp/hard/libm.a(libm_a-math_err.o)
 .debug_frame   0x00001864       0x20 /opt/arm-none-eabi/bin/../lib/gcc/arm-none-eabi/13.2.1/../../../../arm-none-eabi/lib/thumb/v7e-m+fp/hard/libm.a(libm_a-s_fabs.o)
 .debug_frame   0x00001884       0x2c /opt/arm-none-eabi/bin/../lib/gcc/arm-none-eabi/13.2.1/../../../../arm-none-eabi/lib/thumb/v7e-m+fp/hard/libm.a(libm_a-s_scalbn.o)
 .debug_frame   0x000018b0       0x6c /opt/arm-none-eabi/bin/../lib/gcc/arm-none-eabi/13.2.1/../../../../arm-none-eabi/lib/thumb/v7e-m+fp/hard/libc_nano.a(libc_a-printf.o)
 .debug_frame   0x0000191c       0xa8 /opt/arm-none-eabi/bin/../lib/gcc/arm-none-eabi/13.2.1/../../../../arm-none-eabi/lib/thumb/v7e-m+fp/hard/libc_nano.a(libc_a-nano-vfprintf.o)
 .debug_frame   0x000019c4       0x40 /opt/arm-none-eabi/bin/../lib/gcc/arm-none-eabi/13.2.1/../../../../arm-none-eabi/lib/thumb/v7e-m+fp/hard/libc_nano.a(libc_a-wbuf.o)
 .debug_frame   0x00001a04       0x2c /opt/arm-none-eabi/bin/../lib/gcc/arm-none-eabi/13.2.1/../../../../arm-none-eabi/lib/thumb/v7e-m+fp/hard/libc_nano.a(libc_a-wsetup.o)
 .debug_frame   0x00001a30       0x30 /opt/arm-none-eabi/bin/../lib/gcc/arm-none-eabi/13.2.1/../../../../arm-none-eabi/lib/thumb/v7e-m+fp/hard/libc_nano.a(libc_a-putchar.o)
 .debug_frame   0x00001a60       0x60 /opt/arm-none-eabi/bin/../lib/gcc/arm-none-eabi/13.2.1/../../../../arm-none-eabi/lib/thumb/v7e-m+fp/hard/libc_nano.a(libc_a-nano-vfprintf_i.o)
 .debug_frame   0x00001ac0       0x3c /opt/arm-none-eabi/bin/../lib/gcc/arm-none-eabi/13.2.1/../../../../arm-none-eabi/lib/thumb/v7e-m+fp/hard/libc_nano.a(libc_a-puts.o)
 .debug_frame   0x00001afc       0x5c /opt/arm-none-eabi/bin/../lib/gcc/arm-none-eabi/13.2.1/../../../../arm-none-eabi/lib/thumb/v7e-m+fp/hard/libc_nano.a(libc_a-fflush.o)
 .debug_frame   0x00001b58       0x28 /opt/arm-none-eabi/bin/../lib/gcc/arm-none-eabi/13.2.1/../../../../arm-none-eabi/lib/thumb/v7e-m+fp/hard/libc_nano.a(libc_a-memcpy-stub.o)
 .debug_frame   0x00001b80      0x144 /opt/arm-none-eabi/bin/../lib/gcc/arm-none-eabi/13.2.1/../../../../arm-none-eabi/lib/thumb/v7e-m+fp/hard/libc_nano.a(libc_a-findfp.o)
 .debug_frame   0x00001cc4       0x88 /opt/arm-none-eabi/bin/../lib/gcc/arm-none-eabi/13.2.1/../../../../arm-none-eabi/lib/thumb/v7e-m+fp/hard/libc_nano.a(libc_a-stdio.o)
 .debug_frame   0x00001d4c       0x2c /opt/arm-none-eabi/bin/../lib/gcc/arm-none-eabi/13.2.1/../../../../arm-none-eabi/lib/thumb/v7e-m+fp/hard/libc_nano.a(libc_a-readr.o)
 .debug_frame   0x00001d78       0x78 /opt/arm-none-eabi/bin/../lib/gcc/arm-none-eabi/13.2.1/../../../../arm-none-eabi/lib/thumb/v7e-m+fp/hard/libc_nano.a(libc_a-qsort.o)
 .debug_frame   0x00001df0       0x2c /opt/arm-none-eabi/bin/../lib/gcc/arm-none-eabi/13.2.1/../../../../arm-none-eabi/lib/thumb/v7e-m+fp/hard/libc_nano.a(libc_a-writer.o)
 .debug_frame   0x00001e1c       0x20 /opt/arm-none-eabi/bin/../lib/gcc/arm-none-eabi/13.2.1/../../../../arm-none-eabi/lib/thumb/v7e-m+fp/hard/libc_nano.a(libc_a-errno.o)
 .debug_frame   0x00001e3c       0x34 /opt/arm-none-eabi/bin/../lib/gcc/arm-none-eabi/13.2.1/../../../../arm-none-eabi/lib/thumb/v7e-m+fp/hard/libc_nano.a(libc_a-fwalk.o)
 .debug_frame   0x00001e70       0x20 /opt/arm-none-eabi/bin/../lib/gcc/arm-none-eabi/13.2.1/../../../../arm-none-eabi/lib/thumb/v7e-m+fp/hard/libc_nano.a(libc_a-memset.o)
 .debug_frame   0x00001e90       0x38 /opt/arm-none-eabi/bin/../lib/gcc/arm-none-eabi/13.2.1/../../../../arm-none-eabi/lib/thumb/v7e-m+fp/hard/libc_nano.a(libc_a-freer.o)
 .debug_frame   0x00001ec8       0xb0 /opt/arm-none-eabi/bin/../lib/gcc/arm-none-eabi/13.2.1/../../../../arm-none-eabi/lib/thumb/v7e-m+fp/hard/libc_nano.a(libc_a-lock.o)
 .debug_frame   0x00001f78       0x58 /opt/arm-none-eabi/bin/../lib/gcc/arm-none-eabi/13.2.1/../../../../arm-none-eabi/lib/thumb/v7e-m+fp/hard/libc_nano.a(libc_a-makebuf.o)
 .debug_frame   0x00001fd0       0x3c /opt/arm-none-eabi/bin/../lib/gcc/arm-none-eabi/13.2.1/../../../../arm-none-eabi/lib/thumb/v7e-m+fp/hard/libc_nano.a(libc_a-putc.o)
 .debug_frame   0x0000200c       0x2c /opt/arm-none-eabi/bin/../lib/gcc/arm-none-eabi/13.2.1/../../../../arm-none-eabi/lib/thumb/v7e-m+fp/hard/libc_nano.a(libc_a-closer.o)
 .debug_frame   0x00002038       0x38 /opt/arm-none-eabi/bin/../lib/gcc/arm-none-eabi/13.2.1/../../../../arm-none-eabi/lib/thumb/v7e-m+fp/hard/libc_nano.a(libc_a-reent.o)
 .debug_frame   0x00002070       0x50 /opt/arm-none-eabi/bin/../lib/gcc/arm-none-eabi/13.2.1/../../../../arm-none-eabi/lib/thumb/v7e-m+fp/hard/libc_nano.a(libc_a-mallocr.o)
 .debug_frame   0x000020c0       0x2c /opt/arm-none-eabi/bin/../lib/gcc/arm-none-eabi/13.2.1/../../../../arm-none-eabi/lib/thumb/v7e-m+fp/hard/libc_nano.a(libc_a-fstatr.o)
 .debug_frame   0x000020ec       0x2c /opt/arm-none-eabi/bin/../lib/gcc/arm-none-eabi/13.2.1/../../../../arm-none-eabi/lib/thumb/v7e-m+fp/hard/libc_nano.a(libc_a-isattyr.o)
 .debug_frame   0x00002118       0x2c /opt/arm-none-eabi/bin/../lib/gcc/arm-none-eabi/13.2.1/../../../../arm-none-eabi/lib/thumb/v7e-m+fp/hard/libc_nano.a(libc_a-lseekr.o)
 .debug_frame   0x00002144       0x30 /opt/arm-none-eabi/bin/../lib/gcc/arm-none-eabi/13.2.1/../../../../arm-none-eabi/lib/thumb/v7e-m+fp/hard/libc_nano.a(libc_a-mlock.o)
 .debug_frame   0x00002174       0x2c /opt/arm-none-eabi/bin/../lib/gcc/arm-none-eabi/13.2.1/../../../../arm-none-eabi/lib/thumb/v7e-m+fp/hard/libc_nano.a(libc_a-sbrkr.o)
 .debug_frame   0x000021a0       0xac /opt/arm-none-eabi/bin/../lib/gcc/arm-none-eabi/13.2.1/thumb/v7e-m+fp/hard/libgcc.a(_arm_addsubdf3.o)
 .debug_frame   0x0000224c       0x50 /opt/arm-none-eabi/bin/../lib/gcc/arm-none-eabi/13.2.1/thumb/v7e-m+fp/hard/libgcc.a(_arm_muldivdf3.o)
 .debug_frame   0x0000229c       0xc4 /opt/arm-none-eabi/bin/../lib/gcc/arm-none-eabi/13.2.1/thumb/v7e-m+fp/hard/libgcc.a(_arm_cmpdf2.o)
 .debug_frame   0x00002360       0x20 /opt/arm-none-eabi/bin/../lib/gcc/arm-none-eabi/13.2.1/thumb/v7e-m+fp/hard/libgcc.a(_arm_unorddf2.o)
 .debug_frame   0x00002380       0x24 /opt/arm-none-eabi/bin/../lib/gcc/arm-none-eabi/13.2.1/thumb/v7e-m+fp/hard/libgcc.a(_arm_fixdfsi.o)
 .debug_frame   0x000023a4       0x38 /opt/arm-none-eabi/bin/../lib/gcc/arm-none-eabi/13.2.1/thumb/v7e-m+fp/hard/libgcc.a(_fixdfdi.o)
 .debug_frame   0x000023dc       0x2c /opt/arm-none-eabi/bin/../lib/gcc/arm-none-eabi/13.2.1/thumb/v7e-m+fp/hard/libgcc.a(_fixunsdfdi.o)
 .debug_frame   0x00002408       0x24 /opt/arm-none-eabi/bin/../lib/gcc/arm-none-eabi/13.2.1/thumb/v7e-m+fp/hard/libgcc.a(_arm_fixunsdfsi.o)

.debug_line_str
                0x00000000      0x1a1
 .debug_line_str
                0x00000000      0x1a1 /opt/arm-none-eabi/bin/../lib/gcc/arm-none-eabi/13.2.1/../../../../arm-none-eabi/lib/thumb/v7e-m+fp/hard/libc_nano.a(libc_a-memchr.o)
                                 0xda (size before relaxing)
 .debug_line_str
                0x000001a1       0xc7 /opt/arm-none-eabi/bin/../lib/gcc/arm-none-eabi/13.2.1/thumb/v7e-m+fp/hard/libgcc.a(_arm_addsubdf3.o)
 .debug_line_str
                0x000001a1       0xc7 /opt/arm-none-eabi/bin/../lib/gcc/arm-none-eabi/13.2.1/thumb/v7e-m+fp/hard/libgcc.a(_arm_muldivdf3.o)
 .debug_line_str
                0x000001a1       0xc7 /opt/arm-none-eabi/bin/../lib/gcc/arm-none-eabi/13.2.1/thumb/v7e-m+fp/hard/libgcc.a(_arm_cmpdf2.o)
 .debug_line_str
                0x000001a1       0xc7 /opt/arm-none-eabi/bin/../lib/gcc/arm-none-eabi/13.2.1/thumb/v7e-m+fp/hard/libgcc.a(_arm_unorddf2.o)
 .debug_line_str
                0x000001a1       0xc7 /opt/arm-none-eabi/bin/../lib/gcc/arm-none-eabi/13.2.1/thumb/v7e-m+fp/hard/libgcc.a(_arm_fixdfsi.o)
 .debug_line_str
                0x000001a1       0xc7 /opt/arm-none-eabi/bin/../lib/gcc/arm-none-eabi/13.2.1/thumb/v7e-m+fp/hard/libgcc.a(_arm_fixunsdfsi.o)
