Archive member included to satisfy reference by file (symbol)

/opt/arm-none-eabi/bin/../lib/gcc/arm-none-eabi/13.2.1/../../../../arm-none-eabi/lib/thumb/v7e-m+fp/hard/libm.a(libm_a-s_trunc.o)
                              /tmp/ccoGF4rf.o (trunc)
/opt/arm-none-eabi/bin/../lib/gcc/arm-none-eabi/13.2.1/../../../../arm-none-eabi/lib/thumb/v7e-m+fp/hard/libm.a(libm_a-w_sqrt.o)
                              /tmp/cchfZlo2.o (sqrt)
/opt/arm-none-eabi/bin/../lib/gcc/arm-none-eabi/13.2.1/../../../../arm-none-eabi/lib/thumb/v7e-m+fp/hard/libm.a(libm_a-powl.o)
                              /tmp/ccKOTGWI.o (powl)
/opt/arm-none-eabi/bin/../lib/gcc/arm-none-eabi/13.2.1/../../../../arm-none-eabi/lib/thumb/v7e-m+fp/hard/libm.a(libm_a-e_sqrt.o)
                              /opt/arm-none-eabi/bin/../lib/gcc/arm-none-eabi/13.2.1/../../../../arm-none-eabi/lib/thumb/v7e-m+fp/hard/libm.a(libm_a-w_sqrt.o) (__ieee754_sqrt)
/opt/arm-none-eabi/bin/../lib/gcc/arm-none-eabi/13.2.1/../../../../arm-none-eabi/lib/thumb/v7e-m+fp/hard/libm.a(libm_a-w_pow.o)
                              /tmp/cchfZlo2.o (pow)
/opt/arm-none-eabi/bin/../lib/gcc/arm-none-eabi/13.2.1/../../../../arm-none-eabi/lib/thumb/v7e-m+fp/hard/libm.a(libm_a-s_finite.o)
                              /opt/arm-none-eabi/bin/../lib/gcc/arm-none-eabi/13.2.1/../../../../arm-none-eabi/lib/thumb/v7e-m+fp/hard/libm.a(libm_a-w_pow.o) (finite)
/opt/arm-none-eabi/bin/../lib/gcc/arm-none-eabi/13.2.1/../../../../arm-none-eabi/lib/thumb/v7e-m+fp/hard/libm.a(libm_a-e_pow.o)
                              /opt/arm-none-eabi/bin/../lib/gcc/arm-none-eabi/13.2.1/../../../../arm-none-eabi/lib/thumb/v7e-m+fp/hard/libm.a(libm_a-w_pow.o) (__ieee754_pow)
/opt/arm-none-eabi/bin/../lib/gcc/arm-none-eabi/13.2.1/../../../../arm-none-eabi/lib/thumb/v7e-m+fp/hard/libm.a(libm_a-math_err.o)
                              /opt/arm-none-eabi/bin/../lib/gcc/arm-none-eabi/13.2.1/../../../../arm-none-eabi/lib/thumb/v7e-m+fp/hard/libm.a(libm_a-e_pow.o) (__math_uflow)
/opt/arm-none-eabi/bin/../lib/gcc/arm-none-eabi/13.2.1/../../../../arm-none-eabi/lib/thumb/v7e-m+fp/hard/libm.a(libm_a-s_fabs.o)
                              /opt/arm-none-eabi/bin/../lib/gcc/arm-none-eabi/13.2.1/../../../../arm-none-eabi/lib/thumb/v7e-m+fp/hard/libm.a(libm_a-e_pow.o) (fabs)
/opt/arm-none-eabi/bin/../lib/gcc/arm-none-eabi/13.2.1/../../../../arm-none-eabi/lib/thumb/v7e-m+fp/hard/libm.a(libm_a-s_scalbn.o)
                              /opt/arm-none-eabi/bin/../lib/gcc/arm-none-eabi/13.2.1/../../../../arm-none-eabi/lib/thumb/v7e-m+fp/hard/libm.a(libm_a-e_pow.o) (scalbn)
/opt/arm-none-eabi/bin/../lib/gcc/arm-none-eabi/13.2.1/../../../../arm-none-eabi/lib/thumb/v7e-m+fp/hard/libc_nano.a(libc_a-printf.o)
                              /tmp/ccoGF4rf.o (printf)
/opt/arm-none-eabi/bin/../lib/gcc/arm-none-eabi/13.2.1/../../../../arm-none-eabi/lib/thumb/v7e-m+fp/hard/libc_nano.a(libc_a-nano-vfprintf.o)
                              /opt/arm-none-eabi/bin/../lib/gcc/arm-none-eabi/13.2.1/../../../../arm-none-eabi/lib/thumb/v7e-m+fp/hard/libc_nano.a(libc_a-printf.o) (_vfprintf_r)
/opt/arm-none-eabi/bin/../lib/gcc/arm-none-eabi/13.2.1/../../../../arm-none-eabi/lib/thumb/v7e-m+fp/hard/libc_nano.a(libc_a-wbuf.o)
                              /opt/arm-none-eabi/bin/../lib/gcc/arm-none-eabi/13.2.1/../../../../arm-none-eabi/lib/thumb/v7e-m+fp/hard/libc_nano.a(libc_a-nano-vfprintf.o) (__swbuf_r)
/opt/arm-none-eabi/bin/../lib/gcc/arm-none-eabi/13.2.1/../../../../arm-none-eabi/lib/thumb/v7e-m+fp/hard/libc_nano.a(libc_a-wsetup.o)
                              /opt/arm-none-eabi/bin/../lib/gcc/arm-none-eabi/13.2.1/../../../../arm-none-eabi/lib/thumb/v7e-m+fp/hard/libc_nano.a(libc_a-nano-vfprintf.o) (__swsetup_r)
/opt/arm-none-eabi/bin/../lib/gcc/arm-none-eabi/13.2.1/../../../../arm-none-eabi/lib/thumb/v7e-m+fp/hard/libc_nano.a(libc_a-putchar.o)
                              /tmp/ccoGF4rf.o (putchar)
/opt/arm-none-eabi/bin/../lib/gcc/arm-none-eabi/13.2.1/../../../../arm-none-eabi/lib/thumb/v7e-m+fp/hard/libc_nano.a(libc_a-nano-vfprintf_i.o)
                              /opt/arm-none-eabi/bin/../lib/gcc/arm-none-eabi/13.2.1/../../../../arm-none-eabi/lib/thumb/v7e-m+fp/hard/libc_nano.a(libc_a-nano-vfprintf.o) (_printf_i)
/opt/arm-none-eabi/bin/../lib/gcc/arm-none-eabi/13.2.1/../../../../arm-none-eabi/lib/thumb/v7e-m+fp/hard/libc_nano.a(libc_a-puts.o)
                              /tmp/ccoGF4rf.o (puts)
/opt/arm-none-eabi/bin/../lib/gcc/arm-none-eabi/13.2.1/../../../../arm-none-eabi/lib/thumb/v7e-m+fp/hard/libc_nano.a(libc_a-impure.o)
                              /opt/arm-none-eabi/bin/../lib/gcc/arm-none-eabi/13.2.1/../../../../arm-none-eabi/lib/thumb/v7e-m+fp/hard/libc_nano.a(libc_a-printf.o) (_impure_ptr)
/opt/arm-none-eabi/bin/../lib/gcc/arm-none-eabi/13.2.1/../../../../arm-none-eabi/lib/thumb/v7e-m+fp/hard/libc_nano.a(libc_a-fflush.o)
[...]
Memory Configuration

Name             Origin             Length             Attributes
flash            0x08000000         0x00200000         xr
sram             0x20000000         0x00030000         xrw
*default*        0x00000000         0xffffffff

Linker script and memory map

LOAD /tmp/ccoGF4rf.o
LOAD /tmp/ccE6PgLf.o
LOAD /tmp/ccyom4Q6.o
LOAD /tmp/cchF26KO.o
LOAD /tmp/cciztdWW.o
LOAD /tmp/ccUSLHok.o
LOAD /tmp/cckuWWcW.o
LOAD /tmp/ccVi2lJz.o
LOAD /tmp/cchfZlo2.o
LOAD /tmp/ccKOTGWI.o
LOAD /opt/arm-none-eabi/bin/../lib/gcc/arm-none-eabi/13.2.1/../../../../arm-none-eabi/lib/thumb/v7e-m+fp/hard/libm.a
LOAD /opt/arm-none-eabi/bin/../lib/gcc/arm-none-eabi/13.2.1/../../../../arm-none-eabi/lib/thumb/v7e-m+fp/hard/libc_nano.a
LOAD /opt/arm-none-eabi/bin/../lib/gcc/arm-none-eabi/13.2.1/thumb/v7e-m+fp/hard/libgcc.a
                0x20030000                        _estack = (ORIGIN (sram) + LENGTH (sram))

.vectors        0x08000000      0x1bc
 *(.vectors)
 .vectors       0x08000000      0x1bc /tmp/ccE6PgLf.o
                0x08000000                tab

.text           0x080001c0     0x75c4
 *(.text*)
 .text.get_time_us
                0x080001c0       0x14 /tmp/ccoGF4rf.o
 .text.delay_microseconds
                0x080001d4       0x2a /tmp/ccoGF4rf.o
 *fill*         0x080001fe        0x2 
 .text.gpio_set_mode
                0x08000200       0x78 /tmp/ccoGF4rf.o
 .text.gpio_write
                0x08000278       0x4c /tmp/ccoGF4rf.o
 .text.gpio_read
                0x080002c4       0x40 /tmp/ccoGF4rf.o
 .text.get_bit  0x08000304       0x40 /tmp/ccoGF4rf.o
 .text.zip      0x08000344      0x694 /tmp/ccoGF4rf.o
 .text.unzip    0x080009d8      0x790 /tmp/ccoGF4rf.o
 .text.print_byte
                0x08001168       0x50 /tmp/ccoGF4rf.o
 .text._memset  0x080011b8       0x3a /tmp/ccoGF4rf.o
 *fill*         0x080011f2        0x2 
 .text.wait_for_ready_flag
                0x080011f4       0x54 /tmp/ccoGF4rf.o
 .text.set_pin_modes
                0x08001248       0xb4 /tmp/ccoGF4rf.o
 .text.set_control_pins
                0x080012fc       0xbc /tmp/ccoGF4rf.o
 .text.set_data_pins
                0x080013b8      0x108 /tmp/ccoGF4rf.o
 .text.send_byte_to_flash
                0x080014c0       0x36 /tmp/ccoGF4rf.o
 *fill*         0x080014f6        0x2 
 .text.receive_byte_from_flash
                0x080014f8      0x110 /tmp/ccoGF4rf.o
 .text.send_addr_to_flash
                0x08001608       0xb0 /tmp/ccoGF4rf.o
 .text.read_flash_ID
                0x080016b8       0x9c /tmp/ccoGF4rf.o
 .text.read_frame
                0x08001754       0x5a /tmp/ccoGF4rf.o
 *fill*         0x080017ae        0x2 
 .text.write_frame
                0x080017b0       0x78 /tmp/ccoGF4rf.o
 .text.max      0x08001828       0x28 /tmp/ccoGF4rf.o
 .text.diff     0x08001850       0x2a /tmp/ccoGF4rf.o
 .text.get_next_available_frame_addr
                0x0800187a       0xbe /tmp/ccoGF4rf.o
 .text.init_flash
                0x08001938      0x140 /tmp/ccoGF4rf.o
 .text.calculate_CRC
                0x08001a78       0x88 /tmp/ccoGF4rf.o
 .text.encode_parity
                0x08001b00       0x5e /tmp/ccoGF4rf.o
 *fill*         0x08001b5e        0x2 
 .text.log_frame
                0x08001b60       0x90 /tmp/ccoGF4rf.o
 .text.SysTick_Handler
                0x08001bf0       0x1c /tmp/ccoGF4rf.o
                0x08001bf0                SysTick_Handler
 .text.get_frame_array
                0x08001c0c      0x118 /tmp/ccoGF4rf.o
                0x08001c0c                get_frame_array
 .text.update_sensors
                0x08001d24       0x7c /tmp/ccoGF4rf.o
                0x08001d24                update_sensors
 .text.main     0x08001da0      0x88c /tmp/ccoGF4rf.o
                0x08001da0                main
 .text._reset   0x0800262c       0x44 /tmp/ccE6PgLf.o
                0x0800262c                _reset
 .text.spin     0x08002670       0x24 /tmp/ccyom4Q6.o
 .text.uart_write_byte
                0x08002694       0x32 /tmp/ccyom4Q6.o
 .text.uart_write_buf
                0x080026c6       0x32 /tmp/ccyom4Q6.o
 .text._fstat   0x080026f8       0x2c /tmp/ccyom4Q6.o
                0x080026f8                _fstat
 .text._sbrk    0x08002724       0x40 /tmp/ccyom4Q6.o
                0x08002724                _sbrk
 .text._close   0x08002764       0x18 /tmp/ccyom4Q6.o
                0x08002764                _close
 .text._isatty  0x0800277c       0x16 /tmp/ccyom4Q6.o
                0x0800277c                _isatty
 .text._lseek   0x08002792       0x1a /tmp/ccyom4Q6.o
                0x08002792                _lseek
 .text._read    0x080027ac       0x1c /tmp/ccyom4Q6.o
                0x080027ac                _read
 .text._write   0x080027c8       0x30 /tmp/ccyom4Q6.o
                0x080027c8                _write
 .text.delay_ms
                0x080027f8       0x30 /tmp/cchF26KO.o
 .text.systick_init
                0x08002828       0x58 /tmp/cchF26KO.o
 .text.gpio_set_mode
                0x08002880       0x78 /tmp/cchF26KO.o
 .text.gpio_set_af
                0x080028f8       0x82 /tmp/cchF26KO.o
 .text.gpio_write
                0x0800297a       0x4c /tmp/cchF26KO.o
 *fill*         0x080029c6        0x2 
 .text.uart_init
                0x080029c8      0x12c /tmp/cchF26KO.o
 .text.multiplexer_init
                0x08002af4       0x30 /tmp/cchF26KO.o
 .text.spi_init
                0x08002b24      0x1a0 /tmp/cchF26KO.o
 .text.pwr_vdd2_init
                0x08002cc4       0x30 /tmp/cchF26KO.o
 .text.STM32_init
                0x08002cf4       0x3c /tmp/cchF26KO.o
                0x08002cf4                STM32_init
 .text.STM32_init_clock
                0x08002d30       0xc4 /tmp/cchF26KO.o
                0x08002d30                STM32_init_clock
 .text.init_delay_timer
                0x08002df4       0x50 /tmp/cchF26KO.o
                0x08002df4                init_delay_timer
 .text.STM32_init_internals
                0x08002e44       0x38 /tmp/cchF26KO.o
                0x08002e44                STM32_init_internals
 .text.STM32_init_peripherals
                0x08002e7c       0x20 /tmp/cchF26KO.o
                0x08002e7c                STM32_init_peripherals
 .text.STM32_beep_buzzer
                0x08002e9c       0x4c /tmp/cchF26KO.o
                0x08002e9c                STM32_beep_buzzer
 .text.STM32_indicate_on
                0x08002ee8       0x56 /tmp/cchF26KO.o
                0x08002ee8                STM32_indicate_on
 .text.get_time_us
                0x08002f3e       0x14 /tmp/cciztdWW.o
 .text.delay_microseconds
                0x08002f52       0x2a /tmp/cciztdWW.o
 .text.gpio_write
                0x08002f7c       0x4c /tmp/cciztdWW.o
 .text.set_cs   0x08002fc8       0xe0 /tmp/cciztdWW.o
 .text.unset_cs
                0x080030a8       0x30 /tmp/cciztdWW.o
 .text.spi_ready_read
                0x080030d8       0x32 /tmp/cciztdWW.o
 .text.spi_ready_write
                0x0800310a       0x24 /tmp/cciztdWW.o
 .text.spi_enable_cs
                0x0800312e       0x1e /tmp/cciztdWW.o
 .text.spi_disable_cs
                0x0800314c       0x1c /tmp/cciztdWW.o
 .text.spi_transmit
                0x08003168       0x36 /tmp/cciztdWW.o
 .text.spi_transmit_receive
                0x0800319e       0xb8 /tmp/cciztdWW.o
 *fill*         0x08003256        0x2 
 .text.MS5611_init
                0x08003258       0x64 /tmp/cciztdWW.o
                0x08003258                MS5611_init
 .text.MS5611_read_PROM
                0x080032bc       0x70 /tmp/cciztdWW.o
                0x080032bc                MS5611_read_PROM
 .text.MS5611_get_data
                0x0800332c      0x264 /tmp/cciztdWW.o
                0x0800332c                MS5611_get_data
 .text.delay_ms
                0x08003590       0x30 /tmp/cckuWWcW.o
 .text.gpio_write
                0x080035c0       0x4c /tmp/cckuWWcW.o
 .text.set_cs   0x0800360c       0xe0 /tmp/cckuWWcW.o
 .text.unset_cs
                0x080036ec       0x30 /tmp/cckuWWcW.o
 .text.spi_ready_read
                0x0800371c       0x32 /tmp/cckuWWcW.o
 .text.spi_ready_write
                0x0800374e       0x24 /tmp/cckuWWcW.o
 .text.spi_enable_cs
                0x08003772       0x1e /tmp/cckuWWcW.o
 .text.spi_disable_cs
                0x08003790       0x1c /tmp/cckuWWcW.o
 .text.spi_transmit
                0x080037ac       0x36 /tmp/cckuWWcW.o
 .text.spi_transmit_receive
                0x080037e2       0xb8 /tmp/cckuWWcW.o
 *fill*         0x0800389a        0x2 
 .text.ADXL375_init
                0x0800389c       0xa4 /tmp/cckuWWcW.o
                0x0800389c                ADXL375_init
 .text.ADXL375_get_data
                0x08003940       0xe8 /tmp/cckuWWcW.o
                0x08003940                ADXL375_get_data
 .text.ADXL375_reg_write
                0x08003a28       0x54 /tmp/cckuWWcW.o
                0x08003a28                ADXL375_reg_write
 .text.ADXL375_reg_read
                0x08003a7c       0x78 /tmp/cckuWWcW.o
                0x08003a7c                ADXL375_reg_read
 .text.init_buffer
                0x08003af4       0x3e /tmp/cchfZlo2.o
                0x08003af4                init_buffer
 .text.cmpfunc  0x08003b32       0x20 /tmp/cchfZlo2.o
                0x08003b32                cmpfunc
 *fill*         0x08003b52        0x2 
 .text.get_median
                0x08003b54       0x6c /tmp/cchfZlo2.o
                0x08003b54                get_median
 .text.set_ground_reference
                0x08003bc0       0x58 /tmp/cchfZlo2.o
                0x08003bc0                set_ground_reference
 .text.update_buffer
                0x08003c18      0x104 /tmp/cchfZlo2.o
                0x08003c18                update_buffer
 *fill*         0x08003d1c        0x4 
 .text.is_stationary
                0x08003d20       0xe8 /tmp/cchfZlo2.o
                0x08003d20                is_stationary
 .text.get_time_us
                0x08003e08       0x14 /tmp/ccKOTGWI.o
 .text.delay_microseconds
                0x08003e1c       0x2a /tmp/ccKOTGWI.o
 *fill*         0x08003e46        0x2 
 .text.delay_ms
                0x08003e48       0x30 /tmp/ccKOTGWI.o
 .text.gpio_write
                0x08003e78       0x4c /tmp/ccKOTGWI.o
 .text.set_cs   0x08003ec4       0xe0 /tmp/ccKOTGWI.o
 .text.unset_cs
                0x08003fa4       0x30 /tmp/ccKOTGWI.o
 .text.spi_ready_read
                0x08003fd4       0x32 /tmp/ccKOTGWI.o
 .text.spi_ready_write
                0x08004006       0x24 /tmp/ccKOTGWI.o
 .text.spi_enable_cs
                0x0800402a       0x1e /tmp/ccKOTGWI.o
 .text.spi_disable_cs
                0x08004048       0x1c /tmp/ccKOTGWI.o
 .text.spi_transmit
                0x08004064       0x36 /tmp/ccKOTGWI.o
 .text.spi_transmit_receive
                0x0800409a       0xb8 /tmp/ccKOTGWI.o
 *fill*         0x08004152        0x2 
 .text.Lsm6ds3Init
                0x08004154       0xa8 /tmp/ccKOTGWI.o
                0x08004154                Lsm6ds3Init
 .text.Lsm6ds3WriteRegister
                0x080041fc       0x74 /tmp/ccKOTGWI.o
 .text.Lsm6ds3WriteRegisterBits
                0x08004270       0x94 /tmp/ccKOTGWI.o
 .text.Lsm6ds3Config
                0x08004304       0x7e /tmp/ccKOTGWI.o
                0x08004304                Lsm6ds3Config
 *fill*         0x08004382        0x2 
 .text.Lsm6ds3AccRead
                0x08004384       0xfc /tmp/ccKOTGWI.o
                0x08004384                Lsm6ds3AccRead
 .text.Lsm6ds3GyroRead
                0x08004480       0xe2 /tmp/ccKOTGWI.o
                0x08004480                Lsm6ds3GyroRead
 *fill*         0x08004562        0x2 
 .text.Lsm6ds3GyroOffsets
                0x08004564      0x224 /tmp/ccKOTGWI.o
                0x08004564                Lsm6ds3GyroOffsets
 .text.Lsmds3GyroStandardDev
                0x08004788      0x27c /tmp/ccKOTGWI.o
                0x08004788                Lsmds3GyroStandardDev
 .text.sqrt     0x08004a04       0x68 /opt/arm-none-eabi/bin/../lib/gcc/arm-none-eabi/13.2.1/../../../../arm-none-eabi/lib/thumb/v7e-m+fp/hard/libm.a(libm_a-w_sqrt.o)
                0x08004a04                sqrt
 .text.powl     0x08004a6c        0x4 /opt/arm-none-eabi/bin/../lib/gcc/arm-none-eabi/13.2.1/../../../../arm-none-eabi/lib/thumb/v7e-m+fp/hard/libm.a(libm_a-powl.o)
                0x08004a6c                powl
 .text.__ieee754_sqrt
                0x08004a70      0x1f4 /opt/arm-none-eabi/bin/../lib/gcc/arm-none-eabi/13.2.1/../../../../arm-none-eabi/lib/thumb/v7e-m+fp/hard/libm.a(libm_a-e_sqrt.o)
                0x08004a70                __ieee754_sqrt
 *fill*         0x08004c64        0x4 
 .text.pow      0x08004c68       0xf0 /opt/arm-none-eabi/bin/../lib/gcc/arm-none-eabi/13.2.1/../../../../arm-none-eabi/lib/thumb/v7e-m+fp/hard/libm.a(libm_a-w_pow.o)
                0x08004c68                pow
 .text.finite   0x08004d58       0x18 /opt/arm-none-eabi/bin/../lib/gcc/arm-none-eabi/13.2.1/../../../../arm-none-eabi/lib/thumb/v7e-m+fp/hard/libm.a(libm_a-s_finite.o)
                0x08004d58                finite
 .text.__ieee754_pow
                0x08004d70      0xc14 /opt/arm-none-eabi/bin/../lib/gcc/arm-none-eabi/13.2.1/../../../../arm-none-eabi/lib/thumb/v7e-m+fp/hard/libm.a(libm_a-e_pow.o)
                0x08004d70                __ieee754_pow
 .text.with_errno
                0x08005984       0x24 /opt/arm-none-eabi/bin/../lib/gcc/arm-none-eabi/13.2.1/../../../../arm-none-eabi/lib/thumb/v7e-m+fp/hard/libm.a(libm_a-math_err.o)
 .text.xflow    0x080059a8       0x34 /opt/arm-none-eabi/bin/../lib/gcc/arm-none-eabi/13.2.1/../../../../arm-none-eabi/lib/thumb/v7e-m+fp/hard/libm.a(libm_a-math_err.o)
 *fill*         0x080059dc        0x4 
 .text.__math_uflow
                0x080059e0       0x10 /opt/arm-none-eabi/bin/../lib/gcc/arm-none-eabi/13.2.1/../../../../arm-none-eabi/lib/thumb/v7e-m+fp/hard/libm.a(libm_a-math_err.o)
                0x080059e0                __math_uflow
 .text.__math_oflow
                0x080059f0       0x10 /opt/arm-none-eabi/bin/../lib/gcc/arm-none-eabi/13.2.1/../../../../arm-none-eabi/lib/thumb/v7e-m+fp/hard/libm.a(libm_a-math_err.o)
                0x080059f0                __math_oflow
 .text.fabs     0x08005a00       0x10 /opt/arm-none-eabi/bin/../lib/gcc/arm-none-eabi/13.2.1/../../../../arm-none-eabi/lib/thumb/v7e-m+fp/hard/libm.a(libm_a-s_fabs.o)
                0x08005a00                fabs
 .text.scalbn   0x08005a10      0x114 /opt/arm-none-eabi/bin/../lib/gcc/arm-none-eabi/13.2.1/../../../../arm-none-eabi/lib/thumb/v7e-m+fp/hard/libm.a(libm_a-s_scalbn.o)
                0x08005a10                scalbn
 .text.printf   0x08005b24       0x24 /opt/arm-none-eabi/bin/../lib/gcc/arm-none-eabi/13.2.1/../../../../arm-none-eabi/lib/thumb/v7e-m+fp/hard/libc_nano.a(libc_a-printf.o)
                0x08005b24                printf
                0x08005b24                iprintf
 .text.__sfputc_r
                0x08005b48       0x2e /opt/arm-none-eabi/bin/../lib/gcc/arm-none-eabi/13.2.1/../../../../arm-none-eabi/lib/thumb/v7e-m+fp/hard/libc_nano.a(libc_a-nano-vfprintf.o)
 .text.__sfputs_r
                0x08005b76       0x24 /opt/arm-none-eabi/bin/../lib/gcc/arm-none-eabi/13.2.1/../../../../arm-none-eabi/lib/thumb/v7e-m+fp/hard/libc_nano.a(libc_a-nano-vfprintf.o)
                0x08005b76                __sfputs_r
 *fill*         0x08005b9a        0x2 
 .text._vfprintf_r
                0x08005b9c      0x230 /opt/arm-none-eabi/bin/../lib/gcc/arm-none-eabi/13.2.1/../../../../arm-none-eabi/lib/thumb/v7e-m+fp/hard/libc_nano.a(libc_a-nano-vfprintf.o)
                0x08005b9c                _vfiprintf_r
                0x08005b9c                _vfprintf_r
 .text.__swbuf_r
                0x08005dcc       0x7c /opt/arm-none-eabi/bin/../lib/gcc/arm-none-eabi/13.2.1/../../../../arm-none-eabi/lib/thumb/v7e-m+fp/hard/libc_nano.a(libc_a-wbuf.o)
                0x08005dcc                __swbuf_r
 .text.__swsetup_r
                0x08005e48       0xac /opt/arm-none-eabi/bin/../lib/gcc/arm-none-eabi/13.2.1/../../../../arm-none-eabi/lib/thumb/v7e-m+fp/hard/libc_nano.a(libc_a-wsetup.o)
                0x08005e48                __swsetup_r
 .text._printf_common
                0x08005ef4       0xda /opt/arm-none-eabi/bin/../lib/gcc/arm-none-eabi/13.2.1/../../../../arm-none-eabi/lib/thumb/v7e-m+fp/hard/libc_nano.a(libc_a-nano-vfprintf_i.o)
                0x08005ef4                _printf_common
 *fill*         0x08005fce        0x2 
 .text._printf_i
                0x08005fd0      0x23c /opt/arm-none-eabi/bin/../lib/gcc/arm-none-eabi/13.2.1/../../../../arm-none-eabi/lib/thumb/v7e-m+fp/hard/libc_nano.a(libc_a-nano-vfprintf_i.o)
                0x08005fd0                _printf_i
 .text._puts_r  0x0800620c       0xaa /opt/arm-none-eabi/bin/../lib/gcc/arm-none-eabi/13.2.1/../../../../arm-none-eabi/lib/thumb/v7e-m+fp/hard/libc_nano.a(libc_a-puts.o)
                0x0800620c                _puts_r
 *fill*         0x080062b6        0x2 
 .text.puts     0x080062b8       0x10 /opt/arm-none-eabi/bin/../lib/gcc/arm-none-eabi/13.2.1/../../../../arm-none-eabi/lib/thumb/v7e-m+fp/hard/libc_nano.a(libc_a-puts.o)
                0x080062b8                puts
 .text.__sflush_r
                0x080062c8      0x108 /opt/arm-none-eabi/bin/../lib/gcc/arm-none-eabi/13.2.1/../../../../arm-none-eabi/lib/thumb/v7e-m+fp/hard/libc_nano.a(libc_a-fflush.o)
                0x080062c8                __sflush_r
 .text._fflush_r
                0x080063d0       0x50 /opt/arm-none-eabi/bin/../lib/gcc/arm-none-eabi/13.2.1/../../../../arm-none-eabi/lib/thumb/v7e-m+fp/hard/libc_nano.a(libc_a-fflush.o)
                0x080063d0                _fflush_r
 .text          0x08006420       0xa0 /opt/arm-none-eabi/bin/../lib/gcc/arm-none-eabi/13.2.1/../../../../arm-none-eabi/lib/thumb/v7e-m+fp/hard/libc_nano.a(libc_a-memchr.o)
                0x08006420                memchr
 .text.memcpy   0x080064c0       0x1c /opt/arm-none-eabi/bin/../lib/gcc/arm-none-eabi/13.2.1/../../../../arm-none-eabi/lib/thumb/v7e-m+fp/hard/libc_nano.a(libc_a-memcpy-stub.o)
                0x080064c0                memcpy
 .text.std      0x080064dc       0x6c /opt/arm-none-eabi/bin/../lib/gcc/arm-none-eabi/13.2.1/../../../../arm-none-eabi/lib/thumb/v7e-m+fp/hard/libc_nano.a(libc_a-findfp.o)
 .text.stdio_exit_handler
                0x08006548       0x18 /opt/arm-none-eabi/bin/../lib/gcc/arm-none-eabi/13.2.1/../../../../arm-none-eabi/lib/thumb/v7e-m+fp/hard/libc_nano.a(libc_a-findfp.o)
 .text.cleanup_stdio
                0x08006560       0x40 /opt/arm-none-eabi/bin/../lib/gcc/arm-none-eabi/13.2.1/../../../../arm-none-eabi/lib/thumb/v7e-m+fp/hard/libc_nano.a(libc_a-findfp.o)
 .text.global_stdio_init.part.0
                0x080065a0       0x3c /opt/arm-none-eabi/bin/../lib/gcc/arm-none-eabi/13.2.1/../../../../arm-none-eabi/lib/thumb/v7e-m+fp/hard/libc_nano.a(libc_a-findfp.o)
 .text.__sfp_lock_acquire
                0x080065dc        0xc /opt/arm-none-eabi/bin/../lib/gcc/arm-none-eabi/13.2.1/../../../../arm-none-eabi/lib/thumb/v7e-m+fp/hard/libc_nano.a(libc_a-findfp.o)
                0x080065dc                __sfp_lock_acquire
 .text.__sfp_lock_release
                0x080065e8        0xc /opt/arm-none-eabi/bin/../lib/gcc/arm-none-eabi/13.2.1/../../../../arm-none-eabi/lib/thumb/v7e-m+fp/hard/libc_nano.a(libc_a-findfp.o)
                0x080065e8                __sfp_lock_release
 .text.__sinit  0x080065f4       0x30 /opt/arm-none-eabi/bin/../lib/gcc/arm-none-eabi/13.2.1/../../../../arm-none-eabi/lib/thumb/v7e-m+fp/hard/libc_nano.a(libc_a-findfp.o)
                0x080065f4                __sinit
 .text.__sread  0x08006624       0x22 /opt/arm-none-eabi/bin/../lib/gcc/arm-none-eabi/13.2.1/../../../../arm-none-eabi/lib/thumb/v7e-m+fp/hard/libc_nano.a(libc_a-stdio.o)
                0x08006624                __sread
 .text.__swrite
                0x08006646       0x38 /opt/arm-none-eabi/bin/../lib/gcc/arm-none-eabi/13.2.1/../../../../arm-none-eabi/lib/thumb/v7e-m+fp/hard/libc_nano.a(libc_a-stdio.o)
                0x08006646                __swrite
 .text.__sseek  0x0800667e       0x24 /opt/arm-none-eabi/bin/../lib/gcc/arm-none-eabi/13.2.1/../../../../arm-none-eabi/lib/thumb/v7e-m+fp/hard/libc_nano.a(libc_a-stdio.o)
                0x0800667e                __sseek
 .text.__sclose
                0x080066a2        0x8 /opt/arm-none-eabi/bin/../lib/gcc/arm-none-eabi/13.2.1/../../../../arm-none-eabi/lib/thumb/v7e-m+fp/hard/libc_nano.a(libc_a-stdio.o)
                0x080066a2                __sclose
 *fill*         0x080066aa        0x2 
 .text._read_r  0x080066ac       0x24 /opt/arm-none-eabi/bin/../lib/gcc/arm-none-eabi/13.2.1/../../../../arm-none-eabi/lib/thumb/v7e-m+fp/hard/libc_nano.a(libc_a-readr.o)
                0x080066ac                _read_r
 .text.swapfunc
                0x080066d0       0x32 /opt/arm-none-eabi/bin/../lib/gcc/arm-none-eabi/13.2.1/../../../../arm-none-eabi/lib/thumb/v7e-m+fp/hard/libc_nano.a(libc_a-qsort.o)
 .text.med3.constprop.0
                0x08006702       0x40 /opt/arm-none-eabi/bin/../lib/gcc/arm-none-eabi/13.2.1/../../../../arm-none-eabi/lib/thumb/v7e-m+fp/hard/libc_nano.a(libc_a-qsort.o)
 .text.qsort    0x08006742      0x28e /opt/arm-none-eabi/bin/../lib/gcc/arm-none-eabi/13.2.1/../../../../arm-none-eabi/lib/thumb/v7e-m+fp/hard/libc_nano.a(libc_a-qsort.o)
                0x08006742                qsort
 .text._write_r
                0x080069d0       0x24 /opt/arm-none-eabi/bin/../lib/gcc/arm-none-eabi/13.2.1/../../../../arm-none-eabi/lib/thumb/v7e-m+fp/hard/libc_nano.a(libc_a-writer.o)
                0x080069d0                _write_r
 .text.__errno  0x080069f4        0xc /opt/arm-none-eabi/bin/../lib/gcc/arm-none-eabi/13.2.1/../../../../arm-none-eabi/lib/thumb/v7e-m+fp/hard/libc_nano.a(libc_a-errno.o)
                0x080069f4                __errno
 .text._fwalk_sglue
                0x08006a00       0x3c /opt/arm-none-eabi/bin/../lib/gcc/arm-none-eabi/13.2.1/../../../../arm-none-eabi/lib/thumb/v7e-m+fp/hard/libc_nano.a(libc_a-fwalk.o)
                0x08006a00                _fwalk_sglue
 .text.memset   0x08006a3c       0x10 /opt/arm-none-eabi/bin/../lib/gcc/arm-none-eabi/13.2.1/../../../../arm-none-eabi/lib/thumb/v7e-m+fp/hard/libc_nano.a(libc_a-memset.o)
                0x08006a3c                memset
 .text._free_r  0x08006a4c       0x94 /opt/arm-none-eabi/bin/../lib/gcc/arm-none-eabi/13.2.1/../../../../arm-none-eabi/lib/thumb/v7e-m+fp/hard/libc_nano.a(libc_a-freer.o)
                0x08006a4c                _free_r
 .text.__retarget_lock_init_recursive
                0x08006ae0        0x2 /opt/arm-none-eabi/bin/../lib/gcc/arm-none-eabi/13.2.1/../../../../arm-none-eabi/lib/thumb/v7e-m+fp/hard/libc_nano.a(libc_a-lock.o)
                0x08006ae0                __retarget_lock_init_recursive
 .text.__retarget_lock_acquire_recursive
                0x08006ae2        0x2 /opt/arm-none-eabi/bin/../lib/gcc/arm-none-eabi/13.2.1/../../../../arm-none-eabi/lib/thumb/v7e-m+fp/hard/libc_nano.a(libc_a-lock.o)
                0x08006ae2                __retarget_lock_acquire_recursive
 .text.__retarget_lock_release_recursive
                0x08006ae4        0x2 /opt/arm-none-eabi/bin/../lib/gcc/arm-none-eabi/13.2.1/../../../../arm-none-eabi/lib/thumb/v7e-m+fp/hard/libc_nano.a(libc_a-lock.o)
                0x08006ae4                __retarget_lock_release_recursive
 .text.__swhatbuf_r
                0x08006ae6       0x4c /opt/arm-none-eabi/bin/../lib/gcc/arm-none-eabi/13.2.1/../../../../arm-none-eabi/lib/thumb/v7e-m+fp/hard/libc_nano.a(libc_a-makebuf.o)
                0x08006ae6                __swhatbuf_r
 .text.__smakebuf_r
                0x08006b32       0x78 /opt/arm-none-eabi/bin/../lib/gcc/arm-none-eabi/13.2.1/../../../../arm-none-eabi/lib/thumb/v7e-m+fp/hard/libc_nano.a(libc_a-makebuf.o)
                0x08006b32                __smakebuf_r
 *fill*         0x08006baa        0x2 
 .text._close_r
                0x08006bac       0x20 /opt/arm-none-eabi/bin/../lib/gcc/arm-none-eabi/13.2.1/../../../../arm-none-eabi/lib/thumb/v7e-m+fp/hard/libc_nano.a(libc_a-closer.o)
                0x08006bac                _close_r
 .text.sbrk_aligned
                0x08006bcc       0x44 /opt/arm-none-eabi/bin/../lib/gcc/arm-none-eabi/13.2.1/../../../../arm-none-eabi/lib/thumb/v7e-m+fp/hard/libc_nano.a(libc_a-mallocr.o)
 .text._malloc_r
                0x08006c10      0x100 /opt/arm-none-eabi/bin/../lib/gcc/arm-none-eabi/13.2.1/../../../../arm-none-eabi/lib/thumb/v7e-m+fp/hard/libc_nano.a(libc_a-mallocr.o)
                0x08006c10                _malloc_r
 .text._fstat_r
                0x08006d10       0x24 /opt/arm-none-eabi/bin/../lib/gcc/arm-none-eabi/13.2.1/../../../../arm-none-eabi/lib/thumb/v7e-m+fp/hard/libc_nano.a(libc_a-fstatr.o)
                0x08006d10                _fstat_r
 .text._isatty_r
                0x08006d34       0x20 /opt/arm-none-eabi/bin/../lib/gcc/arm-none-eabi/13.2.1/../../../../arm-none-eabi/lib/thumb/v7e-m+fp/hard/libc_nano.a(libc_a-isattyr.o)
                0x08006d34                _isatty_r
 .text._lseek_r
                0x08006d54       0x24 /opt/arm-none-eabi/bin/../lib/gcc/arm-none-eabi/13.2.1/../../../../arm-none-eabi/lib/thumb/v7e-m+fp/hard/libc_nano.a(libc_a-lseekr.o)
                0x08006d54                _lseek_r
 .text.__malloc_lock
                0x08006d78        0xc /opt/arm-none-eabi/bin/../lib/gcc/arm-none-eabi/13.2.1/../../../../arm-none-eabi/lib/thumb/v7e-m+fp/hard/libc_nano.a(libc_a-mlock.o)
                0x08006d78                __malloc_lock
 .text.__malloc_unlock
                0x08006d84        0xc /opt/arm-none-eabi/bin/../lib/gcc/arm-none-eabi/13.2.1/../../../../arm-none-eabi/lib/thumb/v7e-m+fp/hard/libc_nano.a(libc_a-mlock.o)
                0x08006d84                __malloc_unlock
 .text._sbrk_r  0x08006d90       0x20 /opt/arm-none-eabi/bin/../lib/gcc/arm-none-eabi/13.2.1/../../../../arm-none-eabi/lib/thumb/v7e-m+fp/hard/libc_nano.a(libc_a-sbrkr.o)
                0x08006d90                _sbrk_r
 .text          0x08006db0      0x378 /opt/arm-none-eabi/bin/../lib/gcc/arm-none-eabi/13.2.1/thumb/v7e-m+fp/hard/libgcc.a(_arm_addsubdf3.o)
                0x08006db0                __aeabi_drsub
                0x08006db8                __aeabi_dsub
                0x08006db8                __subdf3
                0x08006dbc                __adddf3
                0x08006dbc                __aeabi_dadd
                0x08007034                __aeabi_ui2d
                0x08007034                __floatunsidf
                0x08007054                __floatsidf
                0x08007054                __aeabi_i2d
                0x08007078                __extendsfdf2
                0x08007078                __aeabi_f2d
                0x080070bc                __aeabi_ul2d
                0x080070bc                __floatundidf
                0x080070cc                __floatdidf
                0x080070cc                __aeabi_l2d
 .text          0x08007128      0x424 /opt/arm-none-eabi/bin/../lib/gcc/arm-none-eabi/13.2.1/thumb/v7e-m+fp/hard/libgcc.a(_arm_muldivdf3.o)
                0x08007128                __aeabi_dmul
                0x08007128                __muldf3
                0x0800737c                __aeabi_ddiv
                0x0800737c                __divdf3
 .text          0x0800754c      0x110 /opt/arm-none-eabi/bin/../lib/gcc/arm-none-eabi/13.2.1/thumb/v7e-m+fp/hard/libgcc.a(_arm_cmpdf2.o)
                0x0800754c                __gtdf2
                0x0800754c                __gedf2
                0x08007554                __ltdf2
                0x08007554                __ledf2
                0x0800755c                __cmpdf2
                0x0800755c                __eqdf2
                0x0800755c                __nedf2
                0x080075d8                __aeabi_cdrcmple
                0x080075e8                __aeabi_cdcmple
                0x080075e8                __aeabi_cdcmpeq
                0x080075f8                __aeabi_dcmpeq
                0x0800760c                __aeabi_dcmplt
                0x08007620                __aeabi_dcmple
                0x08007634                __aeabi_dcmpge
                0x08007648                __aeabi_dcmpgt
 .text          0x0800765c       0x2c /opt/arm-none-eabi/bin/../lib/gcc/arm-none-eabi/13.2.1/thumb/v7e-m+fp/hard/libgcc.a(_arm_unorddf2.o)
                0x0800765c                __aeabi_dcmpun
                0x0800765c                __unorddf2
 .text          0x08007688       0x50 /opt/arm-none-eabi/bin/../lib/gcc/arm-none-eabi/13.2.1/thumb/v7e-m+fp/hard/libgcc.a(_arm_fixdfsi.o)
                0x08007688                __fixdfsi
                0x08007688                __aeabi_d2iz
 .text.__fixdfdi
                0x080076d8       0x30 /opt/arm-none-eabi/bin/../lib/gcc/arm-none-eabi/13.2.1/thumb/v7e-m+fp/hard/libgcc.a(_fixdfdi.o)
                0x080076d8                __aeabi_d2lz
                0x080076d8                __fixdfdi
 .text.__fixunsdfdi
                0x08007708       0x3c /opt/arm-none-eabi/bin/../lib/gcc/arm-none-eabi/13.2.1/thumb/v7e-m+fp/hard/libgcc.a(_fixunsdfdi.o)
                0x08007708                __aeabi_d2ulz
                0x08007708                __fixunsdfdi
 .text          0x08007744       0x40 /opt/arm-none-eabi/bin/../lib/gcc/arm-none-eabi/13.2.1/thumb/v7e-m+fp/hard/libgcc.a(_arm_fixunsdfsi.o)
                0x08007744                __fixunsdfsi
                0x08007744                __aeabi_d2uiz

.glue_7         0x08007784        0x0
 .glue_7        0x08007784        0x0 linker stubs

.glue_7t        0x08007784        0x0
 .glue_7t       0x08007784        0x0 linker stubs

.vfp11_veneer   0x08007784        0x0
 .vfp11_veneer  0x08007784        0x0 linker stubs

.v4_bx          0x08007784        0x0
 .v4_bx         0x08007784        0x0 linker stubs

.iplt           0x08007784        0x0
 .iplt          0x08007784        0x0 /tmp/ccoGF4rf.o

.rodata         0x08007788      0x653
 *(.rodata*)
 .rodata        0x08007788      0x4f4 /tmp/ccoGF4rf.o
 .rodata        0x08007c7c       0x46 /tmp/cckuWWcW.o
 *fill*         0x08007cc2        0x2 
 .rodata        0x08007cc4       0xd3 /tmp/ccKOTGWI.o
 *fill*         0x08007d97        0x1 
 .rodata.tiny   0x08007d98        0x8 /opt/arm-none-eabi/bin/../lib/gcc/arm-none-eabi/13.2.1/../../../../arm-none-eabi/lib/thumb/v7e-m+fp/hard/libm.a(libm_a-e_sqrt.o)
 .rodata.one    0x08007da0        0x8 /opt/arm-none-eabi/bin/../lib/gcc/arm-none-eabi/13.2.1/../../../../arm-none-eabi/lib/thumb/v7e-m+fp/hard/libm.a(libm_a-e_sqrt.o)
 .rodata._vfprintf_r.str1.1
                0x08007da8       0x33 /opt/arm-none-eabi/bin/../lib/gcc/arm-none-eabi/13.2.1/../../../../arm-none-eabi/lib/thumb/v7e-m+fp/hard/libc_nano.a(libc_a-nano-vfprintf.o)
                                 0x11 (size before relaxing)
 .rodata._printf_i.str1.1
                0x08007ddb       0x22 /opt/arm-none-eabi/bin/../lib/gcc/arm-none-eabi/13.2.1/../../../../arm-none-eabi/lib/thumb/v7e-m+fp/hard/libc_nano.a(libc_a-nano-vfprintf_i.o)

.ARM.exidx      0x08007ddc        0x8
 .ARM.exidx     0x08007ddc        0x8 /opt/arm-none-eabi/bin/../lib/gcc/arm-none-eabi/13.2.1/../../../../arm-none-eabi/lib/thumb/v7e-m+fp/hard/libc_nano.a(libc_a-memchr.o)

.rel.dyn        0x08007de4        0x0
 .rel.iplt      0x08007de4        0x0 /tmp/ccoGF4rf.o

.data           0x20000000       0x81 load address 0x08007de4
                0x20000000                        _sdata = .
 *(.first_data)
 *(.data SORT_BY_NAME(.data.*))
 .data.ALE      0x20000000        0x2 /tmp/ccoGF4rf.o
                0x20000000                ALE
 .data.CE       0x20000002        0x2 /tmp/ccoGF4rf.o
                0x20000002                CE
 .data.CLE      0x20000004        0x2 /tmp/ccoGF4rf.o
                0x20000004                CLE
 *fill*         0x20000006        0x2 
 .data.FREQ     0x20000008        0x4 /tmp/cchF26KO.o
                0x20000008                FREQ
 .data.RB       0x2000000c        0x2 /tmp/ccoGF4rf.o
                0x2000000c                RB
 .data.RE       0x2000000e        0x2 /tmp/ccoGF4rf.o
                0x2000000e                RE
 .data.WE       0x20000010        0x2 /tmp/ccoGF4rf.o
                0x20000010                WE
 .data.WP       0x20000012        0x2 /tmp/ccoGF4rf.o
                0x20000012                WP
 .data.__sglue  0x20000014        0xc /opt/arm-none-eabi/bin/../lib/gcc/arm-none-eabi/13.2.1/../../../../arm-none-eabi/lib/thumb/v7e-m+fp/hard/libc_nano.a(libc_a-findfp.o)
                0x20000014                __sglue
 .data._impure_data
                0x20000020       0x4c /opt/arm-none-eabi/bin/../lib/gcc/arm-none-eabi/13.2.1/../../../../arm-none-eabi/lib/thumb/v7e-m+fp/hard/libc_nano.a(libc_a-impure.o)
                0x20000020                _impure_data
 .data._impure_ptr
                0x2000006c        0x4 /opt/arm-none-eabi/bin/../lib/gcc/arm-none-eabi/13.2.1/../../../../arm-none-eabi/lib/thumb/v7e-m+fp/hard/libc_nano.a(libc_a-impure.o)
                0x2000006c                _impure_ptr
 .data.data0    0x20000070        0x2 /tmp/ccoGF4rf.o
                0x20000070                data0
 .data.data1    0x20000072        0x2 /tmp/ccoGF4rf.o
                0x20000072                data1
 .data.data2    0x20000074        0x2 /tmp/ccoGF4rf.o
                0x20000074                data2
 .data.data3    0x20000076        0x2 /tmp/ccoGF4rf.o
                0x20000076                data3
 .data.data4    0x20000078        0x2 /tmp/ccoGF4rf.o
                0x20000078                data4
 .data.data5    0x2000007a        0x2 /tmp/ccoGF4rf.o
                0x2000007a                data5
 .data.data6    0x2000007c        0x2 /tmp/ccoGF4rf.o
                0x2000007c                data6
 .data.data7    0x2000007e        0x2 /tmp/ccoGF4rf.o
                0x2000007e                data7
 .data.globalPinMode
                0x20000080        0x1 /tmp/ccoGF4rf.o
                0x20000080                globalPinMode
                0x20000081                        _edata = .
                0x08007de4                        _sidata = LOADADDR (.data)

.igot.plt       0x20000084        0x0 load address 0x08007e65
 .igot.plt      0x20000084        0x0 /tmp/ccoGF4rf.o

.bss            0x20000084      0x174 load address 0x08007e65
                0x20000084                        _sbss = .
 *(.bss SORT_BY_NAME(.bss.*) COMMON)
 .bss.ADXL375_SPI
                0x20000084        0x4 /tmp/cckuWWcW.o
                0x20000084                ADXL375_SPI
 .bss.MS5611_SPI
                0x20000088        0x4 /tmp/cciztdWW.o
                0x20000088                MS5611_SPI
 .bss.__lock___malloc_recursive_mutex
                0x2000008c        0x1 /opt/arm-none-eabi/bin/../lib/gcc/arm-none-eabi/13.2.1/../../../../arm-none-eabi/lib/thumb/v7e-m+fp/hard/libc_nano.a(libc_a-lock.o)
                0x2000008c                __lock___malloc_recursive_mutex
 .bss.__lock___sfp_recursive_mutex
                0x2000008d        0x1 /opt/arm-none-eabi/bin/../lib/gcc/arm-none-eabi/13.2.1/../../../../arm-none-eabi/lib/thumb/v7e-m+fp/hard/libc_nano.a(libc_a-lock.o)
                0x2000008d                __lock___sfp_recursive_mutex
 *fill*         0x2000008e        0x2 
 .bss.__malloc_free_list
                0x20000090        0x4 /opt/arm-none-eabi/bin/../lib/gcc/arm-none-eabi/13.2.1/../../../../arm-none-eabi/lib/thumb/v7e-m+fp/hard/libc_nano.a(libc_a-mallocr.o)
                0x20000090                __malloc_free_list
 .bss.__malloc_sbrk_start
                0x20000094        0x4 /opt/arm-none-eabi/bin/../lib/gcc/arm-none-eabi/13.2.1/../../../../arm-none-eabi/lib/thumb/v7e-m+fp/hard/libc_nano.a(libc_a-mallocr.o)
                0x20000094                __malloc_sbrk_start
 .bss.__sf      0x20000098      0x138 /opt/arm-none-eabi/bin/../lib/gcc/arm-none-eabi/13.2.1/../../../../arm-none-eabi/lib/thumb/v7e-m+fp/hard/libc_nano.a(libc_a-findfp.o)
                0x20000098                __sf
 .bss.__stdio_exit_handler
                0x200001d0        0x4 /opt/arm-none-eabi/bin/../lib/gcc/arm-none-eabi/13.2.1/../../../../arm-none-eabi/lib/thumb/v7e-m+fp/hard/libc_nano.a(libc_a-findfp.o)
                0x200001d0                __stdio_exit_handler
 .bss.errno     0x200001d4        0x4 /opt/arm-none-eabi/bin/../lib/gcc/arm-none-eabi/13.2.1/../../../../arm-none-eabi/lib/thumb/v7e-m+fp/hard/libc_nano.a(libc_a-reent.o)
                0x200001d4                errno
 .bss.flightStage
                0x200001d8        0x1 /tmp/ccoGF4rf.o
                0x200001d8                flightStage
 *fill*         0x200001d9        0x3 
 .bss.frameAddressPointer
                0x200001dc        0x4 /tmp/ccoGF4rf.o
                0x200001dc                frameAddressPointer
 .bss.heap.0    0x200001e0        0x4 /tmp/ccyom4Q6.o
 .bss.ms5611_prom_data
                0x200001e4       0x10 /tmp/cciztdWW.o
                0x200001e4                ms5611_prom_data
 .bss.s_ticks   0x200001f4        0x4 /tmp/ccoGF4rf.o
                0x200001f4                s_ticks
                0x200001f8                        _ebss = .
                0x200001f8                        . = ALIGN (0x8)
                0x200001f8                        _end = .
OUTPUT(firmware.elf elf32-littlearm)
LOAD linker stubs

.debug_info     0x00000000     0x5859
 .debug_info    0x00000000     0x197b /tmp/ccoGF4rf.o
 .debug_info    0x0000197b      0x108 /tmp/ccE6PgLf.o
 .debug_info    0x00001a83      0x899 /tmp/ccyom4Q6.o
 .debug_info    0x0000231c      0xf91 /tmp/cchF26KO.o
 .debug_info    0x000032ad      0x995 /tmp/cciztdWW.o
 .debug_info    0x00003c42      0x781 /tmp/cckuWWcW.o
 .debug_info    0x000043c3      0x847 /tmp/cchfZlo2.o
 .debug_info    0x00004c0a      0xc4f /tmp/ccKOTGWI.o

.debug_abbrev   0x00000000     0x1517
 .debug_abbrev  0x00000000      0x4a0 /tmp/ccoGF4rf.o
 .debug_abbrev  0x000004a0       0xc5 /tmp/ccE6PgLf.o
 .debug_abbrev  0x00000565      0x26c /tmp/ccyom4Q6.o
 .debug_abbrev  0x000007d1      0x2a9 /tmp/cchF26KO.o
 .debug_abbrev  0x00000a7a      0x2da /tmp/cciztdWW.o
 .debug_abbrev  0x00000d54      0x2b4 /tmp/cckuWWcW.o
 .debug_abbrev  0x00001008      0x21e /tmp/cchfZlo2.o
 .debug_abbrev  0x00001226      0x2f1 /tmp/ccKOTGWI.o

.debug_aranges  0x00000000      0x530
 .debug_aranges
                0x00000000      0x178 /tmp/ccoGF4rf.o
 .debug_aranges
                0x00000178       0x20 /tmp/ccE6PgLf.o
 .debug_aranges
                0x00000198       0xb0 /tmp/ccyom4Q6.o
 .debug_aranges
                0x00000248       0xa8 /tmp/cchF26KO.o
 .debug_aranges
                0x000002f0       0x90 /tmp/cciztdWW.o
 .debug_aranges
                0x00000380       0x90 /tmp/cckuWWcW.o
 .debug_aranges
                0x00000410       0x58 /tmp/cchfZlo2.o
 .debug_aranges
                0x00000468       0xc8 /tmp/ccKOTGWI.o

.debug_rnglists
                0x00000000      0x3eb
 .debug_rnglists
                0x00000000      0x128 /tmp/ccoGF4rf.o
 .debug_rnglists
                0x00000128       0x13 /tmp/ccE6PgLf.o
 .debug_rnglists
                0x0000013b       0x80 /tmp/ccyom4Q6.o
 .debug_rnglists
                0x000001bb       0x7e /tmp/cchF26KO.o
 .debug_rnglists
                0x00000239       0x6b /tmp/cciztdWW.o
 .debug_rnglists
                0x000002a4       0x6c /tmp/cckuWWcW.o
 .debug_rnglists
                0x00000310       0x41 /tmp/cchfZlo2.o
 .debug_rnglists
                0x00000351       0x9a /tmp/ccKOTGWI.o

.debug_macro    0x00000000    0x2222d
 .debug_macro   0x00000000      0x341 /tmp/ccoGF4rf.o
 .debug_macro   0x00000341      0xacc /tmp/ccoGF4rf.o
 .debug_macro   0x00000e0d       0x22 /tmp/ccoGF4rf.o
 .debug_macro   0x00000e2f       0x5b /tmp/ccoGF4rf.o
 .debug_macro   0x00000e8a       0x2a /tmp/ccoGF4rf.o
 .debug_macro   0x00000eb4       0x94 /tmp/ccoGF4rf.o
 .debug_macro   0x00000f48       0x43 /tmp/ccoGF4rf.o
 .debug_macro   0x00000f8b       0x34 /tmp/ccoGF4rf.o
 .debug_macro   0x00000fbf       0x16 /tmp/ccoGF4rf.o
 .debug_macro   0x00000fd5       0x57 /tmp/ccoGF4rf.o
 .debug_macro   0x0000102c       0x9e /tmp/ccoGF4rf.o
 .debug_macro   0x000010ca      0x370 /tmp/ccoGF4rf.o
 .debug_macro   0x0000143a      0x112 /tmp/ccoGF4rf.o
 .debug_macro   0x0000154c       0x10 /tmp/ccoGF4rf.o
 .debug_macro   0x0000155c       0x16 /tmp/ccoGF4rf.o
 .debug_macro   0x00001572       0x4a /tmp/ccoGF4rf.o
 .debug_macro   0x000015bc       0x34 /tmp/ccoGF4rf.o
 .debug_macro   0x000015f0       0x10 /tmp/ccoGF4rf.o
 .debug_macro   0x00001600       0x58 /tmp/ccoGF4rf.o
 .debug_macro   0x00001658       0x8e /tmp/ccoGF4rf.o
 .debug_macro   0x000016e6       0x1c /tmp/ccoGF4rf.o
 .debug_macro   0x00001702      0x177 /tmp/ccoGF4rf.o
 .debug_macro   0x00001879       0x16 /tmp/ccoGF4rf.o
 .debug_macro   0x0000188f       0x16 /tmp/ccoGF4rf.o
 .debug_macro   0x000018a5      0x146 /tmp/ccoGF4rf.o
 .debug_macro   0x000019eb      0x103 /tmp/ccoGF4rf.o
 .debug_macro   0x00001aee       0x6a /tmp/ccoGF4rf.o
 .debug_macro   0x00001b58      0x1df /tmp/ccoGF4rf.o
 .debug_macro   0x00001d37       0x3c /tmp/ccoGF4rf.o
 .debug_macro   0x00001d73      0x460 /tmp/ccoGF4rf.o
 .debug_macro   0x000021d3       0x22 /tmp/ccoGF4rf.o
 .debug_macro   0x000021f5       0x16 /tmp/ccoGF4rf.o
 .debug_macro   0x0000220b       0x16 /tmp/ccoGF4rf.o
 .debug_macro   0x00002221       0x29 /tmp/ccoGF4rf.o
 .debug_macro   0x0000224a       0x16 /tmp/ccoGF4rf.o
 .debug_macro   0x00002260       0x10 /tmp/ccoGF4rf.o
 .debug_macro   0x00002270       0x10 /tmp/ccoGF4rf.o
 .debug_macro   0x00002280       0x10 /tmp/ccoGF4rf.o
 .debug_macro   0x00002290       0x1c /tmp/ccoGF4rf.o
 .debug_macro   0x000022ac       0x52 /tmp/ccoGF4rf.o
 .debug_macro   0x000022fe       0x22 /tmp/ccoGF4rf.o
 .debug_macro   0x00002320       0x10 /tmp/ccoGF4rf.o
 .debug_macro   0x00002330       0x52 /tmp/ccoGF4rf.o
 .debug_macro   0x00002382       0xc1 /tmp/ccoGF4rf.o
 .debug_macro   0x00002443       0x1c /tmp/ccoGF4rf.o
 .debug_macro   0x0000245f       0x3d /tmp/ccoGF4rf.o
 .debug_macro   0x0000249c       0x35 /tmp/ccoGF4rf.o
 .debug_macro   0x000024d1      0x12c /tmp/ccoGF4rf.o
 .debug_macro   0x000025fd      0x19b /tmp/ccoGF4rf.o
 .debug_macro   0x00002798       0x28 /tmp/ccoGF4rf.o
 .debug_macro   0x000027c0       0x1c /tmp/ccoGF4rf.o
 .debug_macro   0x000027dc       0x22 /tmp/ccoGF4rf.o
 .debug_macro   0x000027fe       0xd9 /tmp/ccoGF4rf.o
 .debug_macro   0x000028d7     0x102d /tmp/ccoGF4rf.o
 .debug_macro   0x00003904      0x11f /tmp/ccoGF4rf.o
 .debug_macro   0x00003a23    0x1cb71 /tmp/ccoGF4rf.o
 .debug_macro   0x00020594       0xd7 /tmp/ccoGF4rf.o
 .debug_macro   0x0002066b       0x88 /tmp/ccoGF4rf.o
 .debug_macro   0x000206f3       0x10 /tmp/ccoGF4rf.o
 .debug_macro   0x00020703      0x1a8 /tmp/ccoGF4rf.o
 .debug_macro   0x000208ab      0x190 /tmp/ccoGF4rf.o
 .debug_macro   0x00020a3b       0xd0 /tmp/ccoGF4rf.o
 .debug_macro   0x00020b0b       0x22 /tmp/ccoGF4rf.o
 .debug_macro   0x00020b2d       0x7c /tmp/ccoGF4rf.o
 .debug_macro   0x00020ba9       0x2e /tmp/ccoGF4rf.o
 .debug_macro   0x00020bd7       0x11 /tmp/ccE6PgLf.o
 .debug_macro   0x00020be8      0x2c5 /tmp/ccyom4Q6.o
 .debug_macro   0x00020ead       0x3a /tmp/ccyom4Q6.o
 .debug_macro   0x00020ee7       0x89 /tmp/ccyom4Q6.o
 .debug_macro   0x00020f70       0x1c /tmp/ccyom4Q6.o
 .debug_macro   0x00020f8c       0x9b /tmp/ccyom4Q6.o
 .debug_macro   0x00021027      0x2d4 /tmp/cchF26KO.o
 .debug_macro   0x000212fb       0x1c /tmp/cchF26KO.o
 .debug_macro   0x00021317      0x2da /tmp/cciztdWW.o
 .debug_macro   0x000215f1       0x8e /tmp/cciztdWW.o
 .debug_macro   0x0002167f       0x51 /tmp/cciztdWW.o
 .debug_macro   0x000216d0       0x61 /tmp/cciztdWW.o
 .debug_macro   0x00021731       0x82 /tmp/cciztdWW.o
 .debug_macro   0x000217b3      0x2d4 /tmp/cckuWWcW.o
 .debug_macro   0x00021a87      0x18a /tmp/cckuWWcW.o
 .debug_macro   0x00021c11      0x317 /tmp/cchfZlo2.o
 .debug_macro   0x00021f28       0x28 /tmp/cchfZlo2.o
 .debug_macro   0x00021f50      0x2dd /tmp/ccKOTGWI.o

.debug_line     0x00000000     0x4954
 .debug_line    0x00000000     0x19d5 /tmp/ccoGF4rf.o
 .debug_line    0x000019d5       0x88 /tmp/ccE6PgLf.o
 .debug_line    0x00001a5d      0x60e /tmp/ccyom4Q6.o
 .debug_line    0x0000206b      0x91c /tmp/cchF26KO.o
 .debug_line    0x00002987      0x76f /tmp/cciztdWW.o
 .debug_line    0x000030f6      0x740 /tmp/cckuWWcW.o
 .debug_line    0x00003836      0x69a /tmp/cchfZlo2.o
 .debug_line    0x00003ed0      0xa84 /tmp/ccKOTGWI.o

.debug_str      0x00000000    0xb567f
 .debug_str     0x00000000    0xb567f /tmp/ccoGF4rf.o
                              0xb5161 (size before relaxing)
 .debug_str     0x000b567f     0x2e75 /tmp/ccE6PgLf.o
 .debug_str     0x000b567f    0xb30bf /tmp/ccyom4Q6.o
 .debug_str     0x000b567f    0xb33d9 /tmp/cchF26KO.o
 .debug_str     0x000b567f    0xb336e /tmp/cciztdWW.o
 .debug_str     0x000b567f    0xb38ab /tmp/cckuWWcW.o
 .debug_str     0x000b567f    0xb47d7 /tmp/cchfZlo2.o
 .debug_str     0x000b567f    0xb3aa5 /tmp/ccKOTGWI.o

.comment        0x00000000       0x44
 .comment       0x00000000       0x44 /tmp/ccoGF4rf.o
                                 0x45 (size before relaxing)
 .comment       0x00000044       0x45 /tmp/ccE6PgLf.o
 .comment       0x00000044       0x45 /tmp/ccyom4Q6.o
 .comment       0x00000044       0x45 /tmp/cchF26KO.o
 .comment       0x00000044       0x45 /tmp/cciztdWW.o
 .comment       0x00000044       0x45 /tmp/cckuWWcW.o
 .comment       0x00000044       0x45 /tmp/cchfZlo2.o
 .comment       0x00000044       0x45 /tmp/ccKOTGWI.o

.ARM.attributes
                0x00000000       0x32
 .ARM.attributes
                0x00000000       0x34 /tmp/ccoGF4rf.o
 .ARM.attributes
                0x00000034       0x34 /tmp/ccE6PgLf.o
 .ARM.attributes
                0x00000068       0x34 /tmp/ccyom4Q6.o
 .ARM.attributes
                0x0000009c       0x34 /tmp/cchF26KO.o
 .ARM.attributes
                0x000000d0       0x34 /tmp/cciztdWW.o
 .ARM.attributes
                0x00000104       0x34 /tmp/cckuWWcW.o
 .ARM.attributes
                0x00000138       0x34 /tmp/cchfZlo2.o
 .ARM.attributes
                0x0000016c       0x34 /tmp/ccKOTGWI.o
 .ARM.attributes
                0x000001a0       0x34 /opt/arm-none-eabi/bin/../lib/gcc/arm-none-eabi/13.2.1/../../../../arm-none-eabi/lib/thumb/v7e-m+fp/hard/libm.a(libm_a-w_sqrt.o)
 .ARM.attributes
                0x000001d4       0x34 /opt/arm-none-eabi/bin/../lib/gcc/arm-none-eabi/13.2.1/../../../../arm-none-eabi/lib/thumb/v7e-m+fp/hard/libm.a(libm_a-powl.o)
 .ARM.attributes
                0x00000208       0x34 /opt/arm-none-eabi/bin/../lib/gcc/arm-none-eabi/13.2.1/../../../../arm-none-eabi/lib/thumb/v7e-m+fp/hard/libm.a(libm_a-e_sqrt.o)
 .ARM.attributes
                0x0000023c       0x34 /opt/arm-none-eabi/bin/../lib/gcc/arm-none-eabi/13.2.1/../../../../arm-none-eabi/lib/thumb/v7e-m+fp/hard/libm.a(libm_a-w_pow.o)
 .ARM.attributes
                0x00000270       0x34 /opt/arm-none-eabi/bin/../lib/gcc/arm-none-eabi/13.2.1/../../../../arm-none-eabi/lib/thumb/v7e-m+fp/hard/libm.a(libm_a-s_finite.o)
 .ARM.attributes
                0x000002a4       0x34 /opt/arm-none-eabi/bin/../lib/gcc/arm-none-eabi/13.2.1/../../../../arm-none-eabi/lib/thumb/v7e-m+fp/hard/libm.a(libm_a-e_pow.o)
 .ARM.attributes
                0x000002d8       0x34 /opt/arm-none-eabi/bin/../lib/gcc/arm-none-eabi/13.2.1/../../../../arm-none-eabi/lib/thumb/v7e-m+fp/hard/libm.a(libm_a-math_err.o)
 .ARM.attributes
                0x0000030c       0x34 /opt/arm-none-eabi/bin/../lib/gcc/arm-none-eabi/13.2.1/../../../../arm-none-eabi/lib/thumb/v7e-m+fp/hard/libm.a(libm_a-s_fabs.o)
 .ARM.attributes
                0x00000340       0x34 /opt/arm-none-eabi/bin/../lib/gcc/arm-none-eabi/13.2.1/../../../../arm-none-eabi/lib/thumb/v7e-m+fp/hard/libm.a(libm_a-s_scalbn.o)
 .ARM.attributes
                0x00000374       0x34 /opt/arm-none-eabi/bin/../lib/gcc/arm-none-eabi/13.2.1/../../../../arm-none-eabi/lib/thumb/v7e-m+fp/hard/libc_nano.a(libc_a-printf.o)
 .ARM.attributes
                0x000003a8       0x34 /opt/arm-none-eabi/bin/../lib/gcc/arm-none-eabi/13.2.1/../../../../arm-none-eabi/lib/thumb/v7e-m+fp/hard/libc_nano.a(libc_a-nano-vfprintf.o)
 .ARM.attributes
                0x000003dc       0x34 /opt/arm-none-eabi/bin/../lib/gcc/arm-none-eabi/13.2.1/../../../../arm-none-eabi/lib/thumb/v7e-m+fp/hard/libc_nano.a(libc_a-wbuf.o)
 .ARM.attributes
                0x00000410       0x34 /opt/arm-none-eabi/bin/../lib/gcc/arm-none-eabi/13.2.1/../../../../arm-none-eabi/lib/thumb/v7e-m+fp/hard/libc_nano.a(libc_a-wsetup.o)
 .ARM.attributes
                0x00000444       0x34 /opt/arm-none-eabi/bin/../lib/gcc/arm-none-eabi/13.2.1/../../../../arm-none-eabi/lib/thumb/v7e-m+fp/hard/libc_nano.a(libc_a-nano-vfprintf_i.o)
 .ARM.attributes
                0x00000478       0x34 /opt/arm-none-eabi/bin/../lib/gcc/arm-none-eabi/13.2.1/../../../../arm-none-eabi/lib/thumb/v7e-m+fp/hard/libc_nano.a(libc_a-puts.o)
 .ARM.attributes
                0x000004ac       0x34 /opt/arm-none-eabi/bin/../lib/gcc/arm-none-eabi/13.2.1/../../../../arm-none-eabi/lib/thumb/v7e-m+fp/hard/libc_nano.a(libc_a-impure.o)
 .ARM.attributes
                0x000004e0       0x34 /opt/arm-none-eabi/bin/../lib/gcc/arm-none-eabi/13.2.1/../../../../arm-none-eabi/lib/thumb/v7e-m+fp/hard/libc_nano.a(libc_a-fflush.o)
 .ARM.attributes
                0x00000514       0x1c /opt/arm-none-eabi/bin/../lib/gcc/arm-none-eabi/13.2.1/../../../../arm-none-eabi/lib/thumb/v7e-m+fp/hard/libc_nano.a(libc_a-memchr.o)
 .ARM.attributes
                0x00000530       0x34 /opt/arm-none-eabi/bin/../lib/gcc/arm-none-eabi/13.2.1/../../../../arm-none-eabi/lib/thumb/v7e-m+fp/hard/libc_nano.a(libc_a-memcpy-stub.o)
 .ARM.attributes
                0x00000564       0x34 /opt/arm-none-eabi/bin/../lib/gcc/arm-none-eabi/13.2.1/../../../../arm-none-eabi/lib/thumb/v7e-m+fp/hard/libc_nano.a(libc_a-findfp.o)
 .ARM.attributes
                0x00000598       0x34 /opt/arm-none-eabi/bin/../lib/gcc/arm-none-eabi/13.2.1/../../../../arm-none-eabi/lib/thumb/v7e-m+fp/hard/libc_nano.a(libc_a-stdio.o)
 .ARM.attributes
                0x000005cc       0x34 /opt/arm-none-eabi/bin/../lib/gcc/arm-none-eabi/13.2.1/../../../../arm-none-eabi/lib/thumb/v7e-m+fp/hard/libc_nano.a(libc_a-readr.o)
 .ARM.attributes
                0x00000600       0x34 /opt/arm-none-eabi/bin/../lib/gcc/arm-none-eabi/13.2.1/../../../../arm-none-eabi/lib/thumb/v7e-m+fp/hard/libc_nano.a(libc_a-qsort.o)
 .ARM.attributes
                0x00000634       0x34 /opt/arm-none-eabi/bin/../lib/gcc/arm-none-eabi/13.2.1/../../../../arm-none-eabi/lib/thumb/v7e-m+fp/hard/libc_nano.a(libc_a-writer.o)
 .ARM.attributes
                0x00000668       0x34 /opt/arm-none-eabi/bin/../lib/gcc/arm-none-eabi/13.2.1/../../../../arm-none-eabi/lib/thumb/v7e-m+fp/hard/libc_nano.a(libc_a-errno.o)
 .ARM.attributes
                0x0000069c       0x34 /opt/arm-none-eabi/bin/../lib/gcc/arm-none-eabi/13.2.1/../../../../arm-none-eabi/lib/thumb/v7e-m+fp/hard/libc_nano.a(libc_a-fwalk.o)
 .ARM.attributes
                0x000006d0       0x34 /opt/arm-none-eabi/bin/../lib/gcc/arm-none-eabi/13.2.1/../../../../arm-none-eabi/lib/thumb/v7e-m+fp/hard/libc_nano.a(libc_a-memset.o)
 .ARM.attributes
                0x00000704       0x34 /opt/arm-none-eabi/bin/../lib/gcc/arm-none-eabi/13.2.1/../../../../arm-none-eabi/lib/thumb/v7e-m+fp/hard/libc_nano.a(libc_a-freer.o)
 .ARM.attributes
                0x00000738       0x34 /opt/arm-none-eabi/bin/../lib/gcc/arm-none-eabi/13.2.1/../../../../arm-none-eabi/lib/thumb/v7e-m+fp/hard/libc_nano.a(libc_a-lock.o)
 .ARM.attributes
                0x0000076c       0x34 /opt/arm-none-eabi/bin/../lib/gcc/arm-none-eabi/13.2.1/../../../../arm-none-eabi/lib/thumb/v7e-m+fp/hard/libc_nano.a(libc_a-makebuf.o)
 .ARM.attributes
                0x000007a0       0x34 /opt/arm-none-eabi/bin/../lib/gcc/arm-none-eabi/13.2.1/../../../../arm-none-eabi/lib/thumb/v7e-m+fp/hard/libc_nano.a(libc_a-closer.o)
 .ARM.attributes
                0x000007d4       0x34 /opt/arm-none-eabi/bin/../lib/gcc/arm-none-eabi/13.2.1/../../../../arm-none-eabi/lib/thumb/v7e-m+fp/hard/libc_nano.a(libc_a-reent.o)
 .ARM.attributes
                0x00000808       0x34 /opt/arm-none-eabi/bin/../lib/gcc/arm-none-eabi/13.2.1/../../../../arm-none-eabi/lib/thumb/v7e-m+fp/hard/libc_nano.a(libc_a-mallocr.o)
 .ARM.attributes
                0x0000083c       0x34 /opt/arm-none-eabi/bin/../lib/gcc/arm-none-eabi/13.2.1/../../../../arm-none-eabi/lib/thumb/v7e-m+fp/hard/libc_nano.a(libc_a-fstatr.o)
 .ARM.attributes
                0x00000870       0x34 /opt/arm-none-eabi/bin/../lib/gcc/arm-none-eabi/13.2.1/../../../../arm-none-eabi/lib/thumb/v7e-m+fp/hard/libc_nano.a(libc_a-isattyr.o)
 .ARM.attributes
                0x000008a4       0x34 /opt/arm-none-eabi/bin/../lib/gcc/arm-none-eabi/13.2.1/../../../../arm-none-eabi/lib/thumb/v7e-m+fp/hard/libc_nano.a(libc_a-lseekr.o)
 .ARM.attributes
                0x000008d8       0x34 /opt/arm-none-eabi/bin/../lib/gcc/arm-none-eabi/13.2.1/../../../../arm-none-eabi/lib/thumb/v7e-m+fp/hard/libc_nano.a(libc_a-mlock.o)
 .ARM.attributes
                0x0000090c       0x34 /opt/arm-none-eabi/bin/../lib/gcc/arm-none-eabi/13.2.1/../../../../arm-none-eabi/lib/thumb/v7e-m+fp/hard/libc_nano.a(libc_a-sbrkr.o)
 .ARM.attributes
                0x00000940       0x22 /opt/arm-none-eabi/bin/../lib/gcc/arm-none-eabi/13.2.1/thumb/v7e-m+fp/hard/libgcc.a(_arm_addsubdf3.o)
 .ARM.attributes
                0x00000962       0x22 /opt/arm-none-eabi/bin/../lib/gcc/arm-none-eabi/13.2.1/thumb/v7e-m+fp/hard/libgcc.a(_arm_muldivdf3.o)
 .ARM.attributes
                0x00000984       0x22 /opt/arm-none-eabi/bin/../lib/gcc/arm-none-eabi/13.2.1/thumb/v7e-m+fp/hard/libgcc.a(_arm_cmpdf2.o)
 .ARM.attributes
                0x000009a6       0x22 /opt/arm-none-eabi/bin/../lib/gcc/arm-none-eabi/13.2.1/thumb/v7e-m+fp/hard/libgcc.a(_arm_unorddf2.o)
 .ARM.attributes
                0x000009c8       0x22 /opt/arm-none-eabi/bin/../lib/gcc/arm-none-eabi/13.2.1/thumb/v7e-m+fp/hard/libgcc.a(_arm_fixdfsi.o)
 .ARM.attributes
                0x000009ea       0x34 /opt/arm-none-eabi/bin/../lib/gcc/arm-none-eabi/13.2.1/thumb/v7e-m+fp/hard/libgcc.a(_fixdfdi.o)
 .ARM.attributes
                0x00000a1e       0x34 /opt/arm-none-eabi/bin/../lib/gcc/arm-none-eabi/13.2.1/thumb/v7e-m+fp/hard/libgcc.a(_fixunsdfdi.o)
 .ARM.attributes
                0x00000a52       0x22 /opt/arm-none-eabi/bin/../lib/gcc/arm-none-eabi/13.2.1/thumb/v7e-m+fp/hard/libgcc.a(_arm_fixunsdfsi.o)

.debug_frame    0x00000000     0x23a0
 .debug_frame   0x00000000      0x6bc /tmp/ccoGF4rf.o
 .debug_frame   0x000006bc       0x20 /tmp/ccE6PgLf.o
 .debug_frame   0x000006dc      0x2e8 /tmp/ccyom4Q6.o
 .debug_frame   0x000009c4      0x294 /tmp/cchF26KO.o
 .debug_frame   0x00000c58      0x240 /tmp/cciztdWW.o
 .debug_frame   0x00000e98      0x240 /tmp/cckuWWcW.o
 .debug_frame   0x000010d8      0x140 /tmp/cchfZlo2.o
 .debug_frame   0x00001218      0x354 /tmp/ccKOTGWI.o
 .debug_frame   0x0000156c       0x48 /opt/arm-none-eabi/bin/../lib/gcc/arm-none-eabi/13.2.1/../../../../arm-none-eabi/lib/thumb/v7e-m+fp/hard/libm.a(libm_a-w_sqrt.o)
 .debug_frame   0x000015b4       0x20 /opt/arm-none-eabi/bin/../lib/gcc/arm-none-eabi/13.2.1/../../../../arm-none-eabi/lib/thumb/v7e-m+fp/hard/libm.a(libm_a-powl.o)
 .debug_frame   0x000015d4       0x38 /opt/arm-none-eabi/bin/../lib/gcc/arm-none-eabi/13.2.1/../../../../arm-none-eabi/lib/thumb/v7e-m+fp/hard/libm.a(libm_a-e_sqrt.o)
 .debug_frame   0x0000160c       0x44 /opt/arm-none-eabi/bin/../lib/gcc/arm-none-eabi/13.2.1/../../../../arm-none-eabi/lib/thumb/v7e-m+fp/hard/libm.a(libm_a-w_pow.o)
 .debug_frame   0x00001650       0x28 /opt/arm-none-eabi/bin/../lib/gcc/arm-none-eabi/13.2.1/../../../../arm-none-eabi/lib/thumb/v7e-m+fp/hard/libm.a(libm_a-s_finite.o)
 .debug_frame   0x00001678       0x80 /opt/arm-none-eabi/bin/../lib/gcc/arm-none-eabi/13.2.1/../../../../arm-none-eabi/lib/thumb/v7e-m+fp/hard/libm.a(libm_a-e_pow.o)
 .debug_frame   0x000016f8      0x14c /opt/arm-none-eabi/bin/../lib/gcc/arm-none-eabi/13.2.1/../../../../arm-none-eabi/lib/thumb/v7e-m+fp/hard/libm.a(libm_a-math_err.o)
 .debug_frame   0x00001844       0x20 /opt/arm-none-eabi/bin/../lib/gcc/arm-none-eabi/13.2.1/../../../../arm-none-eabi/lib/thumb/v7e-m+fp/hard/libm.a(libm_a-s_fabs.o)
 .debug_frame   0x00001864       0x2c /opt/arm-none-eabi/bin/../lib/gcc/arm-none-eabi/13.2.1/../../../../arm-none-eabi/lib/thumb/v7e-m+fp/hard/libm.a(libm_a-s_scalbn.o)
 .debug_frame   0x00001890       0x6c /opt/arm-none-eabi/bin/../lib/gcc/arm-none-eabi/13.2.1/../../../../arm-none-eabi/lib/thumb/v7e-m+fp/hard/libc_nano.a(libc_a-printf.o)
 .debug_frame   0x000018fc       0xa8 /opt/arm-none-eabi/bin/../lib/gcc/arm-none-eabi/13.2.1/../../../../arm-none-eabi/lib/thumb/v7e-m+fp/hard/libc_nano.a(libc_a-nano-vfprintf.o)
 .debug_frame   0x000019a4       0x40 /opt/arm-none-eabi/bin/../lib/gcc/arm-none-eabi/13.2.1/../../../../arm-none-eabi/lib/thumb/v7e-m+fp/hard/libc_nano.a(libc_a-wbuf.o)
 .debug_frame   0x000019e4       0x2c /opt/arm-none-eabi/bin/../lib/gcc/arm-none-eabi/13.2.1/../../../../arm-none-eabi/lib/thumb/v7e-m+fp/hard/libc_nano.a(libc_a-wsetup.o)
 .debug_frame   0x00001a10       0x60 /opt/arm-none-eabi/bin/../lib/gcc/arm-none-eabi/13.2.1/../../../../arm-none-eabi/lib/thumb/v7e-m+fp/hard/libc_nano.a(libc_a-nano-vfprintf_i.o)
 .debug_frame   0x00001a70       0x3c /opt/arm-none-eabi/bin/../lib/gcc/arm-none-eabi/13.2.1/../../../../arm-none-eabi/lib/thumb/v7e-m+fp/hard/libc_nano.a(libc_a-puts.o)
 .debug_frame   0x00001aac       0x5c /opt/arm-none-eabi/bin/../lib/gcc/arm-none-eabi/13.2.1/../../../../arm-none-eabi/lib/thumb/v7e-m+fp/hard/libc_nano.a(libc_a-fflush.o)
 .debug_frame   0x00001b08       0x28 /opt/arm-none-eabi/bin/../lib/gcc/arm-none-eabi/13.2.1/../../../../arm-none-eabi/lib/thumb/v7e-m+fp/hard/libc_nano.a(libc_a-memcpy-stub.o)
 .debug_frame   0x00001b30      0x144 /opt/arm-none-eabi/bin/../lib/gcc/arm-none-eabi/13.2.1/../../../../arm-none-eabi/lib/thumb/v7e-m+fp/hard/libc_nano.a(libc_a-findfp.o)
 .debug_frame   0x00001c74       0x88 /opt/arm-none-eabi/bin/../lib/gcc/arm-none-eabi/13.2.1/../../../../arm-none-eabi/lib/thumb/v7e-m+fp/hard/libc_nano.a(libc_a-stdio.o)
 .debug_frame   0x00001cfc       0x2c /opt/arm-none-eabi/bin/../lib/gcc/arm-none-eabi/13.2.1/../../../../arm-none-eabi/lib/thumb/v7e-m+fp/hard/libc_nano.a(libc_a-readr.o)
 .debug_frame   0x00001d28       0x78 /opt/arm-none-eabi/bin/../lib/gcc/arm-none-eabi/13.2.1/../../../../arm-none-eabi/lib/thumb/v7e-m+fp/hard/libc_nano.a(libc_a-qsort.o)
 .debug_frame   0x00001da0       0x2c /opt/arm-none-eabi/bin/../lib/gcc/arm-none-eabi/13.2.1/../../../../arm-none-eabi/lib/thumb/v7e-m+fp/hard/libc_nano.a(libc_a-writer.o)
 .debug_frame   0x00001dcc       0x20 /opt/arm-none-eabi/bin/../lib/gcc/arm-none-eabi/13.2.1/../../../../arm-none-eabi/lib/thumb/v7e-m+fp/hard/libc_nano.a(libc_a-errno.o)
 .debug_frame   0x00001dec       0x34 /opt/arm-none-eabi/bin/../lib/gcc/arm-none-eabi/13.2.1/../../../../arm-none-eabi/lib/thumb/v7e-m+fp/hard/libc_nano.a(libc_a-fwalk.o)
 .debug_frame   0x00001e20       0x20 /opt/arm-none-eabi/bin/../lib/gcc/arm-none-eabi/13.2.1/../../../../arm-none-eabi/lib/thumb/v7e-m+fp/hard/libc_nano.a(libc_a-memset.o)
 .debug_frame   0x00001e40       0x38 /opt/arm-none-eabi/bin/../lib/gcc/arm-none-eabi/13.2.1/../../../../arm-none-eabi/lib/thumb/v7e-m+fp/hard/libc_nano.a(libc_a-freer.o)
 .debug_frame   0x00001e78       0xb0 /opt/arm-none-eabi/bin/../lib/gcc/arm-none-eabi/13.2.1/../../../../arm-none-eabi/lib/thumb/v7e-m+fp/hard/libc_nano.a(libc_a-lock.o)
 .debug_frame   0x00001f28       0x58 /opt/arm-none-eabi/bin/../lib/gcc/arm-none-eabi/13.2.1/../../../../arm-none-eabi/lib/thumb/v7e-m+fp/hard/libc_nano.a(libc_a-makebuf.o)
 .debug_frame   0x00001f80       0x2c /opt/arm-none-eabi/bin/../lib/gcc/arm-none-eabi/13.2.1/../../../../arm-none-eabi/lib/thumb/v7e-m+fp/hard/libc_nano.a(libc_a-closer.o)
 .debug_frame   0x00001fac       0x38 /opt/arm-none-eabi/bin/../lib/gcc/arm-none-eabi/13.2.1/../../../../arm-none-eabi/lib/thumb/v7e-m+fp/hard/libc_nano.a(libc_a-reent.o)
 .debug_frame   0x00001fe4       0x50 /opt/arm-none-eabi/bin/../lib/gcc/arm-none-eabi/13.2.1/../../../../arm-none-eabi/lib/thumb/v7e-m+fp/hard/libc_nano.a(libc_a-mallocr.o)
 .debug_frame   0x00002034       0x2c /opt/arm-none-eabi/bin/../lib/gcc/arm-none-eabi/13.2.1/../../../../arm-none-eabi/lib/thumb/v7e-m+fp/hard/libc_nano.a(libc_a-fstatr.o)
 .debug_frame   0x00002060       0x2c /opt/arm-none-eabi/bin/../lib/gcc/arm-none-eabi/13.2.1/../../../../arm-none-eabi/lib/thumb/v7e-m+fp/hard/libc_nano.a(libc_a-isattyr.o)
 .debug_frame   0x0000208c       0x2c /opt/arm-none-eabi/bin/../lib/gcc/arm-none-eabi/13.2.1/../../../../arm-none-eabi/lib/thumb/v7e-m+fp/hard/libc_nano.a(libc_a-lseekr.o)
 .debug_frame   0x000020b8       0x30 /opt/arm-none-eabi/bin/../lib/gcc/arm-none-eabi/13.2.1/../../../../arm-none-eabi/lib/thumb/v7e-m+fp/hard/libc_nano.a(libc_a-mlock.o)
 .debug_frame   0x000020e8       0x2c /opt/arm-none-eabi/bin/../lib/gcc/arm-none-eabi/13.2.1/../../../../arm-none-eabi/lib/thumb/v7e-m+fp/hard/libc_nano.a(libc_a-sbrkr.o)
 .debug_frame   0x00002114       0xac /opt/arm-none-eabi/bin/../lib/gcc/arm-none-eabi/13.2.1/thumb/v7e-m+fp/hard/libgcc.a(_arm_addsubdf3.o)
 .debug_frame   0x000021c0       0x50 /opt/arm-none-eabi/bin/../lib/gcc/arm-none-eabi/13.2.1/thumb/v7e-m+fp/hard/libgcc.a(_arm_muldivdf3.o)
 .debug_frame   0x00002210       0xc4 /opt/arm-none-eabi/bin/../lib/gcc/arm-none-eabi/13.2.1/thumb/v7e-m+fp/hard/libgcc.a(_arm_cmpdf2.o)
 .debug_frame   0x000022d4       0x20 /opt/arm-none-eabi/bin/../lib/gcc/arm-none-eabi/13.2.1/thumb/v7e-m+fp/hard/libgcc.a(_arm_unorddf2.o)
 .debug_frame   0x000022f4       0x24 /opt/arm-none-eabi/bin/../lib/gcc/arm-none-eabi/13.2.1/thumb/v7e-m+fp/hard/libgcc.a(_arm_fixdfsi.o)
 .debug_frame   0x00002318       0x38 /opt/arm-none-eabi/bin/../lib/gcc/arm-none-eabi/13.2.1/thumb/v7e-m+fp/hard/libgcc.a(_fixdfdi.o)
 .debug_frame   0x00002350       0x2c /opt/arm-none-eabi/bin/../lib/gcc/arm-none-eabi/13.2.1/thumb/v7e-m+fp/hard/libgcc.a(_fixunsdfdi.o)
 .debug_frame   0x0000237c       0x24 /opt/arm-none-eabi/bin/../lib/gcc/arm-none-eabi/13.2.1/thumb/v7e-m+fp/hard/libgcc.a(_arm_fixunsdfsi.o)

.debug_line_str
                0x00000000      0x1a1
 .debug_line_str
                0x00000000      0x1a1 /opt/arm-none-eabi/bin/../lib/gcc/arm-none-eabi/13.2.1/../../../../arm-none-eabi/lib/thumb/v7e-m+fp/hard/libc_nano.a(libc_a-memchr.o)
                                 0xda (size before relaxing)
 .debug_line_str
                0x000001a1       0xc7 /opt/arm-none-eabi/bin/../lib/gcc/arm-none-eabi/13.2.1/thumb/v7e-m+fp/hard/libgcc.a(_arm_addsubdf3.o)
 .debug_line_str
                0x000001a1       0xc7 /opt/arm-none-eabi/bin/../lib/gcc/arm-none-eabi/13.2.1/thumb/v7e-m+fp/hard/libgcc.a(_arm_muldivdf3.o)
 .debug_line_str
                0x000001a1       0xc7 /opt/arm-none-eabi/bin/../lib/gcc/arm-none-eabi/13.2.1/thumb/v7e-m+fp/hard/libgcc.a(_arm_cmpdf2.o)
 .debug_line_str
                0x000001a1       0xc7 /opt/arm-none-eabi/bin/../lib/gcc/arm-none-eabi/13.2.1/thumb/v7e-m+fp/hard/libgcc.a(_arm_unorddf2.o)
 .debug_line_str
                0x000001a1       0xc7 /opt/arm-none-eabi/bin/../lib/gcc/arm-none-eabi/13.2.1/thumb/v7e-m+fp/hard/libgcc.a(_arm_fixdfsi.o)
 .debug_line_str
                0x000001a1       0xc7 /opt/arm-none-eabi/bin/../lib/gcc/arm-none-eabi/13.2.1/thumb/v7e-m+fp/hard/libgcc.a(_arm_fixunsdfsi.o)
