Archive member included to satisfy reference by file (symbol)

/opt/arm-none-eabi/bin/../lib/gcc/arm-none-eabi/13.2.1/../../../../arm-none-eabi/lib/thumb/v7e-m+fp/hard/libm.a(libm_a-wf_sqrt.o)
                              /tmp/ccDZamy4.o (sqrtf)
/opt/arm-none-eabi/bin/../lib/gcc/arm-none-eabi/13.2.1/../../../../arm-none-eabi/lib/thumb/v7e-m+fp/hard/libm.a(libm_a-s_trunc.o)
                              /tmp/cc5MAAHR.o (trunc)
/opt/arm-none-eabi/bin/../lib/gcc/arm-none-eabi/13.2.1/../../../../arm-none-eabi/lib/thumb/v7e-m+fp/hard/libm.a(libm_a-w_sqrt.o)
                              /tmp/cchgNq7i.o (sqrt)
/opt/arm-none-eabi/bin/../lib/gcc/arm-none-eabi/13.2.1/../../../../arm-none-eabi/lib/thumb/v7e-m+fp/hard/libm.a(libm_a-powl.o)
                              /tmp/ccDZamy4.o (powl)
/opt/arm-none-eabi/bin/../lib/gcc/arm-none-eabi/13.2.1/../../../../arm-none-eabi/lib/thumb/v7e-m+fp/hard/libm.a(libm_a-e_sqrt.o)
                              /opt/arm-none-eabi/bin/../lib/gcc/arm-none-eabi/13.2.1/../../../../arm-none-eabi/lib/thumb/v7e-m+fp/hard/libm.a(libm_a-w_sqrt.o) (__ieee754_sqrt)
/opt/arm-none-eabi/bin/../lib/gcc/arm-none-eabi/13.2.1/../../../../arm-none-eabi/lib/thumb/v7e-m+fp/hard/libm.a(libm_a-ef_sqrt.o)
                              /opt/arm-none-eabi/bin/../lib/gcc/arm-none-eabi/13.2.1/../../../../arm-none-eabi/lib/thumb/v7e-m+fp/hard/libm.a(libm_a-wf_sqrt.o) (__ieee754_sqrtf)
/opt/arm-none-eabi/bin/../lib/gcc/arm-none-eabi/13.2.1/../../../../arm-none-eabi/lib/thumb/v7e-m+fp/hard/libm.a(libm_a-w_pow.o)
                              /tmp/cchgNq7i.o (pow)
/opt/arm-none-eabi/bin/../lib/gcc/arm-none-eabi/13.2.1/../../../../arm-none-eabi/lib/thumb/v7e-m+fp/hard/libm.a(libm_a-s_finite.o)
                              /opt/arm-none-eabi/bin/../lib/gcc/arm-none-eabi/13.2.1/../../../../arm-none-eabi/lib/thumb/v7e-m+fp/hard/libm.a(libm_a-w_pow.o) (finite)
/opt/arm-none-eabi/bin/../lib/gcc/arm-none-eabi/13.2.1/../../../../arm-none-eabi/lib/thumb/v7e-m+fp/hard/libm.a(libm_a-e_pow.o)
                              /opt/arm-none-eabi/bin/../lib/gcc/arm-none-eabi/13.2.1/../../../../arm-none-eabi/lib/thumb/v7e-m+fp/hard/libm.a(libm_a-w_pow.o) (__ieee754_pow)
/opt/arm-none-eabi/bin/../lib/gcc/arm-none-eabi/13.2.1/../../../../arm-none-eabi/lib/thumb/v7e-m+fp/hard/libm.a(libm_a-math_err.o)
                              /opt/arm-none-eabi/bin/../lib/gcc/arm-none-eabi/13.2.1/../../../../arm-none-eabi/lib/thumb/v7e-m+fp/hard/libm.a(libm_a-e_pow.o) (__math_uflow)
/opt/arm-none-eabi/bin/../lib/gcc/arm-none-eabi/13.2.1/../../../../arm-none-eabi/lib/thumb/v7e-m+fp/hard/libm.a(libm_a-s_fabs.o)
                              /opt/arm-none-eabi/bin/../lib/gcc/arm-none-eabi/13.2.1/../../../../arm-none-eabi/lib/thumb/v7e-m+fp/hard/libm.a(libm_a-e_pow.o) (fabs)
/opt/arm-none-eabi/bin/../lib/gcc/arm-none-eabi/13.2.1/../../../../arm-none-eabi/lib/thumb/v7e-m+fp/hard/libm.a(libm_a-s_scalbn.o)
                              /opt/arm-none-eabi/bin/../lib/gcc/arm-none-eabi/13.2.1/../../../../arm-none-eabi/lib/thumb/v7e-m+fp/hard/libm.a(libm_a-e_pow.o) (scalbn)
/opt/arm-none-eabi/bin/../lib/gcc/arm-none-eabi/13.2.1/../../../../arm-none-eabi/lib/thumb/v7e-m+fp/hard/libc_nano.a(libc_a-printf.o)
                              /tmp/cc5MAAHR.o (printf)
/opt/arm-none-eabi/bin/../lib/gcc/arm-none-eabi/13.2.1/../../../../arm-none-eabi/lib/thumb/v7e-m+fp/hard/libc_nano.a(libc_a-nano-vfprintf.o)
                              /opt/arm-none-eabi/bin/../lib/gcc/arm-none-eabi/13.2.1/../../../../arm-none-eabi/lib/thumb/v7e-m+fp/hard/libc_nano.a(libc_a-printf.o) (_vfprintf_r)
/opt/arm-none-eabi/bin/../lib/gcc/arm-none-eabi/13.2.1/../../../../arm-none-eabi/lib/thumb/v7e-m+fp/hard/libc_nano.a(libc_a-wbuf.o)
                              /opt/arm-none-eabi/bin/../lib/gcc/arm-none-eabi/13.2.1/../../../../arm-none-eabi/lib/thumb/v7e-m+fp/hard/libc_nano.a(libc_a-nano-vfprintf.o) (__swbuf_r)
/opt/arm-none-eabi/bin/../lib/gcc/arm-none-eabi/13.2.1/../../../../arm-none-eabi/lib/thumb/v7e-m+fp/hard/libc_nano.a(libc_a-wsetup.o)
                              /opt/arm-none-eabi/bin/../lib/gcc/arm-none-eabi/13.2.1/../../../../arm-none-eabi/lib/thumb/v7e-m+fp/hard/libc_nano.a(libc_a-nano-vfprintf.o) (__swsetup_r)
/opt/arm-none-eabi/bin/../lib/gcc/arm-none-eabi/13.2.1/../../../../arm-none-eabi/lib/thumb/v7e-m+fp/hard/libc_nano.a(libc_a-putchar.o)
                              /tmp/cc5MAAHR.o (putchar)
/opt/arm-none-eabi/bin/../lib/gcc/arm-none-eabi/13.2.1/../../../../arm-none-eabi/lib/thumb/v7e-m+fp/hard/libc_nano.a(libc_a-nano-vfprintf_i.o)
                              /opt/arm-none-eabi/bin/../lib/gcc/arm-none-eabi/13.2.1/../../../../arm-none-eabi/lib/thumb/v7e-m+fp/hard/libc_nano.a(libc_a-nano-vfprintf.o) (_printf_i)
/opt/arm-none-eabi/bin/../lib/gcc/arm-none-eabi/13.2.1/../../../../arm-none-eabi/lib/thumb/v7e-m+fp/hard/libc_nano.a(libc_a-puts.o)
                              /tmp/cc5MAAHR.o (puts)
[...]
Memory Configuration

Name             Origin             Length             Attributes
flash            0x08000000         0x00200000         xr
sram             0x20000000         0x00030000         xrw
*default*        0x00000000         0xffffffff

Linker script and memory map

LOAD /tmp/cc5MAAHR.o
LOAD /tmp/ccaU5EzE.o
LOAD /tmp/ccwX2Obx.o
LOAD /tmp/ccBI4tXl.o
LOAD /tmp/ccX8jWLX.o
LOAD /tmp/cc0Lt0k4.o
LOAD /tmp/ccUSs15L.o
LOAD /tmp/ccJvcF78.o
LOAD /tmp/cchgNq7i.o
LOAD /tmp/ccDZamy4.o
LOAD /tmp/cctkkw3L.o
LOAD /opt/arm-none-eabi/bin/../lib/gcc/arm-none-eabi/13.2.1/../../../../arm-none-eabi/lib/thumb/v7e-m+fp/hard/libm.a
LOAD /opt/arm-none-eabi/bin/../lib/gcc/arm-none-eabi/13.2.1/../../../../arm-none-eabi/lib/thumb/v7e-m+fp/hard/libc_nano.a
LOAD /opt/arm-none-eabi/bin/../lib/gcc/arm-none-eabi/13.2.1/thumb/v7e-m+fp/hard/libgcc.a
                0x20030000                        _estack = (ORIGIN (sram) + LENGTH (sram))

.vectors        0x08000000      0x1bc
 *(.vectors)
 .vectors       0x08000000      0x1bc /tmp/ccaU5EzE.o
                0x08000000                tab

.text           0x080001c0     0x70a4
 *(.text*)
 .text.get_time_us
                0x080001c0       0x14 /tmp/cc5MAAHR.o
 .text.delay_microseconds
                0x080001d4       0x2a /tmp/cc5MAAHR.o
 *fill*         0x080001fe        0x2 
 .text.gpio_set_mode
                0x08000200       0x78 /tmp/cc5MAAHR.o
 .text.gpio_write
                0x08000278       0x4c /tmp/cc5MAAHR.o
 .text.gpio_read
                0x080002c4       0x40 /tmp/cc5MAAHR.o
 .text.get_bit  0x08000304       0x40 /tmp/cc5MAAHR.o
 .text.zip      0x08000344      0x694 /tmp/cc5MAAHR.o
 .text.unzip    0x080009d8      0x794 /tmp/cc5MAAHR.o
 .text._memset  0x0800116c       0x3a /tmp/cc5MAAHR.o
 *fill*         0x080011a6        0x2 
 .text.wait_for_ready_flag
                0x080011a8       0x54 /tmp/cc5MAAHR.o
 .text.set_pin_modes
                0x080011fc       0xb4 /tmp/cc5MAAHR.o
 .text.set_control_pins
                0x080012b0       0xbc /tmp/cc5MAAHR.o
 .text.set_data_pins
                0x0800136c      0x108 /tmp/cc5MAAHR.o
 .text.send_byte_to_flash
                0x08001474       0x36 /tmp/cc5MAAHR.o
 .text.send_addr_to_flash
                0x080014aa       0xb0 /tmp/cc5MAAHR.o
 *fill*         0x0800155a        0x2 
 .text.write_frame
                0x0800155c       0x78 /tmp/cc5MAAHR.o
 .text.calculate_CRC
                0x080015d4       0x88 /tmp/cc5MAAHR.o
 .text.encode_parity
                0x0800165c       0x5e /tmp/cc5MAAHR.o
 *fill*         0x080016ba        0x2 
 .text.log_frame
                0x080016bc       0x90 /tmp/cc5MAAHR.o
 .text.SysTick_Handler
                0x0800174c       0x1c /tmp/cc5MAAHR.o
                0x0800174c                SysTick_Handler
 .text.get_frame_array
                0x08001768      0x118 /tmp/cc5MAAHR.o
                0x08001768                get_frame_array
 .text.update_sensors
                0x08001880       0x7c /tmp/cc5MAAHR.o
                0x08001880                update_sensors
 *fill*         0x080018fc        0x4 
 .text.main     0x08001900      0x96c /tmp/cc5MAAHR.o
                0x08001900                main
 .text._reset   0x0800226c       0x44 /tmp/ccaU5EzE.o
                0x0800226c                _reset
 .text.spin     0x080022b0       0x24 /tmp/ccwX2Obx.o
 .text.uart_write_byte
                0x080022d4       0x32 /tmp/ccwX2Obx.o
 .text.uart_write_buf
                0x08002306       0x32 /tmp/ccwX2Obx.o
 .text._fstat   0x08002338       0x2c /tmp/ccwX2Obx.o
                0x08002338                _fstat
 .text._sbrk    0x08002364       0x40 /tmp/ccwX2Obx.o
                0x08002364                _sbrk
 .text._close   0x080023a4       0x18 /tmp/ccwX2Obx.o
                0x080023a4                _close
 .text._isatty  0x080023bc       0x16 /tmp/ccwX2Obx.o
                0x080023bc                _isatty
 .text._lseek   0x080023d2       0x1a /tmp/ccwX2Obx.o
                0x080023d2                _lseek
 .text._read    0x080023ec       0x1c /tmp/ccwX2Obx.o
                0x080023ec                _read
 .text._write   0x08002408       0x40 /tmp/ccwX2Obx.o
                0x08002408                _write
 .text.delay_ms
                0x08002448       0x30 /tmp/ccBI4tXl.o
 .text.systick_init
                0x08002478       0x58 /tmp/ccBI4tXl.o
 .text.gpio_set_mode
                0x080024d0       0x78 /tmp/ccBI4tXl.o
 .text.gpio_set_af
                0x08002548       0x82 /tmp/ccBI4tXl.o
 .text.gpio_write
                0x080025ca       0x4c /tmp/ccBI4tXl.o
 *fill*         0x08002616        0x2 
 .text.uart_init
                0x08002618      0x12c /tmp/ccBI4tXl.o
 .text.multiplexer_init
                0x08002744       0x30 /tmp/ccBI4tXl.o
 .text.spi_init
                0x08002774      0x1a0 /tmp/ccBI4tXl.o
 .text.pwr_vdd2_init
                0x08002914       0x30 /tmp/ccBI4tXl.o
 .text.STM32_init
                0x08002944       0x3c /tmp/ccBI4tXl.o
                0x08002944                STM32_init
 .text.STM32_init_clock
                0x08002980       0xc4 /tmp/ccBI4tXl.o
                0x08002980                STM32_init_clock
 .text.init_delay_timer
                0x08002a44       0x50 /tmp/ccBI4tXl.o
                0x08002a44                init_delay_timer
 .text.STM32_init_internals
                0x08002a94       0x48 /tmp/ccBI4tXl.o
                0x08002a94                STM32_init_internals
 .text.STM32_init_peripherals
                0x08002adc       0x20 /tmp/ccBI4tXl.o
                0x08002adc                STM32_init_peripherals
 .text.STM32_beep_buzzer
                0x08002afc       0x4c /tmp/ccBI4tXl.o
                0x08002afc                STM32_beep_buzzer
 .text.STM32_indicate_on
                0x08002b48       0x56 /tmp/ccBI4tXl.o
                0x08002b48                STM32_indicate_on
 .text.get_time_us
                0x08002b9e       0x14 /tmp/ccX8jWLX.o
 .text.delay_microseconds
                0x08002bb2       0x2a /tmp/ccX8jWLX.o
 .text.gpio_write
                0x08002bdc       0x4c /tmp/ccX8jWLX.o
 .text.set_cs   0x08002c28       0xe0 /tmp/ccX8jWLX.o
 .text.unset_cs
                0x08002d08       0x30 /tmp/ccX8jWLX.o
 .text.spi_ready_read
                0x08002d38       0x32 /tmp/ccX8jWLX.o
 .text.spi_ready_write
                0x08002d6a       0x24 /tmp/ccX8jWLX.o
 .text.spi_enable_cs
                0x08002d8e       0x1e /tmp/ccX8jWLX.o
 .text.spi_disable_cs
                0x08002dac       0x1c /tmp/ccX8jWLX.o
 .text.spi_transmit
                0x08002dc8       0x36 /tmp/ccX8jWLX.o
 .text.spi_transmit_receive
                0x08002dfe       0xa6 /tmp/ccX8jWLX.o
 .text.MS5611_init
                0x08002ea4       0x5c /tmp/ccX8jWLX.o
                0x08002ea4                MS5611_init
 .text.MS5611_read_PROM
                0x08002f00       0x78 /tmp/ccX8jWLX.o
                0x08002f00                MS5611_read_PROM
 .text.MS5611_get_data
                0x08002f78      0x248 /tmp/ccX8jWLX.o
                0x08002f78                MS5611_get_data
 .text.delay_ms
                0x080031c0       0x30 /tmp/ccUSs15L.o
 .text.gpio_write
                0x080031f0       0x4c /tmp/ccUSs15L.o
 .text.set_cs   0x0800323c       0xe0 /tmp/ccUSs15L.o
 .text.unset_cs
                0x0800331c       0x30 /tmp/ccUSs15L.o
 .text.spi_ready_read
                0x0800334c       0x32 /tmp/ccUSs15L.o
 .text.spi_ready_write
                0x0800337e       0x24 /tmp/ccUSs15L.o
 .text.spi_enable_cs
                0x080033a2       0x1e /tmp/ccUSs15L.o
 .text.spi_disable_cs
                0x080033c0       0x1c /tmp/ccUSs15L.o
 .text.spi_transmit
                0x080033dc       0x36 /tmp/ccUSs15L.o
 .text.spi_transmit_receive
                0x08003412       0xa6 /tmp/ccUSs15L.o
 .text.ADXL375_init
                0x080034b8       0xa4 /tmp/ccUSs15L.o
                0x080034b8                ADXL375_init
 .text.ADXL375_get_data
                0x0800355c       0xe8 /tmp/ccUSs15L.o
                0x0800355c                ADXL375_get_data
 .text.ADXL375_reg_write
                0x08003644       0x54 /tmp/ccUSs15L.o
                0x08003644                ADXL375_reg_write
 .text.ADXL375_reg_read
                0x08003698       0x78 /tmp/ccUSs15L.o
                0x08003698                ADXL375_reg_read
 .text.init_buffer
                0x08003710       0x3e /tmp/cchgNq7i.o
                0x08003710                init_buffer
 .text.cmpfunc  0x0800374e       0x20 /tmp/cchgNq7i.o
                0x0800374e                cmpfunc
 *fill*         0x0800376e        0x2 
 .text.get_median
                0x08003770       0x6c /tmp/cchgNq7i.o
                0x08003770                get_median
 .text.set_ground_reference
                0x080037dc       0x58 /tmp/cchgNq7i.o
                0x080037dc                set_ground_reference
 .text.update_buffer
                0x08003834      0x104 /tmp/cchgNq7i.o
                0x08003834                update_buffer
 .text.get_time_us
                0x08003938       0x14 /tmp/ccDZamy4.o
 .text.delay_microseconds
                0x0800394c       0x2a /tmp/ccDZamy4.o
 *fill*         0x08003976        0x2 
 .text.delay_ms
                0x08003978       0x30 /tmp/ccDZamy4.o
 .text.gpio_write
                0x080039a8       0x4c /tmp/ccDZamy4.o
 .text.set_cs   0x080039f4       0xe0 /tmp/ccDZamy4.o
 .text.unset_cs
                0x08003ad4       0x30 /tmp/ccDZamy4.o
 .text.spi_ready_read
                0x08003b04       0x32 /tmp/ccDZamy4.o
 .text.spi_ready_write
                0x08003b36       0x24 /tmp/ccDZamy4.o
 .text.spi_enable_cs
                0x08003b5a       0x1e /tmp/ccDZamy4.o
 .text.spi_disable_cs
                0x08003b78       0x1c /tmp/ccDZamy4.o
 .text.spi_transmit
                0x08003b94       0x36 /tmp/ccDZamy4.o
 .text.spi_transmit_receive
                0x08003bca       0xa6 /tmp/ccDZamy4.o
 .text.LSM6DS3_init
                0x08003c70       0xa8 /tmp/ccDZamy4.o
                0x08003c70                LSM6DS3_init
 .text.LSM6DS3_write_register
                0x08003d18       0x74 /tmp/ccDZamy4.o
                0x08003d18                LSM6DS3_write_register
 .text.LSM6DS3_write_register_bits
                0x08003d8c       0x94 /tmp/ccDZamy4.o
                0x08003d8c                LSM6DS3_write_register_bits
 .text.LSM6DS3_config
                0x08003e20       0x7e /tmp/ccDZamy4.o
                0x08003e20                LSM6DS3_config
 *fill*         0x08003e9e        0x2 
 .text.LSM6DS3_acc_read
                0x08003ea0       0xfc /tmp/ccDZamy4.o
                0x08003ea0                LSM6DS3_acc_read
 .text.LSM6DS3_gyro_read
                0x08003f9c       0xe2 /tmp/ccDZamy4.o
                0x08003f9c                LSM6DS3_gyro_read
 *fill*         0x0800407e        0x2 
 .text.LSM6DS3_gyro_offsets
                0x08004080      0x228 /tmp/ccDZamy4.o
                0x08004080                LSM6DS3_gyro_offsets
 .text.LSM6DS3_gyro_standard_dev
                0x080042a8      0x240 /tmp/ccDZamy4.o
                0x080042a8                LSM6DS3_gyro_standard_dev
 .text.sqrt     0x080044e8       0x68 /opt/arm-none-eabi/bin/../lib/gcc/arm-none-eabi/13.2.1/../../../../arm-none-eabi/lib/thumb/v7e-m+fp/hard/libm.a(libm_a-w_sqrt.o)
                0x080044e8                sqrt
 .text.powl     0x08004550        0x4 /opt/arm-none-eabi/bin/../lib/gcc/arm-none-eabi/13.2.1/../../../../arm-none-eabi/lib/thumb/v7e-m+fp/hard/libm.a(libm_a-powl.o)
                0x08004550                powl
 .text.__ieee754_sqrt
                0x08004554      0x1f4 /opt/arm-none-eabi/bin/../lib/gcc/arm-none-eabi/13.2.1/../../../../arm-none-eabi/lib/thumb/v7e-m+fp/hard/libm.a(libm_a-e_sqrt.o)
                0x08004554                __ieee754_sqrt
 .text.pow      0x08004748       0xf0 /opt/arm-none-eabi/bin/../lib/gcc/arm-none-eabi/13.2.1/../../../../arm-none-eabi/lib/thumb/v7e-m+fp/hard/libm.a(libm_a-w_pow.o)
                0x08004748                pow
 .text.finite   0x08004838       0x18 /opt/arm-none-eabi/bin/../lib/gcc/arm-none-eabi/13.2.1/../../../../arm-none-eabi/lib/thumb/v7e-m+fp/hard/libm.a(libm_a-s_finite.o)
                0x08004838                finite
 .text.__ieee754_pow
                0x08004850      0xc14 /opt/arm-none-eabi/bin/../lib/gcc/arm-none-eabi/13.2.1/../../../../arm-none-eabi/lib/thumb/v7e-m+fp/hard/libm.a(libm_a-e_pow.o)
                0x08004850                __ieee754_pow
 .text.with_errno
                0x08005464       0x24 /opt/arm-none-eabi/bin/../lib/gcc/arm-none-eabi/13.2.1/../../../../arm-none-eabi/lib/thumb/v7e-m+fp/hard/libm.a(libm_a-math_err.o)
 .text.xflow    0x08005488       0x34 /opt/arm-none-eabi/bin/../lib/gcc/arm-none-eabi/13.2.1/../../../../arm-none-eabi/lib/thumb/v7e-m+fp/hard/libm.a(libm_a-math_err.o)
 *fill*         0x080054bc        0x4 
 .text.__math_uflow
                0x080054c0       0x10 /opt/arm-none-eabi/bin/../lib/gcc/arm-none-eabi/13.2.1/../../../../arm-none-eabi/lib/thumb/v7e-m+fp/hard/libm.a(libm_a-math_err.o)
                0x080054c0                __math_uflow
 .text.__math_oflow
                0x080054d0       0x10 /opt/arm-none-eabi/bin/../lib/gcc/arm-none-eabi/13.2.1/../../../../arm-none-eabi/lib/thumb/v7e-m+fp/hard/libm.a(libm_a-math_err.o)
                0x080054d0                __math_oflow
 .text.fabs     0x080054e0       0x10 /opt/arm-none-eabi/bin/../lib/gcc/arm-none-eabi/13.2.1/../../../../arm-none-eabi/lib/thumb/v7e-m+fp/hard/libm.a(libm_a-s_fabs.o)
                0x080054e0                fabs
 .text.scalbn   0x080054f0      0x114 /opt/arm-none-eabi/bin/../lib/gcc/arm-none-eabi/13.2.1/../../../../arm-none-eabi/lib/thumb/v7e-m+fp/hard/libm.a(libm_a-s_scalbn.o)
                0x080054f0                scalbn
 .text.printf   0x08005604       0x24 /opt/arm-none-eabi/bin/../lib/gcc/arm-none-eabi/13.2.1/../../../../arm-none-eabi/lib/thumb/v7e-m+fp/hard/libc_nano.a(libc_a-printf.o)
                0x08005604                printf
                0x08005604                iprintf
 .text.__sfputc_r
                0x08005628       0x2e /opt/arm-none-eabi/bin/../lib/gcc/arm-none-eabi/13.2.1/../../../../arm-none-eabi/lib/thumb/v7e-m+fp/hard/libc_nano.a(libc_a-nano-vfprintf.o)
 .text.__sfputs_r
                0x08005656       0x24 /opt/arm-none-eabi/bin/../lib/gcc/arm-none-eabi/13.2.1/../../../../arm-none-eabi/lib/thumb/v7e-m+fp/hard/libc_nano.a(libc_a-nano-vfprintf.o)
                0x08005656                __sfputs_r
 *fill*         0x0800567a        0x2 
 .text._vfprintf_r
                0x0800567c      0x230 /opt/arm-none-eabi/bin/../lib/gcc/arm-none-eabi/13.2.1/../../../../arm-none-eabi/lib/thumb/v7e-m+fp/hard/libc_nano.a(libc_a-nano-vfprintf.o)
                0x0800567c                _vfiprintf_r
                0x0800567c                _vfprintf_r
 .text.__swbuf_r
                0x080058ac       0x7c /opt/arm-none-eabi/bin/../lib/gcc/arm-none-eabi/13.2.1/../../../../arm-none-eabi/lib/thumb/v7e-m+fp/hard/libc_nano.a(libc_a-wbuf.o)
                0x080058ac                __swbuf_r
 .text.__swsetup_r
                0x08005928       0xac /opt/arm-none-eabi/bin/../lib/gcc/arm-none-eabi/13.2.1/../../../../arm-none-eabi/lib/thumb/v7e-m+fp/hard/libc_nano.a(libc_a-wsetup.o)
                0x08005928                __swsetup_r
 .text._printf_common
                0x080059d4       0xda /opt/arm-none-eabi/bin/../lib/gcc/arm-none-eabi/13.2.1/../../../../arm-none-eabi/lib/thumb/v7e-m+fp/hard/libc_nano.a(libc_a-nano-vfprintf_i.o)
                0x080059d4                _printf_common
 *fill*         0x08005aae        0x2 
 .text._printf_i
                0x08005ab0      0x23c /opt/arm-none-eabi/bin/../lib/gcc/arm-none-eabi/13.2.1/../../../../arm-none-eabi/lib/thumb/v7e-m+fp/hard/libc_nano.a(libc_a-nano-vfprintf_i.o)
                0x08005ab0                _printf_i
 .text._puts_r  0x08005cec       0xaa /opt/arm-none-eabi/bin/../lib/gcc/arm-none-eabi/13.2.1/../../../../arm-none-eabi/lib/thumb/v7e-m+fp/hard/libc_nano.a(libc_a-puts.o)
                0x08005cec                _puts_r
 *fill*         0x08005d96        0x2 
 .text.puts     0x08005d98       0x10 /opt/arm-none-eabi/bin/../lib/gcc/arm-none-eabi/13.2.1/../../../../arm-none-eabi/lib/thumb/v7e-m+fp/hard/libc_nano.a(libc_a-puts.o)
                0x08005d98                puts
 .text.__sflush_r
                0x08005da8      0x108 /opt/arm-none-eabi/bin/../lib/gcc/arm-none-eabi/13.2.1/../../../../arm-none-eabi/lib/thumb/v7e-m+fp/hard/libc_nano.a(libc_a-fflush.o)
                0x08005da8                __sflush_r
 .text._fflush_r
                0x08005eb0       0x50 /opt/arm-none-eabi/bin/../lib/gcc/arm-none-eabi/13.2.1/../../../../arm-none-eabi/lib/thumb/v7e-m+fp/hard/libc_nano.a(libc_a-fflush.o)
                0x08005eb0                _fflush_r
 .text          0x08005f00       0xa0 /opt/arm-none-eabi/bin/../lib/gcc/arm-none-eabi/13.2.1/../../../../arm-none-eabi/lib/thumb/v7e-m+fp/hard/libc_nano.a(libc_a-memchr.o)
                0x08005f00                memchr
 .text.memcpy   0x08005fa0       0x1c /opt/arm-none-eabi/bin/../lib/gcc/arm-none-eabi/13.2.1/../../../../arm-none-eabi/lib/thumb/v7e-m+fp/hard/libc_nano.a(libc_a-memcpy-stub.o)
                0x08005fa0                memcpy
 .text.std      0x08005fbc       0x6c /opt/arm-none-eabi/bin/../lib/gcc/arm-none-eabi/13.2.1/../../../../arm-none-eabi/lib/thumb/v7e-m+fp/hard/libc_nano.a(libc_a-findfp.o)
 .text.stdio_exit_handler
                0x08006028       0x18 /opt/arm-none-eabi/bin/../lib/gcc/arm-none-eabi/13.2.1/../../../../arm-none-eabi/lib/thumb/v7e-m+fp/hard/libc_nano.a(libc_a-findfp.o)
 .text.cleanup_stdio
                0x08006040       0x40 /opt/arm-none-eabi/bin/../lib/gcc/arm-none-eabi/13.2.1/../../../../arm-none-eabi/lib/thumb/v7e-m+fp/hard/libc_nano.a(libc_a-findfp.o)
 .text.global_stdio_init.part.0
                0x08006080       0x3c /opt/arm-none-eabi/bin/../lib/gcc/arm-none-eabi/13.2.1/../../../../arm-none-eabi/lib/thumb/v7e-m+fp/hard/libc_nano.a(libc_a-findfp.o)
 .text.__sfp_lock_acquire
                0x080060bc        0xc /opt/arm-none-eabi/bin/../lib/gcc/arm-none-eabi/13.2.1/../../../../arm-none-eabi/lib/thumb/v7e-m+fp/hard/libc_nano.a(libc_a-findfp.o)
                0x080060bc                __sfp_lock_acquire
 .text.__sfp_lock_release
                0x080060c8        0xc /opt/arm-none-eabi/bin/../lib/gcc/arm-none-eabi/13.2.1/../../../../arm-none-eabi/lib/thumb/v7e-m+fp/hard/libc_nano.a(libc_a-findfp.o)
                0x080060c8                __sfp_lock_release
 .text.__sinit  0x080060d4       0x30 /opt/arm-none-eabi/bin/../lib/gcc/arm-none-eabi/13.2.1/../../../../arm-none-eabi/lib/thumb/v7e-m+fp/hard/libc_nano.a(libc_a-findfp.o)
                0x080060d4                __sinit
 .text.__sread  0x08006104       0x22 /opt/arm-none-eabi/bin/../lib/gcc/arm-none-eabi/13.2.1/../../../../arm-none-eabi/lib/thumb/v7e-m+fp/hard/libc_nano.a(libc_a-stdio.o)
                0x08006104                __sread
 .text.__swrite
                0x08006126       0x38 /opt/arm-none-eabi/bin/../lib/gcc/arm-none-eabi/13.2.1/../../../../arm-none-eabi/lib/thumb/v7e-m+fp/hard/libc_nano.a(libc_a-stdio.o)
                0x08006126                __swrite
 .text.__sseek  0x0800615e       0x24 /opt/arm-none-eabi/bin/../lib/gcc/arm-none-eabi/13.2.1/../../../../arm-none-eabi/lib/thumb/v7e-m+fp/hard/libc_nano.a(libc_a-stdio.o)
                0x0800615e                __sseek
 .text.__sclose
                0x08006182        0x8 /opt/arm-none-eabi/bin/../lib/gcc/arm-none-eabi/13.2.1/../../../../arm-none-eabi/lib/thumb/v7e-m+fp/hard/libc_nano.a(libc_a-stdio.o)
                0x08006182                __sclose
 *fill*         0x0800618a        0x2 
 .text._read_r  0x0800618c       0x24 /opt/arm-none-eabi/bin/../lib/gcc/arm-none-eabi/13.2.1/../../../../arm-none-eabi/lib/thumb/v7e-m+fp/hard/libc_nano.a(libc_a-readr.o)
                0x0800618c                _read_r
 .text.swapfunc
                0x080061b0       0x32 /opt/arm-none-eabi/bin/../lib/gcc/arm-none-eabi/13.2.1/../../../../arm-none-eabi/lib/thumb/v7e-m+fp/hard/libc_nano.a(libc_a-qsort.o)
 .text.med3.constprop.0
                0x080061e2       0x40 /opt/arm-none-eabi/bin/../lib/gcc/arm-none-eabi/13.2.1/../../../../arm-none-eabi/lib/thumb/v7e-m+fp/hard/libc_nano.a(libc_a-qsort.o)
 .text.qsort    0x08006222      0x28e /opt/arm-none-eabi/bin/../lib/gcc/arm-none-eabi/13.2.1/../../../../arm-none-eabi/lib/thumb/v7e-m+fp/hard/libc_nano.a(libc_a-qsort.o)
                0x08006222                qsort
 .text._write_r
                0x080064b0       0x24 /opt/arm-none-eabi/bin/../lib/gcc/arm-none-eabi/13.2.1/../../../../arm-none-eabi/lib/thumb/v7e-m+fp/hard/libc_nano.a(libc_a-writer.o)
                0x080064b0                _write_r
 .text.__errno  0x080064d4        0xc /opt/arm-none-eabi/bin/../lib/gcc/arm-none-eabi/13.2.1/../../../../arm-none-eabi/lib/thumb/v7e-m+fp/hard/libc_nano.a(libc_a-errno.o)
                0x080064d4                __errno
 .text._fwalk_sglue
                0x080064e0       0x3c /opt/arm-none-eabi/bin/../lib/gcc/arm-none-eabi/13.2.1/../../../../arm-none-eabi/lib/thumb/v7e-m+fp/hard/libc_nano.a(libc_a-fwalk.o)
                0x080064e0                _fwalk_sglue
 .text.memset   0x0800651c       0x10 /opt/arm-none-eabi/bin/../lib/gcc/arm-none-eabi/13.2.1/../../../../arm-none-eabi/lib/thumb/v7e-m+fp/hard/libc_nano.a(libc_a-memset.o)
                0x0800651c                memset
 .text._free_r  0x0800652c       0x94 /opt/arm-none-eabi/bin/../lib/gcc/arm-none-eabi/13.2.1/../../../../arm-none-eabi/lib/thumb/v7e-m+fp/hard/libc_nano.a(libc_a-freer.o)
                0x0800652c                _free_r
 .text.__retarget_lock_init_recursive
                0x080065c0        0x2 /opt/arm-none-eabi/bin/../lib/gcc/arm-none-eabi/13.2.1/../../../../arm-none-eabi/lib/thumb/v7e-m+fp/hard/libc_nano.a(libc_a-lock.o)
                0x080065c0                __retarget_lock_init_recursive
 .text.__retarget_lock_acquire_recursive
                0x080065c2        0x2 /opt/arm-none-eabi/bin/../lib/gcc/arm-none-eabi/13.2.1/../../../../arm-none-eabi/lib/thumb/v7e-m+fp/hard/libc_nano.a(libc_a-lock.o)
                0x080065c2                __retarget_lock_acquire_recursive
 .text.__retarget_lock_release_recursive
                0x080065c4        0x2 /opt/arm-none-eabi/bin/../lib/gcc/arm-none-eabi/13.2.1/../../../../arm-none-eabi/lib/thumb/v7e-m+fp/hard/libc_nano.a(libc_a-lock.o)
                0x080065c4                __retarget_lock_release_recursive
 .text.__swhatbuf_r
                0x080065c6       0x4c /opt/arm-none-eabi/bin/../lib/gcc/arm-none-eabi/13.2.1/../../../../arm-none-eabi/lib/thumb/v7e-m+fp/hard/libc_nano.a(libc_a-makebuf.o)
                0x080065c6                __swhatbuf_r
 .text.__smakebuf_r
                0x08006612       0x78 /opt/arm-none-eabi/bin/../lib/gcc/arm-none-eabi/13.2.1/../../../../arm-none-eabi/lib/thumb/v7e-m+fp/hard/libc_nano.a(libc_a-makebuf.o)
                0x08006612                __smakebuf_r
 *fill*         0x0800668a        0x2 
 .text._close_r
                0x0800668c       0x20 /opt/arm-none-eabi/bin/../lib/gcc/arm-none-eabi/13.2.1/../../../../arm-none-eabi/lib/thumb/v7e-m+fp/hard/libc_nano.a(libc_a-closer.o)
                0x0800668c                _close_r
 .text.sbrk_aligned
                0x080066ac       0x44 /opt/arm-none-eabi/bin/../lib/gcc/arm-none-eabi/13.2.1/../../../../arm-none-eabi/lib/thumb/v7e-m+fp/hard/libc_nano.a(libc_a-mallocr.o)
 .text._malloc_r
                0x080066f0      0x100 /opt/arm-none-eabi/bin/../lib/gcc/arm-none-eabi/13.2.1/../../../../arm-none-eabi/lib/thumb/v7e-m+fp/hard/libc_nano.a(libc_a-mallocr.o)
                0x080066f0                _malloc_r
 .text._fstat_r
                0x080067f0       0x24 /opt/arm-none-eabi/bin/../lib/gcc/arm-none-eabi/13.2.1/../../../../arm-none-eabi/lib/thumb/v7e-m+fp/hard/libc_nano.a(libc_a-fstatr.o)
                0x080067f0                _fstat_r
 .text._isatty_r
                0x08006814       0x20 /opt/arm-none-eabi/bin/../lib/gcc/arm-none-eabi/13.2.1/../../../../arm-none-eabi/lib/thumb/v7e-m+fp/hard/libc_nano.a(libc_a-isattyr.o)
                0x08006814                _isatty_r
 .text._lseek_r
                0x08006834       0x24 /opt/arm-none-eabi/bin/../lib/gcc/arm-none-eabi/13.2.1/../../../../arm-none-eabi/lib/thumb/v7e-m+fp/hard/libc_nano.a(libc_a-lseekr.o)
                0x08006834                _lseek_r
 .text.__malloc_lock
                0x08006858        0xc /opt/arm-none-eabi/bin/../lib/gcc/arm-none-eabi/13.2.1/../../../../arm-none-eabi/lib/thumb/v7e-m+fp/hard/libc_nano.a(libc_a-mlock.o)
                0x08006858                __malloc_lock
 .text.__malloc_unlock
                0x08006864        0xc /opt/arm-none-eabi/bin/../lib/gcc/arm-none-eabi/13.2.1/../../../../arm-none-eabi/lib/thumb/v7e-m+fp/hard/libc_nano.a(libc_a-mlock.o)
                0x08006864                __malloc_unlock
 .text._sbrk_r  0x08006870       0x20 /opt/arm-none-eabi/bin/../lib/gcc/arm-none-eabi/13.2.1/../../../../arm-none-eabi/lib/thumb/v7e-m+fp/hard/libc_nano.a(libc_a-sbrkr.o)
                0x08006870                _sbrk_r
 .text          0x08006890      0x378 /opt/arm-none-eabi/bin/../lib/gcc/arm-none-eabi/13.2.1/thumb/v7e-m+fp/hard/libgcc.a(_arm_addsubdf3.o)
                0x08006890                __aeabi_drsub
                0x08006898                __aeabi_dsub
                0x08006898                __subdf3
                0x0800689c                __adddf3
                0x0800689c                __aeabi_dadd
                0x08006b14                __aeabi_ui2d
                0x08006b14                __floatunsidf
                0x08006b34                __floatsidf
                0x08006b34                __aeabi_i2d
                0x08006b58                __extendsfdf2
                0x08006b58                __aeabi_f2d
                0x08006b9c                __aeabi_ul2d
                0x08006b9c                __floatundidf
                0x08006bac                __floatdidf
                0x08006bac                __aeabi_l2d
 .text          0x08006c08      0x424 /opt/arm-none-eabi/bin/../lib/gcc/arm-none-eabi/13.2.1/thumb/v7e-m+fp/hard/libgcc.a(_arm_muldivdf3.o)
                0x08006c08                __aeabi_dmul
                0x08006c08                __muldf3
                0x08006e5c                __aeabi_ddiv
                0x08006e5c                __divdf3
 .text          0x0800702c      0x110 /opt/arm-none-eabi/bin/../lib/gcc/arm-none-eabi/13.2.1/thumb/v7e-m+fp/hard/libgcc.a(_arm_cmpdf2.o)
                0x0800702c                __gtdf2
                0x0800702c                __gedf2
                0x08007034                __ltdf2
                0x08007034                __ledf2
                0x0800703c                __cmpdf2
                0x0800703c                __eqdf2
                0x0800703c                __nedf2
                0x080070b8                __aeabi_cdrcmple
                0x080070c8                __aeabi_cdcmple
                0x080070c8                __aeabi_cdcmpeq
                0x080070d8                __aeabi_dcmpeq
                0x080070ec                __aeabi_dcmplt
                0x08007100                __aeabi_dcmple
                0x08007114                __aeabi_dcmpge
                0x08007128                __aeabi_dcmpgt
 .text          0x0800713c       0x2c /opt/arm-none-eabi/bin/../lib/gcc/arm-none-eabi/13.2.1/thumb/v7e-m+fp/hard/libgcc.a(_arm_unorddf2.o)
                0x0800713c                __aeabi_dcmpun
                0x0800713c                __unorddf2
 .text          0x08007168       0x50 /opt/arm-none-eabi/bin/../lib/gcc/arm-none-eabi/13.2.1/thumb/v7e-m+fp/hard/libgcc.a(_arm_fixdfsi.o)
                0x08007168                __fixdfsi
                0x08007168                __aeabi_d2iz
 .text.__fixdfdi
                0x080071b8       0x30 /opt/arm-none-eabi/bin/../lib/gcc/arm-none-eabi/13.2.1/thumb/v7e-m+fp/hard/libgcc.a(_fixdfdi.o)
                0x080071b8                __aeabi_d2lz
                0x080071b8                __fixdfdi
 .text.__fixunsdfdi
                0x080071e8       0x3c /opt/arm-none-eabi/bin/../lib/gcc/arm-none-eabi/13.2.1/thumb/v7e-m+fp/hard/libgcc.a(_fixunsdfdi.o)
                0x080071e8                __aeabi_d2ulz
                0x080071e8                __fixunsdfdi
 .text          0x08007224       0x40 /opt/arm-none-eabi/bin/../lib/gcc/arm-none-eabi/13.2.1/thumb/v7e-m+fp/hard/libgcc.a(_arm_fixunsdfsi.o)
                0x08007224                __fixunsdfsi
                0x08007224                __aeabi_d2uiz

.glue_7         0x08007264        0x0
 .glue_7        0x08007264        0x0 linker stubs

.glue_7t        0x08007264        0x0
 .glue_7t       0x08007264        0x0 linker stubs

.vfp11_veneer   0x08007264        0x0
 .vfp11_veneer  0x08007264        0x0 linker stubs

.v4_bx          0x08007264        0x0
 .v4_bx         0x08007264        0x0 linker stubs

.iplt           0x08007264        0x0
 .iplt          0x08007264        0x0 /tmp/cc5MAAHR.o

.rodata         0x08007268      0x5b3
 *(.rodata*)
 .rodata        0x08007268      0x4a4 /tmp/cc5MAAHR.o
 .rodata        0x0800770c       0x46 /tmp/ccUSs15L.o
 *fill*         0x08007752        0x2 
 .rodata        0x08007754       0x7e /tmp/ccDZamy4.o
 *fill*         0x080077d2        0x6 
 .rodata.tiny   0x080077d8        0x8 /opt/arm-none-eabi/bin/../lib/gcc/arm-none-eabi/13.2.1/../../../../arm-none-eabi/lib/thumb/v7e-m+fp/hard/libm.a(libm_a-e_sqrt.o)
 .rodata.one    0x080077e0        0x8 /opt/arm-none-eabi/bin/../lib/gcc/arm-none-eabi/13.2.1/../../../../arm-none-eabi/lib/thumb/v7e-m+fp/hard/libm.a(libm_a-e_sqrt.o)
 .rodata._vfprintf_r.str1.1
                0x080077e8       0x33 /opt/arm-none-eabi/bin/../lib/gcc/arm-none-eabi/13.2.1/../../../../arm-none-eabi/lib/thumb/v7e-m+fp/hard/libc_nano.a(libc_a-nano-vfprintf.o)
                                 0x11 (size before relaxing)
 .rodata._printf_i.str1.1
                0x0800781b       0x22 /opt/arm-none-eabi/bin/../lib/gcc/arm-none-eabi/13.2.1/../../../../arm-none-eabi/lib/thumb/v7e-m+fp/hard/libc_nano.a(libc_a-nano-vfprintf_i.o)

.ARM.exidx      0x0800781c        0x8
 .ARM.exidx     0x0800781c        0x8 /opt/arm-none-eabi/bin/../lib/gcc/arm-none-eabi/13.2.1/../../../../arm-none-eabi/lib/thumb/v7e-m+fp/hard/libc_nano.a(libc_a-memchr.o)

.rel.dyn        0x08007824        0x0
 .rel.iplt      0x08007824        0x0 /tmp/cc5MAAHR.o

.data           0x20000000       0x81 load address 0x08007824
                0x20000000                        _sdata = .
 *(.first_data)
 *(.data SORT_BY_NAME(.data.*))
 .data.ALE      0x20000000        0x2 /tmp/cc5MAAHR.o
                0x20000000                ALE
 .data.CE       0x20000002        0x2 /tmp/cc5MAAHR.o
                0x20000002                CE
 .data.CLE      0x20000004        0x2 /tmp/cc5MAAHR.o
                0x20000004                CLE
 *fill*         0x20000006        0x2 
 .data.FREQ     0x20000008        0x4 /tmp/ccBI4tXl.o
                0x20000008                FREQ
 .data.RB       0x2000000c        0x2 /tmp/cc5MAAHR.o
                0x2000000c                RB
 .data.RE       0x2000000e        0x2 /tmp/cc5MAAHR.o
                0x2000000e                RE
 .data.WE       0x20000010        0x2 /tmp/cc5MAAHR.o
                0x20000010                WE
 .data.WP       0x20000012        0x2 /tmp/cc5MAAHR.o
                0x20000012                WP
 .data.__sglue  0x20000014        0xc /opt/arm-none-eabi/bin/../lib/gcc/arm-none-eabi/13.2.1/../../../../arm-none-eabi/lib/thumb/v7e-m+fp/hard/libc_nano.a(libc_a-findfp.o)
                0x20000014                __sglue
 .data._impure_data
                0x20000020       0x4c /opt/arm-none-eabi/bin/../lib/gcc/arm-none-eabi/13.2.1/../../../../arm-none-eabi/lib/thumb/v7e-m+fp/hard/libc_nano.a(libc_a-impure.o)
                0x20000020                _impure_data
 .data._impure_ptr
                0x2000006c        0x4 /opt/arm-none-eabi/bin/../lib/gcc/arm-none-eabi/13.2.1/../../../../arm-none-eabi/lib/thumb/v7e-m+fp/hard/libc_nano.a(libc_a-impure.o)
                0x2000006c                _impure_ptr
 .data.data0    0x20000070        0x2 /tmp/cc5MAAHR.o
                0x20000070                data0
 .data.data1    0x20000072        0x2 /tmp/cc5MAAHR.o
                0x20000072                data1
 .data.data2    0x20000074        0x2 /tmp/cc5MAAHR.o
                0x20000074                data2
 .data.data3    0x20000076        0x2 /tmp/cc5MAAHR.o
                0x20000076                data3
 .data.data4    0x20000078        0x2 /tmp/cc5MAAHR.o
                0x20000078                data4
 .data.data5    0x2000007a        0x2 /tmp/cc5MAAHR.o
                0x2000007a                data5
 .data.data6    0x2000007c        0x2 /tmp/cc5MAAHR.o
                0x2000007c                data6
 .data.data7    0x2000007e        0x2 /tmp/cc5MAAHR.o
                0x2000007e                data7
 .data.globalPinMode
                0x20000080        0x1 /tmp/cc5MAAHR.o
                0x20000080                globalPinMode
                0x20000081                        _edata = .
                0x08007824                        _sidata = LOADADDR (.data)

.igot.plt       0x20000084        0x0 load address 0x080078a5
 .igot.plt      0x20000084        0x0 /tmp/cc5MAAHR.o

.bss            0x20000084      0x174 load address 0x080078a5
                0x20000084                        _sbss = .
 *(.bss SORT_BY_NAME(.bss.*) COMMON)
 .bss.ADXL375_SPI
                0x20000084        0x4 /tmp/ccUSs15L.o
                0x20000084                ADXL375_SPI
 .bss.MS5611_SPI
                0x20000088        0x4 /tmp/ccX8jWLX.o
                0x20000088                MS5611_SPI
 .bss.__lock___malloc_recursive_mutex
                0x2000008c        0x1 /opt/arm-none-eabi/bin/../lib/gcc/arm-none-eabi/13.2.1/../../../../arm-none-eabi/lib/thumb/v7e-m+fp/hard/libc_nano.a(libc_a-lock.o)
                0x2000008c                __lock___malloc_recursive_mutex
 .bss.__lock___sfp_recursive_mutex
                0x2000008d        0x1 /opt/arm-none-eabi/bin/../lib/gcc/arm-none-eabi/13.2.1/../../../../arm-none-eabi/lib/thumb/v7e-m+fp/hard/libc_nano.a(libc_a-lock.o)
                0x2000008d                __lock___sfp_recursive_mutex
 *fill*         0x2000008e        0x2 
 .bss.__malloc_free_list
                0x20000090        0x4 /opt/arm-none-eabi/bin/../lib/gcc/arm-none-eabi/13.2.1/../../../../arm-none-eabi/lib/thumb/v7e-m+fp/hard/libc_nano.a(libc_a-mallocr.o)
                0x20000090                __malloc_free_list
 .bss.__malloc_sbrk_start
                0x20000094        0x4 /opt/arm-none-eabi/bin/../lib/gcc/arm-none-eabi/13.2.1/../../../../arm-none-eabi/lib/thumb/v7e-m+fp/hard/libc_nano.a(libc_a-mallocr.o)
                0x20000094                __malloc_sbrk_start
 .bss.__sf      0x20000098      0x138 /opt/arm-none-eabi/bin/../lib/gcc/arm-none-eabi/13.2.1/../../../../arm-none-eabi/lib/thumb/v7e-m+fp/hard/libc_nano.a(libc_a-findfp.o)
                0x20000098                __sf
 .bss.__stdio_exit_handler
                0x200001d0        0x4 /opt/arm-none-eabi/bin/../lib/gcc/arm-none-eabi/13.2.1/../../../../arm-none-eabi/lib/thumb/v7e-m+fp/hard/libc_nano.a(libc_a-findfp.o)
                0x200001d0                __stdio_exit_handler
 .bss.errno     0x200001d4        0x4 /opt/arm-none-eabi/bin/../lib/gcc/arm-none-eabi/13.2.1/../../../../arm-none-eabi/lib/thumb/v7e-m+fp/hard/libc_nano.a(libc_a-reent.o)
                0x200001d4                errno
 .bss.flightStage
                0x200001d8        0x1 /tmp/cc5MAAHR.o
                0x200001d8                flightStage
 *fill*         0x200001d9        0x3 
 .bss.frameAddressPointer
                0x200001dc        0x4 /tmp/cc5MAAHR.o
                0x200001dc                frameAddressPointer
 .bss.heap.0    0x200001e0        0x4 /tmp/ccwX2Obx.o
 .bss.ms5611_prom_data
                0x200001e4       0x10 /tmp/ccX8jWLX.o
                0x200001e4                ms5611_prom_data
 .bss.s_ticks   0x200001f4        0x4 /tmp/cc5MAAHR.o
                0x200001f4                s_ticks
                0x200001f8                        _ebss = .
                0x200001f8                        . = ALIGN (0x8)
                0x200001f8                        _end = .
OUTPUT(firmware.elf elf32-littlearm)
LOAD linker stubs

.debug_info     0x00000000     0x57be
 .debug_info    0x00000000     0x18f4 /tmp/cc5MAAHR.o
 .debug_info    0x000018f4      0x108 /tmp/ccaU5EzE.o
 .debug_info    0x000019fc      0x897 /tmp/ccwX2Obx.o
 .debug_info    0x00002293      0xf91 /tmp/ccBI4tXl.o
 .debug_info    0x00003224      0x94f /tmp/ccX8jWLX.o
 .debug_info    0x00003b73      0x764 /tmp/ccUSs15L.o
 .debug_info    0x000042d7      0x847 /tmp/cchgNq7i.o
 .debug_info    0x00004b1e      0xca0 /tmp/ccDZamy4.o

.debug_abbrev   0x00000000     0x1506
 .debug_abbrev  0x00000000      0x48d /tmp/cc5MAAHR.o
 .debug_abbrev  0x0000048d       0xc5 /tmp/ccaU5EzE.o
 .debug_abbrev  0x00000552      0x26e /tmp/ccwX2Obx.o
 .debug_abbrev  0x000007c0      0x2a9 /tmp/ccBI4tXl.o
 .debug_abbrev  0x00000a69      0x2ce /tmp/ccX8jWLX.o
 .debug_abbrev  0x00000d37      0x2b9 /tmp/ccUSs15L.o
 .debug_abbrev  0x00000ff0      0x21e /tmp/cchgNq7i.o
 .debug_abbrev  0x0000120e      0x2f8 /tmp/ccDZamy4.o

.debug_aranges  0x00000000      0x520
 .debug_aranges
                0x00000000      0x160 /tmp/cc5MAAHR.o
 .debug_aranges
                0x00000160       0x20 /tmp/ccaU5EzE.o
 .debug_aranges
                0x00000180       0xb0 /tmp/ccwX2Obx.o
 .debug_aranges
                0x00000230       0xa8 /tmp/ccBI4tXl.o
 .debug_aranges
                0x000002d8       0x90 /tmp/ccX8jWLX.o
 .debug_aranges
                0x00000368       0x90 /tmp/ccUSs15L.o
 .debug_aranges
                0x000003f8       0x58 /tmp/cchgNq7i.o
 .debug_aranges
                0x00000450       0xd0 /tmp/ccDZamy4.o

.debug_rnglists
                0x00000000      0x3de
 .debug_rnglists
                0x00000000      0x114 /tmp/cc5MAAHR.o
 .debug_rnglists
                0x00000114       0x13 /tmp/ccaU5EzE.o
 .debug_rnglists
                0x00000127       0x80 /tmp/ccwX2Obx.o
 .debug_rnglists
                0x000001a7       0x7e /tmp/ccBI4tXl.o
 .debug_rnglists
                0x00000225       0x6b /tmp/ccX8jWLX.o
 .debug_rnglists
                0x00000290       0x6c /tmp/ccUSs15L.o
 .debug_rnglists
                0x000002fc       0x41 /tmp/cchgNq7i.o
 .debug_rnglists
                0x0000033d       0xa1 /tmp/ccDZamy4.o

.debug_macro    0x00000000    0x223df
 .debug_macro   0x00000000      0x341 /tmp/cc5MAAHR.o
 .debug_macro   0x00000341      0xacc /tmp/cc5MAAHR.o
 .debug_macro   0x00000e0d       0x22 /tmp/cc5MAAHR.o
 .debug_macro   0x00000e2f       0x5b /tmp/cc5MAAHR.o
 .debug_macro   0x00000e8a       0x2a /tmp/cc5MAAHR.o
 .debug_macro   0x00000eb4       0x94 /tmp/cc5MAAHR.o
 .debug_macro   0x00000f48       0x43 /tmp/cc5MAAHR.o
 .debug_macro   0x00000f8b       0x34 /tmp/cc5MAAHR.o
 .debug_macro   0x00000fbf       0x16 /tmp/cc5MAAHR.o
 .debug_macro   0x00000fd5       0x57 /tmp/cc5MAAHR.o
 .debug_macro   0x0000102c       0x9e /tmp/cc5MAAHR.o
 .debug_macro   0x000010ca      0x370 /tmp/cc5MAAHR.o
 .debug_macro   0x0000143a      0x112 /tmp/cc5MAAHR.o
 .debug_macro   0x0000154c       0x10 /tmp/cc5MAAHR.o
 .debug_macro   0x0000155c       0x16 /tmp/cc5MAAHR.o
 .debug_macro   0x00001572       0x4a /tmp/cc5MAAHR.o
 .debug_macro   0x000015bc       0x34 /tmp/cc5MAAHR.o
 .debug_macro   0x000015f0       0x10 /tmp/cc5MAAHR.o
 .debug_macro   0x00001600       0x58 /tmp/cc5MAAHR.o
 .debug_macro   0x00001658       0x8e /tmp/cc5MAAHR.o
 .debug_macro   0x000016e6       0x1c /tmp/cc5MAAHR.o
 .debug_macro   0x00001702      0x177 /tmp/cc5MAAHR.o
 .debug_macro   0x00001879       0x16 /tmp/cc5MAAHR.o
 .debug_macro   0x0000188f       0x16 /tmp/cc5MAAHR.o
 .debug_macro   0x000018a5      0x146 /tmp/cc5MAAHR.o
 .debug_macro   0x000019eb      0x103 /tmp/cc5MAAHR.o
 .debug_macro   0x00001aee       0x6a /tmp/cc5MAAHR.o
 .debug_macro   0x00001b58      0x1df /tmp/cc5MAAHR.o
 .debug_macro   0x00001d37       0x3c /tmp/cc5MAAHR.o
 .debug_macro   0x00001d73      0x460 /tmp/cc5MAAHR.o
 .debug_macro   0x000021d3       0x22 /tmp/cc5MAAHR.o
 .debug_macro   0x000021f5       0x16 /tmp/cc5MAAHR.o
 .debug_macro   0x0000220b       0x16 /tmp/cc5MAAHR.o
 .debug_macro   0x00002221       0x29 /tmp/cc5MAAHR.o
 .debug_macro   0x0000224a       0x16 /tmp/cc5MAAHR.o
 .debug_macro   0x00002260       0x10 /tmp/cc5MAAHR.o
 .debug_macro   0x00002270       0x10 /tmp/cc5MAAHR.o
 .debug_macro   0x00002280       0x10 /tmp/cc5MAAHR.o
 .debug_macro   0x00002290       0x1c /tmp/cc5MAAHR.o
 .debug_macro   0x000022ac       0x52 /tmp/cc5MAAHR.o
 .debug_macro   0x000022fe       0x22 /tmp/cc5MAAHR.o
 .debug_macro   0x00002320       0x10 /tmp/cc5MAAHR.o
 .debug_macro   0x00002330       0x52 /tmp/cc5MAAHR.o
 .debug_macro   0x00002382       0xc1 /tmp/cc5MAAHR.o
 .debug_macro   0x00002443       0x1c /tmp/cc5MAAHR.o
 .debug_macro   0x0000245f       0x3d /tmp/cc5MAAHR.o
 .debug_macro   0x0000249c       0x35 /tmp/cc5MAAHR.o
 .debug_macro   0x000024d1      0x12c /tmp/cc5MAAHR.o
 .debug_macro   0x000025fd      0x19b /tmp/cc5MAAHR.o
 .debug_macro   0x00002798       0x28 /tmp/cc5MAAHR.o
 .debug_macro   0x000027c0       0x1c /tmp/cc5MAAHR.o
 .debug_macro   0x000027dc       0x22 /tmp/cc5MAAHR.o
 .debug_macro   0x000027fe       0xd9 /tmp/cc5MAAHR.o
 .debug_macro   0x000028d7     0x102d /tmp/cc5MAAHR.o
 .debug_macro   0x00003904      0x11f /tmp/cc5MAAHR.o
 .debug_macro   0x00003a23    0x1cb71 /tmp/cc5MAAHR.o
 .debug_macro   0x00020594       0xd7 /tmp/cc5MAAHR.o
 .debug_macro   0x0002066b       0x88 /tmp/cc5MAAHR.o
 .debug_macro   0x000206f3       0x16 /tmp/cc5MAAHR.o
 .debug_macro   0x00020709      0x1a8 /tmp/cc5MAAHR.o
 .debug_macro   0x000208b1      0x190 /tmp/cc5MAAHR.o
 .debug_macro   0x00020a41       0xd0 /tmp/cc5MAAHR.o
 .debug_macro   0x00020b11       0x22 /tmp/cc5MAAHR.o
 .debug_macro   0x00020b33       0x7c /tmp/cc5MAAHR.o
 .debug_macro   0x00020baf       0x2e /tmp/cc5MAAHR.o
 .debug_macro   0x00020bdd       0x11 /tmp/ccaU5EzE.o
 .debug_macro   0x00020bee      0x2c5 /tmp/ccwX2Obx.o
 .debug_macro   0x00020eb3       0x3a /tmp/ccwX2Obx.o
 .debug_macro   0x00020eed       0x89 /tmp/ccwX2Obx.o
 .debug_macro   0x00020f76       0x1c /tmp/ccwX2Obx.o
 .debug_macro   0x00020f92       0x9b /tmp/ccwX2Obx.o
 .debug_macro   0x0002102d      0x2d4 /tmp/ccBI4tXl.o
 .debug_macro   0x00021301       0x1c /tmp/ccBI4tXl.o
 .debug_macro   0x0002131d      0x2da /tmp/ccX8jWLX.o
 .debug_macro   0x000215f7       0x8e /tmp/ccX8jWLX.o
 .debug_macro   0x00021685       0x51 /tmp/ccX8jWLX.o
 .debug_macro   0x000216d6       0x61 /tmp/ccX8jWLX.o
 .debug_macro   0x00021737       0x82 /tmp/ccX8jWLX.o
 .debug_macro   0x000217b9      0x2d4 /tmp/ccUSs15L.o
 .debug_macro   0x00021a8d      0x18a /tmp/ccUSs15L.o
 .debug_macro   0x00021c17      0x317 /tmp/cchgNq7i.o
 .debug_macro   0x00021f2e       0x28 /tmp/cchgNq7i.o
 .debug_macro   0x00021f56      0x2dd /tmp/ccDZamy4.o
 .debug_macro   0x00022233      0x190 /tmp/ccDZamy4.o
 .debug_macro   0x000223c3       0x1c /tmp/ccDZamy4.o

.debug_line     0x00000000     0x4972
 .debug_line    0x00000000     0x1941 /tmp/cc5MAAHR.o
 .debug_line    0x00001941       0x88 /tmp/ccaU5EzE.o
 .debug_line    0x000019c9      0x60f /tmp/ccwX2Obx.o
 .debug_line    0x00001fd8      0x91d /tmp/ccBI4tXl.o
 .debug_line    0x000028f5      0x77f /tmp/ccX8jWLX.o
 .debug_line    0x00003074      0x74a /tmp/ccUSs15L.o
 .debug_line    0x000037be      0x69a /tmp/cchgNq7i.o
 .debug_line    0x00003e58      0xb1a /tmp/ccDZamy4.o

.debug_str      0x00000000    0xb56ba
 .debug_str     0x00000000    0xb56ba /tmp/cc5MAAHR.o
                              0xb516e (size before relaxing)
 .debug_str     0x000b56ba     0x2e75 /tmp/ccaU5EzE.o
 .debug_str     0x000b56ba    0xb30bf /tmp/ccwX2Obx.o
 .debug_str     0x000b56ba    0xb33d9 /tmp/ccBI4tXl.o
 .debug_str     0x000b56ba    0xb3358 /tmp/ccX8jWLX.o
 .debug_str     0x000b56ba    0xb3891 /tmp/ccUSs15L.o
 .debug_str     0x000b56ba    0xb47e6 /tmp/cchgNq7i.o
 .debug_str     0x000b56ba    0xb3aec /tmp/ccDZamy4.o

.comment        0x00000000       0x44
 .comment       0x00000000       0x44 /tmp/cc5MAAHR.o
                                 0x45 (size before relaxing)
 .comment       0x00000044       0x45 /tmp/ccaU5EzE.o
 .comment       0x00000044       0x45 /tmp/ccwX2Obx.o
 .comment       0x00000044       0x45 /tmp/ccBI4tXl.o
 .comment       0x00000044       0x45 /tmp/ccX8jWLX.o
 .comment       0x00000044       0x45 /tmp/ccUSs15L.o
 .comment       0x00000044       0x45 /tmp/cchgNq7i.o
 .comment       0x00000044       0x45 /tmp/ccDZamy4.o

.ARM.attributes
                0x00000000       0x32
 .ARM.attributes
                0x00000000       0x34 /tmp/cc5MAAHR.o
 .ARM.attributes
                0x00000034       0x34 /tmp/ccaU5EzE.o
 .ARM.attributes
                0x00000068       0x34 /tmp/ccwX2Obx.o
 .ARM.attributes
                0x0000009c       0x34 /tmp/ccBI4tXl.o
 .ARM.attributes
                0x000000d0       0x34 /tmp/ccX8jWLX.o
 .ARM.attributes
                0x00000104       0x34 /tmp/ccUSs15L.o
 .ARM.attributes
                0x00000138       0x34 /tmp/cchgNq7i.o
 .ARM.attributes
                0x0000016c       0x34 /tmp/ccDZamy4.o
 .ARM.attributes
                0x000001a0       0x34 /opt/arm-none-eabi/bin/../lib/gcc/arm-none-eabi/13.2.1/../../../../arm-none-eabi/lib/thumb/v7e-m+fp/hard/libm.a(libm_a-w_sqrt.o)
 .ARM.attributes
                0x000001d4       0x34 /opt/arm-none-eabi/bin/../lib/gcc/arm-none-eabi/13.2.1/../../../../arm-none-eabi/lib/thumb/v7e-m+fp/hard/libm.a(libm_a-powl.o)
 .ARM.attributes
                0x00000208       0x34 /opt/arm-none-eabi/bin/../lib/gcc/arm-none-eabi/13.2.1/../../../../arm-none-eabi/lib/thumb/v7e-m+fp/hard/libm.a(libm_a-e_sqrt.o)
 .ARM.attributes
                0x0000023c       0x34 /opt/arm-none-eabi/bin/../lib/gcc/arm-none-eabi/13.2.1/../../../../arm-none-eabi/lib/thumb/v7e-m+fp/hard/libm.a(libm_a-w_pow.o)
 .ARM.attributes
                0x00000270       0x34 /opt/arm-none-eabi/bin/../lib/gcc/arm-none-eabi/13.2.1/../../../../arm-none-eabi/lib/thumb/v7e-m+fp/hard/libm.a(libm_a-s_finite.o)
 .ARM.attributes
                0x000002a4       0x34 /opt/arm-none-eabi/bin/../lib/gcc/arm-none-eabi/13.2.1/../../../../arm-none-eabi/lib/thumb/v7e-m+fp/hard/libm.a(libm_a-e_pow.o)
 .ARM.attributes
                0x000002d8       0x34 /opt/arm-none-eabi/bin/../lib/gcc/arm-none-eabi/13.2.1/../../../../arm-none-eabi/lib/thumb/v7e-m+fp/hard/libm.a(libm_a-math_err.o)
 .ARM.attributes
                0x0000030c       0x34 /opt/arm-none-eabi/bin/../lib/gcc/arm-none-eabi/13.2.1/../../../../arm-none-eabi/lib/thumb/v7e-m+fp/hard/libm.a(libm_a-s_fabs.o)
 .ARM.attributes
                0x00000340       0x34 /opt/arm-none-eabi/bin/../lib/gcc/arm-none-eabi/13.2.1/../../../../arm-none-eabi/lib/thumb/v7e-m+fp/hard/libm.a(libm_a-s_scalbn.o)
 .ARM.attributes
                0x00000374       0x34 /opt/arm-none-eabi/bin/../lib/gcc/arm-none-eabi/13.2.1/../../../../arm-none-eabi/lib/thumb/v7e-m+fp/hard/libc_nano.a(libc_a-printf.o)
 .ARM.attributes
                0x000003a8       0x34 /opt/arm-none-eabi/bin/../lib/gcc/arm-none-eabi/13.2.1/../../../../arm-none-eabi/lib/thumb/v7e-m+fp/hard/libc_nano.a(libc_a-nano-vfprintf.o)
 .ARM.attributes
                0x000003dc       0x34 /opt/arm-none-eabi/bin/../lib/gcc/arm-none-eabi/13.2.1/../../../../arm-none-eabi/lib/thumb/v7e-m+fp/hard/libc_nano.a(libc_a-wbuf.o)
 .ARM.attributes
                0x00000410       0x34 /opt/arm-none-eabi/bin/../lib/gcc/arm-none-eabi/13.2.1/../../../../arm-none-eabi/lib/thumb/v7e-m+fp/hard/libc_nano.a(libc_a-wsetup.o)
 .ARM.attributes
                0x00000444       0x34 /opt/arm-none-eabi/bin/../lib/gcc/arm-none-eabi/13.2.1/../../../../arm-none-eabi/lib/thumb/v7e-m+fp/hard/libc_nano.a(libc_a-nano-vfprintf_i.o)
 .ARM.attributes
                0x00000478       0x34 /opt/arm-none-eabi/bin/../lib/gcc/arm-none-eabi/13.2.1/../../../../arm-none-eabi/lib/thumb/v7e-m+fp/hard/libc_nano.a(libc_a-puts.o)
 .ARM.attributes
                0x000004ac       0x34 /opt/arm-none-eabi/bin/../lib/gcc/arm-none-eabi/13.2.1/../../../../arm-none-eabi/lib/thumb/v7e-m+fp/hard/libc_nano.a(libc_a-impure.o)
 .ARM.attributes
                0x000004e0       0x34 /opt/arm-none-eabi/bin/../lib/gcc/arm-none-eabi/13.2.1/../../../../arm-none-eabi/lib/thumb/v7e-m+fp/hard/libc_nano.a(libc_a-fflush.o)
 .ARM.attributes
                0x00000514       0x1c /opt/arm-none-eabi/bin/../lib/gcc/arm-none-eabi/13.2.1/../../../../arm-none-eabi/lib/thumb/v7e-m+fp/hard/libc_nano.a(libc_a-memchr.o)
 .ARM.attributes
                0x00000530       0x34 /opt/arm-none-eabi/bin/../lib/gcc/arm-none-eabi/13.2.1/../../../../arm-none-eabi/lib/thumb/v7e-m+fp/hard/libc_nano.a(libc_a-memcpy-stub.o)
 .ARM.attributes
                0x00000564       0x34 /opt/arm-none-eabi/bin/../lib/gcc/arm-none-eabi/13.2.1/../../../../arm-none-eabi/lib/thumb/v7e-m+fp/hard/libc_nano.a(libc_a-findfp.o)
 .ARM.attributes
                0x00000598       0x34 /opt/arm-none-eabi/bin/../lib/gcc/arm-none-eabi/13.2.1/../../../../arm-none-eabi/lib/thumb/v7e-m+fp/hard/libc_nano.a(libc_a-stdio.o)
 .ARM.attributes
                0x000005cc       0x34 /opt/arm-none-eabi/bin/../lib/gcc/arm-none-eabi/13.2.1/../../../../arm-none-eabi/lib/thumb/v7e-m+fp/hard/libc_nano.a(libc_a-readr.o)
 .ARM.attributes
                0x00000600       0x34 /opt/arm-none-eabi/bin/../lib/gcc/arm-none-eabi/13.2.1/../../../../arm-none-eabi/lib/thumb/v7e-m+fp/hard/libc_nano.a(libc_a-qsort.o)
 .ARM.attributes
                0x00000634       0x34 /opt/arm-none-eabi/bin/../lib/gcc/arm-none-eabi/13.2.1/../../../../arm-none-eabi/lib/thumb/v7e-m+fp/hard/libc_nano.a(libc_a-writer.o)
 .ARM.attributes
                0x00000668       0x34 /opt/arm-none-eabi/bin/../lib/gcc/arm-none-eabi/13.2.1/../../../../arm-none-eabi/lib/thumb/v7e-m+fp/hard/libc_nano.a(libc_a-errno.o)
 .ARM.attributes
                0x0000069c       0x34 /opt/arm-none-eabi/bin/../lib/gcc/arm-none-eabi/13.2.1/../../../../arm-none-eabi/lib/thumb/v7e-m+fp/hard/libc_nano.a(libc_a-fwalk.o)
 .ARM.attributes
                0x000006d0       0x34 /opt/arm-none-eabi/bin/../lib/gcc/arm-none-eabi/13.2.1/../../../../arm-none-eabi/lib/thumb/v7e-m+fp/hard/libc_nano.a(libc_a-memset.o)
 .ARM.attributes
                0x00000704       0x34 /opt/arm-none-eabi/bin/../lib/gcc/arm-none-eabi/13.2.1/../../../../arm-none-eabi/lib/thumb/v7e-m+fp/hard/libc_nano.a(libc_a-freer.o)
 .ARM.attributes
                0x00000738       0x34 /opt/arm-none-eabi/bin/../lib/gcc/arm-none-eabi/13.2.1/../../../../arm-none-eabi/lib/thumb/v7e-m+fp/hard/libc_nano.a(libc_a-lock.o)
 .ARM.attributes
                0x0000076c       0x34 /opt/arm-none-eabi/bin/../lib/gcc/arm-none-eabi/13.2.1/../../../../arm-none-eabi/lib/thumb/v7e-m+fp/hard/libc_nano.a(libc_a-makebuf.o)
 .ARM.attributes
                0x000007a0       0x34 /opt/arm-none-eabi/bin/../lib/gcc/arm-none-eabi/13.2.1/../../../../arm-none-eabi/lib/thumb/v7e-m+fp/hard/libc_nano.a(libc_a-closer.o)
 .ARM.attributes
                0x000007d4       0x34 /opt/arm-none-eabi/bin/../lib/gcc/arm-none-eabi/13.2.1/../../../../arm-none-eabi/lib/thumb/v7e-m+fp/hard/libc_nano.a(libc_a-reent.o)
 .ARM.attributes
                0x00000808       0x34 /opt/arm-none-eabi/bin/../lib/gcc/arm-none-eabi/13.2.1/../../../../arm-none-eabi/lib/thumb/v7e-m+fp/hard/libc_nano.a(libc_a-mallocr.o)
 .ARM.attributes
                0x0000083c       0x34 /opt/arm-none-eabi/bin/../lib/gcc/arm-none-eabi/13.2.1/../../../../arm-none-eabi/lib/thumb/v7e-m+fp/hard/libc_nano.a(libc_a-fstatr.o)
 .ARM.attributes
                0x00000870       0x34 /opt/arm-none-eabi/bin/../lib/gcc/arm-none-eabi/13.2.1/../../../../arm-none-eabi/lib/thumb/v7e-m+fp/hard/libc_nano.a(libc_a-isattyr.o)
 .ARM.attributes
                0x000008a4       0x34 /opt/arm-none-eabi/bin/../lib/gcc/arm-none-eabi/13.2.1/../../../../arm-none-eabi/lib/thumb/v7e-m+fp/hard/libc_nano.a(libc_a-lseekr.o)
 .ARM.attributes
                0x000008d8       0x34 /opt/arm-none-eabi/bin/../lib/gcc/arm-none-eabi/13.2.1/../../../../arm-none-eabi/lib/thumb/v7e-m+fp/hard/libc_nano.a(libc_a-mlock.o)
 .ARM.attributes
                0x0000090c       0x34 /opt/arm-none-eabi/bin/../lib/gcc/arm-none-eabi/13.2.1/../../../../arm-none-eabi/lib/thumb/v7e-m+fp/hard/libc_nano.a(libc_a-sbrkr.o)
 .ARM.attributes
                0x00000940       0x22 /opt/arm-none-eabi/bin/../lib/gcc/arm-none-eabi/13.2.1/thumb/v7e-m+fp/hard/libgcc.a(_arm_addsubdf3.o)
 .ARM.attributes
                0x00000962       0x22 /opt/arm-none-eabi/bin/../lib/gcc/arm-none-eabi/13.2.1/thumb/v7e-m+fp/hard/libgcc.a(_arm_muldivdf3.o)
 .ARM.attributes
                0x00000984       0x22 /opt/arm-none-eabi/bin/../lib/gcc/arm-none-eabi/13.2.1/thumb/v7e-m+fp/hard/libgcc.a(_arm_cmpdf2.o)
 .ARM.attributes
                0x000009a6       0x22 /opt/arm-none-eabi/bin/../lib/gcc/arm-none-eabi/13.2.1/thumb/v7e-m+fp/hard/libgcc.a(_arm_unorddf2.o)
 .ARM.attributes
                0x000009c8       0x22 /opt/arm-none-eabi/bin/../lib/gcc/arm-none-eabi/13.2.1/thumb/v7e-m+fp/hard/libgcc.a(_arm_fixdfsi.o)
 .ARM.attributes
                0x000009ea       0x34 /opt/arm-none-eabi/bin/../lib/gcc/arm-none-eabi/13.2.1/thumb/v7e-m+fp/hard/libgcc.a(_fixdfdi.o)
 .ARM.attributes
                0x00000a1e       0x34 /opt/arm-none-eabi/bin/../lib/gcc/arm-none-eabi/13.2.1/thumb/v7e-m+fp/hard/libgcc.a(_fixunsdfdi.o)
 .ARM.attributes
                0x00000a52       0x22 /opt/arm-none-eabi/bin/../lib/gcc/arm-none-eabi/13.2.1/thumb/v7e-m+fp/hard/libgcc.a(_arm_fixunsdfsi.o)

.debug_frame    0x00000000     0x2354
 .debug_frame   0x00000000      0x650 /tmp/cc5MAAHR.o
 .debug_frame   0x00000650       0x20 /tmp/ccaU5EzE.o
 .debug_frame   0x00000670      0x2e8 /tmp/ccwX2Obx.o
 .debug_frame   0x00000958      0x294 /tmp/ccBI4tXl.o
 .debug_frame   0x00000bec      0x238 /tmp/ccX8jWLX.o
 .debug_frame   0x00000e24      0x240 /tmp/ccUSs15L.o
 .debug_frame   0x00001064      0x140 /tmp/cchgNq7i.o
 .debug_frame   0x000011a4      0x37c /tmp/ccDZamy4.o
 .debug_frame   0x00001520       0x48 /opt/arm-none-eabi/bin/../lib/gcc/arm-none-eabi/13.2.1/../../../../arm-none-eabi/lib/thumb/v7e-m+fp/hard/libm.a(libm_a-w_sqrt.o)
 .debug_frame   0x00001568       0x20 /opt/arm-none-eabi/bin/../lib/gcc/arm-none-eabi/13.2.1/../../../../arm-none-eabi/lib/thumb/v7e-m+fp/hard/libm.a(libm_a-powl.o)
 .debug_frame   0x00001588       0x38 /opt/arm-none-eabi/bin/../lib/gcc/arm-none-eabi/13.2.1/../../../../arm-none-eabi/lib/thumb/v7e-m+fp/hard/libm.a(libm_a-e_sqrt.o)
 .debug_frame   0x000015c0       0x44 /opt/arm-none-eabi/bin/../lib/gcc/arm-none-eabi/13.2.1/../../../../arm-none-eabi/lib/thumb/v7e-m+fp/hard/libm.a(libm_a-w_pow.o)
 .debug_frame   0x00001604       0x28 /opt/arm-none-eabi/bin/../lib/gcc/arm-none-eabi/13.2.1/../../../../arm-none-eabi/lib/thumb/v7e-m+fp/hard/libm.a(libm_a-s_finite.o)
 .debug_frame   0x0000162c       0x80 /opt/arm-none-eabi/bin/../lib/gcc/arm-none-eabi/13.2.1/../../../../arm-none-eabi/lib/thumb/v7e-m+fp/hard/libm.a(libm_a-e_pow.o)
 .debug_frame   0x000016ac      0x14c /opt/arm-none-eabi/bin/../lib/gcc/arm-none-eabi/13.2.1/../../../../arm-none-eabi/lib/thumb/v7e-m+fp/hard/libm.a(libm_a-math_err.o)
 .debug_frame   0x000017f8       0x20 /opt/arm-none-eabi/bin/../lib/gcc/arm-none-eabi/13.2.1/../../../../arm-none-eabi/lib/thumb/v7e-m+fp/hard/libm.a(libm_a-s_fabs.o)
 .debug_frame   0x00001818       0x2c /opt/arm-none-eabi/bin/../lib/gcc/arm-none-eabi/13.2.1/../../../../arm-none-eabi/lib/thumb/v7e-m+fp/hard/libm.a(libm_a-s_scalbn.o)
 .debug_frame   0x00001844       0x6c /opt/arm-none-eabi/bin/../lib/gcc/arm-none-eabi/13.2.1/../../../../arm-none-eabi/lib/thumb/v7e-m+fp/hard/libc_nano.a(libc_a-printf.o)
 .debug_frame   0x000018b0       0xa8 /opt/arm-none-eabi/bin/../lib/gcc/arm-none-eabi/13.2.1/../../../../arm-none-eabi/lib/thumb/v7e-m+fp/hard/libc_nano.a(libc_a-nano-vfprintf.o)
 .debug_frame   0x00001958       0x40 /opt/arm-none-eabi/bin/../lib/gcc/arm-none-eabi/13.2.1/../../../../arm-none-eabi/lib/thumb/v7e-m+fp/hard/libc_nano.a(libc_a-wbuf.o)
 .debug_frame   0x00001998       0x2c /opt/arm-none-eabi/bin/../lib/gcc/arm-none-eabi/13.2.1/../../../../arm-none-eabi/lib/thumb/v7e-m+fp/hard/libc_nano.a(libc_a-wsetup.o)
 .debug_frame   0x000019c4       0x60 /opt/arm-none-eabi/bin/../lib/gcc/arm-none-eabi/13.2.1/../../../../arm-none-eabi/lib/thumb/v7e-m+fp/hard/libc_nano.a(libc_a-nano-vfprintf_i.o)
 .debug_frame   0x00001a24       0x3c /opt/arm-none-eabi/bin/../lib/gcc/arm-none-eabi/13.2.1/../../../../arm-none-eabi/lib/thumb/v7e-m+fp/hard/libc_nano.a(libc_a-puts.o)
 .debug_frame   0x00001a60       0x5c /opt/arm-none-eabi/bin/../lib/gcc/arm-none-eabi/13.2.1/../../../../arm-none-eabi/lib/thumb/v7e-m+fp/hard/libc_nano.a(libc_a-fflush.o)
 .debug_frame   0x00001abc       0x28 /opt/arm-none-eabi/bin/../lib/gcc/arm-none-eabi/13.2.1/../../../../arm-none-eabi/lib/thumb/v7e-m+fp/hard/libc_nano.a(libc_a-memcpy-stub.o)
 .debug_frame   0x00001ae4      0x144 /opt/arm-none-eabi/bin/../lib/gcc/arm-none-eabi/13.2.1/../../../../arm-none-eabi/lib/thumb/v7e-m+fp/hard/libc_nano.a(libc_a-findfp.o)
 .debug_frame   0x00001c28       0x88 /opt/arm-none-eabi/bin/../lib/gcc/arm-none-eabi/13.2.1/../../../../arm-none-eabi/lib/thumb/v7e-m+fp/hard/libc_nano.a(libc_a-stdio.o)
 .debug_frame   0x00001cb0       0x2c /opt/arm-none-eabi/bin/../lib/gcc/arm-none-eabi/13.2.1/../../../../arm-none-eabi/lib/thumb/v7e-m+fp/hard/libc_nano.a(libc_a-readr.o)
 .debug_frame   0x00001cdc       0x78 /opt/arm-none-eabi/bin/../lib/gcc/arm-none-eabi/13.2.1/../../../../arm-none-eabi/lib/thumb/v7e-m+fp/hard/libc_nano.a(libc_a-qsort.o)
 .debug_frame   0x00001d54       0x2c /opt/arm-none-eabi/bin/../lib/gcc/arm-none-eabi/13.2.1/../../../../arm-none-eabi/lib/thumb/v7e-m+fp/hard/libc_nano.a(libc_a-writer.o)
 .debug_frame   0x00001d80       0x20 /opt/arm-none-eabi/bin/../lib/gcc/arm-none-eabi/13.2.1/../../../../arm-none-eabi/lib/thumb/v7e-m+fp/hard/libc_nano.a(libc_a-errno.o)
 .debug_frame   0x00001da0       0x34 /opt/arm-none-eabi/bin/../lib/gcc/arm-none-eabi/13.2.1/../../../../arm-none-eabi/lib/thumb/v7e-m+fp/hard/libc_nano.a(libc_a-fwalk.o)
 .debug_frame   0x00001dd4       0x20 /opt/arm-none-eabi/bin/../lib/gcc/arm-none-eabi/13.2.1/../../../../arm-none-eabi/lib/thumb/v7e-m+fp/hard/libc_nano.a(libc_a-memset.o)
 .debug_frame   0x00001df4       0x38 /opt/arm-none-eabi/bin/../lib/gcc/arm-none-eabi/13.2.1/../../../../arm-none-eabi/lib/thumb/v7e-m+fp/hard/libc_nano.a(libc_a-freer.o)
 .debug_frame   0x00001e2c       0xb0 /opt/arm-none-eabi/bin/../lib/gcc/arm-none-eabi/13.2.1/../../../../arm-none-eabi/lib/thumb/v7e-m+fp/hard/libc_nano.a(libc_a-lock.o)
 .debug_frame   0x00001edc       0x58 /opt/arm-none-eabi/bin/../lib/gcc/arm-none-eabi/13.2.1/../../../../arm-none-eabi/lib/thumb/v7e-m+fp/hard/libc_nano.a(libc_a-makebuf.o)
 .debug_frame   0x00001f34       0x2c /opt/arm-none-eabi/bin/../lib/gcc/arm-none-eabi/13.2.1/../../../../arm-none-eabi/lib/thumb/v7e-m+fp/hard/libc_nano.a(libc_a-closer.o)
 .debug_frame   0x00001f60       0x38 /opt/arm-none-eabi/bin/../lib/gcc/arm-none-eabi/13.2.1/../../../../arm-none-eabi/lib/thumb/v7e-m+fp/hard/libc_nano.a(libc_a-reent.o)
 .debug_frame   0x00001f98       0x50 /opt/arm-none-eabi/bin/../lib/gcc/arm-none-eabi/13.2.1/../../../../arm-none-eabi/lib/thumb/v7e-m+fp/hard/libc_nano.a(libc_a-mallocr.o)
 .debug_frame   0x00001fe8       0x2c /opt/arm-none-eabi/bin/../lib/gcc/arm-none-eabi/13.2.1/../../../../arm-none-eabi/lib/thumb/v7e-m+fp/hard/libc_nano.a(libc_a-fstatr.o)
 .debug_frame   0x00002014       0x2c /opt/arm-none-eabi/bin/../lib/gcc/arm-none-eabi/13.2.1/../../../../arm-none-eabi/lib/thumb/v7e-m+fp/hard/libc_nano.a(libc_a-isattyr.o)
 .debug_frame   0x00002040       0x2c /opt/arm-none-eabi/bin/../lib/gcc/arm-none-eabi/13.2.1/../../../../arm-none-eabi/lib/thumb/v7e-m+fp/hard/libc_nano.a(libc_a-lseekr.o)
 .debug_frame   0x0000206c       0x30 /opt/arm-none-eabi/bin/../lib/gcc/arm-none-eabi/13.2.1/../../../../arm-none-eabi/lib/thumb/v7e-m+fp/hard/libc_nano.a(libc_a-mlock.o)
 .debug_frame   0x0000209c       0x2c /opt/arm-none-eabi/bin/../lib/gcc/arm-none-eabi/13.2.1/../../../../arm-none-eabi/lib/thumb/v7e-m+fp/hard/libc_nano.a(libc_a-sbrkr.o)
 .debug_frame   0x000020c8       0xac /opt/arm-none-eabi/bin/../lib/gcc/arm-none-eabi/13.2.1/thumb/v7e-m+fp/hard/libgcc.a(_arm_addsubdf3.o)
 .debug_frame   0x00002174       0x50 /opt/arm-none-eabi/bin/../lib/gcc/arm-none-eabi/13.2.1/thumb/v7e-m+fp/hard/libgcc.a(_arm_muldivdf3.o)
 .debug_frame   0x000021c4       0xc4 /opt/arm-none-eabi/bin/../lib/gcc/arm-none-eabi/13.2.1/thumb/v7e-m+fp/hard/libgcc.a(_arm_cmpdf2.o)
 .debug_frame   0x00002288       0x20 /opt/arm-none-eabi/bin/../lib/gcc/arm-none-eabi/13.2.1/thumb/v7e-m+fp/hard/libgcc.a(_arm_unorddf2.o)
 .debug_frame   0x000022a8       0x24 /opt/arm-none-eabi/bin/../lib/gcc/arm-none-eabi/13.2.1/thumb/v7e-m+fp/hard/libgcc.a(_arm_fixdfsi.o)
 .debug_frame   0x000022cc       0x38 /opt/arm-none-eabi/bin/../lib/gcc/arm-none-eabi/13.2.1/thumb/v7e-m+fp/hard/libgcc.a(_fixdfdi.o)
 .debug_frame   0x00002304       0x2c /opt/arm-none-eabi/bin/../lib/gcc/arm-none-eabi/13.2.1/thumb/v7e-m+fp/hard/libgcc.a(_fixunsdfdi.o)
 .debug_frame   0x00002330       0x24 /opt/arm-none-eabi/bin/../lib/gcc/arm-none-eabi/13.2.1/thumb/v7e-m+fp/hard/libgcc.a(_arm_fixunsdfsi.o)

.debug_line_str
                0x00000000      0x1a1
 .debug_line_str
                0x00000000      0x1a1 /opt/arm-none-eabi/bin/../lib/gcc/arm-none-eabi/13.2.1/../../../../arm-none-eabi/lib/thumb/v7e-m+fp/hard/libc_nano.a(libc_a-memchr.o)
                                 0xda (size before relaxing)
 .debug_line_str
                0x000001a1       0xc7 /opt/arm-none-eabi/bin/../lib/gcc/arm-none-eabi/13.2.1/thumb/v7e-m+fp/hard/libgcc.a(_arm_addsubdf3.o)
 .debug_line_str
                0x000001a1       0xc7 /opt/arm-none-eabi/bin/../lib/gcc/arm-none-eabi/13.2.1/thumb/v7e-m+fp/hard/libgcc.a(_arm_muldivdf3.o)
 .debug_line_str
                0x000001a1       0xc7 /opt/arm-none-eabi/bin/../lib/gcc/arm-none-eabi/13.2.1/thumb/v7e-m+fp/hard/libgcc.a(_arm_cmpdf2.o)
 .debug_line_str
                0x000001a1       0xc7 /opt/arm-none-eabi/bin/../lib/gcc/arm-none-eabi/13.2.1/thumb/v7e-m+fp/hard/libgcc.a(_arm_unorddf2.o)
 .debug_line_str
                0x000001a1       0xc7 /opt/arm-none-eabi/bin/../lib/gcc/arm-none-eabi/13.2.1/thumb/v7e-m+fp/hard/libgcc.a(_arm_fixdfsi.o)
 .debug_line_str
                0x000001a1       0xc7 /opt/arm-none-eabi/bin/../lib/gcc/arm-none-eabi/13.2.1/thumb/v7e-m+fp/hard/libgcc.a(_arm_fixunsdfsi.o)
