Archive member included to satisfy reference by file (symbol)

c:/program files (x86)/arm gnu toolchain arm-none-eabi/12.3 rel1/bin/../lib/gcc/arm-none-eabi/12.3.1/thumb/v7e-m+fp/hard\libc_nano.a(libc_a-printf.o)
                              C:\Users\lukem\AppData\Local\Temp\ccx7AUYS.o (printf)
c:/program files (x86)/arm gnu toolchain arm-none-eabi/12.3 rel1/bin/../lib/gcc/arm-none-eabi/12.3.1/thumb/v7e-m+fp/hard\libc_nano.a(libc_a-puts.o)
                              C:\Users\lukem\AppData\Local\Temp\ccx7AUYS.o (puts)
c:/program files (x86)/arm gnu toolchain arm-none-eabi/12.3 rel1/bin/../lib/gcc/arm-none-eabi/12.3.1/thumb/v7e-m+fp/hard\libc_nano.a(libc_a-wbuf.o)
                              c:/program files (x86)/arm gnu toolchain arm-none-eabi/12.3 rel1/bin/../lib/gcc/arm-none-eabi/12.3.1/thumb/v7e-m+fp/hard\libc_nano.a(libc_a-puts.o) (__swbuf_r)
c:/program files (x86)/arm gnu toolchain arm-none-eabi/12.3 rel1/bin/../lib/gcc/arm-none-eabi/12.3.1/thumb/v7e-m+fp/hard\libc_nano.a(libc_a-wsetup.o)
                              c:/program files (x86)/arm gnu toolchain arm-none-eabi/12.3 rel1/bin/../lib/gcc/arm-none-eabi/12.3.1/thumb/v7e-m+fp/hard\libc_nano.a(libc_a-puts.o) (__swsetup_r)
c:/program files (x86)/arm gnu toolchain arm-none-eabi/12.3 rel1/bin/../lib/gcc/arm-none-eabi/12.3.1/thumb/v7e-m+fp/hard\libc_nano.a(libc_a-memset.o)
                              C:\Users\lukem\AppData\Local\Temp\ccYqnY84.o (memset)
c:/program files (x86)/arm gnu toolchain arm-none-eabi/12.3 rel1/bin/../lib/gcc/arm-none-eabi/12.3.1/thumb/v7e-m+fp/hard\libc_nano.a(libc_a-impure.o)
                              c:/program files (x86)/arm gnu toolchain arm-none-eabi/12.3 rel1/bin/../lib/gcc/arm-none-eabi/12.3.1/thumb/v7e-m+fp/hard\libc_nano.a(libc_a-printf.o) (_impure_ptr)
c:/program files (x86)/arm gnu toolchain arm-none-eabi/12.3 rel1/bin/../lib/gcc/arm-none-eabi/12.3.1/thumb/v7e-m+fp/hard\libc_nano.a(libc_a-lock.o)
                              c:/program files (x86)/arm gnu toolchain arm-none-eabi/12.3 rel1/bin/../lib/gcc/arm-none-eabi/12.3.1/thumb/v7e-m+fp/hard\libc_nano.a(libc_a-puts.o) (__retarget_lock_acquire_recursive)
c:/program files (x86)/arm gnu toolchain arm-none-eabi/12.3 rel1/bin/../lib/gcc/arm-none-eabi/12.3.1/thumb/v7e-m+fp/hard\libc_nano.a(libc_a-memcpy-stub.o)
                              C:\Users\lukem\AppData\Local\Temp\ccYqnY84.o (memcpy)
c:/program files (x86)/arm gnu toolchain arm-none-eabi/12.3 rel1/bin/../lib/gcc/arm-none-eabi/12.3.1/thumb/v7e-m+fp/hard\libc_nano.a(libc_a-freer.o)
                              c:/program files (x86)/arm gnu toolchain arm-none-eabi/12.3 rel1/bin/../lib/gcc/arm-none-eabi/12.3.1/thumb/v7e-m+fp/hard\libc_nano.a(libc_a-wsetup.o) (_free_r)
c:/program files (x86)/arm gnu toolchain arm-none-eabi/12.3 rel1/bin/../lib/gcc/arm-none-eabi/12.3.1/thumb/v7e-m+fp/hard\libc_nano.a(libc_a-mallocr.o)
                              c:/program files (x86)/arm gnu toolchain arm-none-eabi/12.3 rel1/bin/../lib/gcc/arm-none-eabi/12.3.1/thumb/v7e-m+fp/hard\libc_nano.a(libc_a-freer.o) (__malloc_free_list)
c:/program files (x86)/arm gnu toolchain arm-none-eabi/12.3 rel1/bin/../lib/gcc/arm-none-eabi/12.3.1/thumb/v7e-m+fp/hard\libc_nano.a(libc_a-mlock.o)
                              c:/program files (x86)/arm gnu toolchain arm-none-eabi/12.3 rel1/bin/../lib/gcc/arm-none-eabi/12.3.1/thumb/v7e-m+fp/hard\libc_nano.a(libc_a-freer.o) (__malloc_lock)
c:/program files (x86)/arm gnu toolchain arm-none-eabi/12.3 rel1/bin/../lib/gcc/arm-none-eabi/12.3.1/thumb/v7e-m+fp/hard\libc_nano.a(libc_a-nano-vfprintf.o)
                              c:/program files (x86)/arm gnu toolchain arm-none-eabi/12.3 rel1/bin/../lib/gcc/arm-none-eabi/12.3.1/thumb/v7e-m+fp/hard\libc_nano.a(libc_a-printf.o) (_vfprintf_r)
c:/program files (x86)/arm gnu toolchain arm-none-eabi/12.3 rel1/bin/../lib/gcc/arm-none-eabi/12.3.1/thumb/v7e-m+fp/hard\libc_nano.a(libc_a-nano-vfprintf_i.o)
                              c:/program files (x86)/arm gnu toolchain arm-none-eabi/12.3 rel1/bin/../lib/gcc/arm-none-eabi/12.3.1/thumb/v7e-m+fp/hard\libc_nano.a(libc_a-nano-vfprintf.o) (_printf_i)
c:/program files (x86)/arm gnu toolchain arm-none-eabi/12.3 rel1/bin/../lib/gcc/arm-none-eabi/12.3.1/thumb/v7e-m+fp/hard\libc_nano.a(libc_a-fflush.o)
                              c:/program files (x86)/arm gnu toolchain arm-none-eabi/12.3 rel1/bin/../lib/gcc/arm-none-eabi/12.3.1/thumb/v7e-m+fp/hard\libc_nano.a(libc_a-wbuf.o) (_fflush_r)
c:/program files (x86)/arm gnu toolchain arm-none-eabi/12.3 rel1/bin/../lib/gcc/arm-none-eabi/12.3.1/thumb/v7e-m+fp/hard\libc_nano.a(libc_a-findfp.o)
                              c:/program files (x86)/arm gnu toolchain arm-none-eabi/12.3 rel1/bin/../lib/gcc/arm-none-eabi/12.3.1/thumb/v7e-m+fp/hard\libc_nano.a(libc_a-fflush.o) (__sglue)
c:/program files (x86)/arm gnu toolchain arm-none-eabi/12.3 rel1/bin/../lib/gcc/arm-none-eabi/12.3.1/thumb/v7e-m+fp/hard\libc_nano.a(libc_a-fvwrite.o)
[...]
Memory Configuration

Name             Origin             Length             Attributes
flash            0x08000000         0x00200000         xr
sram             0x20000000         0x00030000         xrw
*default*        0x00000000         0xffffffff

Linker script and memory map

LOAD C:\Users\lukem\AppData\Local\Temp\ccx7AUYS.o
LOAD C:\Users\lukem\AppData\Local\Temp\ccYqnY84.o
LOAD C:\Users\lukem\AppData\Local\Temp\ccjFMgwD.o
LOAD C:\Users\lukem\AppData\Local\Temp\ccG2XlnC.o
LOAD C:\Users\lukem\AppData\Local\Temp\ccI092DZ.o
LOAD C:\Users\lukem\AppData\Local\Temp\cct9txk5.o
LOAD c:/program files (x86)/arm gnu toolchain arm-none-eabi/12.3 rel1/bin/../lib/gcc/arm-none-eabi/12.3.1/thumb/v7e-m+fp/hard\libc_nano.a
LOAD c:/program files (x86)/arm gnu toolchain arm-none-eabi/12.3 rel1/bin/../lib/gcc/arm-none-eabi/12.3.1/thumb/v7e-m+fp/hard\libgcc.a
                0x20030000                        _estack = (ORIGIN (sram) + LENGTH (sram))

.vectors        0x08000000      0x1bc
 *(.vectors)
 .vectors       0x08000000      0x1bc C:\Users\lukem\AppData\Local\Temp\ccYqnY84.o
                0x08000000                tab

.text           0x080001bc      0xe10
 *(.text*)
 .text.systick_init
                0x080001bc       0x28 C:\Users\lukem\AppData\Local\Temp\ccx7AUYS.o
 .text.gpio_set_mode
                0x080001e4       0x34 C:\Users\lukem\AppData\Local\Temp\ccx7AUYS.o
 .text.gpio_set_af
                0x08000218       0x2e C:\Users\lukem\AppData\Local\Temp\ccx7AUYS.o
 *fill*         0x08000246        0x2 
 .text.uart_init.constprop.0
                0x08000248       0x60 C:\Users\lukem\AppData\Local\Temp\ccx7AUYS.o
 .text.SysTick_Handler
                0x080002a8       0x10 C:\Users\lukem\AppData\Local\Temp\ccx7AUYS.o
                0x080002a8                SysTick_Handler
 .text.run_ADXL375_routine
                0x080002b8       0x1c C:\Users\lukem\AppData\Local\Temp\ccx7AUYS.o
                0x080002b8                run_ADXL375_routine
 .text.startup.main
                0x080002d4       0x30 C:\Users\lukem\AppData\Local\Temp\ccx7AUYS.o
                0x080002d4                main
 .text._reset   0x08000304       0x50 C:\Users\lukem\AppData\Local\Temp\ccYqnY84.o
                0x08000304                _reset
 .text._fstat   0x08000354       0x12 C:\Users\lukem\AppData\Local\Temp\ccjFMgwD.o
                0x08000354                _fstat
 *fill*         0x08000366        0x2 
 .text._sbrk    0x08000368       0x1c C:\Users\lukem\AppData\Local\Temp\ccjFMgwD.o
                0x08000368                _sbrk
 .text._close   0x08000384        0x6 C:\Users\lukem\AppData\Local\Temp\ccjFMgwD.o
                0x08000384                _close
 .text._isatty  0x0800038a        0x4 C:\Users\lukem\AppData\Local\Temp\ccjFMgwD.o
                0x0800038a                _isatty
 .text._lseek   0x0800038e        0x4 C:\Users\lukem\AppData\Local\Temp\ccjFMgwD.o
                0x0800038e                _lseek
 .text._read    0x08000392        0x6 C:\Users\lukem\AppData\Local\Temp\ccjFMgwD.o
                0x08000392                _read
 .text._write   0x08000398       0x34 C:\Users\lukem\AppData\Local\Temp\ccjFMgwD.o
                0x08000398                _write
 .text.systick_init
                0x080003cc       0x28 C:\Users\lukem\AppData\Local\Temp\ccG2XlnC.o
 .text.gpio_set_mode
                0x080003f4       0x34 C:\Users\lukem\AppData\Local\Temp\ccG2XlnC.o
 .text.gpio_set_af
                0x08000428       0x2e C:\Users\lukem\AppData\Local\Temp\ccG2XlnC.o
 *fill*         0x08000456        0x2 
 .text.uart_init.constprop.0
                0x08000458       0xc0 C:\Users\lukem\AppData\Local\Temp\ccG2XlnC.o
 .text.STM32_init_internals
                0x08000518      0x118 C:\Users\lukem\AppData\Local\Temp\ccG2XlnC.o
                0x08000518                STM32_init_internals
 .text.STM32_init_peripherals
                0x08000630       0x58 C:\Users\lukem\AppData\Local\Temp\ccG2XlnC.o
                0x08000630                STM32_init_peripherals
 .text.STM32_init
                0x08000688       0x24 C:\Users\lukem\AppData\Local\Temp\ccG2XlnC.o
                0x08000688                STM32_init
 .text._puts_r  0x080006ac       0xaa c:/program files (x86)/arm gnu toolchain arm-none-eabi/12.3 rel1/bin/../lib/gcc/arm-none-eabi/12.3.1/thumb/v7e-m+fp/hard\libc_nano.a(libc_a-puts.o)
                0x080006ac                _puts_r
 *fill*         0x08000756        0x2 
 .text.puts     0x08000758       0x10 c:/program files (x86)/arm gnu toolchain arm-none-eabi/12.3 rel1/bin/../lib/gcc/arm-none-eabi/12.3.1/thumb/v7e-m+fp/hard\libc_nano.a(libc_a-puts.o)
                0x08000758                puts
 .text.__swbuf_r
                0x08000768       0x7c c:/program files (x86)/arm gnu toolchain arm-none-eabi/12.3 rel1/bin/../lib/gcc/arm-none-eabi/12.3.1/thumb/v7e-m+fp/hard\libc_nano.a(libc_a-wbuf.o)
                0x08000768                __swbuf_r
 .text.__swsetup_r
                0x080007e4       0xac c:/program files (x86)/arm gnu toolchain arm-none-eabi/12.3 rel1/bin/../lib/gcc/arm-none-eabi/12.3.1/thumb/v7e-m+fp/hard\libc_nano.a(libc_a-wsetup.o)
                0x080007e4                __swsetup_r
 .text.memset   0x08000890       0x10 c:/program files (x86)/arm gnu toolchain arm-none-eabi/12.3 rel1/bin/../lib/gcc/arm-none-eabi/12.3.1/thumb/v7e-m+fp/hard\libc_nano.a(libc_a-memset.o)
                0x08000890                memset
 .text.__retarget_lock_init_recursive
                0x080008a0        0x2 c:/program files (x86)/arm gnu toolchain arm-none-eabi/12.3 rel1/bin/../lib/gcc/arm-none-eabi/12.3.1/thumb/v7e-m+fp/hard\libc_nano.a(libc_a-lock.o)
                0x080008a0                __retarget_lock_init_recursive
 .text.__retarget_lock_acquire_recursive
                0x080008a2        0x2 c:/program files (x86)/arm gnu toolchain arm-none-eabi/12.3 rel1/bin/../lib/gcc/arm-none-eabi/12.3.1/thumb/v7e-m+fp/hard\libc_nano.a(libc_a-lock.o)
                0x080008a2                __retarget_lock_acquire_recursive
 .text.__retarget_lock_release_recursive
                0x080008a4        0x2 c:/program files (x86)/arm gnu toolchain arm-none-eabi/12.3 rel1/bin/../lib/gcc/arm-none-eabi/12.3.1/thumb/v7e-m+fp/hard\libc_nano.a(libc_a-lock.o)
                0x080008a4                __retarget_lock_release_recursive
 .text.memcpy   0x080008a6       0x1c c:/program files (x86)/arm gnu toolchain arm-none-eabi/12.3 rel1/bin/../lib/gcc/arm-none-eabi/12.3.1/thumb/v7e-m+fp/hard\libc_nano.a(libc_a-memcpy-stub.o)
                0x080008a6                memcpy
 *fill*         0x080008c2        0x2 
 .text._free_r  0x080008c4       0x94 c:/program files (x86)/arm gnu toolchain arm-none-eabi/12.3 rel1/bin/../lib/gcc/arm-none-eabi/12.3.1/thumb/v7e-m+fp/hard\libc_nano.a(libc_a-freer.o)
                0x080008c4                _free_r
 .text.sbrk_aligned
                0x08000958       0x44 c:/program files (x86)/arm gnu toolchain arm-none-eabi/12.3 rel1/bin/../lib/gcc/arm-none-eabi/12.3.1/thumb/v7e-m+fp/hard\libc_nano.a(libc_a-mallocr.o)
 .text._malloc_r
                0x0800099c      0x100 c:/program files (x86)/arm gnu toolchain arm-none-eabi/12.3 rel1/bin/../lib/gcc/arm-none-eabi/12.3.1/thumb/v7e-m+fp/hard\libc_nano.a(libc_a-mallocr.o)
                0x0800099c                _malloc_r
 .text.__malloc_lock
                0x08000a9c        0xc c:/program files (x86)/arm gnu toolchain arm-none-eabi/12.3 rel1/bin/../lib/gcc/arm-none-eabi/12.3.1/thumb/v7e-m+fp/hard\libc_nano.a(libc_a-mlock.o)
                0x08000a9c                __malloc_lock
 .text.__malloc_unlock
                0x08000aa8        0xc c:/program files (x86)/arm gnu toolchain arm-none-eabi/12.3 rel1/bin/../lib/gcc/arm-none-eabi/12.3.1/thumb/v7e-m+fp/hard\libc_nano.a(libc_a-mlock.o)
                0x08000aa8                __malloc_unlock
 .text.__sflush_r
                0x08000ab4      0x108 c:/program files (x86)/arm gnu toolchain arm-none-eabi/12.3 rel1/bin/../lib/gcc/arm-none-eabi/12.3.1/thumb/v7e-m+fp/hard\libc_nano.a(libc_a-fflush.o)
                0x08000ab4                __sflush_r
 .text._fflush_r
                0x08000bbc       0x50 c:/program files (x86)/arm gnu toolchain arm-none-eabi/12.3 rel1/bin/../lib/gcc/arm-none-eabi/12.3.1/thumb/v7e-m+fp/hard\libc_nano.a(libc_a-fflush.o)
                0x08000bbc                _fflush_r
 .text.std      0x08000c0c       0x6c c:/program files (x86)/arm gnu toolchain arm-none-eabi/12.3 rel1/bin/../lib/gcc/arm-none-eabi/12.3.1/thumb/v7e-m+fp/hard\libc_nano.a(libc_a-findfp.o)
 .text.stdio_exit_handler
                0x08000c78       0x18 c:/program files (x86)/arm gnu toolchain arm-none-eabi/12.3 rel1/bin/../lib/gcc/arm-none-eabi/12.3.1/thumb/v7e-m+fp/hard\libc_nano.a(libc_a-findfp.o)
 .text.cleanup_stdio
                0x08000c90       0x40 c:/program files (x86)/arm gnu toolchain arm-none-eabi/12.3 rel1/bin/../lib/gcc/arm-none-eabi/12.3.1/thumb/v7e-m+fp/hard\libc_nano.a(libc_a-findfp.o)
 .text.global_stdio_init.part.0
                0x08000cd0       0x3c c:/program files (x86)/arm gnu toolchain arm-none-eabi/12.3 rel1/bin/../lib/gcc/arm-none-eabi/12.3.1/thumb/v7e-m+fp/hard\libc_nano.a(libc_a-findfp.o)
 .text.__sfp_lock_acquire
                0x08000d0c        0xc c:/program files (x86)/arm gnu toolchain arm-none-eabi/12.3 rel1/bin/../lib/gcc/arm-none-eabi/12.3.1/thumb/v7e-m+fp/hard\libc_nano.a(libc_a-findfp.o)
                0x08000d0c                __sfp_lock_acquire
 .text.__sfp_lock_release
                0x08000d18        0xc c:/program files (x86)/arm gnu toolchain arm-none-eabi/12.3 rel1/bin/../lib/gcc/arm-none-eabi/12.3.1/thumb/v7e-m+fp/hard\libc_nano.a(libc_a-findfp.o)
                0x08000d18                __sfp_lock_release
 .text.__sinit  0x08000d24       0x30 c:/program files (x86)/arm gnu toolchain arm-none-eabi/12.3 rel1/bin/../lib/gcc/arm-none-eabi/12.3.1/thumb/v7e-m+fp/hard\libc_nano.a(libc_a-findfp.o)
                0x08000d24                __sinit
 .text._fwalk_sglue
                0x08000d54       0x3c c:/program files (x86)/arm gnu toolchain arm-none-eabi/12.3 rel1/bin/../lib/gcc/arm-none-eabi/12.3.1/thumb/v7e-m+fp/hard\libc_nano.a(libc_a-fwalk.o)
                0x08000d54                _fwalk_sglue
 .text.__swhatbuf_r
                0x08000d90       0x4c c:/program files (x86)/arm gnu toolchain arm-none-eabi/12.3 rel1/bin/../lib/gcc/arm-none-eabi/12.3.1/thumb/v7e-m+fp/hard\libc_nano.a(libc_a-makebuf.o)
                0x08000d90                __swhatbuf_r
 .text.__smakebuf_r
                0x08000ddc       0x78 c:/program files (x86)/arm gnu toolchain arm-none-eabi/12.3 rel1/bin/../lib/gcc/arm-none-eabi/12.3.1/thumb/v7e-m+fp/hard\libc_nano.a(libc_a-makebuf.o)
                0x08000ddc                __smakebuf_r
 .text.__sread  0x08000e54       0x22 c:/program files (x86)/arm gnu toolchain arm-none-eabi/12.3 rel1/bin/../lib/gcc/arm-none-eabi/12.3.1/thumb/v7e-m+fp/hard\libc_nano.a(libc_a-stdio.o)
                0x08000e54                __sread
 .text.__swrite
                0x08000e76       0x38 c:/program files (x86)/arm gnu toolchain arm-none-eabi/12.3 rel1/bin/../lib/gcc/arm-none-eabi/12.3.1/thumb/v7e-m+fp/hard\libc_nano.a(libc_a-stdio.o)
                0x08000e76                __swrite
 .text.__sseek  0x08000eae       0x24 c:/program files (x86)/arm gnu toolchain arm-none-eabi/12.3 rel1/bin/../lib/gcc/arm-none-eabi/12.3.1/thumb/v7e-m+fp/hard\libc_nano.a(libc_a-stdio.o)
                0x08000eae                __sseek
 .text.__sclose
                0x08000ed2        0x8 c:/program files (x86)/arm gnu toolchain arm-none-eabi/12.3 rel1/bin/../lib/gcc/arm-none-eabi/12.3.1/thumb/v7e-m+fp/hard\libc_nano.a(libc_a-stdio.o)
                0x08000ed2                __sclose
 *fill*         0x08000eda        0x2 
 .text._close_r
                0x08000edc       0x20 c:/program files (x86)/arm gnu toolchain arm-none-eabi/12.3 rel1/bin/../lib/gcc/arm-none-eabi/12.3.1/thumb/v7e-m+fp/hard\libc_nano.a(libc_a-closer.o)
                0x08000edc                _close_r
 .text._fstat_r
                0x08000efc       0x24 c:/program files (x86)/arm gnu toolchain arm-none-eabi/12.3 rel1/bin/../lib/gcc/arm-none-eabi/12.3.1/thumb/v7e-m+fp/hard\libc_nano.a(libc_a-fstatr.o)
                0x08000efc                _fstat_r
 .text._isatty_r
                0x08000f20       0x20 c:/program files (x86)/arm gnu toolchain arm-none-eabi/12.3 rel1/bin/../lib/gcc/arm-none-eabi/12.3.1/thumb/v7e-m+fp/hard\libc_nano.a(libc_a-isattyr.o)
                0x08000f20                _isatty_r
 .text._lseek_r
                0x08000f40       0x24 c:/program files (x86)/arm gnu toolchain arm-none-eabi/12.3 rel1/bin/../lib/gcc/arm-none-eabi/12.3.1/thumb/v7e-m+fp/hard\libc_nano.a(libc_a-lseekr.o)
                0x08000f40                _lseek_r
 .text._read_r  0x08000f64       0x24 c:/program files (x86)/arm gnu toolchain arm-none-eabi/12.3 rel1/bin/../lib/gcc/arm-none-eabi/12.3.1/thumb/v7e-m+fp/hard\libc_nano.a(libc_a-readr.o)
                0x08000f64                _read_r
 .text._sbrk_r  0x08000f88       0x20 c:/program files (x86)/arm gnu toolchain arm-none-eabi/12.3 rel1/bin/../lib/gcc/arm-none-eabi/12.3.1/thumb/v7e-m+fp/hard\libc_nano.a(libc_a-sbrkr.o)
                0x08000f88                _sbrk_r
 .text._write_r
                0x08000fa8       0x24 c:/program files (x86)/arm gnu toolchain arm-none-eabi/12.3 rel1/bin/../lib/gcc/arm-none-eabi/12.3.1/thumb/v7e-m+fp/hard\libc_nano.a(libc_a-writer.o)
                0x08000fa8                _write_r

.glue_7         0x08000fcc        0x0
 .glue_7        0x08000fcc        0x0 linker stubs

.glue_7t        0x08000fcc        0x0
 .glue_7t       0x08000fcc        0x0 linker stubs

.vfp11_veneer   0x08000fcc        0x0
 .vfp11_veneer  0x08000fcc        0x0 linker stubs

.v4_bx          0x08000fcc        0x0
 .v4_bx         0x08000fcc        0x0 linker stubs

.iplt           0x08000fcc        0x0
 .iplt          0x08000fcc        0x0 C:\Users\lukem\AppData\Local\Temp\ccx7AUYS.o

.rodata         0x08000fcc       0x37
 *(.rodata*)
 .rodata.main.str1.1
                0x08000fcc       0x37 C:\Users\lukem\AppData\Local\Temp\ccx7AUYS.o

.rel.dyn        0x08001004        0x0
 .rel.iplt      0x08001004        0x0 C:\Users\lukem\AppData\Local\Temp\ccx7AUYS.o

.data           0x20000000       0x60 load address 0x08001003
                0x20000000                        _sdata = .
 *(.first_data)
 *(.data SORT_BY_NAME(.data.*))
 .data.FREQ     0x20000000        0x4 C:\Users\lukem\AppData\Local\Temp\ccG2XlnC.o
                0x20000000                FREQ
 .data.__sglue  0x20000004        0xc c:/program files (x86)/arm gnu toolchain arm-none-eabi/12.3 rel1/bin/../lib/gcc/arm-none-eabi/12.3.1/thumb/v7e-m+fp/hard\libc_nano.a(libc_a-findfp.o)
                0x20000004                __sglue
 .data._impure_data
                0x20000010       0x4c c:/program files (x86)/arm gnu toolchain arm-none-eabi/12.3 rel1/bin/../lib/gcc/arm-none-eabi/12.3.1/thumb/v7e-m+fp/hard\libc_nano.a(libc_a-impure.o)
                0x20000010                _impure_data
 .data._impure_ptr
                0x2000005c        0x4 c:/program files (x86)/arm gnu toolchain arm-none-eabi/12.3 rel1/bin/../lib/gcc/arm-none-eabi/12.3.1/thumb/v7e-m+fp/hard\libc_nano.a(libc_a-impure.o)
                0x2000005c                _impure_ptr
                0x20000060                        _edata = .
                0x08001003                        _sidata = LOADADDR (.data)

.igot.plt       0x20000060        0x0 load address 0x08001063
 .igot.plt      0x20000060        0x0 C:\Users\lukem\AppData\Local\Temp\ccx7AUYS.o

.bss            0x20000060      0x154 load address 0x08001063
                0x20000060                        _sbss = .
 *(.bss SORT_BY_NAME(.bss.*) COMMON)
 .bss.__lock___malloc_recursive_mutex
                0x20000060        0x1 c:/program files (x86)/arm gnu toolchain arm-none-eabi/12.3 rel1/bin/../lib/gcc/arm-none-eabi/12.3.1/thumb/v7e-m+fp/hard\libc_nano.a(libc_a-lock.o)
                0x20000060                __lock___malloc_recursive_mutex
 .bss.__lock___sfp_recursive_mutex
                0x20000061        0x1 c:/program files (x86)/arm gnu toolchain arm-none-eabi/12.3 rel1/bin/../lib/gcc/arm-none-eabi/12.3.1/thumb/v7e-m+fp/hard\libc_nano.a(libc_a-lock.o)
                0x20000061                __lock___sfp_recursive_mutex
 *fill*         0x20000062        0x2 
 .bss.__malloc_free_list
                0x20000064        0x4 c:/program files (x86)/arm gnu toolchain arm-none-eabi/12.3 rel1/bin/../lib/gcc/arm-none-eabi/12.3.1/thumb/v7e-m+fp/hard\libc_nano.a(libc_a-mallocr.o)
                0x20000064                __malloc_free_list
 .bss.__malloc_sbrk_start
                0x20000068        0x4 c:/program files (x86)/arm gnu toolchain arm-none-eabi/12.3 rel1/bin/../lib/gcc/arm-none-eabi/12.3.1/thumb/v7e-m+fp/hard\libc_nano.a(libc_a-mallocr.o)
                0x20000068                __malloc_sbrk_start
 .bss.__sf      0x2000006c      0x138 c:/program files (x86)/arm gnu toolchain arm-none-eabi/12.3 rel1/bin/../lib/gcc/arm-none-eabi/12.3.1/thumb/v7e-m+fp/hard\libc_nano.a(libc_a-findfp.o)
                0x2000006c                __sf
 .bss.__stdio_exit_handler
                0x200001a4        0x4 c:/program files (x86)/arm gnu toolchain arm-none-eabi/12.3 rel1/bin/../lib/gcc/arm-none-eabi/12.3.1/thumb/v7e-m+fp/hard\libc_nano.a(libc_a-findfp.o)
                0x200001a4                __stdio_exit_handler
 .bss.errno     0x200001a8        0x4 c:/program files (x86)/arm gnu toolchain arm-none-eabi/12.3 rel1/bin/../lib/gcc/arm-none-eabi/12.3.1/thumb/v7e-m+fp/hard\libc_nano.a(libc_a-reent.o)
                0x200001a8                errno
 .bss.heap.0    0x200001ac        0x4 C:\Users\lukem\AppData\Local\Temp\ccjFMgwD.o
 .bss.s_ticks   0x200001b0        0x4 C:\Users\lukem\AppData\Local\Temp\ccx7AUYS.o
                0x200001b4                        _ebss = .
                0x200001b8                        . = ALIGN (0x8)
                0x200001b8                        _end = .
OUTPUT(firmware.elf elf32-littlearm)
LOAD linker stubs

.debug_info     0x00000000     0x2caa
 .debug_info    0x00000000      0xe53 C:\Users\lukem\AppData\Local\Temp\ccx7AUYS.o
 .debug_info    0x00000e53      0x139 C:\Users\lukem\AppData\Local\Temp\ccYqnY84.o
 .debug_info    0x00000f8c      0x7f9 C:\Users\lukem\AppData\Local\Temp\ccjFMgwD.o
 .debug_info    0x00001785     0x1525 C:\Users\lukem\AppData\Local\Temp\ccG2XlnC.o

.debug_abbrev   0x00000000      0xad0
 .debug_abbrev  0x00000000      0x3bc C:\Users\lukem\AppData\Local\Temp\ccx7AUYS.o
 .debug_abbrev  0x000003bc       0xe8 C:\Users\lukem\AppData\Local\Temp\ccYqnY84.o
 .debug_abbrev  0x000004a4      0x29f C:\Users\lukem\AppData\Local\Temp\ccjFMgwD.o
 .debug_abbrev  0x00000743      0x38d C:\Users\lukem\AppData\Local\Temp\ccG2XlnC.o

.debug_loclists
                0x00000000      0x927
 .debug_loclists
                0x00000000      0x252 C:\Users\lukem\AppData\Local\Temp\ccx7AUYS.o
 .debug_loclists
                0x00000252      0x1cb C:\Users\lukem\AppData\Local\Temp\ccjFMgwD.o
 .debug_loclists
                0x0000041d      0x50a C:\Users\lukem\AppData\Local\Temp\ccG2XlnC.o

.debug_aranges  0x00000000      0x1b8
 .debug_aranges
                0x00000000       0x78 C:\Users\lukem\AppData\Local\Temp\ccx7AUYS.o
 .debug_aranges
                0x00000078       0x20 C:\Users\lukem\AppData\Local\Temp\ccYqnY84.o
 .debug_aranges
                0x00000098       0x90 C:\Users\lukem\AppData\Local\Temp\ccjFMgwD.o
 .debug_aranges
                0x00000128       0x90 C:\Users\lukem\AppData\Local\Temp\ccG2XlnC.o

.debug_rnglists
                0x00000000      0x22f
 .debug_rnglists
                0x00000000       0xbb C:\Users\lukem\AppData\Local\Temp\ccx7AUYS.o
 .debug_rnglists
                0x000000bb       0x13 C:\Users\lukem\AppData\Local\Temp\ccYqnY84.o
 .debug_rnglists
                0x000000ce       0x7f C:\Users\lukem\AppData\Local\Temp\ccjFMgwD.o
 .debug_rnglists
                0x0000014d       0xe2 C:\Users\lukem\AppData\Local\Temp\ccG2XlnC.o

.debug_macro    0x00000000    0x20d44
 .debug_macro   0x00000000      0x2d9 C:\Users\lukem\AppData\Local\Temp\ccx7AUYS.o
 .debug_macro   0x000002d9      0xaae C:\Users\lukem\AppData\Local\Temp\ccx7AUYS.o
 .debug_macro   0x00000d87       0x22 C:\Users\lukem\AppData\Local\Temp\ccx7AUYS.o
 .debug_macro   0x00000da9       0x5b C:\Users\lukem\AppData\Local\Temp\ccx7AUYS.o
 .debug_macro   0x00000e04       0x2a C:\Users\lukem\AppData\Local\Temp\ccx7AUYS.o
 .debug_macro   0x00000e2e       0x94 C:\Users\lukem\AppData\Local\Temp\ccx7AUYS.o
 .debug_macro   0x00000ec2       0x43 C:\Users\lukem\AppData\Local\Temp\ccx7AUYS.o
 .debug_macro   0x00000f05       0x34 C:\Users\lukem\AppData\Local\Temp\ccx7AUYS.o
 .debug_macro   0x00000f39       0x16 C:\Users\lukem\AppData\Local\Temp\ccx7AUYS.o
 .debug_macro   0x00000f4f       0x57 C:\Users\lukem\AppData\Local\Temp\ccx7AUYS.o
 .debug_macro   0x00000fa6       0x9e C:\Users\lukem\AppData\Local\Temp\ccx7AUYS.o
 .debug_macro   0x00001044      0x369 C:\Users\lukem\AppData\Local\Temp\ccx7AUYS.o
 .debug_macro   0x000013ad      0x10b C:\Users\lukem\AppData\Local\Temp\ccx7AUYS.o
 .debug_macro   0x000014b8       0x10 C:\Users\lukem\AppData\Local\Temp\ccx7AUYS.o
 .debug_macro   0x000014c8       0x16 C:\Users\lukem\AppData\Local\Temp\ccx7AUYS.o
 .debug_macro   0x000014de       0x43 C:\Users\lukem\AppData\Local\Temp\ccx7AUYS.o
 .debug_macro   0x00001521       0x34 C:\Users\lukem\AppData\Local\Temp\ccx7AUYS.o
 .debug_macro   0x00001555       0x10 C:\Users\lukem\AppData\Local\Temp\ccx7AUYS.o
 .debug_macro   0x00001565       0x58 C:\Users\lukem\AppData\Local\Temp\ccx7AUYS.o
 .debug_macro   0x000015bd       0x8e C:\Users\lukem\AppData\Local\Temp\ccx7AUYS.o
 .debug_macro   0x0000164b       0x1c C:\Users\lukem\AppData\Local\Temp\ccx7AUYS.o
 .debug_macro   0x00001667      0x177 C:\Users\lukem\AppData\Local\Temp\ccx7AUYS.o
 .debug_macro   0x000017de       0x16 C:\Users\lukem\AppData\Local\Temp\ccx7AUYS.o
 .debug_macro   0x000017f4       0x16 C:\Users\lukem\AppData\Local\Temp\ccx7AUYS.o
 .debug_macro   0x0000180a      0x146 C:\Users\lukem\AppData\Local\Temp\ccx7AUYS.o
 .debug_macro   0x00001950      0x103 C:\Users\lukem\AppData\Local\Temp\ccx7AUYS.o
 .debug_macro   0x00001a53       0x6a C:\Users\lukem\AppData\Local\Temp\ccx7AUYS.o
 .debug_macro   0x00001abd      0x1df C:\Users\lukem\AppData\Local\Temp\ccx7AUYS.o
 .debug_macro   0x00001c9c       0x35 C:\Users\lukem\AppData\Local\Temp\ccx7AUYS.o
 .debug_macro   0x00001cd1      0x460 C:\Users\lukem\AppData\Local\Temp\ccx7AUYS.o
 .debug_macro   0x00002131       0x22 C:\Users\lukem\AppData\Local\Temp\ccx7AUYS.o
 .debug_macro   0x00002153       0x16 C:\Users\lukem\AppData\Local\Temp\ccx7AUYS.o
 .debug_macro   0x00002169       0x16 C:\Users\lukem\AppData\Local\Temp\ccx7AUYS.o
 .debug_macro   0x0000217f       0x29 C:\Users\lukem\AppData\Local\Temp\ccx7AUYS.o
 .debug_macro   0x000021a8       0x16 C:\Users\lukem\AppData\Local\Temp\ccx7AUYS.o
 .debug_macro   0x000021be       0x10 C:\Users\lukem\AppData\Local\Temp\ccx7AUYS.o
 .debug_macro   0x000021ce       0x10 C:\Users\lukem\AppData\Local\Temp\ccx7AUYS.o
 .debug_macro   0x000021de       0x10 C:\Users\lukem\AppData\Local\Temp\ccx7AUYS.o
 .debug_macro   0x000021ee       0x1c C:\Users\lukem\AppData\Local\Temp\ccx7AUYS.o
 .debug_macro   0x0000220a       0x52 C:\Users\lukem\AppData\Local\Temp\ccx7AUYS.o
 .debug_macro   0x0000225c       0x22 C:\Users\lukem\AppData\Local\Temp\ccx7AUYS.o
 .debug_macro   0x0000227e       0x10 C:\Users\lukem\AppData\Local\Temp\ccx7AUYS.o
 .debug_macro   0x0000228e       0x52 C:\Users\lukem\AppData\Local\Temp\ccx7AUYS.o
 .debug_macro   0x000022e0       0xc1 C:\Users\lukem\AppData\Local\Temp\ccx7AUYS.o
 .debug_macro   0x000023a1       0x1c C:\Users\lukem\AppData\Local\Temp\ccx7AUYS.o
 .debug_macro   0x000023bd       0x3d C:\Users\lukem\AppData\Local\Temp\ccx7AUYS.o
 .debug_macro   0x000023fa       0x35 C:\Users\lukem\AppData\Local\Temp\ccx7AUYS.o
 .debug_macro   0x0000242f      0x12c C:\Users\lukem\AppData\Local\Temp\ccx7AUYS.o
 .debug_macro   0x0000255b       0x28 C:\Users\lukem\AppData\Local\Temp\ccx7AUYS.o
 .debug_macro   0x00002583       0x1c C:\Users\lukem\AppData\Local\Temp\ccx7AUYS.o
 .debug_macro   0x0000259f       0x22 C:\Users\lukem\AppData\Local\Temp\ccx7AUYS.o
 .debug_macro   0x000025c1       0xd9 C:\Users\lukem\AppData\Local\Temp\ccx7AUYS.o
 .debug_macro   0x0000269a     0x102d C:\Users\lukem\AppData\Local\Temp\ccx7AUYS.o
 .debug_macro   0x000036c7      0x11f C:\Users\lukem\AppData\Local\Temp\ccx7AUYS.o
 .debug_macro   0x000037e6    0x1cb71 C:\Users\lukem\AppData\Local\Temp\ccx7AUYS.o
 .debug_macro   0x00020357       0xd6 C:\Users\lukem\AppData\Local\Temp\ccx7AUYS.o
 .debug_macro   0x0002042d       0x16 C:\Users\lukem\AppData\Local\Temp\ccx7AUYS.o
 .debug_macro   0x00020443       0x88 C:\Users\lukem\AppData\Local\Temp\ccx7AUYS.o
 .debug_macro   0x000204cb      0x172 C:\Users\lukem\AppData\Local\Temp\ccx7AUYS.o
 .debug_macro   0x0002063d       0x11 C:\Users\lukem\AppData\Local\Temp\ccYqnY84.o
 .debug_macro   0x0002064e      0x2b2 C:\Users\lukem\AppData\Local\Temp\ccjFMgwD.o
 .debug_macro   0x00020900       0x3a C:\Users\lukem\AppData\Local\Temp\ccjFMgwD.o
 .debug_macro   0x0002093a       0x89 C:\Users\lukem\AppData\Local\Temp\ccjFMgwD.o
 .debug_macro   0x000209c3       0x1c C:\Users\lukem\AppData\Local\Temp\ccjFMgwD.o
 .debug_macro   0x000209df       0x94 C:\Users\lukem\AppData\Local\Temp\ccjFMgwD.o
 .debug_macro   0x00020a73      0x2c1 C:\Users\lukem\AppData\Local\Temp\ccG2XlnC.o
 .debug_macro   0x00020d34       0x10 C:\Users\lukem\AppData\Local\Temp\ccG2XlnC.o

.debug_line     0x00000000     0x1c08
 .debug_line    0x00000000      0x8d7 C:\Users\lukem\AppData\Local\Temp\ccx7AUYS.o
 .debug_line    0x000008d7       0x67 C:\Users\lukem\AppData\Local\Temp\ccYqnY84.o
 .debug_line    0x0000093e      0x6cb C:\Users\lukem\AppData\Local\Temp\ccjFMgwD.o
 .debug_line    0x00001009      0xbff C:\Users\lukem\AppData\Local\Temp\ccG2XlnC.o

.debug_str      0x00000000    0xb352a
 .debug_str     0x00000000    0xb31c2 C:\Users\lukem\AppData\Local\Temp\ccx7AUYS.o
                              0xb341b (size before relaxing)
 .debug_str     0x000b31c2       0x5d C:\Users\lukem\AppData\Local\Temp\ccYqnY84.o
                               0x2e5e (size before relaxing)
 .debug_str     0x000b321f      0x190 C:\Users\lukem\AppData\Local\Temp\ccjFMgwD.o
                              0xb27be (size before relaxing)
 .debug_str     0x000b33af      0x17b C:\Users\lukem\AppData\Local\Temp\ccG2XlnC.o
                              0xb2a8a (size before relaxing)

.comment        0x00000000       0x45
 .comment       0x00000000       0x45 C:\Users\lukem\AppData\Local\Temp\ccx7AUYS.o
                                 0x46 (size before relaxing)
 .comment       0x00000045       0x46 C:\Users\lukem\AppData\Local\Temp\ccYqnY84.o
 .comment       0x00000045       0x46 C:\Users\lukem\AppData\Local\Temp\ccjFMgwD.o
 .comment       0x00000045       0x46 C:\Users\lukem\AppData\Local\Temp\ccG2XlnC.o

.ARM.attributes
                0x00000000       0x32
 .ARM.attributes
                0x00000000       0x34 C:\Users\lukem\AppData\Local\Temp\ccx7AUYS.o
 .ARM.attributes
                0x00000034       0x34 C:\Users\lukem\AppData\Local\Temp\ccYqnY84.o
 .ARM.attributes
                0x00000068       0x34 C:\Users\lukem\AppData\Local\Temp\ccjFMgwD.o
 .ARM.attributes
                0x0000009c       0x34 C:\Users\lukem\AppData\Local\Temp\ccG2XlnC.o
 .ARM.attributes
                0x000000d0       0x34 c:/program files (x86)/arm gnu toolchain arm-none-eabi/12.3 rel1/bin/../lib/gcc/arm-none-eabi/12.3.1/thumb/v7e-m+fp/hard\libc_nano.a(libc_a-puts.o)
 .ARM.attributes
                0x00000104       0x34 c:/program files (x86)/arm gnu toolchain arm-none-eabi/12.3 rel1/bin/../lib/gcc/arm-none-eabi/12.3.1/thumb/v7e-m+fp/hard\libc_nano.a(libc_a-wbuf.o)
 .ARM.attributes
                0x00000138       0x34 c:/program files (x86)/arm gnu toolchain arm-none-eabi/12.3 rel1/bin/../lib/gcc/arm-none-eabi/12.3.1/thumb/v7e-m+fp/hard\libc_nano.a(libc_a-wsetup.o)
 .ARM.attributes
                0x0000016c       0x34 c:/program files (x86)/arm gnu toolchain arm-none-eabi/12.3 rel1/bin/../lib/gcc/arm-none-eabi/12.3.1/thumb/v7e-m+fp/hard\libc_nano.a(libc_a-memset.o)
 .ARM.attributes
                0x000001a0       0x34 c:/program files (x86)/arm gnu toolchain arm-none-eabi/12.3 rel1/bin/../lib/gcc/arm-none-eabi/12.3.1/thumb/v7e-m+fp/hard\libc_nano.a(libc_a-impure.o)
 .ARM.attributes
                0x000001d4       0x34 c:/program files (x86)/arm gnu toolchain arm-none-eabi/12.3 rel1/bin/../lib/gcc/arm-none-eabi/12.3.1/thumb/v7e-m+fp/hard\libc_nano.a(libc_a-lock.o)
 .ARM.attributes
                0x00000208       0x34 c:/program files (x86)/arm gnu toolchain arm-none-eabi/12.3 rel1/bin/../lib/gcc/arm-none-eabi/12.3.1/thumb/v7e-m+fp/hard\libc_nano.a(libc_a-memcpy-stub.o)
 .ARM.attributes
                0x0000023c       0x34 c:/program files (x86)/arm gnu toolchain arm-none-eabi/12.3 rel1/bin/../lib/gcc/arm-none-eabi/12.3.1/thumb/v7e-m+fp/hard\libc_nano.a(libc_a-freer.o)
 .ARM.attributes
                0x00000270       0x34 c:/program files (x86)/arm gnu toolchain arm-none-eabi/12.3 rel1/bin/../lib/gcc/arm-none-eabi/12.3.1/thumb/v7e-m+fp/hard\libc_nano.a(libc_a-mallocr.o)
 .ARM.attributes
                0x000002a4       0x34 c:/program files (x86)/arm gnu toolchain arm-none-eabi/12.3 rel1/bin/../lib/gcc/arm-none-eabi/12.3.1/thumb/v7e-m+fp/hard\libc_nano.a(libc_a-mlock.o)
 .ARM.attributes
                0x000002d8       0x34 c:/program files (x86)/arm gnu toolchain arm-none-eabi/12.3 rel1/bin/../lib/gcc/arm-none-eabi/12.3.1/thumb/v7e-m+fp/hard\libc_nano.a(libc_a-fflush.o)
 .ARM.attributes
                0x0000030c       0x34 c:/program files (x86)/arm gnu toolchain arm-none-eabi/12.3 rel1/bin/../lib/gcc/arm-none-eabi/12.3.1/thumb/v7e-m+fp/hard\libc_nano.a(libc_a-findfp.o)
 .ARM.attributes
                0x00000340       0x34 c:/program files (x86)/arm gnu toolchain arm-none-eabi/12.3 rel1/bin/../lib/gcc/arm-none-eabi/12.3.1/thumb/v7e-m+fp/hard\libc_nano.a(libc_a-fwalk.o)
 .ARM.attributes
                0x00000374       0x34 c:/program files (x86)/arm gnu toolchain arm-none-eabi/12.3 rel1/bin/../lib/gcc/arm-none-eabi/12.3.1/thumb/v7e-m+fp/hard\libc_nano.a(libc_a-makebuf.o)
 .ARM.attributes
                0x000003a8       0x34 c:/program files (x86)/arm gnu toolchain arm-none-eabi/12.3 rel1/bin/../lib/gcc/arm-none-eabi/12.3.1/thumb/v7e-m+fp/hard\libc_nano.a(libc_a-stdio.o)
 .ARM.attributes
                0x000003dc       0x34 c:/program files (x86)/arm gnu toolchain arm-none-eabi/12.3 rel1/bin/../lib/gcc/arm-none-eabi/12.3.1/thumb/v7e-m+fp/hard\libc_nano.a(libc_a-closer.o)
 .ARM.attributes
                0x00000410       0x34 c:/program files (x86)/arm gnu toolchain arm-none-eabi/12.3 rel1/bin/../lib/gcc/arm-none-eabi/12.3.1/thumb/v7e-m+fp/hard\libc_nano.a(libc_a-reent.o)
 .ARM.attributes
                0x00000444       0x34 c:/program files (x86)/arm gnu toolchain arm-none-eabi/12.3 rel1/bin/../lib/gcc/arm-none-eabi/12.3.1/thumb/v7e-m+fp/hard\libc_nano.a(libc_a-fstatr.o)
 .ARM.attributes
                0x00000478       0x34 c:/program files (x86)/arm gnu toolchain arm-none-eabi/12.3 rel1/bin/../lib/gcc/arm-none-eabi/12.3.1/thumb/v7e-m+fp/hard\libc_nano.a(libc_a-isattyr.o)
 .ARM.attributes
                0x000004ac       0x34 c:/program files (x86)/arm gnu toolchain arm-none-eabi/12.3 rel1/bin/../lib/gcc/arm-none-eabi/12.3.1/thumb/v7e-m+fp/hard\libc_nano.a(libc_a-lseekr.o)
 .ARM.attributes
                0x000004e0       0x34 c:/program files (x86)/arm gnu toolchain arm-none-eabi/12.3 rel1/bin/../lib/gcc/arm-none-eabi/12.3.1/thumb/v7e-m+fp/hard\libc_nano.a(libc_a-readr.o)
 .ARM.attributes
                0x00000514       0x34 c:/program files (x86)/arm gnu toolchain arm-none-eabi/12.3 rel1/bin/../lib/gcc/arm-none-eabi/12.3.1/thumb/v7e-m+fp/hard\libc_nano.a(libc_a-sbrkr.o)
 .ARM.attributes
                0x00000548       0x34 c:/program files (x86)/arm gnu toolchain arm-none-eabi/12.3 rel1/bin/../lib/gcc/arm-none-eabi/12.3.1/thumb/v7e-m+fp/hard\libc_nano.a(libc_a-writer.o)

.debug_frame    0x00000000      0xa2c
 .debug_frame   0x00000000      0x11c C:\Users\lukem\AppData\Local\Temp\ccx7AUYS.o
 .debug_frame   0x0000011c       0x20 C:\Users\lukem\AppData\Local\Temp\ccYqnY84.o
 .debug_frame   0x0000013c      0x108 C:\Users\lukem\AppData\Local\Temp\ccjFMgwD.o
 .debug_frame   0x00000244      0x170 C:\Users\lukem\AppData\Local\Temp\ccG2XlnC.o
 .debug_frame   0x000003b4       0x3c c:/program files (x86)/arm gnu toolchain arm-none-eabi/12.3 rel1/bin/../lib/gcc/arm-none-eabi/12.3.1/thumb/v7e-m+fp/hard\libc_nano.a(libc_a-puts.o)
 .debug_frame   0x000003f0       0x40 c:/program files (x86)/arm gnu toolchain arm-none-eabi/12.3 rel1/bin/../lib/gcc/arm-none-eabi/12.3.1/thumb/v7e-m+fp/hard\libc_nano.a(libc_a-wbuf.o)
 .debug_frame   0x00000430       0x2c c:/program files (x86)/arm gnu toolchain arm-none-eabi/12.3 rel1/bin/../lib/gcc/arm-none-eabi/12.3.1/thumb/v7e-m+fp/hard\libc_nano.a(libc_a-wsetup.o)
 .debug_frame   0x0000045c       0x20 c:/program files (x86)/arm gnu toolchain arm-none-eabi/12.3 rel1/bin/../lib/gcc/arm-none-eabi/12.3.1/thumb/v7e-m+fp/hard\libc_nano.a(libc_a-memset.o)
 .debug_frame   0x0000047c       0xb0 c:/program files (x86)/arm gnu toolchain arm-none-eabi/12.3 rel1/bin/../lib/gcc/arm-none-eabi/12.3.1/thumb/v7e-m+fp/hard\libc_nano.a(libc_a-lock.o)
 .debug_frame   0x0000052c       0x28 c:/program files (x86)/arm gnu toolchain arm-none-eabi/12.3 rel1/bin/../lib/gcc/arm-none-eabi/12.3.1/thumb/v7e-m+fp/hard\libc_nano.a(libc_a-memcpy-stub.o)
 .debug_frame   0x00000554       0x38 c:/program files (x86)/arm gnu toolchain arm-none-eabi/12.3 rel1/bin/../lib/gcc/arm-none-eabi/12.3.1/thumb/v7e-m+fp/hard\libc_nano.a(libc_a-freer.o)
 .debug_frame   0x0000058c       0x50 c:/program files (x86)/arm gnu toolchain arm-none-eabi/12.3 rel1/bin/../lib/gcc/arm-none-eabi/12.3.1/thumb/v7e-m+fp/hard\libc_nano.a(libc_a-mallocr.o)
 .debug_frame   0x000005dc       0x30 c:/program files (x86)/arm gnu toolchain arm-none-eabi/12.3 rel1/bin/../lib/gcc/arm-none-eabi/12.3.1/thumb/v7e-m+fp/hard\libc_nano.a(libc_a-mlock.o)
 .debug_frame   0x0000060c       0x5c c:/program files (x86)/arm gnu toolchain arm-none-eabi/12.3 rel1/bin/../lib/gcc/arm-none-eabi/12.3.1/thumb/v7e-m+fp/hard\libc_nano.a(libc_a-fflush.o)
 .debug_frame   0x00000668      0x144 c:/program files (x86)/arm gnu toolchain arm-none-eabi/12.3 rel1/bin/../lib/gcc/arm-none-eabi/12.3.1/thumb/v7e-m+fp/hard\libc_nano.a(libc_a-findfp.o)
 .debug_frame   0x000007ac       0x34 c:/program files (x86)/arm gnu toolchain arm-none-eabi/12.3 rel1/bin/../lib/gcc/arm-none-eabi/12.3.1/thumb/v7e-m+fp/hard\libc_nano.a(libc_a-fwalk.o)
 .debug_frame   0x000007e0       0x58 c:/program files (x86)/arm gnu toolchain arm-none-eabi/12.3 rel1/bin/../lib/gcc/arm-none-eabi/12.3.1/thumb/v7e-m+fp/hard\libc_nano.a(libc_a-makebuf.o)
 .debug_frame   0x00000838       0x88 c:/program files (x86)/arm gnu toolchain arm-none-eabi/12.3 rel1/bin/../lib/gcc/arm-none-eabi/12.3.1/thumb/v7e-m+fp/hard\libc_nano.a(libc_a-stdio.o)
 .debug_frame   0x000008c0       0x2c c:/program files (x86)/arm gnu toolchain arm-none-eabi/12.3 rel1/bin/../lib/gcc/arm-none-eabi/12.3.1/thumb/v7e-m+fp/hard\libc_nano.a(libc_a-closer.o)
 .debug_frame   0x000008ec       0x38 c:/program files (x86)/arm gnu toolchain arm-none-eabi/12.3 rel1/bin/../lib/gcc/arm-none-eabi/12.3.1/thumb/v7e-m+fp/hard\libc_nano.a(libc_a-reent.o)
 .debug_frame   0x00000924       0x2c c:/program files (x86)/arm gnu toolchain arm-none-eabi/12.3 rel1/bin/../lib/gcc/arm-none-eabi/12.3.1/thumb/v7e-m+fp/hard\libc_nano.a(libc_a-fstatr.o)
 .debug_frame   0x00000950       0x2c c:/program files (x86)/arm gnu toolchain arm-none-eabi/12.3 rel1/bin/../lib/gcc/arm-none-eabi/12.3.1/thumb/v7e-m+fp/hard\libc_nano.a(libc_a-isattyr.o)
 .debug_frame   0x0000097c       0x2c c:/program files (x86)/arm gnu toolchain arm-none-eabi/12.3 rel1/bin/../lib/gcc/arm-none-eabi/12.3.1/thumb/v7e-m+fp/hard\libc_nano.a(libc_a-lseekr.o)
 .debug_frame   0x000009a8       0x2c c:/program files (x86)/arm gnu toolchain arm-none-eabi/12.3 rel1/bin/../lib/gcc/arm-none-eabi/12.3.1/thumb/v7e-m+fp/hard\libc_nano.a(libc_a-readr.o)
 .debug_frame   0x000009d4       0x2c c:/program files (x86)/arm gnu toolchain arm-none-eabi/12.3 rel1/bin/../lib/gcc/arm-none-eabi/12.3.1/thumb/v7e-m+fp/hard\libc_nano.a(libc_a-sbrkr.o)
 .debug_frame   0x00000a00       0x2c c:/program files (x86)/arm gnu toolchain arm-none-eabi/12.3 rel1/bin/../lib/gcc/arm-none-eabi/12.3.1/thumb/v7e-m+fp/hard\libc_nano.a(libc_a-writer.o)
