Archive member included to satisfy reference by file (symbol)

/opt/arm-none-eabi/bin/../lib/gcc/arm-none-eabi/13.2.1/../../../../arm-none-eabi/lib/thumb/v7e-m+fp/hard/libm.a(libm_a-s_trunc.o)
                              /tmp/ccaLDv6X.o (trunc)
/opt/arm-none-eabi/bin/../lib/gcc/arm-none-eabi/13.2.1/../../../../arm-none-eabi/lib/thumb/v7e-m+fp/hard/libm.a(libm_a-w_sqrt.o)
                              /tmp/ccXeOzto.o (sqrt)
/opt/arm-none-eabi/bin/../lib/gcc/arm-none-eabi/13.2.1/../../../../arm-none-eabi/lib/thumb/v7e-m+fp/hard/libm.a(libm_a-powl.o)
                              /tmp/ccWbxyyF.o (powl)
/opt/arm-none-eabi/bin/../lib/gcc/arm-none-eabi/13.2.1/../../../../arm-none-eabi/lib/thumb/v7e-m+fp/hard/libm.a(libm_a-e_sqrt.o)
                              /opt/arm-none-eabi/bin/../lib/gcc/arm-none-eabi/13.2.1/../../../../arm-none-eabi/lib/thumb/v7e-m+fp/hard/libm.a(libm_a-w_sqrt.o) (__ieee754_sqrt)
/opt/arm-none-eabi/bin/../lib/gcc/arm-none-eabi/13.2.1/../../../../arm-none-eabi/lib/thumb/v7e-m+fp/hard/libm.a(libm_a-w_pow.o)
                              /tmp/ccXeOzto.o (pow)
/opt/arm-none-eabi/bin/../lib/gcc/arm-none-eabi/13.2.1/../../../../arm-none-eabi/lib/thumb/v7e-m+fp/hard/libm.a(libm_a-s_finite.o)
                              /opt/arm-none-eabi/bin/../lib/gcc/arm-none-eabi/13.2.1/../../../../arm-none-eabi/lib/thumb/v7e-m+fp/hard/libm.a(libm_a-w_pow.o) (finite)
/opt/arm-none-eabi/bin/../lib/gcc/arm-none-eabi/13.2.1/../../../../arm-none-eabi/lib/thumb/v7e-m+fp/hard/libm.a(libm_a-e_pow.o)
                              /opt/arm-none-eabi/bin/../lib/gcc/arm-none-eabi/13.2.1/../../../../arm-none-eabi/lib/thumb/v7e-m+fp/hard/libm.a(libm_a-w_pow.o) (__ieee754_pow)
/opt/arm-none-eabi/bin/../lib/gcc/arm-none-eabi/13.2.1/../../../../arm-none-eabi/lib/thumb/v7e-m+fp/hard/libm.a(libm_a-math_err.o)
                              /opt/arm-none-eabi/bin/../lib/gcc/arm-none-eabi/13.2.1/../../../../arm-none-eabi/lib/thumb/v7e-m+fp/hard/libm.a(libm_a-e_pow.o) (__math_uflow)
/opt/arm-none-eabi/bin/../lib/gcc/arm-none-eabi/13.2.1/../../../../arm-none-eabi/lib/thumb/v7e-m+fp/hard/libm.a(libm_a-s_fabs.o)
                              /opt/arm-none-eabi/bin/../lib/gcc/arm-none-eabi/13.2.1/../../../../arm-none-eabi/lib/thumb/v7e-m+fp/hard/libm.a(libm_a-e_pow.o) (fabs)
/opt/arm-none-eabi/bin/../lib/gcc/arm-none-eabi/13.2.1/../../../../arm-none-eabi/lib/thumb/v7e-m+fp/hard/libm.a(libm_a-s_scalbn.o)
                              /opt/arm-none-eabi/bin/../lib/gcc/arm-none-eabi/13.2.1/../../../../arm-none-eabi/lib/thumb/v7e-m+fp/hard/libm.a(libm_a-e_pow.o) (scalbn)
/opt/arm-none-eabi/bin/../lib/gcc/arm-none-eabi/13.2.1/../../../../arm-none-eabi/lib/thumb/v7e-m+fp/hard/libc_nano.a(libc_a-printf.o)
                              /tmp/ccaLDv6X.o (printf)
/opt/arm-none-eabi/bin/../lib/gcc/arm-none-eabi/13.2.1/../../../../arm-none-eabi/lib/thumb/v7e-m+fp/hard/libc_nano.a(libc_a-nano-vfprintf.o)
                              /opt/arm-none-eabi/bin/../lib/gcc/arm-none-eabi/13.2.1/../../../../arm-none-eabi/lib/thumb/v7e-m+fp/hard/libc_nano.a(libc_a-printf.o) (_vfprintf_r)
/opt/arm-none-eabi/bin/../lib/gcc/arm-none-eabi/13.2.1/../../../../arm-none-eabi/lib/thumb/v7e-m+fp/hard/libc_nano.a(libc_a-wbuf.o)
                              /opt/arm-none-eabi/bin/../lib/gcc/arm-none-eabi/13.2.1/../../../../arm-none-eabi/lib/thumb/v7e-m+fp/hard/libc_nano.a(libc_a-nano-vfprintf.o) (__swbuf_r)
/opt/arm-none-eabi/bin/../lib/gcc/arm-none-eabi/13.2.1/../../../../arm-none-eabi/lib/thumb/v7e-m+fp/hard/libc_nano.a(libc_a-wsetup.o)
                              /opt/arm-none-eabi/bin/../lib/gcc/arm-none-eabi/13.2.1/../../../../arm-none-eabi/lib/thumb/v7e-m+fp/hard/libc_nano.a(libc_a-nano-vfprintf.o) (__swsetup_r)
/opt/arm-none-eabi/bin/../lib/gcc/arm-none-eabi/13.2.1/../../../../arm-none-eabi/lib/thumb/v7e-m+fp/hard/libc_nano.a(libc_a-putchar.o)
                              /tmp/ccaLDv6X.o (putchar)
/opt/arm-none-eabi/bin/../lib/gcc/arm-none-eabi/13.2.1/../../../../arm-none-eabi/lib/thumb/v7e-m+fp/hard/libc_nano.a(libc_a-nano-vfprintf_i.o)
                              /opt/arm-none-eabi/bin/../lib/gcc/arm-none-eabi/13.2.1/../../../../arm-none-eabi/lib/thumb/v7e-m+fp/hard/libc_nano.a(libc_a-nano-vfprintf.o) (_printf_i)
/opt/arm-none-eabi/bin/../lib/gcc/arm-none-eabi/13.2.1/../../../../arm-none-eabi/lib/thumb/v7e-m+fp/hard/libc_nano.a(libc_a-puts.o)
                              /tmp/ccaLDv6X.o (puts)
/opt/arm-none-eabi/bin/../lib/gcc/arm-none-eabi/13.2.1/../../../../arm-none-eabi/lib/thumb/v7e-m+fp/hard/libc_nano.a(libc_a-impure.o)
                              /opt/arm-none-eabi/bin/../lib/gcc/arm-none-eabi/13.2.1/../../../../arm-none-eabi/lib/thumb/v7e-m+fp/hard/libc_nano.a(libc_a-printf.o) (_impure_ptr)
/opt/arm-none-eabi/bin/../lib/gcc/arm-none-eabi/13.2.1/../../../../arm-none-eabi/lib/thumb/v7e-m+fp/hard/libc_nano.a(libc_a-fflush.o)
[...]
Memory Configuration

Name             Origin             Length             Attributes
flash            0x08000000         0x00200000         xr
sram             0x20000000         0x00030000         xrw
*default*        0x00000000         0xffffffff

Linker script and memory map

LOAD /tmp/ccaLDv6X.o
LOAD /tmp/ccBW1AWB.o
LOAD /tmp/ccB3X55c.o
LOAD /tmp/ccB91kAa.o
LOAD /tmp/ccPiYT9E.o
LOAD /tmp/ccMmddVE.o
LOAD /tmp/ccxDEJu5.o
LOAD /tmp/ccNb4Av8.o
LOAD /tmp/ccXeOzto.o
LOAD /tmp/ccWbxyyF.o
LOAD /opt/arm-none-eabi/bin/../lib/gcc/arm-none-eabi/13.2.1/../../../../arm-none-eabi/lib/thumb/v7e-m+fp/hard/libm.a
LOAD /opt/arm-none-eabi/bin/../lib/gcc/arm-none-eabi/13.2.1/../../../../arm-none-eabi/lib/thumb/v7e-m+fp/hard/libc_nano.a
LOAD /opt/arm-none-eabi/bin/../lib/gcc/arm-none-eabi/13.2.1/thumb/v7e-m+fp/hard/libgcc.a
                0x20030000                        _estack = (ORIGIN (sram) + LENGTH (sram))

.vectors        0x08000000      0x1bc
 *(.vectors)
 .vectors       0x08000000      0x1bc /tmp/ccBW1AWB.o
                0x08000000                tab

.text           0x080001c0     0x7284
 *(.text*)
 .text.get_time_us
                0x080001c0       0x14 /tmp/ccaLDv6X.o
 .text.delay_microseconds
                0x080001d4       0x2a /tmp/ccaLDv6X.o
 *fill*         0x080001fe        0x2 
 .text.gpio_set_mode
                0x08000200       0x78 /tmp/ccaLDv6X.o
 .text.gpio_write
                0x08000278       0x4c /tmp/ccaLDv6X.o
 .text.gpio_read
                0x080002c4       0x40 /tmp/ccaLDv6X.o
 .text.get_bit  0x08000304       0x40 /tmp/ccaLDv6X.o
 .text.zip      0x08000344      0x694 /tmp/ccaLDv6X.o
 .text.unzip    0x080009d8      0x790 /tmp/ccaLDv6X.o
 .text.print_byte
                0x08001168       0x50 /tmp/ccaLDv6X.o
 .text._memset  0x080011b8       0x3a /tmp/ccaLDv6X.o
 *fill*         0x080011f2        0x2 
 .text.wait_for_ready_flag
                0x080011f4       0x54 /tmp/ccaLDv6X.o
 .text.set_pin_modes
                0x08001248       0xb4 /tmp/ccaLDv6X.o
 .text.set_control_pins
                0x080012fc       0xbc /tmp/ccaLDv6X.o
 .text.set_data_pins
                0x080013b8      0x108 /tmp/ccaLDv6X.o
 .text.send_byte_to_flash
                0x080014c0       0x36 /tmp/ccaLDv6X.o
 *fill*         0x080014f6        0x2 
 .text.receive_byte_from_flash
                0x080014f8      0x110 /tmp/ccaLDv6X.o
 .text.send_addr_to_flash
                0x08001608       0xb0 /tmp/ccaLDv6X.o
 .text.read_flash_ID
                0x080016b8       0x9c /tmp/ccaLDv6X.o
 .text.read_frame
                0x08001754       0x5a /tmp/ccaLDv6X.o
 *fill*         0x080017ae        0x2 
 .text.write_frame
                0x080017b0       0x78 /tmp/ccaLDv6X.o
 .text.max      0x08001828       0x28 /tmp/ccaLDv6X.o
 .text.diff     0x08001850       0x2a /tmp/ccaLDv6X.o
 .text.get_next_available_frame_addr
                0x0800187a       0xbe /tmp/ccaLDv6X.o
 .text.init_flash
                0x08001938      0x140 /tmp/ccaLDv6X.o
 .text.calculate_CRC
                0x08001a78       0x88 /tmp/ccaLDv6X.o
 .text.encode_parity
                0x08001b00       0x5e /tmp/ccaLDv6X.o
 *fill*         0x08001b5e        0x2 
 .text.log_frame
                0x08001b60       0x90 /tmp/ccaLDv6X.o
 .text.SysTick_Handler
                0x08001bf0       0x1c /tmp/ccaLDv6X.o
                0x08001bf0                SysTick_Handler
 .text.get_frame_array
                0x08001c0c      0x118 /tmp/ccaLDv6X.o
                0x08001c0c                get_frame_array
 .text.update_sensors
                0x08001d24       0x7c /tmp/ccaLDv6X.o
                0x08001d24                update_sensors
 .text.main     0x08001da0      0x88c /tmp/ccaLDv6X.o
                0x08001da0                main
 .text._reset   0x0800262c       0x44 /tmp/ccBW1AWB.o
                0x0800262c                _reset
 .text.spin     0x08002670       0x24 /tmp/ccB3X55c.o
 .text.uart_write_byte
                0x08002694       0x32 /tmp/ccB3X55c.o
 .text.uart_write_buf
                0x080026c6       0x32 /tmp/ccB3X55c.o
 .text._fstat   0x080026f8       0x2c /tmp/ccB3X55c.o
                0x080026f8                _fstat
 .text._sbrk    0x08002724       0x40 /tmp/ccB3X55c.o
                0x08002724                _sbrk
 .text._close   0x08002764       0x18 /tmp/ccB3X55c.o
                0x08002764                _close
 .text._isatty  0x0800277c       0x16 /tmp/ccB3X55c.o
                0x0800277c                _isatty
 .text._lseek   0x08002792       0x1a /tmp/ccB3X55c.o
                0x08002792                _lseek
 .text._read    0x080027ac       0x1c /tmp/ccB3X55c.o
                0x080027ac                _read
 .text._write   0x080027c8       0x30 /tmp/ccB3X55c.o
                0x080027c8                _write
 .text.delay_ms
                0x080027f8       0x30 /tmp/ccB91kAa.o
 .text.systick_init
                0x08002828       0x58 /tmp/ccB91kAa.o
 .text.gpio_set_mode
                0x08002880       0x78 /tmp/ccB91kAa.o
 .text.gpio_set_af
                0x080028f8       0x82 /tmp/ccB91kAa.o
 .text.gpio_write
                0x0800297a       0x4c /tmp/ccB91kAa.o
 *fill*         0x080029c6        0x2 
 .text.uart_init
                0x080029c8      0x12c /tmp/ccB91kAa.o
 .text.spi_init
                0x08002af4      0x19c /tmp/ccB91kAa.o
 .text.pwr_vdd2_init
                0x08002c90       0x30 /tmp/ccB91kAa.o
 .text.STM32_init
                0x08002cc0       0x3c /tmp/ccB91kAa.o
                0x08002cc0                STM32_init
 .text.STM32_init_clock
                0x08002cfc       0xc4 /tmp/ccB91kAa.o
                0x08002cfc                STM32_init_clock
 .text.init_delay_timer
                0x08002dc0       0x50 /tmp/ccB91kAa.o
                0x08002dc0                init_delay_timer
 .text.STM32_init_internals
                0x08002e10       0x38 /tmp/ccB91kAa.o
                0x08002e10                STM32_init_internals
 .text.STM32_init_peripherals
                0x08002e48        0xe /tmp/ccB91kAa.o
                0x08002e48                STM32_init_peripherals
 .text.STM32_beep_buzzer
                0x08002e56       0x4c /tmp/ccB91kAa.o
                0x08002e56                STM32_beep_buzzer
 .text.STM32_indicate_on
                0x08002ea2       0x56 /tmp/ccB91kAa.o
                0x08002ea2                STM32_indicate_on
 .text.get_time_us
                0x08002ef8       0x14 /tmp/ccPiYT9E.o
 .text.delay_microseconds
                0x08002f0c       0x2a /tmp/ccPiYT9E.o
 .text.gpio_write
                0x08002f36       0x4c /tmp/ccPiYT9E.o
 .text.spi_ready_read
                0x08002f82       0x32 /tmp/ccPiYT9E.o
 .text.spi_ready_write
                0x08002fb4       0x24 /tmp/ccPiYT9E.o
 .text.spi_enable_cs
                0x08002fd8       0x28 /tmp/ccPiYT9E.o
 .text.spi_disable_cs
                0x08003000       0x28 /tmp/ccPiYT9E.o
 .text.spi_transmit
                0x08003028       0x36 /tmp/ccPiYT9E.o
 .text.spi_transmit_receive
                0x0800305e       0xb8 /tmp/ccPiYT9E.o
 *fill*         0x08003116        0x2 
 .text.MS5611_init
                0x08003118       0x64 /tmp/ccPiYT9E.o
                0x08003118                MS5611_init
 .text.MS5611_read_PROM
                0x0800317c       0x70 /tmp/ccPiYT9E.o
                0x0800317c                MS5611_read_PROM
 .text.MS5611_get_data
                0x080031ec      0x264 /tmp/ccPiYT9E.o
                0x080031ec                MS5611_get_data
 .text.delay_ms
                0x08003450       0x30 /tmp/ccxDEJu5.o
 .text.gpio_write
                0x08003480       0x4c /tmp/ccxDEJu5.o
 .text.spi_ready_read
                0x080034cc       0x32 /tmp/ccxDEJu5.o
 .text.spi_ready_write
                0x080034fe       0x24 /tmp/ccxDEJu5.o
 *fill*         0x08003522        0x2 
 .text.spi_enable_cs
                0x08003524       0x28 /tmp/ccxDEJu5.o
 .text.spi_disable_cs
                0x0800354c       0x28 /tmp/ccxDEJu5.o
 .text.spi_transmit
                0x08003574       0x36 /tmp/ccxDEJu5.o
 .text.spi_transmit_receive
                0x080035aa       0xb8 /tmp/ccxDEJu5.o
 *fill*         0x08003662        0x2 
 .text.ADXL375_init
                0x08003664       0xa4 /tmp/ccxDEJu5.o
                0x08003664                ADXL375_init
 .text.ADXL375_get_data
                0x08003708       0xe8 /tmp/ccxDEJu5.o
                0x08003708                ADXL375_get_data
 .text.ADXL375_reg_write
                0x080037f0       0x54 /tmp/ccxDEJu5.o
                0x080037f0                ADXL375_reg_write
 .text.ADXL375_reg_read
                0x08003844       0x78 /tmp/ccxDEJu5.o
                0x08003844                ADXL375_reg_read
 .text.init_buffer
                0x080038bc       0x3e /tmp/ccXeOzto.o
                0x080038bc                init_buffer
 .text.cmpfunc  0x080038fa       0x20 /tmp/ccXeOzto.o
                0x080038fa                cmpfunc
 *fill*         0x0800391a        0x2 
 .text.get_median
                0x0800391c       0x4c /tmp/ccXeOzto.o
                0x0800391c                get_median
 .text.set_ground_reference
                0x08003968       0x58 /tmp/ccXeOzto.o
                0x08003968                set_ground_reference
 .text.update_buffer
                0x080039c0      0x104 /tmp/ccXeOzto.o
                0x080039c0                update_buffer
 *fill*         0x08003ac4        0x4 
 .text.is_stationary
                0x08003ac8       0xf8 /tmp/ccXeOzto.o
                0x08003ac8                is_stationary
 .text.get_time_us
                0x08003bc0       0x14 /tmp/ccWbxyyF.o
 .text.delay_microseconds
                0x08003bd4       0x2a /tmp/ccWbxyyF.o
 *fill*         0x08003bfe        0x2 
 .text.delay_ms
                0x08003c00       0x30 /tmp/ccWbxyyF.o
 .text.gpio_write
                0x08003c30       0x4c /tmp/ccWbxyyF.o
 .text.spi_ready_read
                0x08003c7c       0x32 /tmp/ccWbxyyF.o
 .text.spi_ready_write
                0x08003cae       0x24 /tmp/ccWbxyyF.o
 *fill*         0x08003cd2        0x2 
 .text.spi_enable_cs
                0x08003cd4       0x28 /tmp/ccWbxyyF.o
 .text.spi_disable_cs
                0x08003cfc       0x28 /tmp/ccWbxyyF.o
 .text.spi_transmit
                0x08003d24       0x36 /tmp/ccWbxyyF.o
 .text.spi_transmit_receive
                0x08003d5a       0xb8 /tmp/ccWbxyyF.o
 *fill*         0x08003e12        0x2 
 .text.Lsm6ds3Init
                0x08003e14       0xa8 /tmp/ccWbxyyF.o
                0x08003e14                Lsm6ds3Init
 .text.Lsm6ds3WriteRegister
                0x08003ebc       0x74 /tmp/ccWbxyyF.o
 .text.Lsm6ds3WriteRegisterBits
                0x08003f30       0x94 /tmp/ccWbxyyF.o
 .text.Lsm6ds3Config
                0x08003fc4       0x7e /tmp/ccWbxyyF.o
                0x08003fc4                Lsm6ds3Config
 *fill*         0x08004042        0x2 
 .text.Lsm6ds3AccRead
                0x08004044       0xfc /tmp/ccWbxyyF.o
                0x08004044                Lsm6ds3AccRead
 .text.Lsm6ds3GyroRead
                0x08004140       0xe2 /tmp/ccWbxyyF.o
                0x08004140                Lsm6ds3GyroRead
 *fill*         0x08004222        0x2 
 .text.Lsm6ds3GyroOffsets
                0x08004224      0x224 /tmp/ccWbxyyF.o
                0x08004224                Lsm6ds3GyroOffsets
 .text.Lsmds3GyroStandardDev
                0x08004448      0x27c /tmp/ccWbxyyF.o
                0x08004448                Lsmds3GyroStandardDev
 .text.sqrt     0x080046c4       0x68 /opt/arm-none-eabi/bin/../lib/gcc/arm-none-eabi/13.2.1/../../../../arm-none-eabi/lib/thumb/v7e-m+fp/hard/libm.a(libm_a-w_sqrt.o)
                0x080046c4                sqrt
 .text.powl     0x0800472c        0x4 /opt/arm-none-eabi/bin/../lib/gcc/arm-none-eabi/13.2.1/../../../../arm-none-eabi/lib/thumb/v7e-m+fp/hard/libm.a(libm_a-powl.o)
                0x0800472c                powl
 .text.__ieee754_sqrt
                0x08004730      0x1f4 /opt/arm-none-eabi/bin/../lib/gcc/arm-none-eabi/13.2.1/../../../../arm-none-eabi/lib/thumb/v7e-m+fp/hard/libm.a(libm_a-e_sqrt.o)
                0x08004730                __ieee754_sqrt
 *fill*         0x08004924        0x4 
 .text.pow      0x08004928       0xf0 /opt/arm-none-eabi/bin/../lib/gcc/arm-none-eabi/13.2.1/../../../../arm-none-eabi/lib/thumb/v7e-m+fp/hard/libm.a(libm_a-w_pow.o)
                0x08004928                pow
 .text.finite   0x08004a18       0x18 /opt/arm-none-eabi/bin/../lib/gcc/arm-none-eabi/13.2.1/../../../../arm-none-eabi/lib/thumb/v7e-m+fp/hard/libm.a(libm_a-s_finite.o)
                0x08004a18                finite
 .text.__ieee754_pow
                0x08004a30      0xc14 /opt/arm-none-eabi/bin/../lib/gcc/arm-none-eabi/13.2.1/../../../../arm-none-eabi/lib/thumb/v7e-m+fp/hard/libm.a(libm_a-e_pow.o)
                0x08004a30                __ieee754_pow
 .text.with_errno
                0x08005644       0x24 /opt/arm-none-eabi/bin/../lib/gcc/arm-none-eabi/13.2.1/../../../../arm-none-eabi/lib/thumb/v7e-m+fp/hard/libm.a(libm_a-math_err.o)
 .text.xflow    0x08005668       0x34 /opt/arm-none-eabi/bin/../lib/gcc/arm-none-eabi/13.2.1/../../../../arm-none-eabi/lib/thumb/v7e-m+fp/hard/libm.a(libm_a-math_err.o)
 *fill*         0x0800569c        0x4 
 .text.__math_uflow
                0x080056a0       0x10 /opt/arm-none-eabi/bin/../lib/gcc/arm-none-eabi/13.2.1/../../../../arm-none-eabi/lib/thumb/v7e-m+fp/hard/libm.a(libm_a-math_err.o)
                0x080056a0                __math_uflow
 .text.__math_oflow
                0x080056b0       0x10 /opt/arm-none-eabi/bin/../lib/gcc/arm-none-eabi/13.2.1/../../../../arm-none-eabi/lib/thumb/v7e-m+fp/hard/libm.a(libm_a-math_err.o)
                0x080056b0                __math_oflow
 .text.fabs     0x080056c0       0x10 /opt/arm-none-eabi/bin/../lib/gcc/arm-none-eabi/13.2.1/../../../../arm-none-eabi/lib/thumb/v7e-m+fp/hard/libm.a(libm_a-s_fabs.o)
                0x080056c0                fabs
 .text.scalbn   0x080056d0      0x114 /opt/arm-none-eabi/bin/../lib/gcc/arm-none-eabi/13.2.1/../../../../arm-none-eabi/lib/thumb/v7e-m+fp/hard/libm.a(libm_a-s_scalbn.o)
                0x080056d0                scalbn
 .text.printf   0x080057e4       0x24 /opt/arm-none-eabi/bin/../lib/gcc/arm-none-eabi/13.2.1/../../../../arm-none-eabi/lib/thumb/v7e-m+fp/hard/libc_nano.a(libc_a-printf.o)
                0x080057e4                printf
                0x080057e4                iprintf
 .text.__sfputc_r
                0x08005808       0x2e /opt/arm-none-eabi/bin/../lib/gcc/arm-none-eabi/13.2.1/../../../../arm-none-eabi/lib/thumb/v7e-m+fp/hard/libc_nano.a(libc_a-nano-vfprintf.o)
 .text.__sfputs_r
                0x08005836       0x24 /opt/arm-none-eabi/bin/../lib/gcc/arm-none-eabi/13.2.1/../../../../arm-none-eabi/lib/thumb/v7e-m+fp/hard/libc_nano.a(libc_a-nano-vfprintf.o)
                0x08005836                __sfputs_r
 *fill*         0x0800585a        0x2 
 .text._vfprintf_r
                0x0800585c      0x230 /opt/arm-none-eabi/bin/../lib/gcc/arm-none-eabi/13.2.1/../../../../arm-none-eabi/lib/thumb/v7e-m+fp/hard/libc_nano.a(libc_a-nano-vfprintf.o)
                0x0800585c                _vfiprintf_r
                0x0800585c                _vfprintf_r
 .text.__swbuf_r
                0x08005a8c       0x7c /opt/arm-none-eabi/bin/../lib/gcc/arm-none-eabi/13.2.1/../../../../arm-none-eabi/lib/thumb/v7e-m+fp/hard/libc_nano.a(libc_a-wbuf.o)
                0x08005a8c                __swbuf_r
 .text.__swsetup_r
                0x08005b08       0xac /opt/arm-none-eabi/bin/../lib/gcc/arm-none-eabi/13.2.1/../../../../arm-none-eabi/lib/thumb/v7e-m+fp/hard/libc_nano.a(libc_a-wsetup.o)
                0x08005b08                __swsetup_r
 .text._printf_common
                0x08005bb4       0xda /opt/arm-none-eabi/bin/../lib/gcc/arm-none-eabi/13.2.1/../../../../arm-none-eabi/lib/thumb/v7e-m+fp/hard/libc_nano.a(libc_a-nano-vfprintf_i.o)
                0x08005bb4                _printf_common
 *fill*         0x08005c8e        0x2 
 .text._printf_i
                0x08005c90      0x23c /opt/arm-none-eabi/bin/../lib/gcc/arm-none-eabi/13.2.1/../../../../arm-none-eabi/lib/thumb/v7e-m+fp/hard/libc_nano.a(libc_a-nano-vfprintf_i.o)
                0x08005c90                _printf_i
 .text._puts_r  0x08005ecc       0xaa /opt/arm-none-eabi/bin/../lib/gcc/arm-none-eabi/13.2.1/../../../../arm-none-eabi/lib/thumb/v7e-m+fp/hard/libc_nano.a(libc_a-puts.o)
                0x08005ecc                _puts_r
 *fill*         0x08005f76        0x2 
 .text.puts     0x08005f78       0x10 /opt/arm-none-eabi/bin/../lib/gcc/arm-none-eabi/13.2.1/../../../../arm-none-eabi/lib/thumb/v7e-m+fp/hard/libc_nano.a(libc_a-puts.o)
                0x08005f78                puts
 .text.__sflush_r
                0x08005f88      0x108 /opt/arm-none-eabi/bin/../lib/gcc/arm-none-eabi/13.2.1/../../../../arm-none-eabi/lib/thumb/v7e-m+fp/hard/libc_nano.a(libc_a-fflush.o)
                0x08005f88                __sflush_r
 .text._fflush_r
                0x08006090       0x50 /opt/arm-none-eabi/bin/../lib/gcc/arm-none-eabi/13.2.1/../../../../arm-none-eabi/lib/thumb/v7e-m+fp/hard/libc_nano.a(libc_a-fflush.o)
                0x08006090                _fflush_r
 .text          0x080060e0       0xa0 /opt/arm-none-eabi/bin/../lib/gcc/arm-none-eabi/13.2.1/../../../../arm-none-eabi/lib/thumb/v7e-m+fp/hard/libc_nano.a(libc_a-memchr.o)
                0x080060e0                memchr
 .text.memcpy   0x08006180       0x1c /opt/arm-none-eabi/bin/../lib/gcc/arm-none-eabi/13.2.1/../../../../arm-none-eabi/lib/thumb/v7e-m+fp/hard/libc_nano.a(libc_a-memcpy-stub.o)
                0x08006180                memcpy
 .text.std      0x0800619c       0x6c /opt/arm-none-eabi/bin/../lib/gcc/arm-none-eabi/13.2.1/../../../../arm-none-eabi/lib/thumb/v7e-m+fp/hard/libc_nano.a(libc_a-findfp.o)
 .text.stdio_exit_handler
                0x08006208       0x18 /opt/arm-none-eabi/bin/../lib/gcc/arm-none-eabi/13.2.1/../../../../arm-none-eabi/lib/thumb/v7e-m+fp/hard/libc_nano.a(libc_a-findfp.o)
 .text.cleanup_stdio
                0x08006220       0x40 /opt/arm-none-eabi/bin/../lib/gcc/arm-none-eabi/13.2.1/../../../../arm-none-eabi/lib/thumb/v7e-m+fp/hard/libc_nano.a(libc_a-findfp.o)
 .text.global_stdio_init.part.0
                0x08006260       0x3c /opt/arm-none-eabi/bin/../lib/gcc/arm-none-eabi/13.2.1/../../../../arm-none-eabi/lib/thumb/v7e-m+fp/hard/libc_nano.a(libc_a-findfp.o)
 .text.__sfp_lock_acquire
                0x0800629c        0xc /opt/arm-none-eabi/bin/../lib/gcc/arm-none-eabi/13.2.1/../../../../arm-none-eabi/lib/thumb/v7e-m+fp/hard/libc_nano.a(libc_a-findfp.o)
                0x0800629c                __sfp_lock_acquire
 .text.__sfp_lock_release
                0x080062a8        0xc /opt/arm-none-eabi/bin/../lib/gcc/arm-none-eabi/13.2.1/../../../../arm-none-eabi/lib/thumb/v7e-m+fp/hard/libc_nano.a(libc_a-findfp.o)
                0x080062a8                __sfp_lock_release
 .text.__sinit  0x080062b4       0x30 /opt/arm-none-eabi/bin/../lib/gcc/arm-none-eabi/13.2.1/../../../../arm-none-eabi/lib/thumb/v7e-m+fp/hard/libc_nano.a(libc_a-findfp.o)
                0x080062b4                __sinit
 .text.__sread  0x080062e4       0x22 /opt/arm-none-eabi/bin/../lib/gcc/arm-none-eabi/13.2.1/../../../../arm-none-eabi/lib/thumb/v7e-m+fp/hard/libc_nano.a(libc_a-stdio.o)
                0x080062e4                __sread
 .text.__swrite
                0x08006306       0x38 /opt/arm-none-eabi/bin/../lib/gcc/arm-none-eabi/13.2.1/../../../../arm-none-eabi/lib/thumb/v7e-m+fp/hard/libc_nano.a(libc_a-stdio.o)
                0x08006306                __swrite
 .text.__sseek  0x0800633e       0x24 /opt/arm-none-eabi/bin/../lib/gcc/arm-none-eabi/13.2.1/../../../../arm-none-eabi/lib/thumb/v7e-m+fp/hard/libc_nano.a(libc_a-stdio.o)
                0x0800633e                __sseek
 .text.__sclose
                0x08006362        0x8 /opt/arm-none-eabi/bin/../lib/gcc/arm-none-eabi/13.2.1/../../../../arm-none-eabi/lib/thumb/v7e-m+fp/hard/libc_nano.a(libc_a-stdio.o)
                0x08006362                __sclose
 *fill*         0x0800636a        0x2 
 .text._read_r  0x0800636c       0x24 /opt/arm-none-eabi/bin/../lib/gcc/arm-none-eabi/13.2.1/../../../../arm-none-eabi/lib/thumb/v7e-m+fp/hard/libc_nano.a(libc_a-readr.o)
                0x0800636c                _read_r
 .text.swapfunc
                0x08006390       0x32 /opt/arm-none-eabi/bin/../lib/gcc/arm-none-eabi/13.2.1/../../../../arm-none-eabi/lib/thumb/v7e-m+fp/hard/libc_nano.a(libc_a-qsort.o)
 .text.med3.constprop.0
                0x080063c2       0x40 /opt/arm-none-eabi/bin/../lib/gcc/arm-none-eabi/13.2.1/../../../../arm-none-eabi/lib/thumb/v7e-m+fp/hard/libc_nano.a(libc_a-qsort.o)
 .text.qsort    0x08006402      0x28e /opt/arm-none-eabi/bin/../lib/gcc/arm-none-eabi/13.2.1/../../../../arm-none-eabi/lib/thumb/v7e-m+fp/hard/libc_nano.a(libc_a-qsort.o)
                0x08006402                qsort
 .text._write_r
                0x08006690       0x24 /opt/arm-none-eabi/bin/../lib/gcc/arm-none-eabi/13.2.1/../../../../arm-none-eabi/lib/thumb/v7e-m+fp/hard/libc_nano.a(libc_a-writer.o)
                0x08006690                _write_r
 .text.__errno  0x080066b4        0xc /opt/arm-none-eabi/bin/../lib/gcc/arm-none-eabi/13.2.1/../../../../arm-none-eabi/lib/thumb/v7e-m+fp/hard/libc_nano.a(libc_a-errno.o)
                0x080066b4                __errno
 .text._fwalk_sglue
                0x080066c0       0x3c /opt/arm-none-eabi/bin/../lib/gcc/arm-none-eabi/13.2.1/../../../../arm-none-eabi/lib/thumb/v7e-m+fp/hard/libc_nano.a(libc_a-fwalk.o)
                0x080066c0                _fwalk_sglue
 .text.memset   0x080066fc       0x10 /opt/arm-none-eabi/bin/../lib/gcc/arm-none-eabi/13.2.1/../../../../arm-none-eabi/lib/thumb/v7e-m+fp/hard/libc_nano.a(libc_a-memset.o)
                0x080066fc                memset
 .text._free_r  0x0800670c       0x94 /opt/arm-none-eabi/bin/../lib/gcc/arm-none-eabi/13.2.1/../../../../arm-none-eabi/lib/thumb/v7e-m+fp/hard/libc_nano.a(libc_a-freer.o)
                0x0800670c                _free_r
 .text.__retarget_lock_init_recursive
                0x080067a0        0x2 /opt/arm-none-eabi/bin/../lib/gcc/arm-none-eabi/13.2.1/../../../../arm-none-eabi/lib/thumb/v7e-m+fp/hard/libc_nano.a(libc_a-lock.o)
                0x080067a0                __retarget_lock_init_recursive
 .text.__retarget_lock_acquire_recursive
                0x080067a2        0x2 /opt/arm-none-eabi/bin/../lib/gcc/arm-none-eabi/13.2.1/../../../../arm-none-eabi/lib/thumb/v7e-m+fp/hard/libc_nano.a(libc_a-lock.o)
                0x080067a2                __retarget_lock_acquire_recursive
 .text.__retarget_lock_release_recursive
                0x080067a4        0x2 /opt/arm-none-eabi/bin/../lib/gcc/arm-none-eabi/13.2.1/../../../../arm-none-eabi/lib/thumb/v7e-m+fp/hard/libc_nano.a(libc_a-lock.o)
                0x080067a4                __retarget_lock_release_recursive
 .text.__swhatbuf_r
                0x080067a6       0x4c /opt/arm-none-eabi/bin/../lib/gcc/arm-none-eabi/13.2.1/../../../../arm-none-eabi/lib/thumb/v7e-m+fp/hard/libc_nano.a(libc_a-makebuf.o)
                0x080067a6                __swhatbuf_r
 .text.__smakebuf_r
                0x080067f2       0x78 /opt/arm-none-eabi/bin/../lib/gcc/arm-none-eabi/13.2.1/../../../../arm-none-eabi/lib/thumb/v7e-m+fp/hard/libc_nano.a(libc_a-makebuf.o)
                0x080067f2                __smakebuf_r
 *fill*         0x0800686a        0x2 
 .text._close_r
                0x0800686c       0x20 /opt/arm-none-eabi/bin/../lib/gcc/arm-none-eabi/13.2.1/../../../../arm-none-eabi/lib/thumb/v7e-m+fp/hard/libc_nano.a(libc_a-closer.o)
                0x0800686c                _close_r
 .text.sbrk_aligned
                0x0800688c       0x44 /opt/arm-none-eabi/bin/../lib/gcc/arm-none-eabi/13.2.1/../../../../arm-none-eabi/lib/thumb/v7e-m+fp/hard/libc_nano.a(libc_a-mallocr.o)
 .text._malloc_r
                0x080068d0      0x100 /opt/arm-none-eabi/bin/../lib/gcc/arm-none-eabi/13.2.1/../../../../arm-none-eabi/lib/thumb/v7e-m+fp/hard/libc_nano.a(libc_a-mallocr.o)
                0x080068d0                _malloc_r
 .text._fstat_r
                0x080069d0       0x24 /opt/arm-none-eabi/bin/../lib/gcc/arm-none-eabi/13.2.1/../../../../arm-none-eabi/lib/thumb/v7e-m+fp/hard/libc_nano.a(libc_a-fstatr.o)
                0x080069d0                _fstat_r
 .text._isatty_r
                0x080069f4       0x20 /opt/arm-none-eabi/bin/../lib/gcc/arm-none-eabi/13.2.1/../../../../arm-none-eabi/lib/thumb/v7e-m+fp/hard/libc_nano.a(libc_a-isattyr.o)
                0x080069f4                _isatty_r
 .text._lseek_r
                0x08006a14       0x24 /opt/arm-none-eabi/bin/../lib/gcc/arm-none-eabi/13.2.1/../../../../arm-none-eabi/lib/thumb/v7e-m+fp/hard/libc_nano.a(libc_a-lseekr.o)
                0x08006a14                _lseek_r
 .text.__malloc_lock
                0x08006a38        0xc /opt/arm-none-eabi/bin/../lib/gcc/arm-none-eabi/13.2.1/../../../../arm-none-eabi/lib/thumb/v7e-m+fp/hard/libc_nano.a(libc_a-mlock.o)
                0x08006a38                __malloc_lock
 .text.__malloc_unlock
                0x08006a44        0xc /opt/arm-none-eabi/bin/../lib/gcc/arm-none-eabi/13.2.1/../../../../arm-none-eabi/lib/thumb/v7e-m+fp/hard/libc_nano.a(libc_a-mlock.o)
                0x08006a44                __malloc_unlock
 .text._sbrk_r  0x08006a50       0x20 /opt/arm-none-eabi/bin/../lib/gcc/arm-none-eabi/13.2.1/../../../../arm-none-eabi/lib/thumb/v7e-m+fp/hard/libc_nano.a(libc_a-sbrkr.o)
                0x08006a50                _sbrk_r
 .text          0x08006a70      0x378 /opt/arm-none-eabi/bin/../lib/gcc/arm-none-eabi/13.2.1/thumb/v7e-m+fp/hard/libgcc.a(_arm_addsubdf3.o)
                0x08006a70                __aeabi_drsub
                0x08006a78                __aeabi_dsub
                0x08006a78                __subdf3
                0x08006a7c                __adddf3
                0x08006a7c                __aeabi_dadd
                0x08006cf4                __aeabi_ui2d
                0x08006cf4                __floatunsidf
                0x08006d14                __floatsidf
                0x08006d14                __aeabi_i2d
                0x08006d38                __extendsfdf2
                0x08006d38                __aeabi_f2d
                0x08006d7c                __aeabi_ul2d
                0x08006d7c                __floatundidf
                0x08006d8c                __floatdidf
                0x08006d8c                __aeabi_l2d
 .text          0x08006de8      0x424 /opt/arm-none-eabi/bin/../lib/gcc/arm-none-eabi/13.2.1/thumb/v7e-m+fp/hard/libgcc.a(_arm_muldivdf3.o)
                0x08006de8                __aeabi_dmul
                0x08006de8                __muldf3
                0x0800703c                __aeabi_ddiv
                0x0800703c                __divdf3
 .text          0x0800720c      0x110 /opt/arm-none-eabi/bin/../lib/gcc/arm-none-eabi/13.2.1/thumb/v7e-m+fp/hard/libgcc.a(_arm_cmpdf2.o)
                0x0800720c                __gtdf2
                0x0800720c                __gedf2
                0x08007214                __ltdf2
                0x08007214                __ledf2
                0x0800721c                __cmpdf2
                0x0800721c                __eqdf2
                0x0800721c                __nedf2
                0x08007298                __aeabi_cdrcmple
                0x080072a8                __aeabi_cdcmple
                0x080072a8                __aeabi_cdcmpeq
                0x080072b8                __aeabi_dcmpeq
                0x080072cc                __aeabi_dcmplt
                0x080072e0                __aeabi_dcmple
                0x080072f4                __aeabi_dcmpge
                0x08007308                __aeabi_dcmpgt
 .text          0x0800731c       0x2c /opt/arm-none-eabi/bin/../lib/gcc/arm-none-eabi/13.2.1/thumb/v7e-m+fp/hard/libgcc.a(_arm_unorddf2.o)
                0x0800731c                __aeabi_dcmpun
                0x0800731c                __unorddf2
 .text          0x08007348       0x50 /opt/arm-none-eabi/bin/../lib/gcc/arm-none-eabi/13.2.1/thumb/v7e-m+fp/hard/libgcc.a(_arm_fixdfsi.o)
                0x08007348                __fixdfsi
                0x08007348                __aeabi_d2iz
 .text.__fixdfdi
                0x08007398       0x30 /opt/arm-none-eabi/bin/../lib/gcc/arm-none-eabi/13.2.1/thumb/v7e-m+fp/hard/libgcc.a(_fixdfdi.o)
                0x08007398                __aeabi_d2lz
                0x08007398                __fixdfdi
 .text.__fixunsdfdi
                0x080073c8       0x3c /opt/arm-none-eabi/bin/../lib/gcc/arm-none-eabi/13.2.1/thumb/v7e-m+fp/hard/libgcc.a(_fixunsdfdi.o)
                0x080073c8                __aeabi_d2ulz
                0x080073c8                __fixunsdfdi
 .text          0x08007404       0x40 /opt/arm-none-eabi/bin/../lib/gcc/arm-none-eabi/13.2.1/thumb/v7e-m+fp/hard/libgcc.a(_arm_fixunsdfsi.o)
                0x08007404                __fixunsdfsi
                0x08007404                __aeabi_d2uiz

.glue_7         0x08007444        0x0
 .glue_7        0x08007444        0x0 linker stubs

.glue_7t        0x08007444        0x0
 .glue_7t       0x08007444        0x0 linker stubs

.vfp11_veneer   0x08007444        0x0
 .vfp11_veneer  0x08007444        0x0 linker stubs

.v4_bx          0x08007444        0x0
 .v4_bx         0x08007444        0x0 linker stubs

.iplt           0x08007444        0x0
 .iplt          0x08007444        0x0 /tmp/ccaLDv6X.o

.rodata         0x08007448      0x653
 *(.rodata*)
 .rodata        0x08007448      0x4f4 /tmp/ccaLDv6X.o
 .rodata        0x0800793c       0x46 /tmp/ccxDEJu5.o
 *fill*         0x08007982        0x2 
 .rodata        0x08007984       0xd3 /tmp/ccWbxyyF.o
 *fill*         0x08007a57        0x1 
 .rodata.tiny   0x08007a58        0x8 /opt/arm-none-eabi/bin/../lib/gcc/arm-none-eabi/13.2.1/../../../../arm-none-eabi/lib/thumb/v7e-m+fp/hard/libm.a(libm_a-e_sqrt.o)
 .rodata.one    0x08007a60        0x8 /opt/arm-none-eabi/bin/../lib/gcc/arm-none-eabi/13.2.1/../../../../arm-none-eabi/lib/thumb/v7e-m+fp/hard/libm.a(libm_a-e_sqrt.o)
 .rodata._vfprintf_r.str1.1
                0x08007a68       0x33 /opt/arm-none-eabi/bin/../lib/gcc/arm-none-eabi/13.2.1/../../../../arm-none-eabi/lib/thumb/v7e-m+fp/hard/libc_nano.a(libc_a-nano-vfprintf.o)
                                 0x11 (size before relaxing)
 .rodata._printf_i.str1.1
                0x08007a9b       0x22 /opt/arm-none-eabi/bin/../lib/gcc/arm-none-eabi/13.2.1/../../../../arm-none-eabi/lib/thumb/v7e-m+fp/hard/libc_nano.a(libc_a-nano-vfprintf_i.o)

.ARM.exidx      0x08007a9c        0x8
 .ARM.exidx     0x08007a9c        0x8 /opt/arm-none-eabi/bin/../lib/gcc/arm-none-eabi/13.2.1/../../../../arm-none-eabi/lib/thumb/v7e-m+fp/hard/libc_nano.a(libc_a-memchr.o)

.rel.dyn        0x08007aa4        0x0
 .rel.iplt      0x08007aa4        0x0 /tmp/ccaLDv6X.o

.data           0x20000000       0x81 load address 0x08007aa4
                0x20000000                        _sdata = .
 *(.first_data)
 *(.data SORT_BY_NAME(.data.*))
 .data.ALE      0x20000000        0x2 /tmp/ccaLDv6X.o
                0x20000000                ALE
 .data.CE       0x20000002        0x2 /tmp/ccaLDv6X.o
                0x20000002                CE
 .data.CLE      0x20000004        0x2 /tmp/ccaLDv6X.o
                0x20000004                CLE
 *fill*         0x20000006        0x2 
 .data.FREQ     0x20000008        0x4 /tmp/ccB91kAa.o
                0x20000008                FREQ
 .data.RB       0x2000000c        0x2 /tmp/ccaLDv6X.o
                0x2000000c                RB
 .data.RE       0x2000000e        0x2 /tmp/ccaLDv6X.o
                0x2000000e                RE
 .data.WE       0x20000010        0x2 /tmp/ccaLDv6X.o
                0x20000010                WE
 .data.WP       0x20000012        0x2 /tmp/ccaLDv6X.o
                0x20000012                WP
 .data.__sglue  0x20000014        0xc /opt/arm-none-eabi/bin/../lib/gcc/arm-none-eabi/13.2.1/../../../../arm-none-eabi/lib/thumb/v7e-m+fp/hard/libc_nano.a(libc_a-findfp.o)
                0x20000014                __sglue
 .data._impure_data
                0x20000020       0x4c /opt/arm-none-eabi/bin/../lib/gcc/arm-none-eabi/13.2.1/../../../../arm-none-eabi/lib/thumb/v7e-m+fp/hard/libc_nano.a(libc_a-impure.o)
                0x20000020                _impure_data
 .data._impure_ptr
                0x2000006c        0x4 /opt/arm-none-eabi/bin/../lib/gcc/arm-none-eabi/13.2.1/../../../../arm-none-eabi/lib/thumb/v7e-m+fp/hard/libc_nano.a(libc_a-impure.o)
                0x2000006c                _impure_ptr
 .data.data0    0x20000070        0x2 /tmp/ccaLDv6X.o
                0x20000070                data0
 .data.data1    0x20000072        0x2 /tmp/ccaLDv6X.o
                0x20000072                data1
 .data.data2    0x20000074        0x2 /tmp/ccaLDv6X.o
                0x20000074                data2
 .data.data3    0x20000076        0x2 /tmp/ccaLDv6X.o
                0x20000076                data3
 .data.data4    0x20000078        0x2 /tmp/ccaLDv6X.o
                0x20000078                data4
 .data.data5    0x2000007a        0x2 /tmp/ccaLDv6X.o
                0x2000007a                data5
 .data.data6    0x2000007c        0x2 /tmp/ccaLDv6X.o
                0x2000007c                data6
 .data.data7    0x2000007e        0x2 /tmp/ccaLDv6X.o
                0x2000007e                data7
 .data.globalPinMode
                0x20000080        0x1 /tmp/ccaLDv6X.o
                0x20000080                globalPinMode
                0x20000081                        _edata = .
                0x08007aa4                        _sidata = LOADADDR (.data)

.igot.plt       0x20000084        0x0 load address 0x08007b25
 .igot.plt      0x20000084        0x0 /tmp/ccaLDv6X.o

.bss            0x20000084      0x174 load address 0x08007b25
                0x20000084                        _sbss = .
 *(.bss SORT_BY_NAME(.bss.*) COMMON)
 .bss.ADXL375_SPI
                0x20000084        0x4 /tmp/ccxDEJu5.o
                0x20000084                ADXL375_SPI
 .bss.MS5611_SPI
                0x20000088        0x4 /tmp/ccPiYT9E.o
                0x20000088                MS5611_SPI
 .bss.__lock___malloc_recursive_mutex
                0x2000008c        0x1 /opt/arm-none-eabi/bin/../lib/gcc/arm-none-eabi/13.2.1/../../../../arm-none-eabi/lib/thumb/v7e-m+fp/hard/libc_nano.a(libc_a-lock.o)
                0x2000008c                __lock___malloc_recursive_mutex
 .bss.__lock___sfp_recursive_mutex
                0x2000008d        0x1 /opt/arm-none-eabi/bin/../lib/gcc/arm-none-eabi/13.2.1/../../../../arm-none-eabi/lib/thumb/v7e-m+fp/hard/libc_nano.a(libc_a-lock.o)
                0x2000008d                __lock___sfp_recursive_mutex
 *fill*         0x2000008e        0x2 
 .bss.__malloc_free_list
                0x20000090        0x4 /opt/arm-none-eabi/bin/../lib/gcc/arm-none-eabi/13.2.1/../../../../arm-none-eabi/lib/thumb/v7e-m+fp/hard/libc_nano.a(libc_a-mallocr.o)
                0x20000090                __malloc_free_list
 .bss.__malloc_sbrk_start
                0x20000094        0x4 /opt/arm-none-eabi/bin/../lib/gcc/arm-none-eabi/13.2.1/../../../../arm-none-eabi/lib/thumb/v7e-m+fp/hard/libc_nano.a(libc_a-mallocr.o)
                0x20000094                __malloc_sbrk_start
 .bss.__sf      0x20000098      0x138 /opt/arm-none-eabi/bin/../lib/gcc/arm-none-eabi/13.2.1/../../../../arm-none-eabi/lib/thumb/v7e-m+fp/hard/libc_nano.a(libc_a-findfp.o)
                0x20000098                __sf
 .bss.__stdio_exit_handler
                0x200001d0        0x4 /opt/arm-none-eabi/bin/../lib/gcc/arm-none-eabi/13.2.1/../../../../arm-none-eabi/lib/thumb/v7e-m+fp/hard/libc_nano.a(libc_a-findfp.o)
                0x200001d0                __stdio_exit_handler
 .bss.errno     0x200001d4        0x4 /opt/arm-none-eabi/bin/../lib/gcc/arm-none-eabi/13.2.1/../../../../arm-none-eabi/lib/thumb/v7e-m+fp/hard/libc_nano.a(libc_a-reent.o)
                0x200001d4                errno
 .bss.flightStage
                0x200001d8        0x1 /tmp/ccaLDv6X.o
                0x200001d8                flightStage
 *fill*         0x200001d9        0x3 
 .bss.frameAddressPointer
                0x200001dc        0x4 /tmp/ccaLDv6X.o
                0x200001dc                frameAddressPointer
 .bss.heap.0    0x200001e0        0x4 /tmp/ccB3X55c.o
 .bss.ms5611_prom_data
                0x200001e4       0x10 /tmp/ccPiYT9E.o
                0x200001e4                ms5611_prom_data
 .bss.s_ticks   0x200001f4        0x4 /tmp/ccaLDv6X.o
                0x200001f4                s_ticks
                0x200001f8                        _ebss = .
                0x200001f8                        . = ALIGN (0x8)
                0x200001f8                        _end = .
OUTPUT(firmware.elf elf32-littlearm)
LOAD linker stubs

.debug_info     0x00000000     0x57c9
 .debug_info    0x00000000     0x197b /tmp/ccaLDv6X.o
 .debug_info    0x0000197b      0x108 /tmp/ccBW1AWB.o
 .debug_info    0x00001a83      0x899 /tmp/ccB3X55c.o
 .debug_info    0x0000231c      0xf82 /tmp/ccB91kAa.o
 .debug_info    0x0000329e      0x960 /tmp/ccPiYT9E.o
 .debug_info    0x00003bfe      0x74c /tmp/ccxDEJu5.o
 .debug_info    0x0000434a      0x865 /tmp/ccXeOzto.o
 .debug_info    0x00004baf      0xc1a /tmp/ccWbxyyF.o

.debug_abbrev   0x00000000     0x14ef
 .debug_abbrev  0x00000000      0x4a0 /tmp/ccaLDv6X.o
 .debug_abbrev  0x000004a0       0xc5 /tmp/ccBW1AWB.o
 .debug_abbrev  0x00000565      0x26c /tmp/ccB3X55c.o
 .debug_abbrev  0x000007d1      0x2ab /tmp/ccB91kAa.o
 .debug_abbrev  0x00000a7c      0x2cc /tmp/ccPiYT9E.o
 .debug_abbrev  0x00000d48      0x2a6 /tmp/ccxDEJu5.o
 .debug_abbrev  0x00000fee      0x21e /tmp/ccXeOzto.o
 .debug_abbrev  0x0000120c      0x2e3 /tmp/ccWbxyyF.o

.debug_aranges  0x00000000      0x4f8
 .debug_aranges
                0x00000000      0x178 /tmp/ccaLDv6X.o
 .debug_aranges
                0x00000178       0x20 /tmp/ccBW1AWB.o
 .debug_aranges
                0x00000198       0xb0 /tmp/ccB3X55c.o
 .debug_aranges
                0x00000248       0xa0 /tmp/ccB91kAa.o
 .debug_aranges
                0x000002e8       0x80 /tmp/ccPiYT9E.o
 .debug_aranges
                0x00000368       0x80 /tmp/ccxDEJu5.o
 .debug_aranges
                0x000003e8       0x58 /tmp/ccXeOzto.o
 .debug_aranges
                0x00000440       0xb8 /tmp/ccWbxyyF.o

.debug_rnglists
                0x00000000      0x3be
 .debug_rnglists
                0x00000000      0x128 /tmp/ccaLDv6X.o
 .debug_rnglists
                0x00000128       0x13 /tmp/ccBW1AWB.o
 .debug_rnglists
                0x0000013b       0x80 /tmp/ccB3X55c.o
 .debug_rnglists
                0x000001bb       0x78 /tmp/ccB91kAa.o
 .debug_rnglists
                0x00000233       0x5e /tmp/ccPiYT9E.o
 .debug_rnglists
                0x00000291       0x5f /tmp/ccxDEJu5.o
 .debug_rnglists
                0x000002f0       0x41 /tmp/ccXeOzto.o
 .debug_rnglists
                0x00000331       0x8d /tmp/ccWbxyyF.o

.debug_macro    0x00000000    0x22227
 .debug_macro   0x00000000      0x341 /tmp/ccaLDv6X.o
 .debug_macro   0x00000341      0xac6 /tmp/ccaLDv6X.o
 .debug_macro   0x00000e07       0x22 /tmp/ccaLDv6X.o
 .debug_macro   0x00000e29       0x5b /tmp/ccaLDv6X.o
 .debug_macro   0x00000e84       0x2a /tmp/ccaLDv6X.o
 .debug_macro   0x00000eae       0x94 /tmp/ccaLDv6X.o
 .debug_macro   0x00000f42       0x43 /tmp/ccaLDv6X.o
 .debug_macro   0x00000f85       0x34 /tmp/ccaLDv6X.o
 .debug_macro   0x00000fb9       0x16 /tmp/ccaLDv6X.o
 .debug_macro   0x00000fcf       0x57 /tmp/ccaLDv6X.o
 .debug_macro   0x00001026       0x9e /tmp/ccaLDv6X.o
 .debug_macro   0x000010c4      0x370 /tmp/ccaLDv6X.o
 .debug_macro   0x00001434      0x112 /tmp/ccaLDv6X.o
 .debug_macro   0x00001546       0x10 /tmp/ccaLDv6X.o
 .debug_macro   0x00001556       0x16 /tmp/ccaLDv6X.o
 .debug_macro   0x0000156c       0x4a /tmp/ccaLDv6X.o
 .debug_macro   0x000015b6       0x34 /tmp/ccaLDv6X.o
 .debug_macro   0x000015ea       0x10 /tmp/ccaLDv6X.o
 .debug_macro   0x000015fa       0x58 /tmp/ccaLDv6X.o
 .debug_macro   0x00001652       0x8e /tmp/ccaLDv6X.o
 .debug_macro   0x000016e0       0x1c /tmp/ccaLDv6X.o
 .debug_macro   0x000016fc      0x177 /tmp/ccaLDv6X.o
 .debug_macro   0x00001873       0x16 /tmp/ccaLDv6X.o
 .debug_macro   0x00001889       0x16 /tmp/ccaLDv6X.o
 .debug_macro   0x0000189f      0x146 /tmp/ccaLDv6X.o
 .debug_macro   0x000019e5      0x103 /tmp/ccaLDv6X.o
 .debug_macro   0x00001ae8       0x6a /tmp/ccaLDv6X.o
 .debug_macro   0x00001b52      0x1df /tmp/ccaLDv6X.o
 .debug_macro   0x00001d31       0x3c /tmp/ccaLDv6X.o
 .debug_macro   0x00001d6d      0x460 /tmp/ccaLDv6X.o
 .debug_macro   0x000021cd       0x22 /tmp/ccaLDv6X.o
 .debug_macro   0x000021ef       0x16 /tmp/ccaLDv6X.o
 .debug_macro   0x00002205       0x16 /tmp/ccaLDv6X.o
 .debug_macro   0x0000221b       0x29 /tmp/ccaLDv6X.o
 .debug_macro   0x00002244       0x16 /tmp/ccaLDv6X.o
 .debug_macro   0x0000225a       0x10 /tmp/ccaLDv6X.o
 .debug_macro   0x0000226a       0x10 /tmp/ccaLDv6X.o
 .debug_macro   0x0000227a       0x10 /tmp/ccaLDv6X.o
 .debug_macro   0x0000228a       0x1c /tmp/ccaLDv6X.o
 .debug_macro   0x000022a6       0x52 /tmp/ccaLDv6X.o
 .debug_macro   0x000022f8       0x22 /tmp/ccaLDv6X.o
 .debug_macro   0x0000231a       0x10 /tmp/ccaLDv6X.o
 .debug_macro   0x0000232a       0x52 /tmp/ccaLDv6X.o
 .debug_macro   0x0000237c       0xc1 /tmp/ccaLDv6X.o
 .debug_macro   0x0000243d       0x1c /tmp/ccaLDv6X.o
 .debug_macro   0x00002459       0x3d /tmp/ccaLDv6X.o
 .debug_macro   0x00002496       0x35 /tmp/ccaLDv6X.o
 .debug_macro   0x000024cb      0x12c /tmp/ccaLDv6X.o
 .debug_macro   0x000025f7      0x19b /tmp/ccaLDv6X.o
 .debug_macro   0x00002792       0x28 /tmp/ccaLDv6X.o
 .debug_macro   0x000027ba       0x1c /tmp/ccaLDv6X.o
 .debug_macro   0x000027d6       0x22 /tmp/ccaLDv6X.o
 .debug_macro   0x000027f8       0xd9 /tmp/ccaLDv6X.o
 .debug_macro   0x000028d1     0x102d /tmp/ccaLDv6X.o
 .debug_macro   0x000038fe      0x11f /tmp/ccaLDv6X.o
 .debug_macro   0x00003a1d    0x1cb71 /tmp/ccaLDv6X.o
 .debug_macro   0x0002058e       0xd7 /tmp/ccaLDv6X.o
 .debug_macro   0x00020665       0x88 /tmp/ccaLDv6X.o
 .debug_macro   0x000206ed       0x10 /tmp/ccaLDv6X.o
 .debug_macro   0x000206fd      0x1a8 /tmp/ccaLDv6X.o
 .debug_macro   0x000208a5      0x190 /tmp/ccaLDv6X.o
 .debug_macro   0x00020a35       0xd0 /tmp/ccaLDv6X.o
 .debug_macro   0x00020b05       0x22 /tmp/ccaLDv6X.o
 .debug_macro   0x00020b27       0x7c /tmp/ccaLDv6X.o
 .debug_macro   0x00020ba3       0x2e /tmp/ccaLDv6X.o
 .debug_macro   0x00020bd1       0x11 /tmp/ccBW1AWB.o
 .debug_macro   0x00020be2      0x2c5 /tmp/ccB3X55c.o
 .debug_macro   0x00020ea7       0x3a /tmp/ccB3X55c.o
 .debug_macro   0x00020ee1       0x89 /tmp/ccB3X55c.o
 .debug_macro   0x00020f6a       0x1c /tmp/ccB3X55c.o
 .debug_macro   0x00020f86       0x9b /tmp/ccB3X55c.o
 .debug_macro   0x00021021      0x2d4 /tmp/ccB91kAa.o
 .debug_macro   0x000212f5       0x1c /tmp/ccB91kAa.o
 .debug_macro   0x00021311      0x2da /tmp/ccPiYT9E.o
 .debug_macro   0x000215eb       0x8e /tmp/ccPiYT9E.o
 .debug_macro   0x00021679       0x51 /tmp/ccPiYT9E.o
 .debug_macro   0x000216ca       0x61 /tmp/ccPiYT9E.o
 .debug_macro   0x0002172b       0x82 /tmp/ccPiYT9E.o
 .debug_macro   0x000217ad      0x2d4 /tmp/ccxDEJu5.o
 .debug_macro   0x00021a81      0x18a /tmp/ccxDEJu5.o
 .debug_macro   0x00021c0b      0x317 /tmp/ccXeOzto.o
 .debug_macro   0x00021f22       0x28 /tmp/ccXeOzto.o
 .debug_macro   0x00021f4a      0x2dd /tmp/ccWbxyyF.o

.debug_line     0x00000000     0x484b
 .debug_line    0x00000000     0x19d5 /tmp/ccaLDv6X.o
 .debug_line    0x000019d5       0x88 /tmp/ccBW1AWB.o
 .debug_line    0x00001a5d      0x60e /tmp/ccB3X55c.o
 .debug_line    0x0000206b      0x8f8 /tmp/ccB91kAa.o
 .debug_line    0x00002963      0x727 /tmp/ccPiYT9E.o
 .debug_line    0x0000308a      0x6f8 /tmp/ccxDEJu5.o
 .debug_line    0x00003782      0x687 /tmp/ccXeOzto.o
 .debug_line    0x00003e09      0xa42 /tmp/ccWbxyyF.o

.debug_str      0x00000000    0xb5658
 .debug_str     0x00000000    0xb5658 /tmp/ccaLDv6X.o
                              0xb514f (size before relaxing)
 .debug_str     0x000b5658     0x2e63 /tmp/ccBW1AWB.o
 .debug_str     0x000b5658    0xb30ad /tmp/ccB3X55c.o
 .debug_str     0x000b5658    0xb33b6 /tmp/ccB91kAa.o
 .debug_str     0x000b5658    0xb334c /tmp/ccPiYT9E.o
 .debug_str     0x000b5658    0xb3889 /tmp/ccxDEJu5.o
 .debug_str     0x000b5658    0xb47ca /tmp/ccXeOzto.o
 .debug_str     0x000b5658    0xb3a83 /tmp/ccWbxyyF.o

.comment        0x00000000       0x44
 .comment       0x00000000       0x44 /tmp/ccaLDv6X.o
                                 0x45 (size before relaxing)
 .comment       0x00000044       0x45 /tmp/ccBW1AWB.o
 .comment       0x00000044       0x45 /tmp/ccB3X55c.o
 .comment       0x00000044       0x45 /tmp/ccB91kAa.o
 .comment       0x00000044       0x45 /tmp/ccPiYT9E.o
 .comment       0x00000044       0x45 /tmp/ccxDEJu5.o
 .comment       0x00000044       0x45 /tmp/ccXeOzto.o
 .comment       0x00000044       0x45 /tmp/ccWbxyyF.o

.ARM.attributes
                0x00000000       0x32
 .ARM.attributes
                0x00000000       0x34 /tmp/ccaLDv6X.o
 .ARM.attributes
                0x00000034       0x34 /tmp/ccBW1AWB.o
 .ARM.attributes
                0x00000068       0x34 /tmp/ccB3X55c.o
 .ARM.attributes
                0x0000009c       0x34 /tmp/ccB91kAa.o
 .ARM.attributes
                0x000000d0       0x34 /tmp/ccPiYT9E.o
 .ARM.attributes
                0x00000104       0x34 /tmp/ccxDEJu5.o
 .ARM.attributes
                0x00000138       0x34 /tmp/ccXeOzto.o
 .ARM.attributes
                0x0000016c       0x34 /tmp/ccWbxyyF.o
 .ARM.attributes
                0x000001a0       0x34 /opt/arm-none-eabi/bin/../lib/gcc/arm-none-eabi/13.2.1/../../../../arm-none-eabi/lib/thumb/v7e-m+fp/hard/libm.a(libm_a-w_sqrt.o)
 .ARM.attributes
                0x000001d4       0x34 /opt/arm-none-eabi/bin/../lib/gcc/arm-none-eabi/13.2.1/../../../../arm-none-eabi/lib/thumb/v7e-m+fp/hard/libm.a(libm_a-powl.o)
 .ARM.attributes
                0x00000208       0x34 /opt/arm-none-eabi/bin/../lib/gcc/arm-none-eabi/13.2.1/../../../../arm-none-eabi/lib/thumb/v7e-m+fp/hard/libm.a(libm_a-e_sqrt.o)
 .ARM.attributes
                0x0000023c       0x34 /opt/arm-none-eabi/bin/../lib/gcc/arm-none-eabi/13.2.1/../../../../arm-none-eabi/lib/thumb/v7e-m+fp/hard/libm.a(libm_a-w_pow.o)
 .ARM.attributes
                0x00000270       0x34 /opt/arm-none-eabi/bin/../lib/gcc/arm-none-eabi/13.2.1/../../../../arm-none-eabi/lib/thumb/v7e-m+fp/hard/libm.a(libm_a-s_finite.o)
 .ARM.attributes
                0x000002a4       0x34 /opt/arm-none-eabi/bin/../lib/gcc/arm-none-eabi/13.2.1/../../../../arm-none-eabi/lib/thumb/v7e-m+fp/hard/libm.a(libm_a-e_pow.o)
 .ARM.attributes
                0x000002d8       0x34 /opt/arm-none-eabi/bin/../lib/gcc/arm-none-eabi/13.2.1/../../../../arm-none-eabi/lib/thumb/v7e-m+fp/hard/libm.a(libm_a-math_err.o)
 .ARM.attributes
                0x0000030c       0x34 /opt/arm-none-eabi/bin/../lib/gcc/arm-none-eabi/13.2.1/../../../../arm-none-eabi/lib/thumb/v7e-m+fp/hard/libm.a(libm_a-s_fabs.o)
 .ARM.attributes
                0x00000340       0x34 /opt/arm-none-eabi/bin/../lib/gcc/arm-none-eabi/13.2.1/../../../../arm-none-eabi/lib/thumb/v7e-m+fp/hard/libm.a(libm_a-s_scalbn.o)
 .ARM.attributes
                0x00000374       0x34 /opt/arm-none-eabi/bin/../lib/gcc/arm-none-eabi/13.2.1/../../../../arm-none-eabi/lib/thumb/v7e-m+fp/hard/libc_nano.a(libc_a-printf.o)
 .ARM.attributes
                0x000003a8       0x34 /opt/arm-none-eabi/bin/../lib/gcc/arm-none-eabi/13.2.1/../../../../arm-none-eabi/lib/thumb/v7e-m+fp/hard/libc_nano.a(libc_a-nano-vfprintf.o)
 .ARM.attributes
                0x000003dc       0x34 /opt/arm-none-eabi/bin/../lib/gcc/arm-none-eabi/13.2.1/../../../../arm-none-eabi/lib/thumb/v7e-m+fp/hard/libc_nano.a(libc_a-wbuf.o)
 .ARM.attributes
                0x00000410       0x34 /opt/arm-none-eabi/bin/../lib/gcc/arm-none-eabi/13.2.1/../../../../arm-none-eabi/lib/thumb/v7e-m+fp/hard/libc_nano.a(libc_a-wsetup.o)
 .ARM.attributes
                0x00000444       0x34 /opt/arm-none-eabi/bin/../lib/gcc/arm-none-eabi/13.2.1/../../../../arm-none-eabi/lib/thumb/v7e-m+fp/hard/libc_nano.a(libc_a-nano-vfprintf_i.o)
 .ARM.attributes
                0x00000478       0x34 /opt/arm-none-eabi/bin/../lib/gcc/arm-none-eabi/13.2.1/../../../../arm-none-eabi/lib/thumb/v7e-m+fp/hard/libc_nano.a(libc_a-puts.o)
 .ARM.attributes
                0x000004ac       0x34 /opt/arm-none-eabi/bin/../lib/gcc/arm-none-eabi/13.2.1/../../../../arm-none-eabi/lib/thumb/v7e-m+fp/hard/libc_nano.a(libc_a-impure.o)
 .ARM.attributes
                0x000004e0       0x34 /opt/arm-none-eabi/bin/../lib/gcc/arm-none-eabi/13.2.1/../../../../arm-none-eabi/lib/thumb/v7e-m+fp/hard/libc_nano.a(libc_a-fflush.o)
 .ARM.attributes
                0x00000514       0x1c /opt/arm-none-eabi/bin/../lib/gcc/arm-none-eabi/13.2.1/../../../../arm-none-eabi/lib/thumb/v7e-m+fp/hard/libc_nano.a(libc_a-memchr.o)
 .ARM.attributes
                0x00000530       0x34 /opt/arm-none-eabi/bin/../lib/gcc/arm-none-eabi/13.2.1/../../../../arm-none-eabi/lib/thumb/v7e-m+fp/hard/libc_nano.a(libc_a-memcpy-stub.o)
 .ARM.attributes
                0x00000564       0x34 /opt/arm-none-eabi/bin/../lib/gcc/arm-none-eabi/13.2.1/../../../../arm-none-eabi/lib/thumb/v7e-m+fp/hard/libc_nano.a(libc_a-findfp.o)
 .ARM.attributes
                0x00000598       0x34 /opt/arm-none-eabi/bin/../lib/gcc/arm-none-eabi/13.2.1/../../../../arm-none-eabi/lib/thumb/v7e-m+fp/hard/libc_nano.a(libc_a-stdio.o)
 .ARM.attributes
                0x000005cc       0x34 /opt/arm-none-eabi/bin/../lib/gcc/arm-none-eabi/13.2.1/../../../../arm-none-eabi/lib/thumb/v7e-m+fp/hard/libc_nano.a(libc_a-readr.o)
 .ARM.attributes
                0x00000600       0x34 /opt/arm-none-eabi/bin/../lib/gcc/arm-none-eabi/13.2.1/../../../../arm-none-eabi/lib/thumb/v7e-m+fp/hard/libc_nano.a(libc_a-qsort.o)
 .ARM.attributes
                0x00000634       0x34 /opt/arm-none-eabi/bin/../lib/gcc/arm-none-eabi/13.2.1/../../../../arm-none-eabi/lib/thumb/v7e-m+fp/hard/libc_nano.a(libc_a-writer.o)
 .ARM.attributes
                0x00000668       0x34 /opt/arm-none-eabi/bin/../lib/gcc/arm-none-eabi/13.2.1/../../../../arm-none-eabi/lib/thumb/v7e-m+fp/hard/libc_nano.a(libc_a-errno.o)
 .ARM.attributes
                0x0000069c       0x34 /opt/arm-none-eabi/bin/../lib/gcc/arm-none-eabi/13.2.1/../../../../arm-none-eabi/lib/thumb/v7e-m+fp/hard/libc_nano.a(libc_a-fwalk.o)
 .ARM.attributes
                0x000006d0       0x34 /opt/arm-none-eabi/bin/../lib/gcc/arm-none-eabi/13.2.1/../../../../arm-none-eabi/lib/thumb/v7e-m+fp/hard/libc_nano.a(libc_a-memset.o)
 .ARM.attributes
                0x00000704       0x34 /opt/arm-none-eabi/bin/../lib/gcc/arm-none-eabi/13.2.1/../../../../arm-none-eabi/lib/thumb/v7e-m+fp/hard/libc_nano.a(libc_a-freer.o)
 .ARM.attributes
                0x00000738       0x34 /opt/arm-none-eabi/bin/../lib/gcc/arm-none-eabi/13.2.1/../../../../arm-none-eabi/lib/thumb/v7e-m+fp/hard/libc_nano.a(libc_a-lock.o)
 .ARM.attributes
                0x0000076c       0x34 /opt/arm-none-eabi/bin/../lib/gcc/arm-none-eabi/13.2.1/../../../../arm-none-eabi/lib/thumb/v7e-m+fp/hard/libc_nano.a(libc_a-makebuf.o)
 .ARM.attributes
                0x000007a0       0x34 /opt/arm-none-eabi/bin/../lib/gcc/arm-none-eabi/13.2.1/../../../../arm-none-eabi/lib/thumb/v7e-m+fp/hard/libc_nano.a(libc_a-closer.o)
 .ARM.attributes
                0x000007d4       0x34 /opt/arm-none-eabi/bin/../lib/gcc/arm-none-eabi/13.2.1/../../../../arm-none-eabi/lib/thumb/v7e-m+fp/hard/libc_nano.a(libc_a-reent.o)
 .ARM.attributes
                0x00000808       0x34 /opt/arm-none-eabi/bin/../lib/gcc/arm-none-eabi/13.2.1/../../../../arm-none-eabi/lib/thumb/v7e-m+fp/hard/libc_nano.a(libc_a-mallocr.o)
 .ARM.attributes
                0x0000083c       0x34 /opt/arm-none-eabi/bin/../lib/gcc/arm-none-eabi/13.2.1/../../../../arm-none-eabi/lib/thumb/v7e-m+fp/hard/libc_nano.a(libc_a-fstatr.o)
 .ARM.attributes
                0x00000870       0x34 /opt/arm-none-eabi/bin/../lib/gcc/arm-none-eabi/13.2.1/../../../../arm-none-eabi/lib/thumb/v7e-m+fp/hard/libc_nano.a(libc_a-isattyr.o)
 .ARM.attributes
                0x000008a4       0x34 /opt/arm-none-eabi/bin/../lib/gcc/arm-none-eabi/13.2.1/../../../../arm-none-eabi/lib/thumb/v7e-m+fp/hard/libc_nano.a(libc_a-lseekr.o)
 .ARM.attributes
                0x000008d8       0x34 /opt/arm-none-eabi/bin/../lib/gcc/arm-none-eabi/13.2.1/../../../../arm-none-eabi/lib/thumb/v7e-m+fp/hard/libc_nano.a(libc_a-mlock.o)
 .ARM.attributes
                0x0000090c       0x34 /opt/arm-none-eabi/bin/../lib/gcc/arm-none-eabi/13.2.1/../../../../arm-none-eabi/lib/thumb/v7e-m+fp/hard/libc_nano.a(libc_a-sbrkr.o)
 .ARM.attributes
                0x00000940       0x22 /opt/arm-none-eabi/bin/../lib/gcc/arm-none-eabi/13.2.1/thumb/v7e-m+fp/hard/libgcc.a(_arm_addsubdf3.o)
 .ARM.attributes
                0x00000962       0x22 /opt/arm-none-eabi/bin/../lib/gcc/arm-none-eabi/13.2.1/thumb/v7e-m+fp/hard/libgcc.a(_arm_muldivdf3.o)
 .ARM.attributes
                0x00000984       0x22 /opt/arm-none-eabi/bin/../lib/gcc/arm-none-eabi/13.2.1/thumb/v7e-m+fp/hard/libgcc.a(_arm_cmpdf2.o)
 .ARM.attributes
                0x000009a6       0x22 /opt/arm-none-eabi/bin/../lib/gcc/arm-none-eabi/13.2.1/thumb/v7e-m+fp/hard/libgcc.a(_arm_unorddf2.o)
 .ARM.attributes
                0x000009c8       0x22 /opt/arm-none-eabi/bin/../lib/gcc/arm-none-eabi/13.2.1/thumb/v7e-m+fp/hard/libgcc.a(_arm_fixdfsi.o)
 .ARM.attributes
                0x000009ea       0x34 /opt/arm-none-eabi/bin/../lib/gcc/arm-none-eabi/13.2.1/thumb/v7e-m+fp/hard/libgcc.a(_fixdfdi.o)
 .ARM.attributes
                0x00000a1e       0x34 /opt/arm-none-eabi/bin/../lib/gcc/arm-none-eabi/13.2.1/thumb/v7e-m+fp/hard/libgcc.a(_fixunsdfdi.o)
 .ARM.attributes
                0x00000a52       0x22 /opt/arm-none-eabi/bin/../lib/gcc/arm-none-eabi/13.2.1/thumb/v7e-m+fp/hard/libgcc.a(_arm_fixunsdfsi.o)

.debug_frame    0x00000000     0x22c8
 .debug_frame   0x00000000      0x6bc /tmp/ccaLDv6X.o
 .debug_frame   0x000006bc       0x20 /tmp/ccBW1AWB.o
 .debug_frame   0x000006dc      0x2e8 /tmp/ccB3X55c.o
 .debug_frame   0x000009c4      0x27c /tmp/ccB91kAa.o
 .debug_frame   0x00000c40      0x200 /tmp/ccPiYT9E.o
 .debug_frame   0x00000e40      0x200 /tmp/ccxDEJu5.o
 .debug_frame   0x00001040      0x140 /tmp/ccXeOzto.o
 .debug_frame   0x00001180      0x314 /tmp/ccWbxyyF.o
 .debug_frame   0x00001494       0x48 /opt/arm-none-eabi/bin/../lib/gcc/arm-none-eabi/13.2.1/../../../../arm-none-eabi/lib/thumb/v7e-m+fp/hard/libm.a(libm_a-w_sqrt.o)
 .debug_frame   0x000014dc       0x20 /opt/arm-none-eabi/bin/../lib/gcc/arm-none-eabi/13.2.1/../../../../arm-none-eabi/lib/thumb/v7e-m+fp/hard/libm.a(libm_a-powl.o)
 .debug_frame   0x000014fc       0x38 /opt/arm-none-eabi/bin/../lib/gcc/arm-none-eabi/13.2.1/../../../../arm-none-eabi/lib/thumb/v7e-m+fp/hard/libm.a(libm_a-e_sqrt.o)
 .debug_frame   0x00001534       0x44 /opt/arm-none-eabi/bin/../lib/gcc/arm-none-eabi/13.2.1/../../../../arm-none-eabi/lib/thumb/v7e-m+fp/hard/libm.a(libm_a-w_pow.o)
 .debug_frame   0x00001578       0x28 /opt/arm-none-eabi/bin/../lib/gcc/arm-none-eabi/13.2.1/../../../../arm-none-eabi/lib/thumb/v7e-m+fp/hard/libm.a(libm_a-s_finite.o)
 .debug_frame   0x000015a0       0x80 /opt/arm-none-eabi/bin/../lib/gcc/arm-none-eabi/13.2.1/../../../../arm-none-eabi/lib/thumb/v7e-m+fp/hard/libm.a(libm_a-e_pow.o)
 .debug_frame   0x00001620      0x14c /opt/arm-none-eabi/bin/../lib/gcc/arm-none-eabi/13.2.1/../../../../arm-none-eabi/lib/thumb/v7e-m+fp/hard/libm.a(libm_a-math_err.o)
 .debug_frame   0x0000176c       0x20 /opt/arm-none-eabi/bin/../lib/gcc/arm-none-eabi/13.2.1/../../../../arm-none-eabi/lib/thumb/v7e-m+fp/hard/libm.a(libm_a-s_fabs.o)
 .debug_frame   0x0000178c       0x2c /opt/arm-none-eabi/bin/../lib/gcc/arm-none-eabi/13.2.1/../../../../arm-none-eabi/lib/thumb/v7e-m+fp/hard/libm.a(libm_a-s_scalbn.o)
 .debug_frame   0x000017b8       0x6c /opt/arm-none-eabi/bin/../lib/gcc/arm-none-eabi/13.2.1/../../../../arm-none-eabi/lib/thumb/v7e-m+fp/hard/libc_nano.a(libc_a-printf.o)
 .debug_frame   0x00001824       0xa8 /opt/arm-none-eabi/bin/../lib/gcc/arm-none-eabi/13.2.1/../../../../arm-none-eabi/lib/thumb/v7e-m+fp/hard/libc_nano.a(libc_a-nano-vfprintf.o)
 .debug_frame   0x000018cc       0x40 /opt/arm-none-eabi/bin/../lib/gcc/arm-none-eabi/13.2.1/../../../../arm-none-eabi/lib/thumb/v7e-m+fp/hard/libc_nano.a(libc_a-wbuf.o)
 .debug_frame   0x0000190c       0x2c /opt/arm-none-eabi/bin/../lib/gcc/arm-none-eabi/13.2.1/../../../../arm-none-eabi/lib/thumb/v7e-m+fp/hard/libc_nano.a(libc_a-wsetup.o)
 .debug_frame   0x00001938       0x60 /opt/arm-none-eabi/bin/../lib/gcc/arm-none-eabi/13.2.1/../../../../arm-none-eabi/lib/thumb/v7e-m+fp/hard/libc_nano.a(libc_a-nano-vfprintf_i.o)
 .debug_frame   0x00001998       0x3c /opt/arm-none-eabi/bin/../lib/gcc/arm-none-eabi/13.2.1/../../../../arm-none-eabi/lib/thumb/v7e-m+fp/hard/libc_nano.a(libc_a-puts.o)
 .debug_frame   0x000019d4       0x5c /opt/arm-none-eabi/bin/../lib/gcc/arm-none-eabi/13.2.1/../../../../arm-none-eabi/lib/thumb/v7e-m+fp/hard/libc_nano.a(libc_a-fflush.o)
 .debug_frame   0x00001a30       0x28 /opt/arm-none-eabi/bin/../lib/gcc/arm-none-eabi/13.2.1/../../../../arm-none-eabi/lib/thumb/v7e-m+fp/hard/libc_nano.a(libc_a-memcpy-stub.o)
 .debug_frame   0x00001a58      0x144 /opt/arm-none-eabi/bin/../lib/gcc/arm-none-eabi/13.2.1/../../../../arm-none-eabi/lib/thumb/v7e-m+fp/hard/libc_nano.a(libc_a-findfp.o)
 .debug_frame   0x00001b9c       0x88 /opt/arm-none-eabi/bin/../lib/gcc/arm-none-eabi/13.2.1/../../../../arm-none-eabi/lib/thumb/v7e-m+fp/hard/libc_nano.a(libc_a-stdio.o)
 .debug_frame   0x00001c24       0x2c /opt/arm-none-eabi/bin/../lib/gcc/arm-none-eabi/13.2.1/../../../../arm-none-eabi/lib/thumb/v7e-m+fp/hard/libc_nano.a(libc_a-readr.o)
 .debug_frame   0x00001c50       0x78 /opt/arm-none-eabi/bin/../lib/gcc/arm-none-eabi/13.2.1/../../../../arm-none-eabi/lib/thumb/v7e-m+fp/hard/libc_nano.a(libc_a-qsort.o)
 .debug_frame   0x00001cc8       0x2c /opt/arm-none-eabi/bin/../lib/gcc/arm-none-eabi/13.2.1/../../../../arm-none-eabi/lib/thumb/v7e-m+fp/hard/libc_nano.a(libc_a-writer.o)
 .debug_frame   0x00001cf4       0x20 /opt/arm-none-eabi/bin/../lib/gcc/arm-none-eabi/13.2.1/../../../../arm-none-eabi/lib/thumb/v7e-m+fp/hard/libc_nano.a(libc_a-errno.o)
 .debug_frame   0x00001d14       0x34 /opt/arm-none-eabi/bin/../lib/gcc/arm-none-eabi/13.2.1/../../../../arm-none-eabi/lib/thumb/v7e-m+fp/hard/libc_nano.a(libc_a-fwalk.o)
 .debug_frame   0x00001d48       0x20 /opt/arm-none-eabi/bin/../lib/gcc/arm-none-eabi/13.2.1/../../../../arm-none-eabi/lib/thumb/v7e-m+fp/hard/libc_nano.a(libc_a-memset.o)
 .debug_frame   0x00001d68       0x38 /opt/arm-none-eabi/bin/../lib/gcc/arm-none-eabi/13.2.1/../../../../arm-none-eabi/lib/thumb/v7e-m+fp/hard/libc_nano.a(libc_a-freer.o)
 .debug_frame   0x00001da0       0xb0 /opt/arm-none-eabi/bin/../lib/gcc/arm-none-eabi/13.2.1/../../../../arm-none-eabi/lib/thumb/v7e-m+fp/hard/libc_nano.a(libc_a-lock.o)
 .debug_frame   0x00001e50       0x58 /opt/arm-none-eabi/bin/../lib/gcc/arm-none-eabi/13.2.1/../../../../arm-none-eabi/lib/thumb/v7e-m+fp/hard/libc_nano.a(libc_a-makebuf.o)
 .debug_frame   0x00001ea8       0x2c /opt/arm-none-eabi/bin/../lib/gcc/arm-none-eabi/13.2.1/../../../../arm-none-eabi/lib/thumb/v7e-m+fp/hard/libc_nano.a(libc_a-closer.o)
 .debug_frame   0x00001ed4       0x38 /opt/arm-none-eabi/bin/../lib/gcc/arm-none-eabi/13.2.1/../../../../arm-none-eabi/lib/thumb/v7e-m+fp/hard/libc_nano.a(libc_a-reent.o)
 .debug_frame   0x00001f0c       0x50 /opt/arm-none-eabi/bin/../lib/gcc/arm-none-eabi/13.2.1/../../../../arm-none-eabi/lib/thumb/v7e-m+fp/hard/libc_nano.a(libc_a-mallocr.o)
 .debug_frame   0x00001f5c       0x2c /opt/arm-none-eabi/bin/../lib/gcc/arm-none-eabi/13.2.1/../../../../arm-none-eabi/lib/thumb/v7e-m+fp/hard/libc_nano.a(libc_a-fstatr.o)
 .debug_frame   0x00001f88       0x2c /opt/arm-none-eabi/bin/../lib/gcc/arm-none-eabi/13.2.1/../../../../arm-none-eabi/lib/thumb/v7e-m+fp/hard/libc_nano.a(libc_a-isattyr.o)
 .debug_frame   0x00001fb4       0x2c /opt/arm-none-eabi/bin/../lib/gcc/arm-none-eabi/13.2.1/../../../../arm-none-eabi/lib/thumb/v7e-m+fp/hard/libc_nano.a(libc_a-lseekr.o)
 .debug_frame   0x00001fe0       0x30 /opt/arm-none-eabi/bin/../lib/gcc/arm-none-eabi/13.2.1/../../../../arm-none-eabi/lib/thumb/v7e-m+fp/hard/libc_nano.a(libc_a-mlock.o)
 .debug_frame   0x00002010       0x2c /opt/arm-none-eabi/bin/../lib/gcc/arm-none-eabi/13.2.1/../../../../arm-none-eabi/lib/thumb/v7e-m+fp/hard/libc_nano.a(libc_a-sbrkr.o)
 .debug_frame   0x0000203c       0xac /opt/arm-none-eabi/bin/../lib/gcc/arm-none-eabi/13.2.1/thumb/v7e-m+fp/hard/libgcc.a(_arm_addsubdf3.o)
 .debug_frame   0x000020e8       0x50 /opt/arm-none-eabi/bin/../lib/gcc/arm-none-eabi/13.2.1/thumb/v7e-m+fp/hard/libgcc.a(_arm_muldivdf3.o)
 .debug_frame   0x00002138       0xc4 /opt/arm-none-eabi/bin/../lib/gcc/arm-none-eabi/13.2.1/thumb/v7e-m+fp/hard/libgcc.a(_arm_cmpdf2.o)
 .debug_frame   0x000021fc       0x20 /opt/arm-none-eabi/bin/../lib/gcc/arm-none-eabi/13.2.1/thumb/v7e-m+fp/hard/libgcc.a(_arm_unorddf2.o)
 .debug_frame   0x0000221c       0x24 /opt/arm-none-eabi/bin/../lib/gcc/arm-none-eabi/13.2.1/thumb/v7e-m+fp/hard/libgcc.a(_arm_fixdfsi.o)
 .debug_frame   0x00002240       0x38 /opt/arm-none-eabi/bin/../lib/gcc/arm-none-eabi/13.2.1/thumb/v7e-m+fp/hard/libgcc.a(_fixdfdi.o)
 .debug_frame   0x00002278       0x2c /opt/arm-none-eabi/bin/../lib/gcc/arm-none-eabi/13.2.1/thumb/v7e-m+fp/hard/libgcc.a(_fixunsdfdi.o)
 .debug_frame   0x000022a4       0x24 /opt/arm-none-eabi/bin/../lib/gcc/arm-none-eabi/13.2.1/thumb/v7e-m+fp/hard/libgcc.a(_arm_fixunsdfsi.o)

.debug_line_str
                0x00000000      0x1a1
 .debug_line_str
                0x00000000      0x1a1 /opt/arm-none-eabi/bin/../lib/gcc/arm-none-eabi/13.2.1/../../../../arm-none-eabi/lib/thumb/v7e-m+fp/hard/libc_nano.a(libc_a-memchr.o)
                                 0xda (size before relaxing)
 .debug_line_str
                0x000001a1       0xc7 /opt/arm-none-eabi/bin/../lib/gcc/arm-none-eabi/13.2.1/thumb/v7e-m+fp/hard/libgcc.a(_arm_addsubdf3.o)
 .debug_line_str
                0x000001a1       0xc7 /opt/arm-none-eabi/bin/../lib/gcc/arm-none-eabi/13.2.1/thumb/v7e-m+fp/hard/libgcc.a(_arm_muldivdf3.o)
 .debug_line_str
                0x000001a1       0xc7 /opt/arm-none-eabi/bin/../lib/gcc/arm-none-eabi/13.2.1/thumb/v7e-m+fp/hard/libgcc.a(_arm_cmpdf2.o)
 .debug_line_str
                0x000001a1       0xc7 /opt/arm-none-eabi/bin/../lib/gcc/arm-none-eabi/13.2.1/thumb/v7e-m+fp/hard/libgcc.a(_arm_unorddf2.o)
 .debug_line_str
                0x000001a1       0xc7 /opt/arm-none-eabi/bin/../lib/gcc/arm-none-eabi/13.2.1/thumb/v7e-m+fp/hard/libgcc.a(_arm_fixdfsi.o)
 .debug_line_str
                0x000001a1       0xc7 /opt/arm-none-eabi/bin/../lib/gcc/arm-none-eabi/13.2.1/thumb/v7e-m+fp/hard/libgcc.a(_arm_fixunsdfsi.o)
