Archive member included to satisfy reference by file (symbol)

/opt/arm-none-eabi/bin/../lib/gcc/arm-none-eabi/13.2.1/../../../../arm-none-eabi/lib/thumb/v7e-m+fp/hard/libc_nano.a(libc_a-printf.o)
                              /tmp/cclooe96.o (printf)
/opt/arm-none-eabi/bin/../lib/gcc/arm-none-eabi/13.2.1/../../../../arm-none-eabi/lib/thumb/v7e-m+fp/hard/libc_nano.a(libc_a-nano-vfprintf.o)
                              /opt/arm-none-eabi/bin/../lib/gcc/arm-none-eabi/13.2.1/../../../../arm-none-eabi/lib/thumb/v7e-m+fp/hard/libc_nano.a(libc_a-printf.o) (_vfprintf_r)
/opt/arm-none-eabi/bin/../lib/gcc/arm-none-eabi/13.2.1/../../../../arm-none-eabi/lib/thumb/v7e-m+fp/hard/libc_nano.a(libc_a-wbuf.o)
                              /opt/arm-none-eabi/bin/../lib/gcc/arm-none-eabi/13.2.1/../../../../arm-none-eabi/lib/thumb/v7e-m+fp/hard/libc_nano.a(libc_a-nano-vfprintf.o) (__swbuf_r)
/opt/arm-none-eabi/bin/../lib/gcc/arm-none-eabi/13.2.1/../../../../arm-none-eabi/lib/thumb/v7e-m+fp/hard/libc_nano.a(libc_a-wsetup.o)
                              /opt/arm-none-eabi/bin/../lib/gcc/arm-none-eabi/13.2.1/../../../../arm-none-eabi/lib/thumb/v7e-m+fp/hard/libc_nano.a(libc_a-nano-vfprintf.o) (__swsetup_r)
/opt/arm-none-eabi/bin/../lib/gcc/arm-none-eabi/13.2.1/../../../../arm-none-eabi/lib/thumb/v7e-m+fp/hard/libc_nano.a(libc_a-nano-vfprintf_i.o)
                              /opt/arm-none-eabi/bin/../lib/gcc/arm-none-eabi/13.2.1/../../../../arm-none-eabi/lib/thumb/v7e-m+fp/hard/libc_nano.a(libc_a-nano-vfprintf.o) (_printf_i)
/opt/arm-none-eabi/bin/../lib/gcc/arm-none-eabi/13.2.1/../../../../arm-none-eabi/lib/thumb/v7e-m+fp/hard/libc_nano.a(libc_a-puts.o)
                              /tmp/cclooe96.o (puts)
/opt/arm-none-eabi/bin/../lib/gcc/arm-none-eabi/13.2.1/../../../../arm-none-eabi/lib/thumb/v7e-m+fp/hard/libc_nano.a(libc_a-impure.o)
                              /opt/arm-none-eabi/bin/../lib/gcc/arm-none-eabi/13.2.1/../../../../arm-none-eabi/lib/thumb/v7e-m+fp/hard/libc_nano.a(libc_a-printf.o) (_impure_ptr)
/opt/arm-none-eabi/bin/../lib/gcc/arm-none-eabi/13.2.1/../../../../arm-none-eabi/lib/thumb/v7e-m+fp/hard/libc_nano.a(libc_a-fflush.o)
                              /opt/arm-none-eabi/bin/../lib/gcc/arm-none-eabi/13.2.1/../../../../arm-none-eabi/lib/thumb/v7e-m+fp/hard/libc_nano.a(libc_a-wbuf.o) (_fflush_r)
/opt/arm-none-eabi/bin/../lib/gcc/arm-none-eabi/13.2.1/../../../../arm-none-eabi/lib/thumb/v7e-m+fp/hard/libc_nano.a(libc_a-memchr.o)
                              /opt/arm-none-eabi/bin/../lib/gcc/arm-none-eabi/13.2.1/../../../../arm-none-eabi/lib/thumb/v7e-m+fp/hard/libc_nano.a(libc_a-nano-vfprintf.o) (memchr)
/opt/arm-none-eabi/bin/../lib/gcc/arm-none-eabi/13.2.1/../../../../arm-none-eabi/lib/thumb/v7e-m+fp/hard/libc_nano.a(libc_a-memcpy-stub.o)
                              /tmp/ccmFOwIu.o (memcpy)
/opt/arm-none-eabi/bin/../lib/gcc/arm-none-eabi/13.2.1/../../../../arm-none-eabi/lib/thumb/v7e-m+fp/hard/libc_nano.a(libc_a-findfp.o)
                              /opt/arm-none-eabi/bin/../lib/gcc/arm-none-eabi/13.2.1/../../../../arm-none-eabi/lib/thumb/v7e-m+fp/hard/libc_nano.a(libc_a-fflush.o) (__sglue)
/opt/arm-none-eabi/bin/../lib/gcc/arm-none-eabi/13.2.1/../../../../arm-none-eabi/lib/thumb/v7e-m+fp/hard/libc_nano.a(libc_a-stdio.o)
                              /opt/arm-none-eabi/bin/../lib/gcc/arm-none-eabi/13.2.1/../../../../arm-none-eabi/lib/thumb/v7e-m+fp/hard/libc_nano.a(libc_a-findfp.o) (__sread)
/opt/arm-none-eabi/bin/../lib/gcc/arm-none-eabi/13.2.1/../../../../arm-none-eabi/lib/thumb/v7e-m+fp/hard/libc_nano.a(libc_a-readr.o)
                              /opt/arm-none-eabi/bin/../lib/gcc/arm-none-eabi/13.2.1/../../../../arm-none-eabi/lib/thumb/v7e-m+fp/hard/libc_nano.a(libc_a-stdio.o) (_read_r)
/opt/arm-none-eabi/bin/../lib/gcc/arm-none-eabi/13.2.1/../../../../arm-none-eabi/lib/thumb/v7e-m+fp/hard/libc_nano.a(libc_a-writer.o)
                              /opt/arm-none-eabi/bin/../lib/gcc/arm-none-eabi/13.2.1/../../../../arm-none-eabi/lib/thumb/v7e-m+fp/hard/libc_nano.a(libc_a-stdio.o) (_write_r)
/opt/arm-none-eabi/bin/../lib/gcc/arm-none-eabi/13.2.1/../../../../arm-none-eabi/lib/thumb/v7e-m+fp/hard/libc_nano.a(libc_a-fvwrite.o)
                              /opt/arm-none-eabi/bin/../lib/gcc/arm-none-eabi/13.2.1/../../../../arm-none-eabi/lib/thumb/v7e-m+fp/hard/libc_nano.a(libc_a-nano-vfprintf.o) (__sfvwrite_r)
/opt/arm-none-eabi/bin/../lib/gcc/arm-none-eabi/13.2.1/../../../../arm-none-eabi/lib/thumb/v7e-m+fp/hard/libc_nano.a(libc_a-fwalk.o)
                              /opt/arm-none-eabi/bin/../lib/gcc/arm-none-eabi/13.2.1/../../../../arm-none-eabi/lib/thumb/v7e-m+fp/hard/libc_nano.a(libc_a-fflush.o) (_fwalk_sglue)
/opt/arm-none-eabi/bin/../lib/gcc/arm-none-eabi/13.2.1/../../../../arm-none-eabi/lib/thumb/v7e-m+fp/hard/libc_nano.a(libc_a-memmove.o)
[...]
Memory Configuration

Name             Origin             Length             Attributes
flash            0x08000000         0x00200000         xr
sram             0x20000000         0x00030000         xrw
*default*        0x00000000         0xffffffff

Linker script and memory map

LOAD /tmp/cclooe96.o
LOAD /tmp/ccmFOwIu.o
LOAD /tmp/ccCFlxeb.o
LOAD /tmp/ccJZpJ8G.o
LOAD /tmp/ccuNauGn.o
LOAD /tmp/cc39F8iS.o
LOAD /tmp/cceeMBOw.o
LOAD /tmp/cch5WeN9.o
LOAD /opt/arm-none-eabi/bin/../lib/gcc/arm-none-eabi/13.2.1/../../../../arm-none-eabi/lib/thumb/v7e-m+fp/hard/libc_nano.a
LOAD /opt/arm-none-eabi/bin/../lib/gcc/arm-none-eabi/13.2.1/thumb/v7e-m+fp/hard/libgcc.a
                0x20030000                        _estack = (ORIGIN (sram) + LENGTH (sram))

.vectors        0x08000000      0x1bc
 *(.vectors)
 .vectors       0x08000000      0x1bc /tmp/ccmFOwIu.o
                0x08000000                tab

.text           0x080001c0     0x15d4
 *(.text*)
 .text.systick_init
                0x080001c0       0x34 /tmp/cclooe96.o
 .text.gpio_set_mode
                0x080001f4       0x34 /tmp/cclooe96.o
 .text.gpio_set_af
                0x08000228       0x2e /tmp/cclooe96.o
 *fill*         0x08000256        0x2 
 .text.uart_init.constprop.0
                0x08000258       0x60 /tmp/cclooe96.o
 .text.SysTick_Handler
                0x080002b8       0x10 /tmp/cclooe96.o
                0x080002b8                SysTick_Handler
 .text.run_ADXL375_routine
                0x080002c8       0x1c /tmp/cclooe96.o
                0x080002c8                run_ADXL375_routine
 .text.startup.main
                0x080002e4       0x2c /tmp/cclooe96.o
                0x080002e4                main
 .text._reset   0x08000310       0x50 /tmp/ccmFOwIu.o
                0x08000310                _reset
 .text._fstat   0x08000360       0x12 /tmp/ccCFlxeb.o
                0x08000360                _fstat
 *fill*         0x08000372        0x2 
 .text._sbrk    0x08000374       0x1c /tmp/ccCFlxeb.o
                0x08000374                _sbrk
 .text._close   0x08000390        0x6 /tmp/ccCFlxeb.o
                0x08000390                _close
 .text._isatty  0x08000396        0x4 /tmp/ccCFlxeb.o
                0x08000396                _isatty
 .text._lseek   0x0800039a        0x4 /tmp/ccCFlxeb.o
                0x0800039a                _lseek
 .text._read    0x0800039e        0x6 /tmp/ccCFlxeb.o
                0x0800039e                _read
 .text._write   0x080003a4       0x34 /tmp/ccCFlxeb.o
                0x080003a4                _write
 .text.systick_init
                0x080003d8       0x34 /tmp/ccJZpJ8G.o
 .text.gpio_set_mode
                0x0800040c       0x34 /tmp/ccJZpJ8G.o
 .text.gpio_set_af
                0x08000440       0x2e /tmp/ccJZpJ8G.o
 *fill*         0x0800046e        0x2 
 .text.uart_init.constprop.0
                0x08000470       0xd0 /tmp/ccJZpJ8G.o
 .text.STM32_init_clock
                0x08000540       0x78 /tmp/ccJZpJ8G.o
                0x08000540                STM32_init_clock
 .text.STM32_init_internals
                0x080005b8      0x10c /tmp/ccJZpJ8G.o
                0x080005b8                STM32_init_internals
 .text.STM32_init_peripherals
                0x080006c4       0x30 /tmp/ccJZpJ8G.o
                0x080006c4                STM32_init_peripherals
 .text.STM32_init
                0x080006f4       0x24 /tmp/ccJZpJ8G.o
                0x080006f4                STM32_init
 .text.spi_enable_cs.part.0
                0x08000718        0xe /tmp/cc39F8iS.o
 .text.spi_disable_cs.part.0
                0x08000726        0xe /tmp/cc39F8iS.o
 .text.spi_transmit
                0x08000734       0x18 /tmp/cc39F8iS.o
 .text.spi_transmit_receive.constprop.0
                0x0800074c       0x32 /tmp/cc39F8iS.o
 *fill*         0x0800077e        0x2 
 .text.ADXL375_reg_write
                0x08000780       0x40 /tmp/cc39F8iS.o
                0x08000780                ADXL375_reg_write
 .text.ADXL375_init
                0x080007c0       0x4c /tmp/cc39F8iS.o
                0x080007c0                ADXL375_init
 .text.printf   0x0800080c       0x24 /opt/arm-none-eabi/bin/../lib/gcc/arm-none-eabi/13.2.1/../../../../arm-none-eabi/lib/thumb/v7e-m+fp/hard/libc_nano.a(libc_a-printf.o)
                0x0800080c                printf
                0x0800080c                iprintf
 .text.__sfputc_r
                0x08000830       0x2e /opt/arm-none-eabi/bin/../lib/gcc/arm-none-eabi/13.2.1/../../../../arm-none-eabi/lib/thumb/v7e-m+fp/hard/libc_nano.a(libc_a-nano-vfprintf.o)
 .text.__sfputs_r
                0x0800085e       0x24 /opt/arm-none-eabi/bin/../lib/gcc/arm-none-eabi/13.2.1/../../../../arm-none-eabi/lib/thumb/v7e-m+fp/hard/libc_nano.a(libc_a-nano-vfprintf.o)
                0x0800085e                __sfputs_r
 *fill*         0x08000882        0x2 
 .text._vfprintf_r
                0x08000884      0x230 /opt/arm-none-eabi/bin/../lib/gcc/arm-none-eabi/13.2.1/../../../../arm-none-eabi/lib/thumb/v7e-m+fp/hard/libc_nano.a(libc_a-nano-vfprintf.o)
                0x08000884                _vfiprintf_r
                0x08000884                _vfprintf_r
 .text.__swbuf_r
                0x08000ab4       0x7c /opt/arm-none-eabi/bin/../lib/gcc/arm-none-eabi/13.2.1/../../../../arm-none-eabi/lib/thumb/v7e-m+fp/hard/libc_nano.a(libc_a-wbuf.o)
                0x08000ab4                __swbuf_r
 .text.__swsetup_r
                0x08000b30       0xac /opt/arm-none-eabi/bin/../lib/gcc/arm-none-eabi/13.2.1/../../../../arm-none-eabi/lib/thumb/v7e-m+fp/hard/libc_nano.a(libc_a-wsetup.o)
                0x08000b30                __swsetup_r
 .text._printf_common
                0x08000bdc       0xda /opt/arm-none-eabi/bin/../lib/gcc/arm-none-eabi/13.2.1/../../../../arm-none-eabi/lib/thumb/v7e-m+fp/hard/libc_nano.a(libc_a-nano-vfprintf_i.o)
                0x08000bdc                _printf_common
 *fill*         0x08000cb6        0x2 
 .text._printf_i
                0x08000cb8      0x23c /opt/arm-none-eabi/bin/../lib/gcc/arm-none-eabi/13.2.1/../../../../arm-none-eabi/lib/thumb/v7e-m+fp/hard/libc_nano.a(libc_a-nano-vfprintf_i.o)
                0x08000cb8                _printf_i
 .text._puts_r  0x08000ef4       0xaa /opt/arm-none-eabi/bin/../lib/gcc/arm-none-eabi/13.2.1/../../../../arm-none-eabi/lib/thumb/v7e-m+fp/hard/libc_nano.a(libc_a-puts.o)
                0x08000ef4                _puts_r
 *fill*         0x08000f9e        0x2 
 .text.puts     0x08000fa0       0x10 /opt/arm-none-eabi/bin/../lib/gcc/arm-none-eabi/13.2.1/../../../../arm-none-eabi/lib/thumb/v7e-m+fp/hard/libc_nano.a(libc_a-puts.o)
                0x08000fa0                puts
 .text.__sflush_r
                0x08000fb0      0x108 /opt/arm-none-eabi/bin/../lib/gcc/arm-none-eabi/13.2.1/../../../../arm-none-eabi/lib/thumb/v7e-m+fp/hard/libc_nano.a(libc_a-fflush.o)
                0x08000fb0                __sflush_r
 .text._fflush_r
                0x080010b8       0x50 /opt/arm-none-eabi/bin/../lib/gcc/arm-none-eabi/13.2.1/../../../../arm-none-eabi/lib/thumb/v7e-m+fp/hard/libc_nano.a(libc_a-fflush.o)
                0x080010b8                _fflush_r
 *fill*         0x08001108        0x8 
 .text          0x08001110       0xa0 /opt/arm-none-eabi/bin/../lib/gcc/arm-none-eabi/13.2.1/../../../../arm-none-eabi/lib/thumb/v7e-m+fp/hard/libc_nano.a(libc_a-memchr.o)
                0x08001110                memchr
 .text.memcpy   0x080011b0       0x1c /opt/arm-none-eabi/bin/../lib/gcc/arm-none-eabi/13.2.1/../../../../arm-none-eabi/lib/thumb/v7e-m+fp/hard/libc_nano.a(libc_a-memcpy-stub.o)
                0x080011b0                memcpy
 .text.std      0x080011cc       0x6c /opt/arm-none-eabi/bin/../lib/gcc/arm-none-eabi/13.2.1/../../../../arm-none-eabi/lib/thumb/v7e-m+fp/hard/libc_nano.a(libc_a-findfp.o)
 .text.stdio_exit_handler
                0x08001238       0x18 /opt/arm-none-eabi/bin/../lib/gcc/arm-none-eabi/13.2.1/../../../../arm-none-eabi/lib/thumb/v7e-m+fp/hard/libc_nano.a(libc_a-findfp.o)
 .text.cleanup_stdio
                0x08001250       0x40 /opt/arm-none-eabi/bin/../lib/gcc/arm-none-eabi/13.2.1/../../../../arm-none-eabi/lib/thumb/v7e-m+fp/hard/libc_nano.a(libc_a-findfp.o)
 .text.global_stdio_init.part.0
                0x08001290       0x3c /opt/arm-none-eabi/bin/../lib/gcc/arm-none-eabi/13.2.1/../../../../arm-none-eabi/lib/thumb/v7e-m+fp/hard/libc_nano.a(libc_a-findfp.o)
 .text.__sfp_lock_acquire
                0x080012cc        0xc /opt/arm-none-eabi/bin/../lib/gcc/arm-none-eabi/13.2.1/../../../../arm-none-eabi/lib/thumb/v7e-m+fp/hard/libc_nano.a(libc_a-findfp.o)
                0x080012cc                __sfp_lock_acquire
 .text.__sfp_lock_release
                0x080012d8        0xc /opt/arm-none-eabi/bin/../lib/gcc/arm-none-eabi/13.2.1/../../../../arm-none-eabi/lib/thumb/v7e-m+fp/hard/libc_nano.a(libc_a-findfp.o)
                0x080012d8                __sfp_lock_release
 .text.__sinit  0x080012e4       0x30 /opt/arm-none-eabi/bin/../lib/gcc/arm-none-eabi/13.2.1/../../../../arm-none-eabi/lib/thumb/v7e-m+fp/hard/libc_nano.a(libc_a-findfp.o)
                0x080012e4                __sinit
 .text.__sread  0x08001314       0x22 /opt/arm-none-eabi/bin/../lib/gcc/arm-none-eabi/13.2.1/../../../../arm-none-eabi/lib/thumb/v7e-m+fp/hard/libc_nano.a(libc_a-stdio.o)
                0x08001314                __sread
 .text.__swrite
                0x08001336       0x38 /opt/arm-none-eabi/bin/../lib/gcc/arm-none-eabi/13.2.1/../../../../arm-none-eabi/lib/thumb/v7e-m+fp/hard/libc_nano.a(libc_a-stdio.o)
                0x08001336                __swrite
 .text.__sseek  0x0800136e       0x24 /opt/arm-none-eabi/bin/../lib/gcc/arm-none-eabi/13.2.1/../../../../arm-none-eabi/lib/thumb/v7e-m+fp/hard/libc_nano.a(libc_a-stdio.o)
                0x0800136e                __sseek
 .text.__sclose
                0x08001392        0x8 /opt/arm-none-eabi/bin/../lib/gcc/arm-none-eabi/13.2.1/../../../../arm-none-eabi/lib/thumb/v7e-m+fp/hard/libc_nano.a(libc_a-stdio.o)
                0x08001392                __sclose
 *fill*         0x0800139a        0x2 
 .text._read_r  0x0800139c       0x24 /opt/arm-none-eabi/bin/../lib/gcc/arm-none-eabi/13.2.1/../../../../arm-none-eabi/lib/thumb/v7e-m+fp/hard/libc_nano.a(libc_a-readr.o)
                0x0800139c                _read_r
 .text._write_r
                0x080013c0       0x24 /opt/arm-none-eabi/bin/../lib/gcc/arm-none-eabi/13.2.1/../../../../arm-none-eabi/lib/thumb/v7e-m+fp/hard/libc_nano.a(libc_a-writer.o)
                0x080013c0                _write_r
 .text._fwalk_sglue
                0x080013e4       0x3c /opt/arm-none-eabi/bin/../lib/gcc/arm-none-eabi/13.2.1/../../../../arm-none-eabi/lib/thumb/v7e-m+fp/hard/libc_nano.a(libc_a-fwalk.o)
                0x080013e4                _fwalk_sglue
 .text.memset   0x08001420       0x10 /opt/arm-none-eabi/bin/../lib/gcc/arm-none-eabi/13.2.1/../../../../arm-none-eabi/lib/thumb/v7e-m+fp/hard/libc_nano.a(libc_a-memset.o)
                0x08001420                memset
 .text._free_r  0x08001430       0x94 /opt/arm-none-eabi/bin/../lib/gcc/arm-none-eabi/13.2.1/../../../../arm-none-eabi/lib/thumb/v7e-m+fp/hard/libc_nano.a(libc_a-freer.o)
                0x08001430                _free_r
 .text.__retarget_lock_init_recursive
                0x080014c4        0x2 /opt/arm-none-eabi/bin/../lib/gcc/arm-none-eabi/13.2.1/../../../../arm-none-eabi/lib/thumb/v7e-m+fp/hard/libc_nano.a(libc_a-lock.o)
                0x080014c4                __retarget_lock_init_recursive
 .text.__retarget_lock_acquire_recursive
                0x080014c6        0x2 /opt/arm-none-eabi/bin/../lib/gcc/arm-none-eabi/13.2.1/../../../../arm-none-eabi/lib/thumb/v7e-m+fp/hard/libc_nano.a(libc_a-lock.o)
                0x080014c6                __retarget_lock_acquire_recursive
 .text.__retarget_lock_release_recursive
                0x080014c8        0x2 /opt/arm-none-eabi/bin/../lib/gcc/arm-none-eabi/13.2.1/../../../../arm-none-eabi/lib/thumb/v7e-m+fp/hard/libc_nano.a(libc_a-lock.o)
                0x080014c8                __retarget_lock_release_recursive
 .text.__swhatbuf_r
                0x080014ca       0x4c /opt/arm-none-eabi/bin/../lib/gcc/arm-none-eabi/13.2.1/../../../../arm-none-eabi/lib/thumb/v7e-m+fp/hard/libc_nano.a(libc_a-makebuf.o)
                0x080014ca                __swhatbuf_r
 .text.__smakebuf_r
                0x08001516       0x78 /opt/arm-none-eabi/bin/../lib/gcc/arm-none-eabi/13.2.1/../../../../arm-none-eabi/lib/thumb/v7e-m+fp/hard/libc_nano.a(libc_a-makebuf.o)
                0x08001516                __smakebuf_r
 *fill*         0x0800158e        0x2 
 .text._close_r
                0x08001590       0x20 /opt/arm-none-eabi/bin/../lib/gcc/arm-none-eabi/13.2.1/../../../../arm-none-eabi/lib/thumb/v7e-m+fp/hard/libc_nano.a(libc_a-closer.o)
                0x08001590                _close_r
 .text.sbrk_aligned
                0x080015b0       0x44 /opt/arm-none-eabi/bin/../lib/gcc/arm-none-eabi/13.2.1/../../../../arm-none-eabi/lib/thumb/v7e-m+fp/hard/libc_nano.a(libc_a-mallocr.o)
 .text._malloc_r
                0x080015f4      0x100 /opt/arm-none-eabi/bin/../lib/gcc/arm-none-eabi/13.2.1/../../../../arm-none-eabi/lib/thumb/v7e-m+fp/hard/libc_nano.a(libc_a-mallocr.o)
                0x080015f4                _malloc_r
 .text._fstat_r
                0x080016f4       0x24 /opt/arm-none-eabi/bin/../lib/gcc/arm-none-eabi/13.2.1/../../../../arm-none-eabi/lib/thumb/v7e-m+fp/hard/libc_nano.a(libc_a-fstatr.o)
                0x080016f4                _fstat_r
 .text._isatty_r
                0x08001718       0x20 /opt/arm-none-eabi/bin/../lib/gcc/arm-none-eabi/13.2.1/../../../../arm-none-eabi/lib/thumb/v7e-m+fp/hard/libc_nano.a(libc_a-isattyr.o)
                0x08001718                _isatty_r
 .text._lseek_r
                0x08001738       0x24 /opt/arm-none-eabi/bin/../lib/gcc/arm-none-eabi/13.2.1/../../../../arm-none-eabi/lib/thumb/v7e-m+fp/hard/libc_nano.a(libc_a-lseekr.o)
                0x08001738                _lseek_r
 .text.__malloc_lock
                0x0800175c        0xc /opt/arm-none-eabi/bin/../lib/gcc/arm-none-eabi/13.2.1/../../../../arm-none-eabi/lib/thumb/v7e-m+fp/hard/libc_nano.a(libc_a-mlock.o)
                0x0800175c                __malloc_lock
 .text.__malloc_unlock
                0x08001768        0xc /opt/arm-none-eabi/bin/../lib/gcc/arm-none-eabi/13.2.1/../../../../arm-none-eabi/lib/thumb/v7e-m+fp/hard/libc_nano.a(libc_a-mlock.o)
                0x08001768                __malloc_unlock
 .text._sbrk_r  0x08001774       0x20 /opt/arm-none-eabi/bin/../lib/gcc/arm-none-eabi/13.2.1/../../../../arm-none-eabi/lib/thumb/v7e-m+fp/hard/libc_nano.a(libc_a-sbrkr.o)
                0x08001774                _sbrk_r

.glue_7         0x08001794        0x0
 .glue_7        0x08001794        0x0 linker stubs

.glue_7t        0x08001794        0x0
 .glue_7t       0x08001794        0x0 linker stubs

.vfp11_veneer   0x08001794        0x0
 .vfp11_veneer  0x08001794        0x0 linker stubs

.v4_bx          0x08001794        0x0
 .v4_bx         0x08001794        0x0 linker stubs

.iplt           0x08001794        0x0
 .iplt          0x08001794        0x0 /tmp/cclooe96.o

.rodata         0x08001794       0x85
 *(.rodata*)
 .rodata.run_ADXL375_routine.str1.1
                0x08001794       0x85 /tmp/cclooe96.o
                                 0x34 (size before relaxing)
 .rodata.ADXL375_init.str1.1
                0x08001819       0x1e /tmp/cc39F8iS.o
 .rodata._vfprintf_r.str1.1
                0x08001819       0x11 /opt/arm-none-eabi/bin/../lib/gcc/arm-none-eabi/13.2.1/../../../../arm-none-eabi/lib/thumb/v7e-m+fp/hard/libc_nano.a(libc_a-nano-vfprintf.o)
 .rodata._printf_i.str1.1
                0x08001819       0x22 /opt/arm-none-eabi/bin/../lib/gcc/arm-none-eabi/13.2.1/../../../../arm-none-eabi/lib/thumb/v7e-m+fp/hard/libc_nano.a(libc_a-nano-vfprintf_i.o)

.ARM.exidx      0x0800181c        0x8
 .ARM.exidx     0x0800181c        0x8 /opt/arm-none-eabi/bin/../lib/gcc/arm-none-eabi/13.2.1/../../../../arm-none-eabi/lib/thumb/v7e-m+fp/hard/libc_nano.a(libc_a-memchr.o)

.rel.dyn        0x08001824        0x0
 .rel.iplt      0x08001824        0x0 /tmp/cclooe96.o

.data           0x20000000       0x60 load address 0x08001824
                0x20000000                        _sdata = .
 *(.first_data)
 *(.data SORT_BY_NAME(.data.*))
 .data.FREQ     0x20000000        0x4 /tmp/ccJZpJ8G.o
                0x20000000                FREQ
 .data.__sglue  0x20000004        0xc /opt/arm-none-eabi/bin/../lib/gcc/arm-none-eabi/13.2.1/../../../../arm-none-eabi/lib/thumb/v7e-m+fp/hard/libc_nano.a(libc_a-findfp.o)
                0x20000004                __sglue
 .data._impure_data
                0x20000010       0x4c /opt/arm-none-eabi/bin/../lib/gcc/arm-none-eabi/13.2.1/../../../../arm-none-eabi/lib/thumb/v7e-m+fp/hard/libc_nano.a(libc_a-impure.o)
                0x20000010                _impure_data
 .data._impure_ptr
                0x2000005c        0x4 /opt/arm-none-eabi/bin/../lib/gcc/arm-none-eabi/13.2.1/../../../../arm-none-eabi/lib/thumb/v7e-m+fp/hard/libc_nano.a(libc_a-impure.o)
                0x2000005c                _impure_ptr
                0x20000060                        _edata = .
                0x08001824                        _sidata = LOADADDR (.data)

.igot.plt       0x20000060        0x0 load address 0x08001884
 .igot.plt      0x20000060        0x0 /tmp/cclooe96.o

.bss            0x20000060      0x158 load address 0x08001884
                0x20000060                        _sbss = .
 *(.bss SORT_BY_NAME(.bss.*) COMMON)
 .bss.ADXL375_SPI
                0x20000060        0x4 /tmp/cc39F8iS.o
                0x20000060                ADXL375_SPI
 .bss.__lock___malloc_recursive_mutex
                0x20000064        0x1 /opt/arm-none-eabi/bin/../lib/gcc/arm-none-eabi/13.2.1/../../../../arm-none-eabi/lib/thumb/v7e-m+fp/hard/libc_nano.a(libc_a-lock.o)
                0x20000064                __lock___malloc_recursive_mutex
 .bss.__lock___sfp_recursive_mutex
                0x20000065        0x1 /opt/arm-none-eabi/bin/../lib/gcc/arm-none-eabi/13.2.1/../../../../arm-none-eabi/lib/thumb/v7e-m+fp/hard/libc_nano.a(libc_a-lock.o)
                0x20000065                __lock___sfp_recursive_mutex
 *fill*         0x20000066        0x2 
 .bss.__malloc_free_list
                0x20000068        0x4 /opt/arm-none-eabi/bin/../lib/gcc/arm-none-eabi/13.2.1/../../../../arm-none-eabi/lib/thumb/v7e-m+fp/hard/libc_nano.a(libc_a-mallocr.o)
                0x20000068                __malloc_free_list
 .bss.__malloc_sbrk_start
                0x2000006c        0x4 /opt/arm-none-eabi/bin/../lib/gcc/arm-none-eabi/13.2.1/../../../../arm-none-eabi/lib/thumb/v7e-m+fp/hard/libc_nano.a(libc_a-mallocr.o)
                0x2000006c                __malloc_sbrk_start
 .bss.__sf      0x20000070      0x138 /opt/arm-none-eabi/bin/../lib/gcc/arm-none-eabi/13.2.1/../../../../arm-none-eabi/lib/thumb/v7e-m+fp/hard/libc_nano.a(libc_a-findfp.o)
                0x20000070                __sf
 .bss.__stdio_exit_handler
                0x200001a8        0x4 /opt/arm-none-eabi/bin/../lib/gcc/arm-none-eabi/13.2.1/../../../../arm-none-eabi/lib/thumb/v7e-m+fp/hard/libc_nano.a(libc_a-findfp.o)
                0x200001a8                __stdio_exit_handler
 .bss.errno     0x200001ac        0x4 /opt/arm-none-eabi/bin/../lib/gcc/arm-none-eabi/13.2.1/../../../../arm-none-eabi/lib/thumb/v7e-m+fp/hard/libc_nano.a(libc_a-reent.o)
                0x200001ac                errno
 .bss.heap.0    0x200001b0        0x4 /tmp/ccCFlxeb.o
 .bss.s_ticks   0x200001b4        0x4 /tmp/cclooe96.o
                0x200001b4                s_ticks
                0x200001b8                        _ebss = .
                0x200001b8                        . = ALIGN (0x8)
                0x200001b8                        _end = .
OUTPUT(firmware.elf elf32-littlearm)
LOAD linker stubs

.debug_info     0x00000000     0x376b
 .debug_info    0x00000000     0x1339 /tmp/cclooe96.o
 .debug_info    0x00001339      0x139 /tmp/ccmFOwIu.o
 .debug_info    0x00001472      0x7f9 /tmp/ccCFlxeb.o
 .debug_info    0x00001c6b      0xdda /tmp/ccJZpJ8G.o
 .debug_info    0x00002a45      0xd26 /tmp/cc39F8iS.o

.debug_abbrev   0x00000000      0xeef
 .debug_abbrev  0x00000000      0x461 /tmp/cclooe96.o
 .debug_abbrev  0x00000461       0xe8 /tmp/ccmFOwIu.o
 .debug_abbrev  0x00000549      0x29f /tmp/ccCFlxeb.o
 .debug_abbrev  0x000007e8      0x324 /tmp/ccJZpJ8G.o
 .debug_abbrev  0x00000b0c      0x3e3 /tmp/cc39F8iS.o

.debug_loclists
                0x00000000      0xc90
 .debug_loclists
                0x00000000      0x2ba /tmp/cclooe96.o
 .debug_loclists
                0x000002ba      0x225 /tmp/ccCFlxeb.o
 .debug_loclists
                0x000004df      0x300 /tmp/ccJZpJ8G.o
 .debug_loclists
                0x000007df      0x4b1 /tmp/cc39F8iS.o

.debug_aranges  0x00000000      0x230
 .debug_aranges
                0x00000000       0xc0 /tmp/cclooe96.o
 .debug_aranges
                0x000000c0       0x20 /tmp/ccmFOwIu.o
 .debug_aranges
                0x000000e0       0x90 /tmp/ccCFlxeb.o
 .debug_aranges
                0x00000170       0x70 /tmp/ccJZpJ8G.o
 .debug_aranges
                0x000001e0       0x50 /tmp/cc39F8iS.o

.debug_rnglists
                0x00000000      0x293
 .debug_rnglists
                0x00000000       0xd8 /tmp/cclooe96.o
 .debug_rnglists
                0x000000d8       0x13 /tmp/ccmFOwIu.o
 .debug_rnglists
                0x000000eb       0x7f /tmp/ccCFlxeb.o
 .debug_rnglists
                0x0000016a       0x5e /tmp/ccJZpJ8G.o
 .debug_rnglists
                0x000001c8       0xcb /tmp/cc39F8iS.o

.debug_macro    0x00000000    0x212f8
 .debug_macro   0x00000000      0x2eb /tmp/cclooe96.o
 .debug_macro   0x000002eb      0xacc /tmp/cclooe96.o
 .debug_macro   0x00000db7       0x22 /tmp/cclooe96.o
 .debug_macro   0x00000dd9       0x5b /tmp/cclooe96.o
 .debug_macro   0x00000e34       0x2a /tmp/cclooe96.o
 .debug_macro   0x00000e5e       0x94 /tmp/cclooe96.o
 .debug_macro   0x00000ef2       0x43 /tmp/cclooe96.o
 .debug_macro   0x00000f35       0x34 /tmp/cclooe96.o
 .debug_macro   0x00000f69       0x16 /tmp/cclooe96.o
 .debug_macro   0x00000f7f       0x57 /tmp/cclooe96.o
 .debug_macro   0x00000fd6       0x9e /tmp/cclooe96.o
 .debug_macro   0x00001074      0x370 /tmp/cclooe96.o
 .debug_macro   0x000013e4      0x112 /tmp/cclooe96.o
 .debug_macro   0x000014f6       0x10 /tmp/cclooe96.o
 .debug_macro   0x00001506       0x16 /tmp/cclooe96.o
 .debug_macro   0x0000151c       0x4a /tmp/cclooe96.o
 .debug_macro   0x00001566       0x34 /tmp/cclooe96.o
 .debug_macro   0x0000159a       0x10 /tmp/cclooe96.o
 .debug_macro   0x000015aa       0x58 /tmp/cclooe96.o
 .debug_macro   0x00001602       0x8e /tmp/cclooe96.o
 .debug_macro   0x00001690       0x1c /tmp/cclooe96.o
 .debug_macro   0x000016ac      0x177 /tmp/cclooe96.o
 .debug_macro   0x00001823       0x16 /tmp/cclooe96.o
 .debug_macro   0x00001839       0x16 /tmp/cclooe96.o
 .debug_macro   0x0000184f      0x146 /tmp/cclooe96.o
 .debug_macro   0x00001995      0x103 /tmp/cclooe96.o
 .debug_macro   0x00001a98       0x6a /tmp/cclooe96.o
 .debug_macro   0x00001b02      0x1df /tmp/cclooe96.o
 .debug_macro   0x00001ce1       0x3c /tmp/cclooe96.o
 .debug_macro   0x00001d1d      0x460 /tmp/cclooe96.o
 .debug_macro   0x0000217d       0x22 /tmp/cclooe96.o
 .debug_macro   0x0000219f       0x16 /tmp/cclooe96.o
 .debug_macro   0x000021b5       0x16 /tmp/cclooe96.o
 .debug_macro   0x000021cb       0x29 /tmp/cclooe96.o
 .debug_macro   0x000021f4       0x16 /tmp/cclooe96.o
 .debug_macro   0x0000220a       0x10 /tmp/cclooe96.o
 .debug_macro   0x0000221a       0x10 /tmp/cclooe96.o
 .debug_macro   0x0000222a       0x10 /tmp/cclooe96.o
 .debug_macro   0x0000223a       0x1c /tmp/cclooe96.o
 .debug_macro   0x00002256       0x52 /tmp/cclooe96.o
 .debug_macro   0x000022a8       0x22 /tmp/cclooe96.o
 .debug_macro   0x000022ca       0x10 /tmp/cclooe96.o
 .debug_macro   0x000022da       0x52 /tmp/cclooe96.o
 .debug_macro   0x0000232c       0xc1 /tmp/cclooe96.o
 .debug_macro   0x000023ed       0x1c /tmp/cclooe96.o
 .debug_macro   0x00002409       0x3d /tmp/cclooe96.o
 .debug_macro   0x00002446       0x35 /tmp/cclooe96.o
 .debug_macro   0x0000247b      0x12c /tmp/cclooe96.o
 .debug_macro   0x000025a7       0x28 /tmp/cclooe96.o
 .debug_macro   0x000025cf       0x1c /tmp/cclooe96.o
 .debug_macro   0x000025eb       0x22 /tmp/cclooe96.o
 .debug_macro   0x0000260d       0xd9 /tmp/cclooe96.o
 .debug_macro   0x000026e6     0x102d /tmp/cclooe96.o
 .debug_macro   0x00003713      0x11f /tmp/cclooe96.o
 .debug_macro   0x00003832    0x1cb71 /tmp/cclooe96.o
 .debug_macro   0x000203a3       0xd6 /tmp/cclooe96.o
 .debug_macro   0x00020479       0x3a /tmp/cclooe96.o
 .debug_macro   0x000204b3       0x88 /tmp/cclooe96.o
 .debug_macro   0x0002053b      0x172 /tmp/cclooe96.o
 .debug_macro   0x000206ad       0x3a /tmp/cclooe96.o
 .debug_macro   0x000206e7       0xb2 /tmp/cclooe96.o
 .debug_macro   0x00020799       0x11 /tmp/ccmFOwIu.o
 .debug_macro   0x000207aa      0x2b2 /tmp/ccCFlxeb.o
 .debug_macro   0x00020a5c       0x3a /tmp/ccCFlxeb.o
 .debug_macro   0x00020a96       0x89 /tmp/ccCFlxeb.o
 .debug_macro   0x00020b1f       0x1c /tmp/ccCFlxeb.o
 .debug_macro   0x00020b3b       0x9b /tmp/ccCFlxeb.o
 .debug_macro   0x00020bd6      0x2c1 /tmp/ccJZpJ8G.o
 .debug_macro   0x00020e97       0x34 /tmp/ccJZpJ8G.o
 .debug_macro   0x00020ecb      0x2c1 /tmp/cc39F8iS.o
 .debug_macro   0x0002118c      0x16c /tmp/cc39F8iS.o

.debug_line     0x00000000     0x2205
 .debug_line    0x00000000      0x9b7 /tmp/cclooe96.o
 .debug_line    0x000009b7       0x6b /tmp/ccmFOwIu.o
 .debug_line    0x00000a22      0x5e8 /tmp/ccCFlxeb.o
 .debug_line    0x0000100a      0x8fe /tmp/ccJZpJ8G.o
 .debug_line    0x00001908      0x8fd /tmp/cc39F8iS.o

.debug_str      0x00000000    0xb3ad1
 .debug_str     0x00000000    0xb3ad1 /tmp/cclooe96.o
                              0xb3988 (size before relaxing)
 .debug_str     0x000b3ad1     0x2ea6 /tmp/ccmFOwIu.o
 .debug_str     0x000b3ad1    0xb2827 /tmp/ccCFlxeb.o
 .debug_str     0x000b3ad1    0xb2a82 /tmp/ccJZpJ8G.o
 .debug_str     0x000b3ad1    0xb2f30 /tmp/cc39F8iS.o

.comment        0x00000000       0x44
 .comment       0x00000000       0x44 /tmp/cclooe96.o
                                 0x45 (size before relaxing)
 .comment       0x00000044       0x45 /tmp/ccmFOwIu.o
 .comment       0x00000044       0x45 /tmp/ccCFlxeb.o
 .comment       0x00000044       0x45 /tmp/ccJZpJ8G.o
 .comment       0x00000044       0x45 /tmp/cc39F8iS.o

.ARM.attributes
                0x00000000       0x32
 .ARM.attributes
                0x00000000       0x34 /tmp/cclooe96.o
 .ARM.attributes
                0x00000034       0x34 /tmp/ccmFOwIu.o
 .ARM.attributes
                0x00000068       0x34 /tmp/ccCFlxeb.o
 .ARM.attributes
                0x0000009c       0x34 /tmp/ccJZpJ8G.o
 .ARM.attributes
                0x000000d0       0x34 /tmp/cc39F8iS.o
 .ARM.attributes
                0x00000104       0x34 /opt/arm-none-eabi/bin/../lib/gcc/arm-none-eabi/13.2.1/../../../../arm-none-eabi/lib/thumb/v7e-m+fp/hard/libc_nano.a(libc_a-printf.o)
 .ARM.attributes
                0x00000138       0x34 /opt/arm-none-eabi/bin/../lib/gcc/arm-none-eabi/13.2.1/../../../../arm-none-eabi/lib/thumb/v7e-m+fp/hard/libc_nano.a(libc_a-nano-vfprintf.o)
 .ARM.attributes
                0x0000016c       0x34 /opt/arm-none-eabi/bin/../lib/gcc/arm-none-eabi/13.2.1/../../../../arm-none-eabi/lib/thumb/v7e-m+fp/hard/libc_nano.a(libc_a-wbuf.o)
 .ARM.attributes
                0x000001a0       0x34 /opt/arm-none-eabi/bin/../lib/gcc/arm-none-eabi/13.2.1/../../../../arm-none-eabi/lib/thumb/v7e-m+fp/hard/libc_nano.a(libc_a-wsetup.o)
 .ARM.attributes
                0x000001d4       0x34 /opt/arm-none-eabi/bin/../lib/gcc/arm-none-eabi/13.2.1/../../../../arm-none-eabi/lib/thumb/v7e-m+fp/hard/libc_nano.a(libc_a-nano-vfprintf_i.o)
 .ARM.attributes
                0x00000208       0x34 /opt/arm-none-eabi/bin/../lib/gcc/arm-none-eabi/13.2.1/../../../../arm-none-eabi/lib/thumb/v7e-m+fp/hard/libc_nano.a(libc_a-puts.o)
 .ARM.attributes
                0x0000023c       0x34 /opt/arm-none-eabi/bin/../lib/gcc/arm-none-eabi/13.2.1/../../../../arm-none-eabi/lib/thumb/v7e-m+fp/hard/libc_nano.a(libc_a-impure.o)
 .ARM.attributes
                0x00000270       0x34 /opt/arm-none-eabi/bin/../lib/gcc/arm-none-eabi/13.2.1/../../../../arm-none-eabi/lib/thumb/v7e-m+fp/hard/libc_nano.a(libc_a-fflush.o)
 .ARM.attributes
                0x000002a4       0x1c /opt/arm-none-eabi/bin/../lib/gcc/arm-none-eabi/13.2.1/../../../../arm-none-eabi/lib/thumb/v7e-m+fp/hard/libc_nano.a(libc_a-memchr.o)
 .ARM.attributes
                0x000002c0       0x34 /opt/arm-none-eabi/bin/../lib/gcc/arm-none-eabi/13.2.1/../../../../arm-none-eabi/lib/thumb/v7e-m+fp/hard/libc_nano.a(libc_a-memcpy-stub.o)
 .ARM.attributes
                0x000002f4       0x34 /opt/arm-none-eabi/bin/../lib/gcc/arm-none-eabi/13.2.1/../../../../arm-none-eabi/lib/thumb/v7e-m+fp/hard/libc_nano.a(libc_a-findfp.o)
 .ARM.attributes
                0x00000328       0x34 /opt/arm-none-eabi/bin/../lib/gcc/arm-none-eabi/13.2.1/../../../../arm-none-eabi/lib/thumb/v7e-m+fp/hard/libc_nano.a(libc_a-stdio.o)
 .ARM.attributes
                0x0000035c       0x34 /opt/arm-none-eabi/bin/../lib/gcc/arm-none-eabi/13.2.1/../../../../arm-none-eabi/lib/thumb/v7e-m+fp/hard/libc_nano.a(libc_a-readr.o)
 .ARM.attributes
                0x00000390       0x34 /opt/arm-none-eabi/bin/../lib/gcc/arm-none-eabi/13.2.1/../../../../arm-none-eabi/lib/thumb/v7e-m+fp/hard/libc_nano.a(libc_a-writer.o)
 .ARM.attributes
                0x000003c4       0x34 /opt/arm-none-eabi/bin/../lib/gcc/arm-none-eabi/13.2.1/../../../../arm-none-eabi/lib/thumb/v7e-m+fp/hard/libc_nano.a(libc_a-fwalk.o)
 .ARM.attributes
                0x000003f8       0x34 /opt/arm-none-eabi/bin/../lib/gcc/arm-none-eabi/13.2.1/../../../../arm-none-eabi/lib/thumb/v7e-m+fp/hard/libc_nano.a(libc_a-memset.o)
 .ARM.attributes
                0x0000042c       0x34 /opt/arm-none-eabi/bin/../lib/gcc/arm-none-eabi/13.2.1/../../../../arm-none-eabi/lib/thumb/v7e-m+fp/hard/libc_nano.a(libc_a-freer.o)
 .ARM.attributes
                0x00000460       0x34 /opt/arm-none-eabi/bin/../lib/gcc/arm-none-eabi/13.2.1/../../../../arm-none-eabi/lib/thumb/v7e-m+fp/hard/libc_nano.a(libc_a-lock.o)
 .ARM.attributes
                0x00000494       0x34 /opt/arm-none-eabi/bin/../lib/gcc/arm-none-eabi/13.2.1/../../../../arm-none-eabi/lib/thumb/v7e-m+fp/hard/libc_nano.a(libc_a-makebuf.o)
 .ARM.attributes
                0x000004c8       0x34 /opt/arm-none-eabi/bin/../lib/gcc/arm-none-eabi/13.2.1/../../../../arm-none-eabi/lib/thumb/v7e-m+fp/hard/libc_nano.a(libc_a-closer.o)
 .ARM.attributes
                0x000004fc       0x34 /opt/arm-none-eabi/bin/../lib/gcc/arm-none-eabi/13.2.1/../../../../arm-none-eabi/lib/thumb/v7e-m+fp/hard/libc_nano.a(libc_a-reent.o)
 .ARM.attributes
                0x00000530       0x34 /opt/arm-none-eabi/bin/../lib/gcc/arm-none-eabi/13.2.1/../../../../arm-none-eabi/lib/thumb/v7e-m+fp/hard/libc_nano.a(libc_a-mallocr.o)
 .ARM.attributes
                0x00000564       0x34 /opt/arm-none-eabi/bin/../lib/gcc/arm-none-eabi/13.2.1/../../../../arm-none-eabi/lib/thumb/v7e-m+fp/hard/libc_nano.a(libc_a-fstatr.o)
 .ARM.attributes
                0x00000598       0x34 /opt/arm-none-eabi/bin/../lib/gcc/arm-none-eabi/13.2.1/../../../../arm-none-eabi/lib/thumb/v7e-m+fp/hard/libc_nano.a(libc_a-isattyr.o)
 .ARM.attributes
                0x000005cc       0x34 /opt/arm-none-eabi/bin/../lib/gcc/arm-none-eabi/13.2.1/../../../../arm-none-eabi/lib/thumb/v7e-m+fp/hard/libc_nano.a(libc_a-lseekr.o)
 .ARM.attributes
                0x00000600       0x34 /opt/arm-none-eabi/bin/../lib/gcc/arm-none-eabi/13.2.1/../../../../arm-none-eabi/lib/thumb/v7e-m+fp/hard/libc_nano.a(libc_a-mlock.o)
 .ARM.attributes
                0x00000634       0x34 /opt/arm-none-eabi/bin/../lib/gcc/arm-none-eabi/13.2.1/../../../../arm-none-eabi/lib/thumb/v7e-m+fp/hard/libc_nano.a(libc_a-sbrkr.o)

.debug_frame    0x00000000      0xcc8
 .debug_frame   0x00000000      0x1fc /tmp/cclooe96.o
 .debug_frame   0x000001fc       0x20 /tmp/ccmFOwIu.o
 .debug_frame   0x0000021c      0x108 /tmp/ccCFlxeb.o
 .debug_frame   0x00000324      0x100 /tmp/ccJZpJ8G.o
 .debug_frame   0x00000424       0xb8 /tmp/cc39F8iS.o
 .debug_frame   0x000004dc       0x6c /opt/arm-none-eabi/bin/../lib/gcc/arm-none-eabi/13.2.1/../../../../arm-none-eabi/lib/thumb/v7e-m+fp/hard/libc_nano.a(libc_a-printf.o)
 .debug_frame   0x00000548       0xa8 /opt/arm-none-eabi/bin/../lib/gcc/arm-none-eabi/13.2.1/../../../../arm-none-eabi/lib/thumb/v7e-m+fp/hard/libc_nano.a(libc_a-nano-vfprintf.o)
 .debug_frame   0x000005f0       0x40 /opt/arm-none-eabi/bin/../lib/gcc/arm-none-eabi/13.2.1/../../../../arm-none-eabi/lib/thumb/v7e-m+fp/hard/libc_nano.a(libc_a-wbuf.o)
 .debug_frame   0x00000630       0x2c /opt/arm-none-eabi/bin/../lib/gcc/arm-none-eabi/13.2.1/../../../../arm-none-eabi/lib/thumb/v7e-m+fp/hard/libc_nano.a(libc_a-wsetup.o)
 .debug_frame   0x0000065c       0x60 /opt/arm-none-eabi/bin/../lib/gcc/arm-none-eabi/13.2.1/../../../../arm-none-eabi/lib/thumb/v7e-m+fp/hard/libc_nano.a(libc_a-nano-vfprintf_i.o)
 .debug_frame   0x000006bc       0x3c /opt/arm-none-eabi/bin/../lib/gcc/arm-none-eabi/13.2.1/../../../../arm-none-eabi/lib/thumb/v7e-m+fp/hard/libc_nano.a(libc_a-puts.o)
 .debug_frame   0x000006f8       0x5c /opt/arm-none-eabi/bin/../lib/gcc/arm-none-eabi/13.2.1/../../../../arm-none-eabi/lib/thumb/v7e-m+fp/hard/libc_nano.a(libc_a-fflush.o)
 .debug_frame   0x00000754       0x28 /opt/arm-none-eabi/bin/../lib/gcc/arm-none-eabi/13.2.1/../../../../arm-none-eabi/lib/thumb/v7e-m+fp/hard/libc_nano.a(libc_a-memcpy-stub.o)
 .debug_frame   0x0000077c      0x144 /opt/arm-none-eabi/bin/../lib/gcc/arm-none-eabi/13.2.1/../../../../arm-none-eabi/lib/thumb/v7e-m+fp/hard/libc_nano.a(libc_a-findfp.o)
 .debug_frame   0x000008c0       0x88 /opt/arm-none-eabi/bin/../lib/gcc/arm-none-eabi/13.2.1/../../../../arm-none-eabi/lib/thumb/v7e-m+fp/hard/libc_nano.a(libc_a-stdio.o)
 .debug_frame   0x00000948       0x2c /opt/arm-none-eabi/bin/../lib/gcc/arm-none-eabi/13.2.1/../../../../arm-none-eabi/lib/thumb/v7e-m+fp/hard/libc_nano.a(libc_a-readr.o)
 .debug_frame   0x00000974       0x2c /opt/arm-none-eabi/bin/../lib/gcc/arm-none-eabi/13.2.1/../../../../arm-none-eabi/lib/thumb/v7e-m+fp/hard/libc_nano.a(libc_a-writer.o)
 .debug_frame   0x000009a0       0x34 /opt/arm-none-eabi/bin/../lib/gcc/arm-none-eabi/13.2.1/../../../../arm-none-eabi/lib/thumb/v7e-m+fp/hard/libc_nano.a(libc_a-fwalk.o)
 .debug_frame   0x000009d4       0x20 /opt/arm-none-eabi/bin/../lib/gcc/arm-none-eabi/13.2.1/../../../../arm-none-eabi/lib/thumb/v7e-m+fp/hard/libc_nano.a(libc_a-memset.o)
 .debug_frame   0x000009f4       0x38 /opt/arm-none-eabi/bin/../lib/gcc/arm-none-eabi/13.2.1/../../../../arm-none-eabi/lib/thumb/v7e-m+fp/hard/libc_nano.a(libc_a-freer.o)
 .debug_frame   0x00000a2c       0xb0 /opt/arm-none-eabi/bin/../lib/gcc/arm-none-eabi/13.2.1/../../../../arm-none-eabi/lib/thumb/v7e-m+fp/hard/libc_nano.a(libc_a-lock.o)
 .debug_frame   0x00000adc       0x58 /opt/arm-none-eabi/bin/../lib/gcc/arm-none-eabi/13.2.1/../../../../arm-none-eabi/lib/thumb/v7e-m+fp/hard/libc_nano.a(libc_a-makebuf.o)
 .debug_frame   0x00000b34       0x2c /opt/arm-none-eabi/bin/../lib/gcc/arm-none-eabi/13.2.1/../../../../arm-none-eabi/lib/thumb/v7e-m+fp/hard/libc_nano.a(libc_a-closer.o)
 .debug_frame   0x00000b60       0x38 /opt/arm-none-eabi/bin/../lib/gcc/arm-none-eabi/13.2.1/../../../../arm-none-eabi/lib/thumb/v7e-m+fp/hard/libc_nano.a(libc_a-reent.o)
 .debug_frame   0x00000b98       0x50 /opt/arm-none-eabi/bin/../lib/gcc/arm-none-eabi/13.2.1/../../../../arm-none-eabi/lib/thumb/v7e-m+fp/hard/libc_nano.a(libc_a-mallocr.o)
 .debug_frame   0x00000be8       0x2c /opt/arm-none-eabi/bin/../lib/gcc/arm-none-eabi/13.2.1/../../../../arm-none-eabi/lib/thumb/v7e-m+fp/hard/libc_nano.a(libc_a-fstatr.o)
 .debug_frame   0x00000c14       0x2c /opt/arm-none-eabi/bin/../lib/gcc/arm-none-eabi/13.2.1/../../../../arm-none-eabi/lib/thumb/v7e-m+fp/hard/libc_nano.a(libc_a-isattyr.o)
 .debug_frame   0x00000c40       0x2c /opt/arm-none-eabi/bin/../lib/gcc/arm-none-eabi/13.2.1/../../../../arm-none-eabi/lib/thumb/v7e-m+fp/hard/libc_nano.a(libc_a-lseekr.o)
 .debug_frame   0x00000c6c       0x30 /opt/arm-none-eabi/bin/../lib/gcc/arm-none-eabi/13.2.1/../../../../arm-none-eabi/lib/thumb/v7e-m+fp/hard/libc_nano.a(libc_a-mlock.o)
 .debug_frame   0x00000c9c       0x2c /opt/arm-none-eabi/bin/../lib/gcc/arm-none-eabi/13.2.1/../../../../arm-none-eabi/lib/thumb/v7e-m+fp/hard/libc_nano.a(libc_a-sbrkr.o)

.debug_line_str
                0x00000000       0xda
 .debug_line_str
                0x00000000       0xda /opt/arm-none-eabi/bin/../lib/gcc/arm-none-eabi/13.2.1/../../../../arm-none-eabi/lib/thumb/v7e-m+fp/hard/libc_nano.a(libc_a-memchr.o)
