Archive member included to satisfy reference by file (symbol)

/opt/gcc-arm-none-eabi-10.3-2021.10/bin/../lib/gcc/arm-none-eabi/10.3.1/../../../../arm-none-eabi/lib/thumb/v7e-m+fp/hard/libc_nano.a(lib_a-memcpy-stub.o)
                              /tmp/ccoJbPnU.o (memcpy)
/opt/gcc-arm-none-eabi-10.3-2021.10/bin/../lib/gcc/arm-none-eabi/10.3.1/../../../../arm-none-eabi/lib/thumb/v7e-m+fp/hard/libc_nano.a(lib_a-memset.o)
                              /tmp/ccoJbPnU.o (memset)
/opt/gcc-arm-none-eabi-10.3-2021.10/bin/../lib/gcc/arm-none-eabi/10.3.1/../../../../arm-none-eabi/lib/thumb/v7e-m+fp/hard/libc_nano.a(lib_a-printf.o)
                              /tmp/ccQGMeTa.o (printf)
/opt/gcc-arm-none-eabi-10.3-2021.10/bin/../lib/gcc/arm-none-eabi/10.3.1/../../../../arm-none-eabi/lib/thumb/v7e-m+fp/hard/libc_nano.a(lib_a-puts.o)
                              /tmp/ccQGMeTa.o (puts)
/opt/gcc-arm-none-eabi-10.3-2021.10/bin/../lib/gcc/arm-none-eabi/10.3.1/../../../../arm-none-eabi/lib/thumb/v7e-m+fp/hard/libc_nano.a(lib_a-wbuf.o)
                              /opt/gcc-arm-none-eabi-10.3-2021.10/bin/../lib/gcc/arm-none-eabi/10.3.1/../../../../arm-none-eabi/lib/thumb/v7e-m+fp/hard/libc_nano.a(lib_a-puts.o) (__swbuf_r)
/opt/gcc-arm-none-eabi-10.3-2021.10/bin/../lib/gcc/arm-none-eabi/10.3.1/../../../../arm-none-eabi/lib/thumb/v7e-m+fp/hard/libc_nano.a(lib_a-wsetup.o)
                              /opt/gcc-arm-none-eabi-10.3-2021.10/bin/../lib/gcc/arm-none-eabi/10.3.1/../../../../arm-none-eabi/lib/thumb/v7e-m+fp/hard/libc_nano.a(lib_a-puts.o) (__swsetup_r)
/opt/gcc-arm-none-eabi-10.3-2021.10/bin/../lib/gcc/arm-none-eabi/10.3.1/../../../../arm-none-eabi/lib/thumb/v7e-m+fp/hard/libc_nano.a(lib_a-fflush.o)
                              /opt/gcc-arm-none-eabi-10.3-2021.10/bin/../lib/gcc/arm-none-eabi/10.3.1/../../../../arm-none-eabi/lib/thumb/v7e-m+fp/hard/libc_nano.a(lib_a-wbuf.o) (_fflush_r)
/opt/gcc-arm-none-eabi-10.3-2021.10/bin/../lib/gcc/arm-none-eabi/10.3.1/../../../../arm-none-eabi/lib/thumb/v7e-m+fp/hard/libc_nano.a(lib_a-findfp.o)
                              /opt/gcc-arm-none-eabi-10.3-2021.10/bin/../lib/gcc/arm-none-eabi/10.3.1/../../../../arm-none-eabi/lib/thumb/v7e-m+fp/hard/libc_nano.a(lib_a-printf.o) (__sinit)
/opt/gcc-arm-none-eabi-10.3-2021.10/bin/../lib/gcc/arm-none-eabi/10.3.1/../../../../arm-none-eabi/lib/thumb/v7e-m+fp/hard/libc_nano.a(lib_a-fwalk.o)
                              /opt/gcc-arm-none-eabi-10.3-2021.10/bin/../lib/gcc/arm-none-eabi/10.3.1/../../../../arm-none-eabi/lib/thumb/v7e-m+fp/hard/libc_nano.a(lib_a-findfp.o) (_fwalk)
/opt/gcc-arm-none-eabi-10.3-2021.10/bin/../lib/gcc/arm-none-eabi/10.3.1/../../../../arm-none-eabi/lib/thumb/v7e-m+fp/hard/libc_nano.a(lib_a-impure.o)
                              /opt/gcc-arm-none-eabi-10.3-2021.10/bin/../lib/gcc/arm-none-eabi/10.3.1/../../../../arm-none-eabi/lib/thumb/v7e-m+fp/hard/libc_nano.a(lib_a-fflush.o) (_global_impure_ptr)
/opt/gcc-arm-none-eabi-10.3-2021.10/bin/../lib/gcc/arm-none-eabi/10.3.1/../../../../arm-none-eabi/lib/thumb/v7e-m+fp/hard/libc_nano.a(lib_a-lock.o)
                              /opt/gcc-arm-none-eabi-10.3-2021.10/bin/../lib/gcc/arm-none-eabi/10.3.1/../../../../arm-none-eabi/lib/thumb/v7e-m+fp/hard/libc_nano.a(lib_a-findfp.o) (__retarget_lock_init_recursive)
/opt/gcc-arm-none-eabi-10.3-2021.10/bin/../lib/gcc/arm-none-eabi/10.3.1/../../../../arm-none-eabi/lib/thumb/v7e-m+fp/hard/libc_nano.a(lib_a-makebuf.o)
                              /opt/gcc-arm-none-eabi-10.3-2021.10/bin/../lib/gcc/arm-none-eabi/10.3.1/../../../../arm-none-eabi/lib/thumb/v7e-m+fp/hard/libc_nano.a(lib_a-wsetup.o) (__smakebuf_r)
/opt/gcc-arm-none-eabi-10.3-2021.10/bin/../lib/gcc/arm-none-eabi/10.3.1/../../../../arm-none-eabi/lib/thumb/v7e-m+fp/hard/libc_nano.a(lib_a-nano-freer.o)
                              /opt/gcc-arm-none-eabi-10.3-2021.10/bin/../lib/gcc/arm-none-eabi/10.3.1/../../../../arm-none-eabi/lib/thumb/v7e-m+fp/hard/libc_nano.a(lib_a-wsetup.o) (_free_r)
/opt/gcc-arm-none-eabi-10.3-2021.10/bin/../lib/gcc/arm-none-eabi/10.3.1/../../../../arm-none-eabi/lib/thumb/v7e-m+fp/hard/libc_nano.a(lib_a-nano-mallocr.o)
                              /opt/gcc-arm-none-eabi-10.3-2021.10/bin/../lib/gcc/arm-none-eabi/10.3.1/../../../../arm-none-eabi/lib/thumb/v7e-m+fp/hard/libc_nano.a(lib_a-findfp.o) (_malloc_r)
/opt/gcc-arm-none-eabi-10.3-2021.10/bin/../lib/gcc/arm-none-eabi/10.3.1/../../../../arm-none-eabi/lib/thumb/v7e-m+fp/hard/libc_nano.a(lib_a-nano-vfprintf.o)
                              /opt/gcc-arm-none-eabi-10.3-2021.10/bin/../lib/gcc/arm-none-eabi/10.3.1/../../../../arm-none-eabi/lib/thumb/v7e-m+fp/hard/libc_nano.a(lib_a-printf.o) (_vfprintf_r)
/opt/gcc-arm-none-eabi-10.3-2021.10/bin/../lib/gcc/arm-none-eabi/10.3.1/../../../../arm-none-eabi/lib/thumb/v7e-m+fp/hard/libc_nano.a(lib_a-nano-vfprintf_i.o)
                              /opt/gcc-arm-none-eabi-10.3-2021.10/bin/../lib/gcc/arm-none-eabi/10.3.1/../../../../arm-none-eabi/lib/thumb/v7e-m+fp/hard/libc_nano.a(lib_a-nano-vfprintf.o) (_printf_i)
/opt/gcc-arm-none-eabi-10.3-2021.10/bin/../lib/gcc/arm-none-eabi/10.3.1/../../../../arm-none-eabi/lib/thumb/v7e-m+fp/hard/libc_nano.a(lib_a-sbrkr.o)
                              /opt/gcc-arm-none-eabi-10.3-2021.10/bin/../lib/gcc/arm-none-eabi/10.3.1/../../../../arm-none-eabi/lib/thumb/v7e-m+fp/hard/libc_nano.a(lib_a-nano-mallocr.o) (_sbrk_r)
/opt/gcc-arm-none-eabi-10.3-2021.10/bin/../lib/gcc/arm-none-eabi/10.3.1/../../../../arm-none-eabi/lib/thumb/v7e-m+fp/hard/libc_nano.a(lib_a-stdio.o)
                              /opt/gcc-arm-none-eabi-10.3-2021.10/bin/../lib/gcc/arm-none-eabi/10.3.1/../../../../arm-none-eabi/lib/thumb/v7e-m+fp/hard/libc_nano.a(lib_a-findfp.o) (__sread)
/opt/gcc-arm-none-eabi-10.3-2021.10/bin/../lib/gcc/arm-none-eabi/10.3.1/../../../../arm-none-eabi/lib/thumb/v7e-m+fp/hard/libc_nano.a(lib_a-writer.o)
                              /opt/gcc-arm-none-eabi-10.3-2021.10/bin/../lib/gcc/arm-none-eabi/10.3.1/../../../../arm-none-eabi/lib/thumb/v7e-m+fp/hard/libc_nano.a(lib_a-stdio.o) (_write_r)
/opt/gcc-arm-none-eabi-10.3-2021.10/bin/../lib/gcc/arm-none-eabi/10.3.1/../../../../arm-none-eabi/lib/thumb/v7e-m+fp/hard/libc_nano.a(lib_a-closer.o)
                              /opt/gcc-arm-none-eabi-10.3-2021.10/bin/../lib/gcc/arm-none-eabi/10.3.1/../../../../arm-none-eabi/lib/thumb/v7e-m+fp/hard/libc_nano.a(lib_a-stdio.o) (_close_r)
/opt/gcc-arm-none-eabi-10.3-2021.10/bin/../lib/gcc/arm-none-eabi/10.3.1/../../../../arm-none-eabi/lib/thumb/v7e-m+fp/hard/libc_nano.a(lib_a-fstatr.o)
                              /opt/gcc-arm-none-eabi-10.3-2021.10/bin/../lib/gcc/arm-none-eabi/10.3.1/../../../../arm-none-eabi/lib/thumb/v7e-m+fp/hard/libc_nano.a(lib_a-makebuf.o) (_fstat_r)
/opt/gcc-arm-none-eabi-10.3-2021.10/bin/../lib/gcc/arm-none-eabi/10.3.1/../../../../arm-none-eabi/lib/thumb/v7e-m+fp/hard/libc_nano.a(lib_a-fvwrite.o)
                              /opt/gcc-arm-none-eabi-10.3-2021.10/bin/../lib/gcc/arm-none-eabi/10.3.1/../../../../arm-none-eabi/lib/thumb/v7e-m+fp/hard/libc_nano.a(lib_a-nano-vfprintf.o) (__sfvwrite_r)
/opt/gcc-arm-none-eabi-10.3-2021.10/bin/../lib/gcc/arm-none-eabi/10.3.1/../../../../arm-none-eabi/lib/thumb/v7e-m+fp/hard/libc_nano.a(lib_a-isattyr.o)
                              /opt/gcc-arm-none-eabi-10.3-2021.10/bin/../lib/gcc/arm-none-eabi/10.3.1/../../../../arm-none-eabi/lib/thumb/v7e-m+fp/hard/libc_nano.a(lib_a-makebuf.o) (_isatty_r)
/opt/gcc-arm-none-eabi-10.3-2021.10/bin/../lib/gcc/arm-none-eabi/10.3.1/../../../../arm-none-eabi/lib/thumb/v7e-m+fp/hard/libc_nano.a(lib_a-lseekr.o)
                              /opt/gcc-arm-none-eabi-10.3-2021.10/bin/../lib/gcc/arm-none-eabi/10.3.1/../../../../arm-none-eabi/lib/thumb/v7e-m+fp/hard/libc_nano.a(lib_a-stdio.o) (_lseek_r)
/opt/gcc-arm-none-eabi-10.3-2021.10/bin/../lib/gcc/arm-none-eabi/10.3.1/../../../../arm-none-eabi/lib/thumb/v7e-m+fp/hard/libc_nano.a(lib_a-memchr.o)
                              /opt/gcc-arm-none-eabi-10.3-2021.10/bin/../lib/gcc/arm-none-eabi/10.3.1/../../../../arm-none-eabi/lib/thumb/v7e-m+fp/hard/libc_nano.a(lib_a-nano-vfprintf.o) (memchr)
/opt/gcc-arm-none-eabi-10.3-2021.10/bin/../lib/gcc/arm-none-eabi/10.3.1/../../../../arm-none-eabi/lib/thumb/v7e-m+fp/hard/libc_nano.a(lib_a-memmove.o)
                              /opt/gcc-arm-none-eabi-10.3-2021.10/bin/../lib/gcc/arm-none-eabi/10.3.1/../../../../arm-none-eabi/lib/thumb/v7e-m+fp/hard/libc_nano.a(lib_a-fvwrite.o) (memmove)
/opt/gcc-arm-none-eabi-10.3-2021.10/bin/../lib/gcc/arm-none-eabi/10.3.1/../../../../arm-none-eabi/lib/thumb/v7e-m+fp/hard/libc_nano.a(lib_a-mlock.o)
                              /opt/gcc-arm-none-eabi-10.3-2021.10/bin/../lib/gcc/arm-none-eabi/10.3.1/../../../../arm-none-eabi/lib/thumb/v7e-m+fp/hard/libc_nano.a(lib_a-nano-freer.o) (__malloc_lock)
/opt/gcc-arm-none-eabi-10.3-2021.10/bin/../lib/gcc/arm-none-eabi/10.3.1/../../../../arm-none-eabi/lib/thumb/v7e-m+fp/hard/libc_nano.a(lib_a-nano-reallocr.o)
                              /opt/gcc-arm-none-eabi-10.3-2021.10/bin/../lib/gcc/arm-none-eabi/10.3.1/../../../../arm-none-eabi/lib/thumb/v7e-m+fp/hard/libc_nano.a(lib_a-fvwrite.o) (_realloc_r)
/opt/gcc-arm-none-eabi-10.3-2021.10/bin/../lib/gcc/arm-none-eabi/10.3.1/../../../../arm-none-eabi/lib/thumb/v7e-m+fp/hard/libc_nano.a(lib_a-readr.o)
                              /opt/gcc-arm-none-eabi-10.3-2021.10/bin/../lib/gcc/arm-none-eabi/10.3.1/../../../../arm-none-eabi/lib/thumb/v7e-m+fp/hard/libc_nano.a(lib_a-stdio.o) (_read_r)
/opt/gcc-arm-none-eabi-10.3-2021.10/bin/../lib/gcc/arm-none-eabi/10.3.1/../../../../arm-none-eabi/lib/thumb/v7e-m+fp/hard/libc_nano.a(lib_a-reent.o)
                              /opt/gcc-arm-none-eabi-10.3-2021.10/bin/../lib/gcc/arm-none-eabi/10.3.1/../../../../arm-none-eabi/lib/thumb/v7e-m+fp/hard/libc_nano.a(lib_a-sbrkr.o) (errno)
/opt/gcc-arm-none-eabi-10.3-2021.10/bin/../lib/gcc/arm-none-eabi/10.3.1/../../../../arm-none-eabi/lib/thumb/v7e-m+fp/hard/libc_nano.a(lib_a-nano-msizer.o)
                              /opt/gcc-arm-none-eabi-10.3-2021.10/bin/../lib/gcc/arm-none-eabi/10.3.1/../../../../arm-none-eabi/lib/thumb/v7e-m+fp/hard/libc_nano.a(lib_a-nano-reallocr.o) (_malloc_usable_size_r)

Discarded input sections

 .group         0x0000000000000000        0xc /tmp/ccQGMeTa.o
 .group         0x0000000000000000        0xc /tmp/ccQGMeTa.o
 .group         0x0000000000000000        0xc /tmp/ccQGMeTa.o
 .group         0x0000000000000000        0xc /tmp/ccQGMeTa.o
 .group         0x0000000000000000        0xc /tmp/ccQGMeTa.o
 .group         0x0000000000000000        0xc /tmp/ccQGMeTa.o
 .group         0x0000000000000000        0xc /tmp/ccQGMeTa.o
 .group         0x0000000000000000        0xc /tmp/ccQGMeTa.o
 .group         0x0000000000000000        0xc /tmp/ccQGMeTa.o
 .group         0x0000000000000000        0xc /tmp/ccQGMeTa.o
 .group         0x0000000000000000        0xc /tmp/ccQGMeTa.o
 .group         0x0000000000000000        0xc /tmp/ccQGMeTa.o
 .group         0x0000000000000000        0xc /tmp/ccQGMeTa.o
 .group         0x0000000000000000        0xc /tmp/ccQGMeTa.o
 .group         0x0000000000000000        0xc /tmp/ccQGMeTa.o
 .group         0x0000000000000000        0xc /tmp/ccQGMeTa.o
 .group         0x0000000000000000        0xc /tmp/ccQGMeTa.o
 .group         0x0000000000000000        0xc /tmp/ccQGMeTa.o
 .group         0x0000000000000000        0xc /tmp/ccQGMeTa.o
 .group         0x0000000000000000        0xc /tmp/ccQGMeTa.o
 .group         0x0000000000000000        0xc /tmp/ccQGMeTa.o
 .group         0x0000000000000000        0xc /tmp/ccQGMeTa.o
 .group         0x0000000000000000        0xc /tmp/ccQGMeTa.o
 .group         0x0000000000000000        0xc /tmp/ccQGMeTa.o
 .group         0x0000000000000000        0xc /tmp/ccQGMeTa.o
 .group         0x0000000000000000        0xc /tmp/ccQGMeTa.o
 .group         0x0000000000000000        0xc /tmp/ccQGMeTa.o
 .group         0x0000000000000000        0xc /tmp/ccQGMeTa.o
 .group         0x0000000000000000        0xc /tmp/ccQGMeTa.o
 .group         0x0000000000000000        0xc /tmp/ccQGMeTa.o
 .group         0x0000000000000000        0xc /tmp/ccQGMeTa.o
 .group         0x0000000000000000        0xc /tmp/ccQGMeTa.o
 .group         0x0000000000000000        0xc /tmp/ccQGMeTa.o
 .group         0x0000000000000000        0xc /tmp/ccQGMeTa.o
 .group         0x0000000000000000        0xc /tmp/ccQGMeTa.o
 .group         0x0000000000000000        0xc /tmp/ccQGMeTa.o
 .group         0x0000000000000000        0xc /tmp/ccQGMeTa.o
 .group         0x0000000000000000        0xc /tmp/ccQGMeTa.o
 .group         0x0000000000000000        0xc /tmp/ccQGMeTa.o
 .group         0x0000000000000000        0xc /tmp/ccQGMeTa.o
 .group         0x0000000000000000        0xc /tmp/ccQGMeTa.o
 .group         0x0000000000000000        0xc /tmp/ccQGMeTa.o
 .group         0x0000000000000000        0xc /tmp/ccQGMeTa.o
 .group         0x0000000000000000        0xc /tmp/ccQGMeTa.o
 .group         0x0000000000000000        0xc /tmp/ccQGMeTa.o
 .group         0x0000000000000000        0xc /tmp/ccQGMeTa.o
 .group         0x0000000000000000        0xc /tmp/ccQGMeTa.o
 .group         0x0000000000000000        0xc /tmp/ccQGMeTa.o
 .group         0x0000000000000000        0xc /tmp/ccQGMeTa.o
 .group         0x0000000000000000        0xc /tmp/ccQGMeTa.o
 .group         0x0000000000000000        0xc /tmp/ccQGMeTa.o
 .group         0x0000000000000000        0xc /tmp/ccQGMeTa.o
 .group         0x0000000000000000        0xc /tmp/ccQGMeTa.o
 .group         0x0000000000000000        0xc /tmp/ccQGMeTa.o
 .text          0x0000000000000000        0x0 /tmp/ccQGMeTa.o
 .data          0x0000000000000000        0x0 /tmp/ccQGMeTa.o
 .bss           0x0000000000000000        0x0 /tmp/ccQGMeTa.o
 .text.update_sensors
                0x0000000000000000        0x2 /tmp/ccQGMeTa.o
 .text.toggle_timeout_flag
                0x0000000000000000        0x2 /tmp/ccQGMeTa.o
 .bss.flightStage
                0x0000000000000000        0x1 /tmp/ccQGMeTa.o
 .group         0x0000000000000000        0xc /tmp/ccoJbPnU.o
 .text          0x0000000000000000        0x0 /tmp/ccoJbPnU.o
 .data          0x0000000000000000        0x0 /tmp/ccoJbPnU.o
 .bss           0x0000000000000000        0x0 /tmp/ccoJbPnU.o
 .debug_macro   0x0000000000000000      0xa6c /tmp/ccoJbPnU.o
 .group         0x0000000000000000        0xc /tmp/ccbVMy69.o
 .group         0x0000000000000000        0xc /tmp/ccbVMy69.o
 .group         0x0000000000000000        0xc /tmp/ccbVMy69.o
 .group         0x0000000000000000        0xc /tmp/ccbVMy69.o
 .group         0x0000000000000000        0xc /tmp/ccbVMy69.o
 .group         0x0000000000000000        0xc /tmp/ccbVMy69.o
 .group         0x0000000000000000        0xc /tmp/ccbVMy69.o
 .group         0x0000000000000000        0xc /tmp/ccbVMy69.o
 .group         0x0000000000000000        0xc /tmp/ccbVMy69.o
 .group         0x0000000000000000        0xc /tmp/ccbVMy69.o
 .group         0x0000000000000000        0xc /tmp/ccbVMy69.o
 .group         0x0000000000000000        0xc /tmp/ccbVMy69.o
 .group         0x0000000000000000        0xc /tmp/ccbVMy69.o
 .group         0x0000000000000000        0xc /tmp/ccbVMy69.o
 .group         0x0000000000000000        0xc /tmp/ccbVMy69.o
 .group         0x0000000000000000        0xc /tmp/ccbVMy69.o
 .group         0x0000000000000000        0xc /tmp/ccbVMy69.o
 .group         0x0000000000000000        0xc /tmp/ccbVMy69.o
 .group         0x0000000000000000        0xc /tmp/ccbVMy69.o
 .group         0x0000000000000000        0xc /tmp/ccbVMy69.o
 .group         0x0000000000000000        0xc /tmp/ccbVMy69.o
 .group         0x0000000000000000        0xc /tmp/ccbVMy69.o
 .group         0x0000000000000000        0xc /tmp/ccbVMy69.o
 .group         0x0000000000000000        0xc /tmp/ccbVMy69.o
 .group         0x0000000000000000        0xc /tmp/ccbVMy69.o
 .group         0x0000000000000000        0xc /tmp/ccbVMy69.o
 .group         0x0000000000000000        0xc /tmp/ccbVMy69.o
 .group         0x0000000000000000        0xc /tmp/ccbVMy69.o
 .group         0x0000000000000000        0xc /tmp/ccbVMy69.o
 .group         0x0000000000000000        0xc /tmp/ccbVMy69.o
 .group         0x0000000000000000        0xc /tmp/ccbVMy69.o
 .group         0x0000000000000000        0xc /tmp/ccbVMy69.o
 .group         0x0000000000000000        0xc /tmp/ccbVMy69.o
 .group         0x0000000000000000        0xc /tmp/ccbVMy69.o
 .group         0x0000000000000000        0xc /tmp/ccbVMy69.o
 .group         0x0000000000000000        0xc /tmp/ccbVMy69.o
 .group         0x0000000000000000        0xc /tmp/ccbVMy69.o
 .group         0x0000000000000000        0xc /tmp/ccbVMy69.o
 .group         0x0000000000000000        0xc /tmp/ccbVMy69.o
 .group         0x0000000000000000        0xc /tmp/ccbVMy69.o
 .group         0x0000000000000000        0xc /tmp/ccbVMy69.o
 .group         0x0000000000000000        0xc /tmp/ccbVMy69.o
 .group         0x0000000000000000        0xc /tmp/ccbVMy69.o
 .group         0x0000000000000000        0xc /tmp/ccbVMy69.o
 .group         0x0000000000000000        0xc /tmp/ccbVMy69.o
 .group         0x0000000000000000        0xc /tmp/ccbVMy69.o
 .group         0x0000000000000000        0xc /tmp/ccbVMy69.o
 .group         0x0000000000000000        0xc /tmp/ccbVMy69.o
 .group         0x0000000000000000        0xc /tmp/ccbVMy69.o
 .group         0x0000000000000000        0xc /tmp/ccbVMy69.o
 .group         0x0000000000000000        0xc /tmp/ccbVMy69.o
 .group         0x0000000000000000        0xc /tmp/ccbVMy69.o
 .group         0x0000000000000000        0xc /tmp/ccbVMy69.o
 .group         0x0000000000000000        0xc /tmp/ccbVMy69.o
 .text          0x0000000000000000        0x0 /tmp/ccbVMy69.o
 .data          0x0000000000000000        0x0 /tmp/ccbVMy69.o
 .bss           0x0000000000000000        0x0 /tmp/ccbVMy69.o
 .text._open    0x0000000000000000        0x6 /tmp/ccbVMy69.o
 .text._exit    0x0000000000000000        0x4 /tmp/ccbVMy69.o
 .text._kill    0x0000000000000000        0x2 /tmp/ccbVMy69.o
 .text._getpid  0x0000000000000000        0x6 /tmp/ccbVMy69.o
 .text._link    0x0000000000000000        0x6 /tmp/ccbVMy69.o
 .text._unlink  0x0000000000000000        0x6 /tmp/ccbVMy69.o
 .text._stat    0x0000000000000000        0x6 /tmp/ccbVMy69.o
 .text.mkdir    0x0000000000000000        0x6 /tmp/ccbVMy69.o
 .debug_macro   0x0000000000000000      0xa6c /tmp/ccbVMy69.o
 .debug_macro   0x0000000000000000       0x22 /tmp/ccbVMy69.o
 .debug_macro   0x0000000000000000       0x4c /tmp/ccbVMy69.o
 .debug_macro   0x0000000000000000       0x1e /tmp/ccbVMy69.o
 .debug_macro   0x0000000000000000       0x94 /tmp/ccbVMy69.o
 .debug_macro   0x0000000000000000       0x3c /tmp/ccbVMy69.o
 .debug_macro   0x0000000000000000      0x103 /tmp/ccbVMy69.o
 .debug_macro   0x0000000000000000       0x57 /tmp/ccbVMy69.o
 .debug_macro   0x0000000000000000       0x6a /tmp/ccbVMy69.o
 .debug_macro   0x0000000000000000      0x460 /tmp/ccbVMy69.o
 .debug_macro   0x0000000000000000       0x22 /tmp/ccbVMy69.o
 .debug_macro   0x0000000000000000       0x97 /tmp/ccbVMy69.o
 .debug_macro   0x0000000000000000      0x341 /tmp/ccbVMy69.o
 .debug_macro   0x0000000000000000       0x10 /tmp/ccbVMy69.o
 .debug_macro   0x0000000000000000       0x16 /tmp/ccbVMy69.o
 .debug_macro   0x0000000000000000       0x43 /tmp/ccbVMy69.o
 .debug_macro   0x0000000000000000       0x34 /tmp/ccbVMy69.o
 .debug_macro   0x0000000000000000       0x10 /tmp/ccbVMy69.o
 .debug_macro   0x0000000000000000       0x58 /tmp/ccbVMy69.o
 .debug_macro   0x0000000000000000       0x71 /tmp/ccbVMy69.o
 .debug_macro   0x0000000000000000       0x1c /tmp/ccbVMy69.o
 .debug_macro   0x0000000000000000      0x12a /tmp/ccbVMy69.o
 .debug_macro   0x0000000000000000       0x10 /tmp/ccbVMy69.o
 .debug_macro   0x0000000000000000       0x1c /tmp/ccbVMy69.o
 .debug_macro   0x0000000000000000       0x52 /tmp/ccbVMy69.o
 .debug_macro   0x0000000000000000       0x22 /tmp/ccbVMy69.o
 .debug_macro   0x0000000000000000       0x10 /tmp/ccbVMy69.o
 .debug_macro   0x0000000000000000       0x52 /tmp/ccbVMy69.o
 .debug_macro   0x0000000000000000       0xd5 /tmp/ccbVMy69.o
 .debug_macro   0x0000000000000000       0x1c /tmp/ccbVMy69.o
 .debug_macro   0x0000000000000000       0x3d /tmp/ccbVMy69.o
 .debug_macro   0x0000000000000000       0x16 /tmp/ccbVMy69.o
 .debug_macro   0x0000000000000000      0x145 /tmp/ccbVMy69.o
 .debug_macro   0x0000000000000000       0x16 /tmp/ccbVMy69.o
 .debug_macro   0x0000000000000000       0x35 /tmp/ccbVMy69.o
 .debug_macro   0x0000000000000000       0x16 /tmp/ccbVMy69.o
 .debug_macro   0x0000000000000000       0x29 /tmp/ccbVMy69.o
 .debug_macro   0x0000000000000000       0x16 /tmp/ccbVMy69.o
 .debug_macro   0x0000000000000000       0x10 /tmp/ccbVMy69.o
 .debug_macro   0x0000000000000000       0x41 /tmp/ccbVMy69.o
 .debug_macro   0x0000000000000000      0x12c /tmp/ccbVMy69.o
 .debug_macro   0x0000000000000000       0x28 /tmp/ccbVMy69.o
 .debug_macro   0x0000000000000000       0x1c /tmp/ccbVMy69.o
 .debug_macro   0x0000000000000000       0x22 /tmp/ccbVMy69.o
 .debug_macro   0x0000000000000000       0xd9 /tmp/ccbVMy69.o
 .debug_macro   0x0000000000000000     0x102d /tmp/ccbVMy69.o
 .debug_macro   0x0000000000000000      0x11f /tmp/ccbVMy69.o
 .debug_macro   0x0000000000000000    0x1cb71 /tmp/ccbVMy69.o
 .debug_macro   0x0000000000000000       0x50 /tmp/ccbVMy69.o
 .group         0x0000000000000000        0xc /tmp/ccYiTsOi.o
 .group         0x0000000000000000        0xc /tmp/ccYiTsOi.o
 .group         0x0000000000000000        0xc /tmp/ccYiTsOi.o
 .group         0x0000000000000000        0xc /tmp/ccYiTsOi.o
 .group         0x0000000000000000        0xc /tmp/ccYiTsOi.o
 .group         0x0000000000000000        0xc /tmp/ccYiTsOi.o
 .group         0x0000000000000000        0xc /tmp/ccYiTsOi.o
 .group         0x0000000000000000        0xc /tmp/ccYiTsOi.o
 .group         0x0000000000000000        0xc /tmp/ccYiTsOi.o
 .group         0x0000000000000000        0xc /tmp/ccYiTsOi.o
 .group         0x0000000000000000        0xc /tmp/ccYiTsOi.o
 .group         0x0000000000000000        0xc /tmp/ccYiTsOi.o
 .group         0x0000000000000000        0xc /tmp/ccYiTsOi.o
 .group         0x0000000000000000        0xc /tmp/ccYiTsOi.o
 .group         0x0000000000000000        0xc /tmp/ccYiTsOi.o
 .group         0x0000000000000000        0xc /tmp/ccYiTsOi.o
 .group         0x0000000000000000        0xc /tmp/ccYiTsOi.o
 .group         0x0000000000000000        0xc /tmp/ccYiTsOi.o
 .group         0x0000000000000000        0xc /tmp/ccYiTsOi.o
 .group         0x0000000000000000        0xc /tmp/ccYiTsOi.o
 .group         0x0000000000000000        0xc /tmp/ccYiTsOi.o
 .group         0x0000000000000000        0xc /tmp/ccYiTsOi.o
 .group         0x0000000000000000        0xc /tmp/ccYiTsOi.o
 .group         0x0000000000000000        0xc /tmp/ccYiTsOi.o
 .group         0x0000000000000000        0xc /tmp/ccYiTsOi.o
 .group         0x0000000000000000        0xc /tmp/ccYiTsOi.o
 .group         0x0000000000000000        0xc /tmp/ccYiTsOi.o
 .group         0x0000000000000000        0xc /tmp/ccYiTsOi.o
 .group         0x0000000000000000        0xc /tmp/ccYiTsOi.o
 .group         0x0000000000000000        0xc /tmp/ccYiTsOi.o
 .group         0x0000000000000000        0xc /tmp/ccYiTsOi.o
 .group         0x0000000000000000        0xc /tmp/ccYiTsOi.o
 .group         0x0000000000000000        0xc /tmp/ccYiTsOi.o
 .group         0x0000000000000000        0xc /tmp/ccYiTsOi.o
 .group         0x0000000000000000        0xc /tmp/ccYiTsOi.o
 .group         0x0000000000000000        0xc /tmp/ccYiTsOi.o
 .group         0x0000000000000000        0xc /tmp/ccYiTsOi.o
 .group         0x0000000000000000        0xc /tmp/ccYiTsOi.o
 .group         0x0000000000000000        0xc /tmp/ccYiTsOi.o
 .group         0x0000000000000000        0xc /tmp/ccYiTsOi.o
 .group         0x0000000000000000        0xc /tmp/ccYiTsOi.o
 .group         0x0000000000000000        0xc /tmp/ccYiTsOi.o
 .group         0x0000000000000000        0xc /tmp/ccYiTsOi.o
 .group         0x0000000000000000        0xc /tmp/ccYiTsOi.o
 .group         0x0000000000000000        0xc /tmp/ccYiTsOi.o
 .group         0x0000000000000000        0xc /tmp/ccYiTsOi.o
 .group         0x0000000000000000        0xc /tmp/ccYiTsOi.o
 .group         0x0000000000000000        0xc /tmp/ccYiTsOi.o
 .group         0x0000000000000000        0xc /tmp/ccYiTsOi.o
 .group         0x0000000000000000        0xc /tmp/ccYiTsOi.o
 .group         0x0000000000000000        0xc /tmp/ccYiTsOi.o
 .group         0x0000000000000000        0xc /tmp/ccYiTsOi.o
 .group         0x0000000000000000        0xc /tmp/ccYiTsOi.o
 .group         0x0000000000000000        0xc /tmp/ccYiTsOi.o
 .group         0x0000000000000000        0xc /tmp/ccYiTsOi.o
 .text          0x0000000000000000        0x0 /tmp/ccYiTsOi.o
 .data          0x0000000000000000        0x0 /tmp/ccYiTsOi.o
 .bss           0x0000000000000000        0x0 /tmp/ccYiTsOi.o
 .text.spin     0x0000000000000000       0x14 /tmp/ccYiTsOi.o
 .text.led_on   0x0000000000000000       0x10 /tmp/ccYiTsOi.o
 .text.led_off  0x0000000000000000       0x10 /tmp/ccYiTsOi.o
 .text.beep_buzzer
                0x0000000000000000       0x3c /tmp/ccYiTsOi.o
 .text.indicate_on_buzzer
                0x0000000000000000       0x3c /tmp/ccYiTsOi.o
 .text.indicate_on_led
                0x0000000000000000       0x28 /tmp/ccYiTsOi.o
 .text.get_battery_capacity
                0x0000000000000000       0x28 /tmp/ccYiTsOi.o
 .rodata._blueLED
                0x0000000000000000        0x2 /tmp/ccYiTsOi.o
 .rodata._buzzer
                0x0000000000000000        0x2 /tmp/ccYiTsOi.o
 .rodata._vBatt
                0x0000000000000000        0x2 /tmp/ccYiTsOi.o
 .rodata._vBatt1
                0x0000000000000000        0x2 /tmp/ccYiTsOi.o
 .rodata._vBatt2
                0x0000000000000000        0x2 /tmp/ccYiTsOi.o
 .rodata._vBatt3
                0x0000000000000000        0x2 /tmp/ccYiTsOi.o
 .debug_macro   0x0000000000000000      0xa6c /tmp/ccYiTsOi.o
 .debug_macro   0x0000000000000000       0x22 /tmp/ccYiTsOi.o
 .debug_macro   0x0000000000000000       0x4c /tmp/ccYiTsOi.o
 .debug_macro   0x0000000000000000       0x1e /tmp/ccYiTsOi.o
 .debug_macro   0x0000000000000000       0x94 /tmp/ccYiTsOi.o
 .debug_macro   0x0000000000000000       0x3c /tmp/ccYiTsOi.o
 .debug_macro   0x0000000000000000      0x103 /tmp/ccYiTsOi.o
 .debug_macro   0x0000000000000000       0x3a /tmp/ccYiTsOi.o
 .debug_macro   0x0000000000000000       0x57 /tmp/ccYiTsOi.o
 .debug_macro   0x0000000000000000       0x6a /tmp/ccYiTsOi.o
 .debug_macro   0x0000000000000000      0x1df /tmp/ccYiTsOi.o
 .debug_macro   0x0000000000000000       0x82 /tmp/ccYiTsOi.o
 .debug_macro   0x0000000000000000      0x460 /tmp/ccYiTsOi.o
 .debug_macro   0x0000000000000000       0x22 /tmp/ccYiTsOi.o
 .debug_macro   0x0000000000000000       0x1c /tmp/ccYiTsOi.o
 .debug_macro   0x0000000000000000       0x97 /tmp/ccYiTsOi.o
 .debug_macro   0x0000000000000000      0x341 /tmp/ccYiTsOi.o
 .debug_macro   0x0000000000000000       0x8d /tmp/ccYiTsOi.o
 .debug_macro   0x0000000000000000       0x10 /tmp/ccYiTsOi.o
 .debug_macro   0x0000000000000000       0x16 /tmp/ccYiTsOi.o
 .debug_macro   0x0000000000000000       0x43 /tmp/ccYiTsOi.o
 .debug_macro   0x0000000000000000       0x34 /tmp/ccYiTsOi.o
 .debug_macro   0x0000000000000000       0x10 /tmp/ccYiTsOi.o
 .debug_macro   0x0000000000000000       0x58 /tmp/ccYiTsOi.o
 .debug_macro   0x0000000000000000       0x71 /tmp/ccYiTsOi.o
 .debug_macro   0x0000000000000000       0x1c /tmp/ccYiTsOi.o
 .debug_macro   0x0000000000000000      0x12a /tmp/ccYiTsOi.o
 .debug_macro   0x0000000000000000       0x10 /tmp/ccYiTsOi.o
 .debug_macro   0x0000000000000000       0x1c /tmp/ccYiTsOi.o
 .debug_macro   0x0000000000000000       0x52 /tmp/ccYiTsOi.o
 .debug_macro   0x0000000000000000       0x22 /tmp/ccYiTsOi.o
 .debug_macro   0x0000000000000000       0x10 /tmp/ccYiTsOi.o
 .debug_macro   0x0000000000000000       0x52 /tmp/ccYiTsOi.o
 .debug_macro   0x0000000000000000       0xd5 /tmp/ccYiTsOi.o
 .debug_macro   0x0000000000000000       0x1c /tmp/ccYiTsOi.o
 .debug_macro   0x0000000000000000       0x3d /tmp/ccYiTsOi.o
 .debug_macro   0x0000000000000000       0x16 /tmp/ccYiTsOi.o
 .debug_macro   0x0000000000000000      0x145 /tmp/ccYiTsOi.o
 .debug_macro   0x0000000000000000       0x16 /tmp/ccYiTsOi.o
 .debug_macro   0x0000000000000000       0x35 /tmp/ccYiTsOi.o
 .debug_macro   0x0000000000000000       0x16 /tmp/ccYiTsOi.o
 .debug_macro   0x0000000000000000       0x29 /tmp/ccYiTsOi.o
 .debug_macro   0x0000000000000000       0x16 /tmp/ccYiTsOi.o
 .debug_macro   0x0000000000000000       0x10 /tmp/ccYiTsOi.o
 .debug_macro   0x0000000000000000       0x41 /tmp/ccYiTsOi.o
 .debug_macro   0x0000000000000000      0x12c /tmp/ccYiTsOi.o
 .debug_macro   0x0000000000000000       0x28 /tmp/ccYiTsOi.o
 .debug_macro   0x0000000000000000       0x1c /tmp/ccYiTsOi.o
 .debug_macro   0x0000000000000000       0x22 /tmp/ccYiTsOi.o
 .debug_macro   0x0000000000000000       0xd9 /tmp/ccYiTsOi.o
 .debug_macro   0x0000000000000000     0x102d /tmp/ccYiTsOi.o
 .debug_macro   0x0000000000000000      0x11f /tmp/ccYiTsOi.o
 .debug_macro   0x0000000000000000    0x1cb71 /tmp/ccYiTsOi.o
 .debug_macro   0x0000000000000000       0x50 /tmp/ccYiTsOi.o
 .text          0x0000000000000000        0x0 /opt/gcc-arm-none-eabi-10.3-2021.10/bin/../lib/gcc/arm-none-eabi/10.3.1/../../../../arm-none-eabi/lib/thumb/v7e-m+fp/hard/libc_nano.a(lib_a-memcpy-stub.o)
 .data          0x0000000000000000        0x0 /opt/gcc-arm-none-eabi-10.3-2021.10/bin/../lib/gcc/arm-none-eabi/10.3.1/../../../../arm-none-eabi/lib/thumb/v7e-m+fp/hard/libc_nano.a(lib_a-memcpy-stub.o)
 .bss           0x0000000000000000        0x0 /opt/gcc-arm-none-eabi-10.3-2021.10/bin/../lib/gcc/arm-none-eabi/10.3.1/../../../../arm-none-eabi/lib/thumb/v7e-m+fp/hard/libc_nano.a(lib_a-memcpy-stub.o)
 .text          0x0000000000000000        0x0 /opt/gcc-arm-none-eabi-10.3-2021.10/bin/../lib/gcc/arm-none-eabi/10.3.1/../../../../arm-none-eabi/lib/thumb/v7e-m+fp/hard/libc_nano.a(lib_a-memset.o)
 .data          0x0000000000000000        0x0 /opt/gcc-arm-none-eabi-10.3-2021.10/bin/../lib/gcc/arm-none-eabi/10.3.1/../../../../arm-none-eabi/lib/thumb/v7e-m+fp/hard/libc_nano.a(lib_a-memset.o)
 .bss           0x0000000000000000        0x0 /opt/gcc-arm-none-eabi-10.3-2021.10/bin/../lib/gcc/arm-none-eabi/10.3.1/../../../../arm-none-eabi/lib/thumb/v7e-m+fp/hard/libc_nano.a(lib_a-memset.o)
 .text          0x0000000000000000        0x0 /opt/gcc-arm-none-eabi-10.3-2021.10/bin/../lib/gcc/arm-none-eabi/10.3.1/../../../../arm-none-eabi/lib/thumb/v7e-m+fp/hard/libc_nano.a(lib_a-printf.o)
 .data          0x0000000000000000        0x0 /opt/gcc-arm-none-eabi-10.3-2021.10/bin/../lib/gcc/arm-none-eabi/10.3.1/../../../../arm-none-eabi/lib/thumb/v7e-m+fp/hard/libc_nano.a(lib_a-printf.o)
 .bss           0x0000000000000000        0x0 /opt/gcc-arm-none-eabi-10.3-2021.10/bin/../lib/gcc/arm-none-eabi/10.3.1/../../../../arm-none-eabi/lib/thumb/v7e-m+fp/hard/libc_nano.a(lib_a-printf.o)
 .text._printf_r
                0x0000000000000000       0x28 /opt/gcc-arm-none-eabi-10.3-2021.10/bin/../lib/gcc/arm-none-eabi/10.3.1/../../../../arm-none-eabi/lib/thumb/v7e-m+fp/hard/libc_nano.a(lib_a-printf.o)
 .text          0x0000000000000000        0x0 /opt/gcc-arm-none-eabi-10.3-2021.10/bin/../lib/gcc/arm-none-eabi/10.3.1/../../../../arm-none-eabi/lib/thumb/v7e-m+fp/hard/libc_nano.a(lib_a-puts.o)
 .data          0x0000000000000000        0x0 /opt/gcc-arm-none-eabi-10.3-2021.10/bin/../lib/gcc/arm-none-eabi/10.3.1/../../../../arm-none-eabi/lib/thumb/v7e-m+fp/hard/libc_nano.a(lib_a-puts.o)
 .bss           0x0000000000000000        0x0 /opt/gcc-arm-none-eabi-10.3-2021.10/bin/../lib/gcc/arm-none-eabi/10.3.1/../../../../arm-none-eabi/lib/thumb/v7e-m+fp/hard/libc_nano.a(lib_a-puts.o)
 .text          0x0000000000000000        0x0 /opt/gcc-arm-none-eabi-10.3-2021.10/bin/../lib/gcc/arm-none-eabi/10.3.1/../../../../arm-none-eabi/lib/thumb/v7e-m+fp/hard/libc_nano.a(lib_a-wbuf.o)
 .data          0x0000000000000000        0x0 /opt/gcc-arm-none-eabi-10.3-2021.10/bin/../lib/gcc/arm-none-eabi/10.3.1/../../../../arm-none-eabi/lib/thumb/v7e-m+fp/hard/libc_nano.a(lib_a-wbuf.o)
 .bss           0x0000000000000000        0x0 /opt/gcc-arm-none-eabi-10.3-2021.10/bin/../lib/gcc/arm-none-eabi/10.3.1/../../../../arm-none-eabi/lib/thumb/v7e-m+fp/hard/libc_nano.a(lib_a-wbuf.o)
 .text.__swbuf  0x0000000000000000       0x10 /opt/gcc-arm-none-eabi-10.3-2021.10/bin/../lib/gcc/arm-none-eabi/10.3.1/../../../../arm-none-eabi/lib/thumb/v7e-m+fp/hard/libc_nano.a(lib_a-wbuf.o)
 .text          0x0000000000000000        0x0 /opt/gcc-arm-none-eabi-10.3-2021.10/bin/../lib/gcc/arm-none-eabi/10.3.1/../../../../arm-none-eabi/lib/thumb/v7e-m+fp/hard/libc_nano.a(lib_a-wsetup.o)
 .data          0x0000000000000000        0x0 /opt/gcc-arm-none-eabi-10.3-2021.10/bin/../lib/gcc/arm-none-eabi/10.3.1/../../../../arm-none-eabi/lib/thumb/v7e-m+fp/hard/libc_nano.a(lib_a-wsetup.o)
 .bss           0x0000000000000000        0x0 /opt/gcc-arm-none-eabi-10.3-2021.10/bin/../lib/gcc/arm-none-eabi/10.3.1/../../../../arm-none-eabi/lib/thumb/v7e-m+fp/hard/libc_nano.a(lib_a-wsetup.o)
 .text          0x0000000000000000        0x0 /opt/gcc-arm-none-eabi-10.3-2021.10/bin/../lib/gcc/arm-none-eabi/10.3.1/../../../../arm-none-eabi/lib/thumb/v7e-m+fp/hard/libc_nano.a(lib_a-fflush.o)
 .data          0x0000000000000000        0x0 /opt/gcc-arm-none-eabi-10.3-2021.10/bin/../lib/gcc/arm-none-eabi/10.3.1/../../../../arm-none-eabi/lib/thumb/v7e-m+fp/hard/libc_nano.a(lib_a-fflush.o)
 .bss           0x0000000000000000        0x0 /opt/gcc-arm-none-eabi-10.3-2021.10/bin/../lib/gcc/arm-none-eabi/10.3.1/../../../../arm-none-eabi/lib/thumb/v7e-m+fp/hard/libc_nano.a(lib_a-fflush.o)
 .text.fflush   0x0000000000000000       0x24 /opt/gcc-arm-none-eabi-10.3-2021.10/bin/../lib/gcc/arm-none-eabi/10.3.1/../../../../arm-none-eabi/lib/thumb/v7e-m+fp/hard/libc_nano.a(lib_a-fflush.o)
 .text          0x0000000000000000        0x0 /opt/gcc-arm-none-eabi-10.3-2021.10/bin/../lib/gcc/arm-none-eabi/10.3.1/../../../../arm-none-eabi/lib/thumb/v7e-m+fp/hard/libc_nano.a(lib_a-findfp.o)
 .data          0x0000000000000000        0x0 /opt/gcc-arm-none-eabi-10.3-2021.10/bin/../lib/gcc/arm-none-eabi/10.3.1/../../../../arm-none-eabi/lib/thumb/v7e-m+fp/hard/libc_nano.a(lib_a-findfp.o)
 .bss           0x0000000000000000        0x0 /opt/gcc-arm-none-eabi-10.3-2021.10/bin/../lib/gcc/arm-none-eabi/10.3.1/../../../../arm-none-eabi/lib/thumb/v7e-m+fp/hard/libc_nano.a(lib_a-findfp.o)
 .text.__fp_lock
                0x0000000000000000       0x18 /opt/gcc-arm-none-eabi-10.3-2021.10/bin/../lib/gcc/arm-none-eabi/10.3.1/../../../../arm-none-eabi/lib/thumb/v7e-m+fp/hard/libc_nano.a(lib_a-findfp.o)
 .text.__fp_unlock
                0x0000000000000000       0x18 /opt/gcc-arm-none-eabi-10.3-2021.10/bin/../lib/gcc/arm-none-eabi/10.3.1/../../../../arm-none-eabi/lib/thumb/v7e-m+fp/hard/libc_nano.a(lib_a-findfp.o)
 .text._cleanup
                0x0000000000000000        0xc /opt/gcc-arm-none-eabi-10.3-2021.10/bin/../lib/gcc/arm-none-eabi/10.3.1/../../../../arm-none-eabi/lib/thumb/v7e-m+fp/hard/libc_nano.a(lib_a-findfp.o)
 .text.__fp_lock_all
                0x0000000000000000       0x1c /opt/gcc-arm-none-eabi-10.3-2021.10/bin/../lib/gcc/arm-none-eabi/10.3.1/../../../../arm-none-eabi/lib/thumb/v7e-m+fp/hard/libc_nano.a(lib_a-findfp.o)
 .text.__fp_unlock_all
                0x0000000000000000       0x1c /opt/gcc-arm-none-eabi-10.3-2021.10/bin/../lib/gcc/arm-none-eabi/10.3.1/../../../../arm-none-eabi/lib/thumb/v7e-m+fp/hard/libc_nano.a(lib_a-findfp.o)
 .text          0x0000000000000000        0x0 /opt/gcc-arm-none-eabi-10.3-2021.10/bin/../lib/gcc/arm-none-eabi/10.3.1/../../../../arm-none-eabi/lib/thumb/v7e-m+fp/hard/libc_nano.a(lib_a-fwalk.o)
 .data          0x0000000000000000        0x0 /opt/gcc-arm-none-eabi-10.3-2021.10/bin/../lib/gcc/arm-none-eabi/10.3.1/../../../../arm-none-eabi/lib/thumb/v7e-m+fp/hard/libc_nano.a(lib_a-fwalk.o)
 .bss           0x0000000000000000        0x0 /opt/gcc-arm-none-eabi-10.3-2021.10/bin/../lib/gcc/arm-none-eabi/10.3.1/../../../../arm-none-eabi/lib/thumb/v7e-m+fp/hard/libc_nano.a(lib_a-fwalk.o)
 .text._fwalk   0x0000000000000000       0x3a /opt/gcc-arm-none-eabi-10.3-2021.10/bin/../lib/gcc/arm-none-eabi/10.3.1/../../../../arm-none-eabi/lib/thumb/v7e-m+fp/hard/libc_nano.a(lib_a-fwalk.o)
 .text          0x0000000000000000        0x0 /opt/gcc-arm-none-eabi-10.3-2021.10/bin/../lib/gcc/arm-none-eabi/10.3.1/../../../../arm-none-eabi/lib/thumb/v7e-m+fp/hard/libc_nano.a(lib_a-impure.o)
 .data          0x0000000000000000        0x0 /opt/gcc-arm-none-eabi-10.3-2021.10/bin/../lib/gcc/arm-none-eabi/10.3.1/../../../../arm-none-eabi/lib/thumb/v7e-m+fp/hard/libc_nano.a(lib_a-impure.o)
 .bss           0x0000000000000000        0x0 /opt/gcc-arm-none-eabi-10.3-2021.10/bin/../lib/gcc/arm-none-eabi/10.3.1/../../../../arm-none-eabi/lib/thumb/v7e-m+fp/hard/libc_nano.a(lib_a-impure.o)
 .text          0x0000000000000000        0x0 /opt/gcc-arm-none-eabi-10.3-2021.10/bin/../lib/gcc/arm-none-eabi/10.3.1/../../../../arm-none-eabi/lib/thumb/v7e-m+fp/hard/libc_nano.a(lib_a-lock.o)
 .data          0x0000000000000000        0x0 /opt/gcc-arm-none-eabi-10.3-2021.10/bin/../lib/gcc/arm-none-eabi/10.3.1/../../../../arm-none-eabi/lib/thumb/v7e-m+fp/hard/libc_nano.a(lib_a-lock.o)
 .bss           0x0000000000000000        0x0 /opt/gcc-arm-none-eabi-10.3-2021.10/bin/../lib/gcc/arm-none-eabi/10.3.1/../../../../arm-none-eabi/lib/thumb/v7e-m+fp/hard/libc_nano.a(lib_a-lock.o)
 .text.__retarget_lock_init
                0x0000000000000000        0x2 /opt/gcc-arm-none-eabi-10.3-2021.10/bin/../lib/gcc/arm-none-eabi/10.3.1/../../../../arm-none-eabi/lib/thumb/v7e-m+fp/hard/libc_nano.a(lib_a-lock.o)
 .text.__retarget_lock_close
                0x0000000000000000        0x2 /opt/gcc-arm-none-eabi-10.3-2021.10/bin/../lib/gcc/arm-none-eabi/10.3.1/../../../../arm-none-eabi/lib/thumb/v7e-m+fp/hard/libc_nano.a(lib_a-lock.o)
 .text.__retarget_lock_close_recursive
                0x0000000000000000        0x2 /opt/gcc-arm-none-eabi-10.3-2021.10/bin/../lib/gcc/arm-none-eabi/10.3.1/../../../../arm-none-eabi/lib/thumb/v7e-m+fp/hard/libc_nano.a(lib_a-lock.o)
 .text.__retarget_lock_acquire
                0x0000000000000000        0x2 /opt/gcc-arm-none-eabi-10.3-2021.10/bin/../lib/gcc/arm-none-eabi/10.3.1/../../../../arm-none-eabi/lib/thumb/v7e-m+fp/hard/libc_nano.a(lib_a-lock.o)
 .text.__retarget_lock_try_acquire
                0x0000000000000000        0x4 /opt/gcc-arm-none-eabi-10.3-2021.10/bin/../lib/gcc/arm-none-eabi/10.3.1/../../../../arm-none-eabi/lib/thumb/v7e-m+fp/hard/libc_nano.a(lib_a-lock.o)
 .text.__retarget_lock_try_acquire_recursive
                0x0000000000000000        0x4 /opt/gcc-arm-none-eabi-10.3-2021.10/bin/../lib/gcc/arm-none-eabi/10.3.1/../../../../arm-none-eabi/lib/thumb/v7e-m+fp/hard/libc_nano.a(lib_a-lock.o)
 .text.__retarget_lock_release
                0x0000000000000000        0x2 /opt/gcc-arm-none-eabi-10.3-2021.10/bin/../lib/gcc/arm-none-eabi/10.3.1/../../../../arm-none-eabi/lib/thumb/v7e-m+fp/hard/libc_nano.a(lib_a-lock.o)
 .bss.__lock___arc4random_mutex
                0x0000000000000000        0x1 /opt/gcc-arm-none-eabi-10.3-2021.10/bin/../lib/gcc/arm-none-eabi/10.3.1/../../../../arm-none-eabi/lib/thumb/v7e-m+fp/hard/libc_nano.a(lib_a-lock.o)
 .bss.__lock___at_quick_exit_mutex
                0x0000000000000000        0x1 /opt/gcc-arm-none-eabi-10.3-2021.10/bin/../lib/gcc/arm-none-eabi/10.3.1/../../../../arm-none-eabi/lib/thumb/v7e-m+fp/hard/libc_nano.a(lib_a-lock.o)
 .bss.__lock___atexit_recursive_mutex
                0x0000000000000000        0x1 /opt/gcc-arm-none-eabi-10.3-2021.10/bin/../lib/gcc/arm-none-eabi/10.3.1/../../../../arm-none-eabi/lib/thumb/v7e-m+fp/hard/libc_nano.a(lib_a-lock.o)
 .bss.__lock___dd_hash_mutex
                0x0000000000000000        0x1 /opt/gcc-arm-none-eabi-10.3-2021.10/bin/../lib/gcc/arm-none-eabi/10.3.1/../../../../arm-none-eabi/lib/thumb/v7e-m+fp/hard/libc_nano.a(lib_a-lock.o)
 .bss.__lock___env_recursive_mutex
                0x0000000000000000        0x1 /opt/gcc-arm-none-eabi-10.3-2021.10/bin/../lib/gcc/arm-none-eabi/10.3.1/../../../../arm-none-eabi/lib/thumb/v7e-m+fp/hard/libc_nano.a(lib_a-lock.o)
 .bss.__lock___tz_mutex
                0x0000000000000000        0x1 /opt/gcc-arm-none-eabi-10.3-2021.10/bin/../lib/gcc/arm-none-eabi/10.3.1/../../../../arm-none-eabi/lib/thumb/v7e-m+fp/hard/libc_nano.a(lib_a-lock.o)
 .text          0x0000000000000000        0x0 /opt/gcc-arm-none-eabi-10.3-2021.10/bin/../lib/gcc/arm-none-eabi/10.3.1/../../../../arm-none-eabi/lib/thumb/v7e-m+fp/hard/libc_nano.a(lib_a-makebuf.o)
 .data          0x0000000000000000        0x0 /opt/gcc-arm-none-eabi-10.3-2021.10/bin/../lib/gcc/arm-none-eabi/10.3.1/../../../../arm-none-eabi/lib/thumb/v7e-m+fp/hard/libc_nano.a(lib_a-makebuf.o)
 .bss           0x0000000000000000        0x0 /opt/gcc-arm-none-eabi-10.3-2021.10/bin/../lib/gcc/arm-none-eabi/10.3.1/../../../../arm-none-eabi/lib/thumb/v7e-m+fp/hard/libc_nano.a(lib_a-makebuf.o)
 .text          0x0000000000000000        0x0 /opt/gcc-arm-none-eabi-10.3-2021.10/bin/../lib/gcc/arm-none-eabi/10.3.1/../../../../arm-none-eabi/lib/thumb/v7e-m+fp/hard/libc_nano.a(lib_a-nano-freer.o)
 .data          0x0000000000000000        0x0 /opt/gcc-arm-none-eabi-10.3-2021.10/bin/../lib/gcc/arm-none-eabi/10.3.1/../../../../arm-none-eabi/lib/thumb/v7e-m+fp/hard/libc_nano.a(lib_a-nano-freer.o)
 .bss           0x0000000000000000        0x0 /opt/gcc-arm-none-eabi-10.3-2021.10/bin/../lib/gcc/arm-none-eabi/10.3.1/../../../../arm-none-eabi/lib/thumb/v7e-m+fp/hard/libc_nano.a(lib_a-nano-freer.o)
 .text          0x0000000000000000        0x0 /opt/gcc-arm-none-eabi-10.3-2021.10/bin/../lib/gcc/arm-none-eabi/10.3.1/../../../../arm-none-eabi/lib/thumb/v7e-m+fp/hard/libc_nano.a(lib_a-nano-mallocr.o)
 .data          0x0000000000000000        0x0 /opt/gcc-arm-none-eabi-10.3-2021.10/bin/../lib/gcc/arm-none-eabi/10.3.1/../../../../arm-none-eabi/lib/thumb/v7e-m+fp/hard/libc_nano.a(lib_a-nano-mallocr.o)
 .bss           0x0000000000000000        0x0 /opt/gcc-arm-none-eabi-10.3-2021.10/bin/../lib/gcc/arm-none-eabi/10.3.1/../../../../arm-none-eabi/lib/thumb/v7e-m+fp/hard/libc_nano.a(lib_a-nano-mallocr.o)
 .text          0x0000000000000000        0x0 /opt/gcc-arm-none-eabi-10.3-2021.10/bin/../lib/gcc/arm-none-eabi/10.3.1/../../../../arm-none-eabi/lib/thumb/v7e-m+fp/hard/libc_nano.a(lib_a-nano-vfprintf.o)
 .data          0x0000000000000000        0x0 /opt/gcc-arm-none-eabi-10.3-2021.10/bin/../lib/gcc/arm-none-eabi/10.3.1/../../../../arm-none-eabi/lib/thumb/v7e-m+fp/hard/libc_nano.a(lib_a-nano-vfprintf.o)
 .bss           0x0000000000000000        0x0 /opt/gcc-arm-none-eabi-10.3-2021.10/bin/../lib/gcc/arm-none-eabi/10.3.1/../../../../arm-none-eabi/lib/thumb/v7e-m+fp/hard/libc_nano.a(lib_a-nano-vfprintf.o)
 .text.__sprint_r
                0x0000000000000000       0x1a /opt/gcc-arm-none-eabi-10.3-2021.10/bin/../lib/gcc/arm-none-eabi/10.3.1/../../../../arm-none-eabi/lib/thumb/v7e-m+fp/hard/libc_nano.a(lib_a-nano-vfprintf.o)
 .text.vfprintf
                0x0000000000000000       0x14 /opt/gcc-arm-none-eabi-10.3-2021.10/bin/../lib/gcc/arm-none-eabi/10.3.1/../../../../arm-none-eabi/lib/thumb/v7e-m+fp/hard/libc_nano.a(lib_a-nano-vfprintf.o)
 .text          0x0000000000000000        0x0 /opt/gcc-arm-none-eabi-10.3-2021.10/bin/../lib/gcc/arm-none-eabi/10.3.1/../../../../arm-none-eabi/lib/thumb/v7e-m+fp/hard/libc_nano.a(lib_a-nano-vfprintf_i.o)
 .data          0x0000000000000000        0x0 /opt/gcc-arm-none-eabi-10.3-2021.10/bin/../lib/gcc/arm-none-eabi/10.3.1/../../../../arm-none-eabi/lib/thumb/v7e-m+fp/hard/libc_nano.a(lib_a-nano-vfprintf_i.o)
 .bss           0x0000000000000000        0x0 /opt/gcc-arm-none-eabi-10.3-2021.10/bin/../lib/gcc/arm-none-eabi/10.3.1/../../../../arm-none-eabi/lib/thumb/v7e-m+fp/hard/libc_nano.a(lib_a-nano-vfprintf_i.o)
 .text          0x0000000000000000        0x0 /opt/gcc-arm-none-eabi-10.3-2021.10/bin/../lib/gcc/arm-none-eabi/10.3.1/../../../../arm-none-eabi/lib/thumb/v7e-m+fp/hard/libc_nano.a(lib_a-sbrkr.o)
 .data          0x0000000000000000        0x0 /opt/gcc-arm-none-eabi-10.3-2021.10/bin/../lib/gcc/arm-none-eabi/10.3.1/../../../../arm-none-eabi/lib/thumb/v7e-m+fp/hard/libc_nano.a(lib_a-sbrkr.o)
 .bss           0x0000000000000000        0x0 /opt/gcc-arm-none-eabi-10.3-2021.10/bin/../lib/gcc/arm-none-eabi/10.3.1/../../../../arm-none-eabi/lib/thumb/v7e-m+fp/hard/libc_nano.a(lib_a-sbrkr.o)
 .text          0x0000000000000000        0x0 /opt/gcc-arm-none-eabi-10.3-2021.10/bin/../lib/gcc/arm-none-eabi/10.3.1/../../../../arm-none-eabi/lib/thumb/v7e-m+fp/hard/libc_nano.a(lib_a-stdio.o)
 .data          0x0000000000000000        0x0 /opt/gcc-arm-none-eabi-10.3-2021.10/bin/../lib/gcc/arm-none-eabi/10.3.1/../../../../arm-none-eabi/lib/thumb/v7e-m+fp/hard/libc_nano.a(lib_a-stdio.o)
 .bss           0x0000000000000000        0x0 /opt/gcc-arm-none-eabi-10.3-2021.10/bin/../lib/gcc/arm-none-eabi/10.3.1/../../../../arm-none-eabi/lib/thumb/v7e-m+fp/hard/libc_nano.a(lib_a-stdio.o)
 .text.__seofread
                0x0000000000000000        0x4 /opt/gcc-arm-none-eabi-10.3-2021.10/bin/../lib/gcc/arm-none-eabi/10.3.1/../../../../arm-none-eabi/lib/thumb/v7e-m+fp/hard/libc_nano.a(lib_a-stdio.o)
 .text          0x0000000000000000        0x0 /opt/gcc-arm-none-eabi-10.3-2021.10/bin/../lib/gcc/arm-none-eabi/10.3.1/../../../../arm-none-eabi/lib/thumb/v7e-m+fp/hard/libc_nano.a(lib_a-writer.o)
 .data          0x0000000000000000        0x0 /opt/gcc-arm-none-eabi-10.3-2021.10/bin/../lib/gcc/arm-none-eabi/10.3.1/../../../../arm-none-eabi/lib/thumb/v7e-m+fp/hard/libc_nano.a(lib_a-writer.o)
 .bss           0x0000000000000000        0x0 /opt/gcc-arm-none-eabi-10.3-2021.10/bin/../lib/gcc/arm-none-eabi/10.3.1/../../../../arm-none-eabi/lib/thumb/v7e-m+fp/hard/libc_nano.a(lib_a-writer.o)
 .text          0x0000000000000000        0x0 /opt/gcc-arm-none-eabi-10.3-2021.10/bin/../lib/gcc/arm-none-eabi/10.3.1/../../../../arm-none-eabi/lib/thumb/v7e-m+fp/hard/libc_nano.a(lib_a-closer.o)
 .data          0x0000000000000000        0x0 /opt/gcc-arm-none-eabi-10.3-2021.10/bin/../lib/gcc/arm-none-eabi/10.3.1/../../../../arm-none-eabi/lib/thumb/v7e-m+fp/hard/libc_nano.a(lib_a-closer.o)
 .bss           0x0000000000000000        0x0 /opt/gcc-arm-none-eabi-10.3-2021.10/bin/../lib/gcc/arm-none-eabi/10.3.1/../../../../arm-none-eabi/lib/thumb/v7e-m+fp/hard/libc_nano.a(lib_a-closer.o)
 .text          0x0000000000000000        0x0 /opt/gcc-arm-none-eabi-10.3-2021.10/bin/../lib/gcc/arm-none-eabi/10.3.1/../../../../arm-none-eabi/lib/thumb/v7e-m+fp/hard/libc_nano.a(lib_a-fstatr.o)
 .data          0x0000000000000000        0x0 /opt/gcc-arm-none-eabi-10.3-2021.10/bin/../lib/gcc/arm-none-eabi/10.3.1/../../../../arm-none-eabi/lib/thumb/v7e-m+fp/hard/libc_nano.a(lib_a-fstatr.o)
 .bss           0x0000000000000000        0x0 /opt/gcc-arm-none-eabi-10.3-2021.10/bin/../lib/gcc/arm-none-eabi/10.3.1/../../../../arm-none-eabi/lib/thumb/v7e-m+fp/hard/libc_nano.a(lib_a-fstatr.o)
 .text          0x0000000000000000        0x0 /opt/gcc-arm-none-eabi-10.3-2021.10/bin/../lib/gcc/arm-none-eabi/10.3.1/../../../../arm-none-eabi/lib/thumb/v7e-m+fp/hard/libc_nano.a(lib_a-fvwrite.o)
 .data          0x0000000000000000        0x0 /opt/gcc-arm-none-eabi-10.3-2021.10/bin/../lib/gcc/arm-none-eabi/10.3.1/../../../../arm-none-eabi/lib/thumb/v7e-m+fp/hard/libc_nano.a(lib_a-fvwrite.o)
 .bss           0x0000000000000000        0x0 /opt/gcc-arm-none-eabi-10.3-2021.10/bin/../lib/gcc/arm-none-eabi/10.3.1/../../../../arm-none-eabi/lib/thumb/v7e-m+fp/hard/libc_nano.a(lib_a-fvwrite.o)
 .text.__sfvwrite_r
                0x0000000000000000      0x294 /opt/gcc-arm-none-eabi-10.3-2021.10/bin/../lib/gcc/arm-none-eabi/10.3.1/../../../../arm-none-eabi/lib/thumb/v7e-m+fp/hard/libc_nano.a(lib_a-fvwrite.o)
 .debug_frame   0x0000000000000000       0x3c /opt/gcc-arm-none-eabi-10.3-2021.10/bin/../lib/gcc/arm-none-eabi/10.3.1/../../../../arm-none-eabi/lib/thumb/v7e-m+fp/hard/libc_nano.a(lib_a-fvwrite.o)
 .ARM.attributes
                0x0000000000000000       0x34 /opt/gcc-arm-none-eabi-10.3-2021.10/bin/../lib/gcc/arm-none-eabi/10.3.1/../../../../arm-none-eabi/lib/thumb/v7e-m+fp/hard/libc_nano.a(lib_a-fvwrite.o)
 .text          0x0000000000000000        0x0 /opt/gcc-arm-none-eabi-10.3-2021.10/bin/../lib/gcc/arm-none-eabi/10.3.1/../../../../arm-none-eabi/lib/thumb/v7e-m+fp/hard/libc_nano.a(lib_a-isattyr.o)
 .data          0x0000000000000000        0x0 /opt/gcc-arm-none-eabi-10.3-2021.10/bin/../lib/gcc/arm-none-eabi/10.3.1/../../../../arm-none-eabi/lib/thumb/v7e-m+fp/hard/libc_nano.a(lib_a-isattyr.o)
 .bss           0x0000000000000000        0x0 /opt/gcc-arm-none-eabi-10.3-2021.10/bin/../lib/gcc/arm-none-eabi/10.3.1/../../../../arm-none-eabi/lib/thumb/v7e-m+fp/hard/libc_nano.a(lib_a-isattyr.o)
 .text          0x0000000000000000        0x0 /opt/gcc-arm-none-eabi-10.3-2021.10/bin/../lib/gcc/arm-none-eabi/10.3.1/../../../../arm-none-eabi/lib/thumb/v7e-m+fp/hard/libc_nano.a(lib_a-lseekr.o)
 .data          0x0000000000000000        0x0 /opt/gcc-arm-none-eabi-10.3-2021.10/bin/../lib/gcc/arm-none-eabi/10.3.1/../../../../arm-none-eabi/lib/thumb/v7e-m+fp/hard/libc_nano.a(lib_a-lseekr.o)
 .bss           0x0000000000000000        0x0 /opt/gcc-arm-none-eabi-10.3-2021.10/bin/../lib/gcc/arm-none-eabi/10.3.1/../../../../arm-none-eabi/lib/thumb/v7e-m+fp/hard/libc_nano.a(lib_a-lseekr.o)
 .data          0x0000000000000000        0x0 /opt/gcc-arm-none-eabi-10.3-2021.10/bin/../lib/gcc/arm-none-eabi/10.3.1/../../../../arm-none-eabi/lib/thumb/v7e-m+fp/hard/libc_nano.a(lib_a-memchr.o)
 .bss           0x0000000000000000        0x0 /opt/gcc-arm-none-eabi-10.3-2021.10/bin/../lib/gcc/arm-none-eabi/10.3.1/../../../../arm-none-eabi/lib/thumb/v7e-m+fp/hard/libc_nano.a(lib_a-memchr.o)
 .text          0x0000000000000000        0x0 /opt/gcc-arm-none-eabi-10.3-2021.10/bin/../lib/gcc/arm-none-eabi/10.3.1/../../../../arm-none-eabi/lib/thumb/v7e-m+fp/hard/libc_nano.a(lib_a-memmove.o)
 .data          0x0000000000000000        0x0 /opt/gcc-arm-none-eabi-10.3-2021.10/bin/../lib/gcc/arm-none-eabi/10.3.1/../../../../arm-none-eabi/lib/thumb/v7e-m+fp/hard/libc_nano.a(lib_a-memmove.o)
 .bss           0x0000000000000000        0x0 /opt/gcc-arm-none-eabi-10.3-2021.10/bin/../lib/gcc/arm-none-eabi/10.3.1/../../../../arm-none-eabi/lib/thumb/v7e-m+fp/hard/libc_nano.a(lib_a-memmove.o)
 .text.memmove  0x0000000000000000       0x34 /opt/gcc-arm-none-eabi-10.3-2021.10/bin/../lib/gcc/arm-none-eabi/10.3.1/../../../../arm-none-eabi/lib/thumb/v7e-m+fp/hard/libc_nano.a(lib_a-memmove.o)
 .debug_frame   0x0000000000000000       0x28 /opt/gcc-arm-none-eabi-10.3-2021.10/bin/../lib/gcc/arm-none-eabi/10.3.1/../../../../arm-none-eabi/lib/thumb/v7e-m+fp/hard/libc_nano.a(lib_a-memmove.o)
 .ARM.attributes
                0x0000000000000000       0x34 /opt/gcc-arm-none-eabi-10.3-2021.10/bin/../lib/gcc/arm-none-eabi/10.3.1/../../../../arm-none-eabi/lib/thumb/v7e-m+fp/hard/libc_nano.a(lib_a-memmove.o)
 .text          0x0000000000000000        0x0 /opt/gcc-arm-none-eabi-10.3-2021.10/bin/../lib/gcc/arm-none-eabi/10.3.1/../../../../arm-none-eabi/lib/thumb/v7e-m+fp/hard/libc_nano.a(lib_a-mlock.o)
 .data          0x0000000000000000        0x0 /opt/gcc-arm-none-eabi-10.3-2021.10/bin/../lib/gcc/arm-none-eabi/10.3.1/../../../../arm-none-eabi/lib/thumb/v7e-m+fp/hard/libc_nano.a(lib_a-mlock.o)
 .bss           0x0000000000000000        0x0 /opt/gcc-arm-none-eabi-10.3-2021.10/bin/../lib/gcc/arm-none-eabi/10.3.1/../../../../arm-none-eabi/lib/thumb/v7e-m+fp/hard/libc_nano.a(lib_a-mlock.o)
 .text          0x0000000000000000        0x0 /opt/gcc-arm-none-eabi-10.3-2021.10/bin/../lib/gcc/arm-none-eabi/10.3.1/../../../../arm-none-eabi/lib/thumb/v7e-m+fp/hard/libc_nano.a(lib_a-nano-reallocr.o)
 .data          0x0000000000000000        0x0 /opt/gcc-arm-none-eabi-10.3-2021.10/bin/../lib/gcc/arm-none-eabi/10.3.1/../../../../arm-none-eabi/lib/thumb/v7e-m+fp/hard/libc_nano.a(lib_a-nano-reallocr.o)
 .bss           0x0000000000000000        0x0 /opt/gcc-arm-none-eabi-10.3-2021.10/bin/../lib/gcc/arm-none-eabi/10.3.1/../../../../arm-none-eabi/lib/thumb/v7e-m+fp/hard/libc_nano.a(lib_a-nano-reallocr.o)
 .text._realloc_r
                0x0000000000000000       0x5e /opt/gcc-arm-none-eabi-10.3-2021.10/bin/../lib/gcc/arm-none-eabi/10.3.1/../../../../arm-none-eabi/lib/thumb/v7e-m+fp/hard/libc_nano.a(lib_a-nano-reallocr.o)
 .debug_frame   0x0000000000000000       0x3c /opt/gcc-arm-none-eabi-10.3-2021.10/bin/../lib/gcc/arm-none-eabi/10.3.1/../../../../arm-none-eabi/lib/thumb/v7e-m+fp/hard/libc_nano.a(lib_a-nano-reallocr.o)
 .ARM.attributes
                0x0000000000000000       0x34 /opt/gcc-arm-none-eabi-10.3-2021.10/bin/../lib/gcc/arm-none-eabi/10.3.1/../../../../arm-none-eabi/lib/thumb/v7e-m+fp/hard/libc_nano.a(lib_a-nano-reallocr.o)
 .text          0x0000000000000000        0x0 /opt/gcc-arm-none-eabi-10.3-2021.10/bin/../lib/gcc/arm-none-eabi/10.3.1/../../../../arm-none-eabi/lib/thumb/v7e-m+fp/hard/libc_nano.a(lib_a-readr.o)
 .data          0x0000000000000000        0x0 /opt/gcc-arm-none-eabi-10.3-2021.10/bin/../lib/gcc/arm-none-eabi/10.3.1/../../../../arm-none-eabi/lib/thumb/v7e-m+fp/hard/libc_nano.a(lib_a-readr.o)
 .bss           0x0000000000000000        0x0 /opt/gcc-arm-none-eabi-10.3-2021.10/bin/../lib/gcc/arm-none-eabi/10.3.1/../../../../arm-none-eabi/lib/thumb/v7e-m+fp/hard/libc_nano.a(lib_a-readr.o)
 .text          0x0000000000000000        0x0 /opt/gcc-arm-none-eabi-10.3-2021.10/bin/../lib/gcc/arm-none-eabi/10.3.1/../../../../arm-none-eabi/lib/thumb/v7e-m+fp/hard/libc_nano.a(lib_a-reent.o)
 .data          0x0000000000000000        0x0 /opt/gcc-arm-none-eabi-10.3-2021.10/bin/../lib/gcc/arm-none-eabi/10.3.1/../../../../arm-none-eabi/lib/thumb/v7e-m+fp/hard/libc_nano.a(lib_a-reent.o)
 .bss           0x0000000000000000        0x0 /opt/gcc-arm-none-eabi-10.3-2021.10/bin/../lib/gcc/arm-none-eabi/10.3.1/../../../../arm-none-eabi/lib/thumb/v7e-m+fp/hard/libc_nano.a(lib_a-reent.o)
 .text.cleanup_glue
                0x0000000000000000       0x1a /opt/gcc-arm-none-eabi-10.3-2021.10/bin/../lib/gcc/arm-none-eabi/10.3.1/../../../../arm-none-eabi/lib/thumb/v7e-m+fp/hard/libc_nano.a(lib_a-reent.o)
 .text._reclaim_reent
                0x0000000000000000       0xb8 /opt/gcc-arm-none-eabi-10.3-2021.10/bin/../lib/gcc/arm-none-eabi/10.3.1/../../../../arm-none-eabi/lib/thumb/v7e-m+fp/hard/libc_nano.a(lib_a-reent.o)
 .text          0x0000000000000000        0x0 /opt/gcc-arm-none-eabi-10.3-2021.10/bin/../lib/gcc/arm-none-eabi/10.3.1/../../../../arm-none-eabi/lib/thumb/v7e-m+fp/hard/libc_nano.a(lib_a-nano-msizer.o)
 .data          0x0000000000000000        0x0 /opt/gcc-arm-none-eabi-10.3-2021.10/bin/../lib/gcc/arm-none-eabi/10.3.1/../../../../arm-none-eabi/lib/thumb/v7e-m+fp/hard/libc_nano.a(lib_a-nano-msizer.o)
 .bss           0x0000000000000000        0x0 /opt/gcc-arm-none-eabi-10.3-2021.10/bin/../lib/gcc/arm-none-eabi/10.3.1/../../../../arm-none-eabi/lib/thumb/v7e-m+fp/hard/libc_nano.a(lib_a-nano-msizer.o)
 .text._malloc_usable_size_r
                0x0000000000000000       0x10 /opt/gcc-arm-none-eabi-10.3-2021.10/bin/../lib/gcc/arm-none-eabi/10.3.1/../../../../arm-none-eabi/lib/thumb/v7e-m+fp/hard/libc_nano.a(lib_a-nano-msizer.o)
 .debug_frame   0x0000000000000000       0x20 /opt/gcc-arm-none-eabi-10.3-2021.10/bin/../lib/gcc/arm-none-eabi/10.3.1/../../../../arm-none-eabi/lib/thumb/v7e-m+fp/hard/libc_nano.a(lib_a-nano-msizer.o)
 .ARM.attributes
                0x0000000000000000       0x34 /opt/gcc-arm-none-eabi-10.3-2021.10/bin/../lib/gcc/arm-none-eabi/10.3.1/../../../../arm-none-eabi/lib/thumb/v7e-m+fp/hard/libc_nano.a(lib_a-nano-msizer.o)

Memory Configuration

Name             Origin             Length             Attributes
flash            0x0000000008000000 0x0000000000200000 xr
sram             0x0000000020000000 0x0000000000030000 xrw
*default*        0x0000000000000000 0xffffffffffffffff

Linker script and memory map

LOAD /tmp/ccQGMeTa.o
LOAD /tmp/ccoJbPnU.o
LOAD /tmp/ccbVMy69.o
LOAD /tmp/ccYiTsOi.o
LOAD /opt/gcc-arm-none-eabi-10.3-2021.10/bin/../lib/gcc/arm-none-eabi/10.3.1/../../../../arm-none-eabi/lib/thumb/v7e-m+fp/hard/libc_nano.a
LOAD /opt/gcc-arm-none-eabi-10.3-2021.10/bin/../lib/gcc/arm-none-eabi/10.3.1/thumb/v7e-m+fp/hard/libgcc.a
                0x0000000020030000                _estack = (ORIGIN (sram) + LENGTH (sram))

.vectors        0x0000000008000000      0x1bc
 *(.vectors)
 .vectors       0x0000000008000000      0x1bc /tmp/ccoJbPnU.o
                0x0000000008000000                tab

.text           0x00000000080001c0     0x14cc
 *(.text*)
 .text.spi_ready_read.constprop.0.isra.0
                0x00000000080001c0       0x1c /tmp/ccQGMeTa.o
 .text.SysTick_Handler
                0x00000000080001dc       0x10 /tmp/ccQGMeTa.o
                0x00000000080001dc                SysTick_Handler
 .text.startup.main
                0x00000000080001ec       0x68 /tmp/ccQGMeTa.o
                0x00000000080001ec                main
 .text._reset   0x0000000008000254       0x50 /tmp/ccoJbPnU.o
                0x0000000008000254                _reset
 .text._fstat   0x00000000080002a4       0x12 /tmp/ccbVMy69.o
                0x00000000080002a4                _fstat
 *fill*         0x00000000080002b6        0x2 
 .text._sbrk    0x00000000080002b8       0x1c /tmp/ccbVMy69.o
                0x00000000080002b8                _sbrk
 .text._close   0x00000000080002d4        0x6 /tmp/ccbVMy69.o
                0x00000000080002d4                _close
 .text._isatty  0x00000000080002da        0x4 /tmp/ccbVMy69.o
                0x00000000080002da                _isatty
 .text._lseek   0x00000000080002de        0x4 /tmp/ccbVMy69.o
                0x00000000080002de                _lseek
 .text._read    0x00000000080002e2        0x6 /tmp/ccbVMy69.o
                0x00000000080002e2                _read
 .text._write   0x00000000080002e8       0x34 /tmp/ccbVMy69.o
                0x00000000080002e8                _write
 .text.gpio_set_mode
                0x000000000800031c       0x34 /tmp/ccYiTsOi.o
 .text.gpio_set_af
                0x0000000008000350       0x2e /tmp/ccYiTsOi.o
 *fill*         0x000000000800037e        0x2 
 .text.uart_init.constprop.0
                0x0000000008000380       0xc4 /tmp/ccYiTsOi.o
 .text.init_internals
                0x0000000008000444      0x108 /tmp/ccYiTsOi.o
                0x0000000008000444                init_internals
 .text.init_peripherals
                0x000000000800054c       0x30 /tmp/ccYiTsOi.o
                0x000000000800054c                init_peripherals
 .text.init_STM32
                0x000000000800057c       0x30 /tmp/ccYiTsOi.o
                0x000000000800057c                init_STM32
 .text.memcpy   0x00000000080005ac       0x1c /opt/gcc-arm-none-eabi-10.3-2021.10/bin/../lib/gcc/arm-none-eabi/10.3.1/../../../../arm-none-eabi/lib/thumb/v7e-m+fp/hard/libc_nano.a(lib_a-memcpy-stub.o)
                0x00000000080005ac                memcpy
 .text.memset   0x00000000080005c8       0x10 /opt/gcc-arm-none-eabi-10.3-2021.10/bin/../lib/gcc/arm-none-eabi/10.3.1/../../../../arm-none-eabi/lib/thumb/v7e-m+fp/hard/libc_nano.a(lib_a-memset.o)
                0x00000000080005c8                memset
 .text.printf   0x00000000080005d8       0x30 /opt/gcc-arm-none-eabi-10.3-2021.10/bin/../lib/gcc/arm-none-eabi/10.3.1/../../../../arm-none-eabi/lib/thumb/v7e-m+fp/hard/libc_nano.a(lib_a-printf.o)
                0x00000000080005d8                printf
                0x00000000080005d8                iprintf
 .text._puts_r  0x0000000008000608       0xdc /opt/gcc-arm-none-eabi-10.3-2021.10/bin/../lib/gcc/arm-none-eabi/10.3.1/../../../../arm-none-eabi/lib/thumb/v7e-m+fp/hard/libc_nano.a(lib_a-puts.o)
                0x0000000008000608                _puts_r
 .text.puts     0x00000000080006e4       0x10 /opt/gcc-arm-none-eabi-10.3-2021.10/bin/../lib/gcc/arm-none-eabi/10.3.1/../../../../arm-none-eabi/lib/thumb/v7e-m+fp/hard/libc_nano.a(lib_a-puts.o)
                0x00000000080006e4                puts
 .text.__swbuf_r
                0x00000000080006f4       0xa4 /opt/gcc-arm-none-eabi-10.3-2021.10/bin/../lib/gcc/arm-none-eabi/10.3.1/../../../../arm-none-eabi/lib/thumb/v7e-m+fp/hard/libc_nano.a(lib_a-wbuf.o)
                0x00000000080006f4                __swbuf_r
 .text.__swsetup_r
                0x0000000008000798       0xdc /opt/gcc-arm-none-eabi-10.3-2021.10/bin/../lib/gcc/arm-none-eabi/10.3.1/../../../../arm-none-eabi/lib/thumb/v7e-m+fp/hard/libc_nano.a(lib_a-wsetup.o)
                0x0000000008000798                __swsetup_r
 .text.__sflush_r
                0x0000000008000874      0x10c /opt/gcc-arm-none-eabi-10.3-2021.10/bin/../lib/gcc/arm-none-eabi/10.3.1/../../../../arm-none-eabi/lib/thumb/v7e-m+fp/hard/libc_nano.a(lib_a-fflush.o)
                0x0000000008000874                __sflush_r
 .text._fflush_r
                0x0000000008000980       0x78 /opt/gcc-arm-none-eabi-10.3-2021.10/bin/../lib/gcc/arm-none-eabi/10.3.1/../../../../arm-none-eabi/lib/thumb/v7e-m+fp/hard/libc_nano.a(lib_a-fflush.o)
                0x0000000008000980                _fflush_r
 .text.std      0x00000000080009f8       0x48 /opt/gcc-arm-none-eabi-10.3-2021.10/bin/../lib/gcc/arm-none-eabi/10.3.1/../../../../arm-none-eabi/lib/thumb/v7e-m+fp/hard/libc_nano.a(lib_a-findfp.o)
 .text._cleanup_r
                0x0000000008000a40        0xc /opt/gcc-arm-none-eabi-10.3-2021.10/bin/../lib/gcc/arm-none-eabi/10.3.1/../../../../arm-none-eabi/lib/thumb/v7e-m+fp/hard/libc_nano.a(lib_a-findfp.o)
                0x0000000008000a40                _cleanup_r
 .text.__sfmoreglue
                0x0000000008000a4c       0x2c /opt/gcc-arm-none-eabi-10.3-2021.10/bin/../lib/gcc/arm-none-eabi/10.3.1/../../../../arm-none-eabi/lib/thumb/v7e-m+fp/hard/libc_nano.a(lib_a-findfp.o)
                0x0000000008000a4c                __sfmoreglue
 .text.__sfp_lock_acquire
                0x0000000008000a78        0xc /opt/gcc-arm-none-eabi-10.3-2021.10/bin/../lib/gcc/arm-none-eabi/10.3.1/../../../../arm-none-eabi/lib/thumb/v7e-m+fp/hard/libc_nano.a(lib_a-findfp.o)
                0x0000000008000a78                __sfp_lock_acquire
 .text.__sfp_lock_release
                0x0000000008000a84        0xc /opt/gcc-arm-none-eabi-10.3-2021.10/bin/../lib/gcc/arm-none-eabi/10.3.1/../../../../arm-none-eabi/lib/thumb/v7e-m+fp/hard/libc_nano.a(lib_a-findfp.o)
                0x0000000008000a84                __sfp_lock_release
 .text.__sinit_lock_acquire
                0x0000000008000a90        0xc /opt/gcc-arm-none-eabi-10.3-2021.10/bin/../lib/gcc/arm-none-eabi/10.3.1/../../../../arm-none-eabi/lib/thumb/v7e-m+fp/hard/libc_nano.a(lib_a-findfp.o)
                0x0000000008000a90                __sinit_lock_acquire
 .text.__sinit_lock_release
                0x0000000008000a9c        0xc /opt/gcc-arm-none-eabi-10.3-2021.10/bin/../lib/gcc/arm-none-eabi/10.3.1/../../../../arm-none-eabi/lib/thumb/v7e-m+fp/hard/libc_nano.a(lib_a-findfp.o)
                0x0000000008000a9c                __sinit_lock_release
 .text.__sinit  0x0000000008000aa8       0x70 /opt/gcc-arm-none-eabi-10.3-2021.10/bin/../lib/gcc/arm-none-eabi/10.3.1/../../../../arm-none-eabi/lib/thumb/v7e-m+fp/hard/libc_nano.a(lib_a-findfp.o)
                0x0000000008000aa8                __sinit
 .text.__sfp    0x0000000008000b18       0x8c /opt/gcc-arm-none-eabi-10.3-2021.10/bin/../lib/gcc/arm-none-eabi/10.3.1/../../../../arm-none-eabi/lib/thumb/v7e-m+fp/hard/libc_nano.a(lib_a-findfp.o)
                0x0000000008000b18                __sfp
 .text._fwalk_reent
                0x0000000008000ba4       0x3e /opt/gcc-arm-none-eabi-10.3-2021.10/bin/../lib/gcc/arm-none-eabi/10.3.1/../../../../arm-none-eabi/lib/thumb/v7e-m+fp/hard/libc_nano.a(lib_a-fwalk.o)
                0x0000000008000ba4                _fwalk_reent
 .text.__retarget_lock_init_recursive
                0x0000000008000be2        0x2 /opt/gcc-arm-none-eabi-10.3-2021.10/bin/../lib/gcc/arm-none-eabi/10.3.1/../../../../arm-none-eabi/lib/thumb/v7e-m+fp/hard/libc_nano.a(lib_a-lock.o)
                0x0000000008000be2                __retarget_lock_init_recursive
 .text.__retarget_lock_acquire_recursive
                0x0000000008000be4        0x2 /opt/gcc-arm-none-eabi-10.3-2021.10/bin/../lib/gcc/arm-none-eabi/10.3.1/../../../../arm-none-eabi/lib/thumb/v7e-m+fp/hard/libc_nano.a(lib_a-lock.o)
                0x0000000008000be4                __retarget_lock_acquire_recursive
 .text.__retarget_lock_release_recursive
                0x0000000008000be6        0x2 /opt/gcc-arm-none-eabi-10.3-2021.10/bin/../lib/gcc/arm-none-eabi/10.3.1/../../../../arm-none-eabi/lib/thumb/v7e-m+fp/hard/libc_nano.a(lib_a-lock.o)
                0x0000000008000be6                __retarget_lock_release_recursive
 .text.__swhatbuf_r
                0x0000000008000be8       0x4a /opt/gcc-arm-none-eabi-10.3-2021.10/bin/../lib/gcc/arm-none-eabi/10.3.1/../../../../arm-none-eabi/lib/thumb/v7e-m+fp/hard/libc_nano.a(lib_a-makebuf.o)
                0x0000000008000be8                __swhatbuf_r
 *fill*         0x0000000008000c32        0x2 
 .text.__smakebuf_r
                0x0000000008000c34       0x80 /opt/gcc-arm-none-eabi-10.3-2021.10/bin/../lib/gcc/arm-none-eabi/10.3.1/../../../../arm-none-eabi/lib/thumb/v7e-m+fp/hard/libc_nano.a(lib_a-makebuf.o)
                0x0000000008000c34                __smakebuf_r
 .text._free_r  0x0000000008000cb4       0x98 /opt/gcc-arm-none-eabi-10.3-2021.10/bin/../lib/gcc/arm-none-eabi/10.3.1/../../../../arm-none-eabi/lib/thumb/v7e-m+fp/hard/libc_nano.a(lib_a-nano-freer.o)
                0x0000000008000cb4                _free_r
 .text.sbrk_aligned
                0x0000000008000d4c       0x40 /opt/gcc-arm-none-eabi-10.3-2021.10/bin/../lib/gcc/arm-none-eabi/10.3.1/../../../../arm-none-eabi/lib/thumb/v7e-m+fp/hard/libc_nano.a(lib_a-nano-mallocr.o)
 .text._malloc_r
                0x0000000008000d8c       0xe8 /opt/gcc-arm-none-eabi-10.3-2021.10/bin/../lib/gcc/arm-none-eabi/10.3.1/../../../../arm-none-eabi/lib/thumb/v7e-m+fp/hard/libc_nano.a(lib_a-nano-mallocr.o)
                0x0000000008000d8c                _malloc_r
 .text.__sfputc_r
                0x0000000008000e74       0x2e /opt/gcc-arm-none-eabi-10.3-2021.10/bin/../lib/gcc/arm-none-eabi/10.3.1/../../../../arm-none-eabi/lib/thumb/v7e-m+fp/hard/libc_nano.a(lib_a-nano-vfprintf.o)
 .text.__sfputs_r
                0x0000000008000ea2       0x24 /opt/gcc-arm-none-eabi-10.3-2021.10/bin/../lib/gcc/arm-none-eabi/10.3.1/../../../../arm-none-eabi/lib/thumb/v7e-m+fp/hard/libc_nano.a(lib_a-nano-vfprintf.o)
                0x0000000008000ea2                __sfputs_r
 *fill*         0x0000000008000ec6        0x2 
 .text._vfprintf_r
                0x0000000008000ec8      0x260 /opt/gcc-arm-none-eabi-10.3-2021.10/bin/../lib/gcc/arm-none-eabi/10.3.1/../../../../arm-none-eabi/lib/thumb/v7e-m+fp/hard/libc_nano.a(lib_a-nano-vfprintf.o)
                0x0000000008000ec8                _vfiprintf_r
                0x0000000008000ec8                _vfprintf_r
 .text._printf_common
                0x0000000008001128       0xda /opt/gcc-arm-none-eabi-10.3-2021.10/bin/../lib/gcc/arm-none-eabi/10.3.1/../../../../arm-none-eabi/lib/thumb/v7e-m+fp/hard/libc_nano.a(lib_a-nano-vfprintf_i.o)
                0x0000000008001128                _printf_common
 *fill*         0x0000000008001202        0x2 
 .text._printf_i
                0x0000000008001204      0x24c /opt/gcc-arm-none-eabi-10.3-2021.10/bin/../lib/gcc/arm-none-eabi/10.3.1/../../../../arm-none-eabi/lib/thumb/v7e-m+fp/hard/libc_nano.a(lib_a-nano-vfprintf_i.o)
                0x0000000008001204                _printf_i
 .text._sbrk_r  0x0000000008001450       0x20 /opt/gcc-arm-none-eabi-10.3-2021.10/bin/../lib/gcc/arm-none-eabi/10.3.1/../../../../arm-none-eabi/lib/thumb/v7e-m+fp/hard/libc_nano.a(lib_a-sbrkr.o)
                0x0000000008001450                _sbrk_r
 .text.__sread  0x0000000008001470       0x22 /opt/gcc-arm-none-eabi-10.3-2021.10/bin/../lib/gcc/arm-none-eabi/10.3.1/../../../../arm-none-eabi/lib/thumb/v7e-m+fp/hard/libc_nano.a(lib_a-stdio.o)
                0x0000000008001470                __sread
 .text.__swrite
                0x0000000008001492       0x38 /opt/gcc-arm-none-eabi-10.3-2021.10/bin/../lib/gcc/arm-none-eabi/10.3.1/../../../../arm-none-eabi/lib/thumb/v7e-m+fp/hard/libc_nano.a(lib_a-stdio.o)
                0x0000000008001492                __swrite
 .text.__sseek  0x00000000080014ca       0x24 /opt/gcc-arm-none-eabi-10.3-2021.10/bin/../lib/gcc/arm-none-eabi/10.3.1/../../../../arm-none-eabi/lib/thumb/v7e-m+fp/hard/libc_nano.a(lib_a-stdio.o)
                0x00000000080014ca                __sseek
 .text.__sclose
                0x00000000080014ee        0x8 /opt/gcc-arm-none-eabi-10.3-2021.10/bin/../lib/gcc/arm-none-eabi/10.3.1/../../../../arm-none-eabi/lib/thumb/v7e-m+fp/hard/libc_nano.a(lib_a-stdio.o)
                0x00000000080014ee                __sclose
 *fill*         0x00000000080014f6        0x2 
 .text._write_r
                0x00000000080014f8       0x24 /opt/gcc-arm-none-eabi-10.3-2021.10/bin/../lib/gcc/arm-none-eabi/10.3.1/../../../../arm-none-eabi/lib/thumb/v7e-m+fp/hard/libc_nano.a(lib_a-writer.o)
                0x00000000080014f8                _write_r
 .text._close_r
                0x000000000800151c       0x20 /opt/gcc-arm-none-eabi-10.3-2021.10/bin/../lib/gcc/arm-none-eabi/10.3.1/../../../../arm-none-eabi/lib/thumb/v7e-m+fp/hard/libc_nano.a(lib_a-closer.o)
                0x000000000800151c                _close_r
 .text._fstat_r
                0x000000000800153c       0x24 /opt/gcc-arm-none-eabi-10.3-2021.10/bin/../lib/gcc/arm-none-eabi/10.3.1/../../../../arm-none-eabi/lib/thumb/v7e-m+fp/hard/libc_nano.a(lib_a-fstatr.o)
                0x000000000800153c                _fstat_r
 .text._isatty_r
                0x0000000008001560       0x20 /opt/gcc-arm-none-eabi-10.3-2021.10/bin/../lib/gcc/arm-none-eabi/10.3.1/../../../../arm-none-eabi/lib/thumb/v7e-m+fp/hard/libc_nano.a(lib_a-isattyr.o)
                0x0000000008001560                _isatty_r
 .text._lseek_r
                0x0000000008001580       0x24 /opt/gcc-arm-none-eabi-10.3-2021.10/bin/../lib/gcc/arm-none-eabi/10.3.1/../../../../arm-none-eabi/lib/thumb/v7e-m+fp/hard/libc_nano.a(lib_a-lseekr.o)
                0x0000000008001580                _lseek_r
 *fill*         0x00000000080015a4        0xc 
 .text          0x00000000080015b0       0xa0 /opt/gcc-arm-none-eabi-10.3-2021.10/bin/../lib/gcc/arm-none-eabi/10.3.1/../../../../arm-none-eabi/lib/thumb/v7e-m+fp/hard/libc_nano.a(lib_a-memchr.o)
                0x00000000080015b0                memchr
 .text.__malloc_lock
                0x0000000008001650        0xc /opt/gcc-arm-none-eabi-10.3-2021.10/bin/../lib/gcc/arm-none-eabi/10.3.1/../../../../arm-none-eabi/lib/thumb/v7e-m+fp/hard/libc_nano.a(lib_a-mlock.o)
                0x0000000008001650                __malloc_lock
 .text.__malloc_unlock
                0x000000000800165c        0xc /opt/gcc-arm-none-eabi-10.3-2021.10/bin/../lib/gcc/arm-none-eabi/10.3.1/../../../../arm-none-eabi/lib/thumb/v7e-m+fp/hard/libc_nano.a(lib_a-mlock.o)
                0x000000000800165c                __malloc_unlock
 .text._read_r  0x0000000008001668       0x24 /opt/gcc-arm-none-eabi-10.3-2021.10/bin/../lib/gcc/arm-none-eabi/10.3.1/../../../../arm-none-eabi/lib/thumb/v7e-m+fp/hard/libc_nano.a(lib_a-readr.o)
                0x0000000008001668                _read_r

.glue_7         0x000000000800168c        0x0
 .glue_7        0x000000000800168c        0x0 linker stubs

.glue_7t        0x000000000800168c        0x0
 .glue_7t       0x000000000800168c        0x0 linker stubs

.vfp11_veneer   0x000000000800168c        0x0
 .vfp11_veneer  0x000000000800168c        0x0 linker stubs

.v4_bx          0x000000000800168c        0x0
 .v4_bx         0x000000000800168c        0x0 linker stubs

.iplt           0x000000000800168c        0x0
 .iplt          0x000000000800168c        0x0 /tmp/ccQGMeTa.o

.rodata         0x000000000800168c       0xcf
 *(.rodata*)
 .rodata.main.str1.1
                0x000000000800168c       0x38 /tmp/ccQGMeTa.o
 .rodata.__sf_fake_stderr
                0x00000000080016c4       0x20 /opt/gcc-arm-none-eabi-10.3-2021.10/bin/../lib/gcc/arm-none-eabi/10.3.1/../../../../arm-none-eabi/lib/thumb/v7e-m+fp/hard/libc_nano.a(lib_a-findfp.o)
                0x00000000080016c4                __sf_fake_stderr
 .rodata.__sf_fake_stdin
                0x00000000080016e4       0x20 /opt/gcc-arm-none-eabi-10.3-2021.10/bin/../lib/gcc/arm-none-eabi/10.3.1/../../../../arm-none-eabi/lib/thumb/v7e-m+fp/hard/libc_nano.a(lib_a-findfp.o)
                0x00000000080016e4                __sf_fake_stdin
 .rodata.__sf_fake_stdout
                0x0000000008001704       0x20 /opt/gcc-arm-none-eabi-10.3-2021.10/bin/../lib/gcc/arm-none-eabi/10.3.1/../../../../arm-none-eabi/lib/thumb/v7e-m+fp/hard/libc_nano.a(lib_a-findfp.o)
                0x0000000008001704                __sf_fake_stdout
 .rodata._global_impure_ptr
                0x0000000008001724        0x4 /opt/gcc-arm-none-eabi-10.3-2021.10/bin/../lib/gcc/arm-none-eabi/10.3.1/../../../../arm-none-eabi/lib/thumb/v7e-m+fp/hard/libc_nano.a(lib_a-impure.o)
                0x0000000008001724                _global_impure_ptr
 .rodata._vfprintf_r.str1.1
                0x0000000008001728       0x11 /opt/gcc-arm-none-eabi-10.3-2021.10/bin/../lib/gcc/arm-none-eabi/10.3.1/../../../../arm-none-eabi/lib/thumb/v7e-m+fp/hard/libc_nano.a(lib_a-nano-vfprintf.o)
 .rodata._printf_i.str1.1
                0x0000000008001739       0x22 /opt/gcc-arm-none-eabi-10.3-2021.10/bin/../lib/gcc/arm-none-eabi/10.3.1/../../../../arm-none-eabi/lib/thumb/v7e-m+fp/hard/libc_nano.a(lib_a-nano-vfprintf_i.o)

.rel.dyn        0x000000000800175c        0x0
 .rel.iplt      0x000000000800175c        0x0 /tmp/ccQGMeTa.o

.data           0x0000000020000000       0x64 load address 0x000000000800175b
                0x0000000020000000                _sdata = .
 *(.first_data)
 *(.data SORT_BY_NAME(.data.*))
 .data._impure_ptr
                0x0000000020000000        0x4 /opt/gcc-arm-none-eabi-10.3-2021.10/bin/../lib/gcc/arm-none-eabi/10.3.1/../../../../arm-none-eabi/lib/thumb/v7e-m+fp/hard/libc_nano.a(lib_a-impure.o)
                0x0000000020000000                _impure_ptr
 .data.impure_data
                0x0000000020000004       0x60 /opt/gcc-arm-none-eabi-10.3-2021.10/bin/../lib/gcc/arm-none-eabi/10.3.1/../../../../arm-none-eabi/lib/thumb/v7e-m+fp/hard/libc_nano.a(lib_a-impure.o)
                0x0000000020000064                _edata = .
                0x000000000800175b                _sidata = LOADADDR (.data)

.igot.plt       0x0000000020000064        0x0 load address 0x00000000080017bf
 .igot.plt      0x0000000020000064        0x0 /tmp/ccQGMeTa.o

.bss            0x0000000020000064       0x18 load address 0x00000000080017bf
                0x0000000020000064                _sbss = .
 *(.bss SORT_BY_NAME(.bss.*) COMMON)
 .bss.__lock___malloc_recursive_mutex
                0x0000000020000064        0x1 /opt/gcc-arm-none-eabi-10.3-2021.10/bin/../lib/gcc/arm-none-eabi/10.3.1/../../../../arm-none-eabi/lib/thumb/v7e-m+fp/hard/libc_nano.a(lib_a-lock.o)
                0x0000000020000064                __lock___malloc_recursive_mutex
 .bss.__lock___sfp_recursive_mutex
                0x0000000020000065        0x1 /opt/gcc-arm-none-eabi-10.3-2021.10/bin/../lib/gcc/arm-none-eabi/10.3.1/../../../../arm-none-eabi/lib/thumb/v7e-m+fp/hard/libc_nano.a(lib_a-lock.o)
                0x0000000020000065                __lock___sfp_recursive_mutex
 .bss.__lock___sinit_recursive_mutex
                0x0000000020000066        0x1 /opt/gcc-arm-none-eabi-10.3-2021.10/bin/../lib/gcc/arm-none-eabi/10.3.1/../../../../arm-none-eabi/lib/thumb/v7e-m+fp/hard/libc_nano.a(lib_a-lock.o)
                0x0000000020000066                __lock___sinit_recursive_mutex
 *fill*         0x0000000020000067        0x1 
 .bss.__malloc_free_list
                0x0000000020000068        0x4 /opt/gcc-arm-none-eabi-10.3-2021.10/bin/../lib/gcc/arm-none-eabi/10.3.1/../../../../arm-none-eabi/lib/thumb/v7e-m+fp/hard/libc_nano.a(lib_a-nano-mallocr.o)
                0x0000000020000068                __malloc_free_list
 .bss.__malloc_sbrk_start
                0x000000002000006c        0x4 /opt/gcc-arm-none-eabi-10.3-2021.10/bin/../lib/gcc/arm-none-eabi/10.3.1/../../../../arm-none-eabi/lib/thumb/v7e-m+fp/hard/libc_nano.a(lib_a-nano-mallocr.o)
                0x000000002000006c                __malloc_sbrk_start
 .bss.errno     0x0000000020000070        0x4 /opt/gcc-arm-none-eabi-10.3-2021.10/bin/../lib/gcc/arm-none-eabi/10.3.1/../../../../arm-none-eabi/lib/thumb/v7e-m+fp/hard/libc_nano.a(lib_a-reent.o)
                0x0000000020000070                errno
 .bss.heap.0    0x0000000020000074        0x4 /tmp/ccbVMy69.o
 .bss.s_ticks   0x0000000020000078        0x4 /tmp/ccQGMeTa.o
                0x000000002000007c                _ebss = .
                0x0000000020000080                . = ALIGN (0x8)
                0x0000000020000080                _end = .
OUTPUT(firmware.elf elf32-littlearm)
LOAD linker stubs

.debug_info     0x0000000000000000     0x221f
 .debug_info    0x0000000000000000      0x3e2 /tmp/ccQGMeTa.o
 .debug_info    0x00000000000003e2      0x145 /tmp/ccoJbPnU.o
 .debug_info    0x0000000000000527      0x83f /tmp/ccbVMy69.o
 .debug_info    0x0000000000000d66     0x14b9 /tmp/ccYiTsOi.o

.debug_abbrev   0x0000000000000000      0x908
 .debug_abbrev  0x0000000000000000      0x269 /tmp/ccQGMeTa.o
 .debug_abbrev  0x0000000000000269       0xfc /tmp/ccoJbPnU.o
 .debug_abbrev  0x0000000000000365      0x295 /tmp/ccbVMy69.o
 .debug_abbrev  0x00000000000005fa      0x30e /tmp/ccYiTsOi.o

.debug_loc      0x0000000000000000      0xc5c
 .debug_loc     0x0000000000000000      0x126 /tmp/ccQGMeTa.o
 .debug_loc     0x0000000000000126      0x2d7 /tmp/ccbVMy69.o
 .debug_loc     0x00000000000003fd      0x85f /tmp/ccYiTsOi.o

.debug_aranges  0x0000000000000000      0x158
 .debug_aranges
                0x0000000000000000       0x38 /tmp/ccQGMeTa.o
 .debug_aranges
                0x0000000000000038       0x20 /tmp/ccoJbPnU.o
 .debug_aranges
                0x0000000000000058       0x80 /tmp/ccbVMy69.o
 .debug_aranges
                0x00000000000000d8       0x80 /tmp/ccYiTsOi.o

.debug_ranges   0x0000000000000000      0x430
 .debug_ranges  0x0000000000000000       0xa8 /tmp/ccQGMeTa.o
 .debug_ranges  0x00000000000000a8       0x10 /tmp/ccoJbPnU.o
 .debug_ranges  0x00000000000000b8       0xa0 /tmp/ccbVMy69.o
 .debug_ranges  0x0000000000000158      0x2d8 /tmp/ccYiTsOi.o

.debug_macro    0x0000000000000000    0x20b97
 .debug_macro   0x0000000000000000      0x2ef /tmp/ccQGMeTa.o
 .debug_macro   0x00000000000002ef      0xa6c /tmp/ccQGMeTa.o
 .debug_macro   0x0000000000000d5b       0x22 /tmp/ccQGMeTa.o
 .debug_macro   0x0000000000000d7d       0x4c /tmp/ccQGMeTa.o
 .debug_macro   0x0000000000000dc9       0x1e /tmp/ccQGMeTa.o
 .debug_macro   0x0000000000000de7       0x94 /tmp/ccQGMeTa.o
 .debug_macro   0x0000000000000e7b       0x3c /tmp/ccQGMeTa.o
 .debug_macro   0x0000000000000eb7       0x34 /tmp/ccQGMeTa.o
 .debug_macro   0x0000000000000eeb       0x16 /tmp/ccQGMeTa.o
 .debug_macro   0x0000000000000f01       0x57 /tmp/ccQGMeTa.o
 .debug_macro   0x0000000000000f58       0x97 /tmp/ccQGMeTa.o
 .debug_macro   0x0000000000000fef      0x341 /tmp/ccQGMeTa.o
 .debug_macro   0x0000000000001330       0xfd /tmp/ccQGMeTa.o
 .debug_macro   0x000000000000142d       0x10 /tmp/ccQGMeTa.o
 .debug_macro   0x000000000000143d       0x16 /tmp/ccQGMeTa.o
 .debug_macro   0x0000000000001453       0x43 /tmp/ccQGMeTa.o
 .debug_macro   0x0000000000001496       0x34 /tmp/ccQGMeTa.o
 .debug_macro   0x00000000000014ca       0x10 /tmp/ccQGMeTa.o
 .debug_macro   0x00000000000014da       0x58 /tmp/ccQGMeTa.o
 .debug_macro   0x0000000000001532       0x71 /tmp/ccQGMeTa.o
 .debug_macro   0x00000000000015a3       0x1c /tmp/ccQGMeTa.o
 .debug_macro   0x00000000000015bf      0x12a /tmp/ccQGMeTa.o
 .debug_macro   0x00000000000016e9       0x10 /tmp/ccQGMeTa.o
 .debug_macro   0x00000000000016f9       0x6a /tmp/ccQGMeTa.o
 .debug_macro   0x0000000000001763       0x1c /tmp/ccQGMeTa.o
 .debug_macro   0x000000000000177f       0x52 /tmp/ccQGMeTa.o
 .debug_macro   0x00000000000017d1       0x22 /tmp/ccQGMeTa.o
 .debug_macro   0x00000000000017f3       0x10 /tmp/ccQGMeTa.o
 .debug_macro   0x0000000000001803       0x52 /tmp/ccQGMeTa.o
 .debug_macro   0x0000000000001855       0xd5 /tmp/ccQGMeTa.o
 .debug_macro   0x000000000000192a       0x1c /tmp/ccQGMeTa.o
 .debug_macro   0x0000000000001946       0x3d /tmp/ccQGMeTa.o
 .debug_macro   0x0000000000001983       0x16 /tmp/ccQGMeTa.o
 .debug_macro   0x0000000000001999      0x145 /tmp/ccQGMeTa.o
 .debug_macro   0x0000000000001ade      0x103 /tmp/ccQGMeTa.o
 .debug_macro   0x0000000000001be1      0x1e5 /tmp/ccQGMeTa.o
 .debug_macro   0x0000000000001dc6       0x35 /tmp/ccQGMeTa.o
 .debug_macro   0x0000000000001dfb      0x460 /tmp/ccQGMeTa.o
 .debug_macro   0x000000000000225b       0x22 /tmp/ccQGMeTa.o
 .debug_macro   0x000000000000227d       0x16 /tmp/ccQGMeTa.o
 .debug_macro   0x0000000000002293       0x16 /tmp/ccQGMeTa.o
 .debug_macro   0x00000000000022a9       0x29 /tmp/ccQGMeTa.o
 .debug_macro   0x00000000000022d2       0x16 /tmp/ccQGMeTa.o
 .debug_macro   0x00000000000022e8       0x10 /tmp/ccQGMeTa.o
 .debug_macro   0x00000000000022f8       0x41 /tmp/ccQGMeTa.o
 .debug_macro   0x0000000000002339      0x12c /tmp/ccQGMeTa.o
 .debug_macro   0x0000000000002465       0x28 /tmp/ccQGMeTa.o
 .debug_macro   0x000000000000248d       0x1c /tmp/ccQGMeTa.o
 .debug_macro   0x00000000000024a9       0x22 /tmp/ccQGMeTa.o
 .debug_macro   0x00000000000024cb       0xd9 /tmp/ccQGMeTa.o
 .debug_macro   0x00000000000025a4     0x102d /tmp/ccQGMeTa.o
 .debug_macro   0x00000000000035d1      0x11f /tmp/ccQGMeTa.o
 .debug_macro   0x00000000000036f0    0x1cb71 /tmp/ccQGMeTa.o
 .debug_macro   0x0000000000020261       0x50 /tmp/ccQGMeTa.o
 .debug_macro   0x00000000000202b1       0x16 /tmp/ccQGMeTa.o
 .debug_macro   0x00000000000202c7       0x11 /tmp/ccoJbPnU.o
 .debug_macro   0x00000000000202d8      0x2ae /tmp/ccbVMy69.o
 .debug_macro   0x0000000000020586       0x3a /tmp/ccbVMy69.o
 .debug_macro   0x00000000000205c0      0x1df /tmp/ccbVMy69.o
 .debug_macro   0x000000000002079f       0x82 /tmp/ccbVMy69.o
 .debug_macro   0x0000000000020821       0x1c /tmp/ccbVMy69.o
 .debug_macro   0x000000000002083d       0x8d /tmp/ccbVMy69.o
 .debug_macro   0x00000000000208ca      0x2bd /tmp/ccYiTsOi.o
 .debug_macro   0x0000000000020b87       0x10 /tmp/ccYiTsOi.o

.debug_line     0x0000000000000000     0x1724
 .debug_line    0x0000000000000000      0x63f /tmp/ccQGMeTa.o
 .debug_line    0x000000000000063f       0x70 /tmp/ccoJbPnU.o
 .debug_line    0x00000000000006af      0x616 /tmp/ccbVMy69.o
 .debug_line    0x0000000000000cc5      0xa5f /tmp/ccYiTsOi.o

.debug_str      0x0000000000000000    0xb2624
 .debug_str     0x0000000000000000    0xb2036 /tmp/ccQGMeTa.o
                                      0xb226c (size before relaxing)
 .debug_str     0x00000000000b2036       0x55 /tmp/ccoJbPnU.o
                                       0x2d16 (size before relaxing)
 .debug_str     0x00000000000b208b      0x1d5 /tmp/ccbVMy69.o
                                      0xb22c5 (size before relaxing)
 .debug_str     0x00000000000b2260      0x3c4 /tmp/ccYiTsOi.o
                                      0xb2521 (size before relaxing)

.comment        0x0000000000000000       0x49
 .comment       0x0000000000000000       0x49 /tmp/ccQGMeTa.o
                                         0x4a (size before relaxing)
 .comment       0x0000000000000049       0x4a /tmp/ccoJbPnU.o
 .comment       0x0000000000000049       0x4a /tmp/ccbVMy69.o
 .comment       0x0000000000000049       0x4a /tmp/ccYiTsOi.o

.ARM.attributes
                0x0000000000000000       0x32
 .ARM.attributes
                0x0000000000000000       0x34 /tmp/ccQGMeTa.o
 .ARM.attributes
                0x0000000000000034       0x34 /tmp/ccoJbPnU.o
 .ARM.attributes
                0x0000000000000068       0x34 /tmp/ccbVMy69.o
 .ARM.attributes
                0x000000000000009c       0x34 /tmp/ccYiTsOi.o
 .ARM.attributes
                0x00000000000000d0       0x34 /opt/gcc-arm-none-eabi-10.3-2021.10/bin/../lib/gcc/arm-none-eabi/10.3.1/../../../../arm-none-eabi/lib/thumb/v7e-m+fp/hard/libc_nano.a(lib_a-memcpy-stub.o)
 .ARM.attributes
                0x0000000000000104       0x34 /opt/gcc-arm-none-eabi-10.3-2021.10/bin/../lib/gcc/arm-none-eabi/10.3.1/../../../../arm-none-eabi/lib/thumb/v7e-m+fp/hard/libc_nano.a(lib_a-memset.o)
 .ARM.attributes
                0x0000000000000138       0x34 /opt/gcc-arm-none-eabi-10.3-2021.10/bin/../lib/gcc/arm-none-eabi/10.3.1/../../../../arm-none-eabi/lib/thumb/v7e-m+fp/hard/libc_nano.a(lib_a-printf.o)
 .ARM.attributes
                0x000000000000016c       0x34 /opt/gcc-arm-none-eabi-10.3-2021.10/bin/../lib/gcc/arm-none-eabi/10.3.1/../../../../arm-none-eabi/lib/thumb/v7e-m+fp/hard/libc_nano.a(lib_a-puts.o)
 .ARM.attributes
                0x00000000000001a0       0x34 /opt/gcc-arm-none-eabi-10.3-2021.10/bin/../lib/gcc/arm-none-eabi/10.3.1/../../../../arm-none-eabi/lib/thumb/v7e-m+fp/hard/libc_nano.a(lib_a-wbuf.o)
 .ARM.attributes
                0x00000000000001d4       0x34 /opt/gcc-arm-none-eabi-10.3-2021.10/bin/../lib/gcc/arm-none-eabi/10.3.1/../../../../arm-none-eabi/lib/thumb/v7e-m+fp/hard/libc_nano.a(lib_a-wsetup.o)
 .ARM.attributes
                0x0000000000000208       0x34 /opt/gcc-arm-none-eabi-10.3-2021.10/bin/../lib/gcc/arm-none-eabi/10.3.1/../../../../arm-none-eabi/lib/thumb/v7e-m+fp/hard/libc_nano.a(lib_a-fflush.o)
 .ARM.attributes
                0x000000000000023c       0x34 /opt/gcc-arm-none-eabi-10.3-2021.10/bin/../lib/gcc/arm-none-eabi/10.3.1/../../../../arm-none-eabi/lib/thumb/v7e-m+fp/hard/libc_nano.a(lib_a-findfp.o)
 .ARM.attributes
                0x0000000000000270       0x34 /opt/gcc-arm-none-eabi-10.3-2021.10/bin/../lib/gcc/arm-none-eabi/10.3.1/../../../../arm-none-eabi/lib/thumb/v7e-m+fp/hard/libc_nano.a(lib_a-fwalk.o)
 .ARM.attributes
                0x00000000000002a4       0x34 /opt/gcc-arm-none-eabi-10.3-2021.10/bin/../lib/gcc/arm-none-eabi/10.3.1/../../../../arm-none-eabi/lib/thumb/v7e-m+fp/hard/libc_nano.a(lib_a-impure.o)
 .ARM.attributes
                0x00000000000002d8       0x34 /opt/gcc-arm-none-eabi-10.3-2021.10/bin/../lib/gcc/arm-none-eabi/10.3.1/../../../../arm-none-eabi/lib/thumb/v7e-m+fp/hard/libc_nano.a(lib_a-lock.o)
 .ARM.attributes
                0x000000000000030c       0x34 /opt/gcc-arm-none-eabi-10.3-2021.10/bin/../lib/gcc/arm-none-eabi/10.3.1/../../../../arm-none-eabi/lib/thumb/v7e-m+fp/hard/libc_nano.a(lib_a-makebuf.o)
 .ARM.attributes
                0x0000000000000340       0x34 /opt/gcc-arm-none-eabi-10.3-2021.10/bin/../lib/gcc/arm-none-eabi/10.3.1/../../../../arm-none-eabi/lib/thumb/v7e-m+fp/hard/libc_nano.a(lib_a-nano-freer.o)
 .ARM.attributes
                0x0000000000000374       0x34 /opt/gcc-arm-none-eabi-10.3-2021.10/bin/../lib/gcc/arm-none-eabi/10.3.1/../../../../arm-none-eabi/lib/thumb/v7e-m+fp/hard/libc_nano.a(lib_a-nano-mallocr.o)
 .ARM.attributes
                0x00000000000003a8       0x34 /opt/gcc-arm-none-eabi-10.3-2021.10/bin/../lib/gcc/arm-none-eabi/10.3.1/../../../../arm-none-eabi/lib/thumb/v7e-m+fp/hard/libc_nano.a(lib_a-nano-vfprintf.o)
 .ARM.attributes
                0x00000000000003dc       0x34 /opt/gcc-arm-none-eabi-10.3-2021.10/bin/../lib/gcc/arm-none-eabi/10.3.1/../../../../arm-none-eabi/lib/thumb/v7e-m+fp/hard/libc_nano.a(lib_a-nano-vfprintf_i.o)
 .ARM.attributes
                0x0000000000000410       0x34 /opt/gcc-arm-none-eabi-10.3-2021.10/bin/../lib/gcc/arm-none-eabi/10.3.1/../../../../arm-none-eabi/lib/thumb/v7e-m+fp/hard/libc_nano.a(lib_a-sbrkr.o)
 .ARM.attributes
                0x0000000000000444       0x34 /opt/gcc-arm-none-eabi-10.3-2021.10/bin/../lib/gcc/arm-none-eabi/10.3.1/../../../../arm-none-eabi/lib/thumb/v7e-m+fp/hard/libc_nano.a(lib_a-stdio.o)
 .ARM.attributes
                0x0000000000000478       0x34 /opt/gcc-arm-none-eabi-10.3-2021.10/bin/../lib/gcc/arm-none-eabi/10.3.1/../../../../arm-none-eabi/lib/thumb/v7e-m+fp/hard/libc_nano.a(lib_a-writer.o)
 .ARM.attributes
                0x00000000000004ac       0x34 /opt/gcc-arm-none-eabi-10.3-2021.10/bin/../lib/gcc/arm-none-eabi/10.3.1/../../../../arm-none-eabi/lib/thumb/v7e-m+fp/hard/libc_nano.a(lib_a-closer.o)
 .ARM.attributes
                0x00000000000004e0       0x34 /opt/gcc-arm-none-eabi-10.3-2021.10/bin/../lib/gcc/arm-none-eabi/10.3.1/../../../../arm-none-eabi/lib/thumb/v7e-m+fp/hard/libc_nano.a(lib_a-fstatr.o)
 .ARM.attributes
                0x0000000000000514       0x34 /opt/gcc-arm-none-eabi-10.3-2021.10/bin/../lib/gcc/arm-none-eabi/10.3.1/../../../../arm-none-eabi/lib/thumb/v7e-m+fp/hard/libc_nano.a(lib_a-isattyr.o)
 .ARM.attributes
                0x0000000000000548       0x34 /opt/gcc-arm-none-eabi-10.3-2021.10/bin/../lib/gcc/arm-none-eabi/10.3.1/../../../../arm-none-eabi/lib/thumb/v7e-m+fp/hard/libc_nano.a(lib_a-lseekr.o)
 .ARM.attributes
                0x000000000000057c       0x1c /opt/gcc-arm-none-eabi-10.3-2021.10/bin/../lib/gcc/arm-none-eabi/10.3.1/../../../../arm-none-eabi/lib/thumb/v7e-m+fp/hard/libc_nano.a(lib_a-memchr.o)
 .ARM.attributes
                0x0000000000000598       0x34 /opt/gcc-arm-none-eabi-10.3-2021.10/bin/../lib/gcc/arm-none-eabi/10.3.1/../../../../arm-none-eabi/lib/thumb/v7e-m+fp/hard/libc_nano.a(lib_a-mlock.o)
 .ARM.attributes
                0x00000000000005cc       0x34 /opt/gcc-arm-none-eabi-10.3-2021.10/bin/../lib/gcc/arm-none-eabi/10.3.1/../../../../arm-none-eabi/lib/thumb/v7e-m+fp/hard/libc_nano.a(lib_a-readr.o)
 .ARM.attributes
                0x0000000000000600       0x34 /opt/gcc-arm-none-eabi-10.3-2021.10/bin/../lib/gcc/arm-none-eabi/10.3.1/../../../../arm-none-eabi/lib/thumb/v7e-m+fp/hard/libc_nano.a(lib_a-reent.o)

.debug_frame    0x0000000000000000      0xb30
 .debug_frame   0x0000000000000000       0x74 /tmp/ccQGMeTa.o
 .debug_frame   0x0000000000000074       0x20 /tmp/ccoJbPnU.o
 .debug_frame   0x0000000000000094      0x108 /tmp/ccbVMy69.o
 .debug_frame   0x000000000000019c      0x154 /tmp/ccYiTsOi.o
 .debug_frame   0x00000000000002f0       0x28 /opt/gcc-arm-none-eabi-10.3-2021.10/bin/../lib/gcc/arm-none-eabi/10.3.1/../../../../arm-none-eabi/lib/thumb/v7e-m+fp/hard/libc_nano.a(lib_a-memcpy-stub.o)
 .debug_frame   0x0000000000000318       0x20 /opt/gcc-arm-none-eabi-10.3-2021.10/bin/../lib/gcc/arm-none-eabi/10.3.1/../../../../arm-none-eabi/lib/thumb/v7e-m+fp/hard/libc_nano.a(lib_a-memset.o)
 .debug_frame   0x0000000000000338       0x74 /opt/gcc-arm-none-eabi-10.3-2021.10/bin/../lib/gcc/arm-none-eabi/10.3.1/../../../../arm-none-eabi/lib/thumb/v7e-m+fp/hard/libc_nano.a(lib_a-printf.o)
 .debug_frame   0x00000000000003ac       0x3c /opt/gcc-arm-none-eabi-10.3-2021.10/bin/../lib/gcc/arm-none-eabi/10.3.1/../../../../arm-none-eabi/lib/thumb/v7e-m+fp/hard/libc_nano.a(lib_a-puts.o)
 .debug_frame   0x00000000000003e8       0x40 /opt/gcc-arm-none-eabi-10.3-2021.10/bin/../lib/gcc/arm-none-eabi/10.3.1/../../../../arm-none-eabi/lib/thumb/v7e-m+fp/hard/libc_nano.a(lib_a-wbuf.o)
 .debug_frame   0x0000000000000428       0x2c /opt/gcc-arm-none-eabi-10.3-2021.10/bin/../lib/gcc/arm-none-eabi/10.3.1/../../../../arm-none-eabi/lib/thumb/v7e-m+fp/hard/libc_nano.a(lib_a-wsetup.o)
 .debug_frame   0x0000000000000454       0x5c /opt/gcc-arm-none-eabi-10.3-2021.10/bin/../lib/gcc/arm-none-eabi/10.3.1/../../../../arm-none-eabi/lib/thumb/v7e-m+fp/hard/libc_nano.a(lib_a-fflush.o)
 .debug_frame   0x00000000000004b0      0x14c /opt/gcc-arm-none-eabi-10.3-2021.10/bin/../lib/gcc/arm-none-eabi/10.3.1/../../../../arm-none-eabi/lib/thumb/v7e-m+fp/hard/libc_nano.a(lib_a-findfp.o)
 .debug_frame   0x00000000000005fc       0x54 /opt/gcc-arm-none-eabi-10.3-2021.10/bin/../lib/gcc/arm-none-eabi/10.3.1/../../../../arm-none-eabi/lib/thumb/v7e-m+fp/hard/libc_nano.a(lib_a-fwalk.o)
 .debug_frame   0x0000000000000650       0xb0 /opt/gcc-arm-none-eabi-10.3-2021.10/bin/../lib/gcc/arm-none-eabi/10.3.1/../../../../arm-none-eabi/lib/thumb/v7e-m+fp/hard/libc_nano.a(lib_a-lock.o)
 .debug_frame   0x0000000000000700       0x58 /opt/gcc-arm-none-eabi-10.3-2021.10/bin/../lib/gcc/arm-none-eabi/10.3.1/../../../../arm-none-eabi/lib/thumb/v7e-m+fp/hard/libc_nano.a(lib_a-makebuf.o)
 .debug_frame   0x0000000000000758       0x38 /opt/gcc-arm-none-eabi-10.3-2021.10/bin/../lib/gcc/arm-none-eabi/10.3.1/../../../../arm-none-eabi/lib/thumb/v7e-m+fp/hard/libc_nano.a(lib_a-nano-freer.o)
 .debug_frame   0x0000000000000790       0x4c /opt/gcc-arm-none-eabi-10.3-2021.10/bin/../lib/gcc/arm-none-eabi/10.3.1/../../../../arm-none-eabi/lib/thumb/v7e-m+fp/hard/libc_nano.a(lib_a-nano-mallocr.o)
 .debug_frame   0x00000000000007dc       0xac /opt/gcc-arm-none-eabi-10.3-2021.10/bin/../lib/gcc/arm-none-eabi/10.3.1/../../../../arm-none-eabi/lib/thumb/v7e-m+fp/hard/libc_nano.a(lib_a-nano-vfprintf.o)
 .debug_frame   0x0000000000000888       0x60 /opt/gcc-arm-none-eabi-10.3-2021.10/bin/../lib/gcc/arm-none-eabi/10.3.1/../../../../arm-none-eabi/lib/thumb/v7e-m+fp/hard/libc_nano.a(lib_a-nano-vfprintf_i.o)
 .debug_frame   0x00000000000008e8       0x2c /opt/gcc-arm-none-eabi-10.3-2021.10/bin/../lib/gcc/arm-none-eabi/10.3.1/../../../../arm-none-eabi/lib/thumb/v7e-m+fp/hard/libc_nano.a(lib_a-sbrkr.o)
 .debug_frame   0x0000000000000914       0x88 /opt/gcc-arm-none-eabi-10.3-2021.10/bin/../lib/gcc/arm-none-eabi/10.3.1/../../../../arm-none-eabi/lib/thumb/v7e-m+fp/hard/libc_nano.a(lib_a-stdio.o)
 .debug_frame   0x000000000000099c       0x2c /opt/gcc-arm-none-eabi-10.3-2021.10/bin/../lib/gcc/arm-none-eabi/10.3.1/../../../../arm-none-eabi/lib/thumb/v7e-m+fp/hard/libc_nano.a(lib_a-writer.o)
 .debug_frame   0x00000000000009c8       0x2c /opt/gcc-arm-none-eabi-10.3-2021.10/bin/../lib/gcc/arm-none-eabi/10.3.1/../../../../arm-none-eabi/lib/thumb/v7e-m+fp/hard/libc_nano.a(lib_a-closer.o)
 .debug_frame   0x00000000000009f4       0x2c /opt/gcc-arm-none-eabi-10.3-2021.10/bin/../lib/gcc/arm-none-eabi/10.3.1/../../../../arm-none-eabi/lib/thumb/v7e-m+fp/hard/libc_nano.a(lib_a-fstatr.o)
 .debug_frame   0x0000000000000a20       0x2c /opt/gcc-arm-none-eabi-10.3-2021.10/bin/../lib/gcc/arm-none-eabi/10.3.1/../../../../arm-none-eabi/lib/thumb/v7e-m+fp/hard/libc_nano.a(lib_a-isattyr.o)
 .debug_frame   0x0000000000000a4c       0x2c /opt/gcc-arm-none-eabi-10.3-2021.10/bin/../lib/gcc/arm-none-eabi/10.3.1/../../../../arm-none-eabi/lib/thumb/v7e-m+fp/hard/libc_nano.a(lib_a-lseekr.o)
 .debug_frame   0x0000000000000a78       0x30 /opt/gcc-arm-none-eabi-10.3-2021.10/bin/../lib/gcc/arm-none-eabi/10.3.1/../../../../arm-none-eabi/lib/thumb/v7e-m+fp/hard/libc_nano.a(lib_a-mlock.o)
 .debug_frame   0x0000000000000aa8       0x2c /opt/gcc-arm-none-eabi-10.3-2021.10/bin/../lib/gcc/arm-none-eabi/10.3.1/../../../../arm-none-eabi/lib/thumb/v7e-m+fp/hard/libc_nano.a(lib_a-readr.o)
 .debug_frame   0x0000000000000ad4       0x5c /opt/gcc-arm-none-eabi-10.3-2021.10/bin/../lib/gcc/arm-none-eabi/10.3.1/../../../../arm-none-eabi/lib/thumb/v7e-m+fp/hard/libc_nano.a(lib_a-reent.o)
