Archive member included to satisfy reference by file (symbol)

/opt/arm-none-eabi/bin/../lib/gcc/arm-none-eabi/13.2.1/../../../../arm-none-eabi/lib/thumb/v7e-m+fp/hard/libm.a(libm_a-wf_sqrt.o)
                              /tmp/ccPxqYYk.o (sqrtf)
/opt/arm-none-eabi/bin/../lib/gcc/arm-none-eabi/13.2.1/../../../../arm-none-eabi/lib/thumb/v7e-m+fp/hard/libm.a(libm_a-s_trunc.o)
                              /tmp/ccQ4kI2t.o (trunc)
/opt/arm-none-eabi/bin/../lib/gcc/arm-none-eabi/13.2.1/../../../../arm-none-eabi/lib/thumb/v7e-m+fp/hard/libm.a(libm_a-w_sqrt.o)
                              /tmp/ccgycobd.o (sqrt)
/opt/arm-none-eabi/bin/../lib/gcc/arm-none-eabi/13.2.1/../../../../arm-none-eabi/lib/thumb/v7e-m+fp/hard/libm.a(libm_a-powl.o)
                              /tmp/ccPxqYYk.o (powl)
/opt/arm-none-eabi/bin/../lib/gcc/arm-none-eabi/13.2.1/../../../../arm-none-eabi/lib/thumb/v7e-m+fp/hard/libm.a(libm_a-e_sqrt.o)
                              /opt/arm-none-eabi/bin/../lib/gcc/arm-none-eabi/13.2.1/../../../../arm-none-eabi/lib/thumb/v7e-m+fp/hard/libm.a(libm_a-w_sqrt.o) (__ieee754_sqrt)
/opt/arm-none-eabi/bin/../lib/gcc/arm-none-eabi/13.2.1/../../../../arm-none-eabi/lib/thumb/v7e-m+fp/hard/libm.a(libm_a-ef_sqrt.o)
                              /opt/arm-none-eabi/bin/../lib/gcc/arm-none-eabi/13.2.1/../../../../arm-none-eabi/lib/thumb/v7e-m+fp/hard/libm.a(libm_a-wf_sqrt.o) (__ieee754_sqrtf)
/opt/arm-none-eabi/bin/../lib/gcc/arm-none-eabi/13.2.1/../../../../arm-none-eabi/lib/thumb/v7e-m+fp/hard/libm.a(libm_a-w_pow.o)
                              /tmp/ccgycobd.o (pow)
/opt/arm-none-eabi/bin/../lib/gcc/arm-none-eabi/13.2.1/../../../../arm-none-eabi/lib/thumb/v7e-m+fp/hard/libm.a(libm_a-s_finite.o)
                              /opt/arm-none-eabi/bin/../lib/gcc/arm-none-eabi/13.2.1/../../../../arm-none-eabi/lib/thumb/v7e-m+fp/hard/libm.a(libm_a-w_pow.o) (finite)
/opt/arm-none-eabi/bin/../lib/gcc/arm-none-eabi/13.2.1/../../../../arm-none-eabi/lib/thumb/v7e-m+fp/hard/libm.a(libm_a-e_pow.o)
                              /opt/arm-none-eabi/bin/../lib/gcc/arm-none-eabi/13.2.1/../../../../arm-none-eabi/lib/thumb/v7e-m+fp/hard/libm.a(libm_a-w_pow.o) (__ieee754_pow)
/opt/arm-none-eabi/bin/../lib/gcc/arm-none-eabi/13.2.1/../../../../arm-none-eabi/lib/thumb/v7e-m+fp/hard/libm.a(libm_a-math_err.o)
                              /opt/arm-none-eabi/bin/../lib/gcc/arm-none-eabi/13.2.1/../../../../arm-none-eabi/lib/thumb/v7e-m+fp/hard/libm.a(libm_a-e_pow.o) (__math_uflow)
/opt/arm-none-eabi/bin/../lib/gcc/arm-none-eabi/13.2.1/../../../../arm-none-eabi/lib/thumb/v7e-m+fp/hard/libm.a(libm_a-s_fabs.o)
                              /opt/arm-none-eabi/bin/../lib/gcc/arm-none-eabi/13.2.1/../../../../arm-none-eabi/lib/thumb/v7e-m+fp/hard/libm.a(libm_a-e_pow.o) (fabs)
/opt/arm-none-eabi/bin/../lib/gcc/arm-none-eabi/13.2.1/../../../../arm-none-eabi/lib/thumb/v7e-m+fp/hard/libm.a(libm_a-s_scalbn.o)
                              /opt/arm-none-eabi/bin/../lib/gcc/arm-none-eabi/13.2.1/../../../../arm-none-eabi/lib/thumb/v7e-m+fp/hard/libm.a(libm_a-e_pow.o) (scalbn)
/opt/arm-none-eabi/bin/../lib/gcc/arm-none-eabi/13.2.1/../../../../arm-none-eabi/lib/thumb/v7e-m+fp/hard/libc_nano.a(libc_a-printf.o)
                              /tmp/ccQ4kI2t.o (printf)
/opt/arm-none-eabi/bin/../lib/gcc/arm-none-eabi/13.2.1/../../../../arm-none-eabi/lib/thumb/v7e-m+fp/hard/libc_nano.a(libc_a-nano-vfprintf.o)
                              /opt/arm-none-eabi/bin/../lib/gcc/arm-none-eabi/13.2.1/../../../../arm-none-eabi/lib/thumb/v7e-m+fp/hard/libc_nano.a(libc_a-printf.o) (_vfprintf_r)
/opt/arm-none-eabi/bin/../lib/gcc/arm-none-eabi/13.2.1/../../../../arm-none-eabi/lib/thumb/v7e-m+fp/hard/libc_nano.a(libc_a-wbuf.o)
                              /opt/arm-none-eabi/bin/../lib/gcc/arm-none-eabi/13.2.1/../../../../arm-none-eabi/lib/thumb/v7e-m+fp/hard/libc_nano.a(libc_a-nano-vfprintf.o) (__swbuf_r)
/opt/arm-none-eabi/bin/../lib/gcc/arm-none-eabi/13.2.1/../../../../arm-none-eabi/lib/thumb/v7e-m+fp/hard/libc_nano.a(libc_a-wsetup.o)
                              /opt/arm-none-eabi/bin/../lib/gcc/arm-none-eabi/13.2.1/../../../../arm-none-eabi/lib/thumb/v7e-m+fp/hard/libc_nano.a(libc_a-nano-vfprintf.o) (__swsetup_r)
/opt/arm-none-eabi/bin/../lib/gcc/arm-none-eabi/13.2.1/../../../../arm-none-eabi/lib/thumb/v7e-m+fp/hard/libc_nano.a(libc_a-putchar.o)
                              /tmp/ccQ4kI2t.o (putchar)
/opt/arm-none-eabi/bin/../lib/gcc/arm-none-eabi/13.2.1/../../../../arm-none-eabi/lib/thumb/v7e-m+fp/hard/libc_nano.a(libc_a-nano-vfprintf_i.o)
                              /opt/arm-none-eabi/bin/../lib/gcc/arm-none-eabi/13.2.1/../../../../arm-none-eabi/lib/thumb/v7e-m+fp/hard/libc_nano.a(libc_a-nano-vfprintf.o) (_printf_i)
/opt/arm-none-eabi/bin/../lib/gcc/arm-none-eabi/13.2.1/../../../../arm-none-eabi/lib/thumb/v7e-m+fp/hard/libc_nano.a(libc_a-puts.o)
                              /tmp/ccQ4kI2t.o (puts)
[...]
Memory Configuration

Name             Origin             Length             Attributes
flash            0x08000000         0x00200000         xr
sram             0x20000000         0x00030000         xrw
*default*        0x00000000         0xffffffff

Linker script and memory map

LOAD /tmp/ccQ4kI2t.o
LOAD /tmp/ccbZfl1v.o
LOAD /tmp/ccU7wl31.o
LOAD /tmp/cc9Ud3g0.o
LOAD /tmp/ccWUhWOo.o
LOAD /tmp/ccGbCUgJ.o
LOAD /tmp/cciOW9qL.o
LOAD /tmp/ccHNz2ax.o
LOAD /tmp/ccgycobd.o
LOAD /tmp/ccPxqYYk.o
LOAD /tmp/ccKLnlQU.o
LOAD /opt/arm-none-eabi/bin/../lib/gcc/arm-none-eabi/13.2.1/../../../../arm-none-eabi/lib/thumb/v7e-m+fp/hard/libm.a
LOAD /opt/arm-none-eabi/bin/../lib/gcc/arm-none-eabi/13.2.1/../../../../arm-none-eabi/lib/thumb/v7e-m+fp/hard/libc_nano.a
LOAD /opt/arm-none-eabi/bin/../lib/gcc/arm-none-eabi/13.2.1/thumb/v7e-m+fp/hard/libgcc.a
                0x20030000                        _estack = (ORIGIN (sram) + LENGTH (sram))

.vectors        0x08000000      0x1bc
 *(.vectors)
 .vectors       0x08000000      0x1bc /tmp/ccbZfl1v.o
                0x08000000                tab

.text           0x080001c0     0x6d74
 *(.text*)
 .text.get_time_us
                0x080001c0       0x14 /tmp/ccQ4kI2t.o
 .text.delay_microseconds
                0x080001d4       0x2a /tmp/ccQ4kI2t.o
 *fill*         0x080001fe        0x2 
 .text.gpio_set_mode
                0x08000200       0x78 /tmp/ccQ4kI2t.o
 .text.gpio_write
                0x08000278       0x4c /tmp/ccQ4kI2t.o
 .text.gpio_read
                0x080002c4       0x40 /tmp/ccQ4kI2t.o
 .text.get_bit  0x08000304       0x40 /tmp/ccQ4kI2t.o
 .text.zip      0x08000344      0x694 /tmp/ccQ4kI2t.o
 .text.unzip    0x080009d8      0x794 /tmp/ccQ4kI2t.o
 .text._memset  0x0800116c       0x3a /tmp/ccQ4kI2t.o
 *fill*         0x080011a6        0x2 
 .text.wait_for_ready_flag
                0x080011a8       0x54 /tmp/ccQ4kI2t.o
 .text.set_pin_modes
                0x080011fc       0xb4 /tmp/ccQ4kI2t.o
 .text.set_control_pins
                0x080012b0       0xbc /tmp/ccQ4kI2t.o
 .text.set_data_pins
                0x0800136c      0x108 /tmp/ccQ4kI2t.o
 .text.send_byte_to_flash
                0x08001474       0x36 /tmp/ccQ4kI2t.o
 .text.send_addr_to_flash
                0x080014aa       0xb0 /tmp/ccQ4kI2t.o
 *fill*         0x0800155a        0x2 
 .text.write_frame
                0x0800155c       0x78 /tmp/ccQ4kI2t.o
 .text.calculate_CRC
                0x080015d4       0x88 /tmp/ccQ4kI2t.o
 .text.encode_parity
                0x0800165c       0x5e /tmp/ccQ4kI2t.o
 *fill*         0x080016ba        0x2 
 .text.log_frame
                0x080016bc       0x90 /tmp/ccQ4kI2t.o
 .text.SysTick_Handler
                0x0800174c       0x1c /tmp/ccQ4kI2t.o
                0x0800174c                SysTick_Handler
 .text.get_frame_array
                0x08001768      0x118 /tmp/ccQ4kI2t.o
                0x08001768                get_frame_array
 .text.update_sensors
                0x08001880       0x7c /tmp/ccQ4kI2t.o
                0x08001880                update_sensors
 *fill*         0x080018fc        0x4 
 .text.main     0x08001900      0x96c /tmp/ccQ4kI2t.o
                0x08001900                main
 .text._reset   0x0800226c       0x44 /tmp/ccbZfl1v.o
                0x0800226c                _reset
 .text.spin     0x080022b0       0x24 /tmp/ccU7wl31.o
 .text.uart_write_byte
                0x080022d4       0x32 /tmp/ccU7wl31.o
 .text.uart_write_buf
                0x08002306       0x32 /tmp/ccU7wl31.o
 .text._fstat   0x08002338       0x2c /tmp/ccU7wl31.o
                0x08002338                _fstat
 .text._sbrk    0x08002364       0x40 /tmp/ccU7wl31.o
                0x08002364                _sbrk
 .text._close   0x080023a4       0x18 /tmp/ccU7wl31.o
                0x080023a4                _close
 .text._isatty  0x080023bc       0x16 /tmp/ccU7wl31.o
                0x080023bc                _isatty
 .text._lseek   0x080023d2       0x1a /tmp/ccU7wl31.o
                0x080023d2                _lseek
 .text._read    0x080023ec       0x1c /tmp/ccU7wl31.o
                0x080023ec                _read
 .text._write   0x08002408       0x40 /tmp/ccU7wl31.o
                0x08002408                _write
 .text.delay_ms
                0x08002448       0x30 /tmp/cc9Ud3g0.o
 .text.systick_init
                0x08002478       0x58 /tmp/cc9Ud3g0.o
 .text.gpio_set_mode
                0x080024d0       0x78 /tmp/cc9Ud3g0.o
 .text.gpio_set_af
                0x08002548       0x82 /tmp/cc9Ud3g0.o
 .text.gpio_write
                0x080025ca       0x4c /tmp/cc9Ud3g0.o
 *fill*         0x08002616        0x2 
 .text.uart_init
                0x08002618      0x12c /tmp/cc9Ud3g0.o
 .text.spi_init
                0x08002744      0x19c /tmp/cc9Ud3g0.o
 .text.pwr_vdd2_init
                0x080028e0       0x30 /tmp/cc9Ud3g0.o
 .text.STM32_init
                0x08002910       0x3c /tmp/cc9Ud3g0.o
                0x08002910                STM32_init
 .text.STM32_init_clock
                0x0800294c       0xc4 /tmp/cc9Ud3g0.o
                0x0800294c                STM32_init_clock
 .text.init_delay_timer
                0x08002a10       0x50 /tmp/cc9Ud3g0.o
                0x08002a10                init_delay_timer
 .text.STM32_init_internals
                0x08002a60       0x48 /tmp/cc9Ud3g0.o
                0x08002a60                STM32_init_internals
 .text.STM32_init_peripherals
                0x08002aa8        0xe /tmp/cc9Ud3g0.o
                0x08002aa8                STM32_init_peripherals
 .text.STM32_beep_buzzer
                0x08002ab6       0x4c /tmp/cc9Ud3g0.o
                0x08002ab6                STM32_beep_buzzer
 .text.STM32_indicate_on
                0x08002b02       0x56 /tmp/cc9Ud3g0.o
                0x08002b02                STM32_indicate_on
 .text.get_time_us
                0x08002b58       0x14 /tmp/ccWUhWOo.o
 .text.delay_microseconds
                0x08002b6c       0x2a /tmp/ccWUhWOo.o
 .text.gpio_write
                0x08002b96       0x4c /tmp/ccWUhWOo.o
 .text.spi_ready_read
                0x08002be2       0x32 /tmp/ccWUhWOo.o
 .text.spi_ready_write
                0x08002c14       0x24 /tmp/ccWUhWOo.o
 .text.spi_enable_cs
                0x08002c38       0x28 /tmp/ccWUhWOo.o
 .text.spi_disable_cs
                0x08002c60       0x28 /tmp/ccWUhWOo.o
 .text.spi_transmit
                0x08002c88       0x36 /tmp/ccWUhWOo.o
 .text.spi_transmit_receive
                0x08002cbe       0xa6 /tmp/ccWUhWOo.o
 .text.MS5611_init
                0x08002d64       0x5c /tmp/ccWUhWOo.o
                0x08002d64                MS5611_init
 .text.MS5611_read_PROM
                0x08002dc0       0x78 /tmp/ccWUhWOo.o
                0x08002dc0                MS5611_read_PROM
 .text.MS5611_get_data
                0x08002e38      0x248 /tmp/ccWUhWOo.o
                0x08002e38                MS5611_get_data
 .text.delay_ms
                0x08003080       0x30 /tmp/cciOW9qL.o
 .text.gpio_write
                0x080030b0       0x4c /tmp/cciOW9qL.o
 .text.spi_ready_read
                0x080030fc       0x32 /tmp/cciOW9qL.o
 .text.spi_ready_write
                0x0800312e       0x24 /tmp/cciOW9qL.o
 *fill*         0x08003152        0x2 
 .text.spi_enable_cs
                0x08003154       0x28 /tmp/cciOW9qL.o
 .text.spi_disable_cs
                0x0800317c       0x28 /tmp/cciOW9qL.o
 .text.spi_transmit
                0x080031a4       0x36 /tmp/cciOW9qL.o
 .text.spi_transmit_receive
                0x080031da       0xa6 /tmp/cciOW9qL.o
 .text.ADXL375_init
                0x08003280       0xa4 /tmp/cciOW9qL.o
                0x08003280                ADXL375_init
 .text.ADXL375_get_data
                0x08003324       0xe8 /tmp/cciOW9qL.o
                0x08003324                ADXL375_get_data
 .text.ADXL375_reg_write
                0x0800340c       0x54 /tmp/cciOW9qL.o
                0x0800340c                ADXL375_reg_write
 .text.ADXL375_reg_read
                0x08003460       0x78 /tmp/cciOW9qL.o
                0x08003460                ADXL375_reg_read
 .text.init_buffer
                0x080034d8       0x3e /tmp/ccgycobd.o
                0x080034d8                init_buffer
 .text.cmpfunc  0x08003516       0x20 /tmp/ccgycobd.o
                0x08003516                cmpfunc
 *fill*         0x08003536        0x2 
 .text.get_median
                0x08003538       0x6c /tmp/ccgycobd.o
                0x08003538                get_median
 .text.set_ground_reference
                0x080035a4       0x58 /tmp/ccgycobd.o
                0x080035a4                set_ground_reference
 .text.update_buffer
                0x080035fc      0x104 /tmp/ccgycobd.o
                0x080035fc                update_buffer
 .text.get_time_us
                0x08003700       0x14 /tmp/ccPxqYYk.o
 .text.delay_microseconds
                0x08003714       0x2a /tmp/ccPxqYYk.o
 *fill*         0x0800373e        0x2 
 .text.delay_ms
                0x08003740       0x30 /tmp/ccPxqYYk.o
 .text.gpio_write
                0x08003770       0x4c /tmp/ccPxqYYk.o
 .text.spi_ready_read
                0x080037bc       0x32 /tmp/ccPxqYYk.o
 .text.spi_ready_write
                0x080037ee       0x24 /tmp/ccPxqYYk.o
 *fill*         0x08003812        0x2 
 .text.spi_enable_cs
                0x08003814       0x28 /tmp/ccPxqYYk.o
 .text.spi_disable_cs
                0x0800383c       0x28 /tmp/ccPxqYYk.o
 .text.spi_transmit
                0x08003864       0x36 /tmp/ccPxqYYk.o
 .text.spi_transmit_receive
                0x0800389a       0xa6 /tmp/ccPxqYYk.o
 .text.LSM6DS3_init
                0x08003940       0xa8 /tmp/ccPxqYYk.o
                0x08003940                LSM6DS3_init
 .text.LSM6DS3_write_register
                0x080039e8       0x74 /tmp/ccPxqYYk.o
                0x080039e8                LSM6DS3_write_register
 .text.LSM6DS3_write_register_bits
                0x08003a5c       0x94 /tmp/ccPxqYYk.o
                0x08003a5c                LSM6DS3_write_register_bits
 .text.LSM6DS3_config
                0x08003af0       0x7e /tmp/ccPxqYYk.o
                0x08003af0                LSM6DS3_config
 *fill*         0x08003b6e        0x2 
 .text.LSM6DS3_acc_read
                0x08003b70       0xfc /tmp/ccPxqYYk.o
                0x08003b70                LSM6DS3_acc_read
 .text.LSM6DS3_gyro_read
                0x08003c6c       0xe2 /tmp/ccPxqYYk.o
                0x08003c6c                LSM6DS3_gyro_read
 *fill*         0x08003d4e        0x2 
 .text.LSM6DS3_gyro_offsets
                0x08003d50      0x228 /tmp/ccPxqYYk.o
                0x08003d50                LSM6DS3_gyro_offsets
 .text.LSM6DS3_gyro_standard_dev
                0x08003f78      0x240 /tmp/ccPxqYYk.o
                0x08003f78                LSM6DS3_gyro_standard_dev
 .text.sqrt     0x080041b8       0x68 /opt/arm-none-eabi/bin/../lib/gcc/arm-none-eabi/13.2.1/../../../../arm-none-eabi/lib/thumb/v7e-m+fp/hard/libm.a(libm_a-w_sqrt.o)
                0x080041b8                sqrt
 .text.powl     0x08004220        0x4 /opt/arm-none-eabi/bin/../lib/gcc/arm-none-eabi/13.2.1/../../../../arm-none-eabi/lib/thumb/v7e-m+fp/hard/libm.a(libm_a-powl.o)
                0x08004220                powl
 .text.__ieee754_sqrt
                0x08004224      0x1f4 /opt/arm-none-eabi/bin/../lib/gcc/arm-none-eabi/13.2.1/../../../../arm-none-eabi/lib/thumb/v7e-m+fp/hard/libm.a(libm_a-e_sqrt.o)
                0x08004224                __ieee754_sqrt
 .text.pow      0x08004418       0xf0 /opt/arm-none-eabi/bin/../lib/gcc/arm-none-eabi/13.2.1/../../../../arm-none-eabi/lib/thumb/v7e-m+fp/hard/libm.a(libm_a-w_pow.o)
                0x08004418                pow
 .text.finite   0x08004508       0x18 /opt/arm-none-eabi/bin/../lib/gcc/arm-none-eabi/13.2.1/../../../../arm-none-eabi/lib/thumb/v7e-m+fp/hard/libm.a(libm_a-s_finite.o)
                0x08004508                finite
 .text.__ieee754_pow
                0x08004520      0xc14 /opt/arm-none-eabi/bin/../lib/gcc/arm-none-eabi/13.2.1/../../../../arm-none-eabi/lib/thumb/v7e-m+fp/hard/libm.a(libm_a-e_pow.o)
                0x08004520                __ieee754_pow
 .text.with_errno
                0x08005134       0x24 /opt/arm-none-eabi/bin/../lib/gcc/arm-none-eabi/13.2.1/../../../../arm-none-eabi/lib/thumb/v7e-m+fp/hard/libm.a(libm_a-math_err.o)
 .text.xflow    0x08005158       0x34 /opt/arm-none-eabi/bin/../lib/gcc/arm-none-eabi/13.2.1/../../../../arm-none-eabi/lib/thumb/v7e-m+fp/hard/libm.a(libm_a-math_err.o)
 *fill*         0x0800518c        0x4 
 .text.__math_uflow
                0x08005190       0x10 /opt/arm-none-eabi/bin/../lib/gcc/arm-none-eabi/13.2.1/../../../../arm-none-eabi/lib/thumb/v7e-m+fp/hard/libm.a(libm_a-math_err.o)
                0x08005190                __math_uflow
 .text.__math_oflow
                0x080051a0       0x10 /opt/arm-none-eabi/bin/../lib/gcc/arm-none-eabi/13.2.1/../../../../arm-none-eabi/lib/thumb/v7e-m+fp/hard/libm.a(libm_a-math_err.o)
                0x080051a0                __math_oflow
 .text.fabs     0x080051b0       0x10 /opt/arm-none-eabi/bin/../lib/gcc/arm-none-eabi/13.2.1/../../../../arm-none-eabi/lib/thumb/v7e-m+fp/hard/libm.a(libm_a-s_fabs.o)
                0x080051b0                fabs
 .text.scalbn   0x080051c0      0x114 /opt/arm-none-eabi/bin/../lib/gcc/arm-none-eabi/13.2.1/../../../../arm-none-eabi/lib/thumb/v7e-m+fp/hard/libm.a(libm_a-s_scalbn.o)
                0x080051c0                scalbn
 .text.printf   0x080052d4       0x24 /opt/arm-none-eabi/bin/../lib/gcc/arm-none-eabi/13.2.1/../../../../arm-none-eabi/lib/thumb/v7e-m+fp/hard/libc_nano.a(libc_a-printf.o)
                0x080052d4                printf
                0x080052d4                iprintf
 .text.__sfputc_r
                0x080052f8       0x2e /opt/arm-none-eabi/bin/../lib/gcc/arm-none-eabi/13.2.1/../../../../arm-none-eabi/lib/thumb/v7e-m+fp/hard/libc_nano.a(libc_a-nano-vfprintf.o)
 .text.__sfputs_r
                0x08005326       0x24 /opt/arm-none-eabi/bin/../lib/gcc/arm-none-eabi/13.2.1/../../../../arm-none-eabi/lib/thumb/v7e-m+fp/hard/libc_nano.a(libc_a-nano-vfprintf.o)
                0x08005326                __sfputs_r
 *fill*         0x0800534a        0x2 
 .text._vfprintf_r
                0x0800534c      0x230 /opt/arm-none-eabi/bin/../lib/gcc/arm-none-eabi/13.2.1/../../../../arm-none-eabi/lib/thumb/v7e-m+fp/hard/libc_nano.a(libc_a-nano-vfprintf.o)
                0x0800534c                _vfiprintf_r
                0x0800534c                _vfprintf_r
 .text.__swbuf_r
                0x0800557c       0x7c /opt/arm-none-eabi/bin/../lib/gcc/arm-none-eabi/13.2.1/../../../../arm-none-eabi/lib/thumb/v7e-m+fp/hard/libc_nano.a(libc_a-wbuf.o)
                0x0800557c                __swbuf_r
 .text.__swsetup_r
                0x080055f8       0xac /opt/arm-none-eabi/bin/../lib/gcc/arm-none-eabi/13.2.1/../../../../arm-none-eabi/lib/thumb/v7e-m+fp/hard/libc_nano.a(libc_a-wsetup.o)
                0x080055f8                __swsetup_r
 .text._printf_common
                0x080056a4       0xda /opt/arm-none-eabi/bin/../lib/gcc/arm-none-eabi/13.2.1/../../../../arm-none-eabi/lib/thumb/v7e-m+fp/hard/libc_nano.a(libc_a-nano-vfprintf_i.o)
                0x080056a4                _printf_common
 *fill*         0x0800577e        0x2 
 .text._printf_i
                0x08005780      0x23c /opt/arm-none-eabi/bin/../lib/gcc/arm-none-eabi/13.2.1/../../../../arm-none-eabi/lib/thumb/v7e-m+fp/hard/libc_nano.a(libc_a-nano-vfprintf_i.o)
                0x08005780                _printf_i
 .text._puts_r  0x080059bc       0xaa /opt/arm-none-eabi/bin/../lib/gcc/arm-none-eabi/13.2.1/../../../../arm-none-eabi/lib/thumb/v7e-m+fp/hard/libc_nano.a(libc_a-puts.o)
                0x080059bc                _puts_r
 *fill*         0x08005a66        0x2 
 .text.puts     0x08005a68       0x10 /opt/arm-none-eabi/bin/../lib/gcc/arm-none-eabi/13.2.1/../../../../arm-none-eabi/lib/thumb/v7e-m+fp/hard/libc_nano.a(libc_a-puts.o)
                0x08005a68                puts
 .text.__sflush_r
                0x08005a78      0x108 /opt/arm-none-eabi/bin/../lib/gcc/arm-none-eabi/13.2.1/../../../../arm-none-eabi/lib/thumb/v7e-m+fp/hard/libc_nano.a(libc_a-fflush.o)
                0x08005a78                __sflush_r
 .text._fflush_r
                0x08005b80       0x50 /opt/arm-none-eabi/bin/../lib/gcc/arm-none-eabi/13.2.1/../../../../arm-none-eabi/lib/thumb/v7e-m+fp/hard/libc_nano.a(libc_a-fflush.o)
                0x08005b80                _fflush_r
 .text          0x08005bd0       0xa0 /opt/arm-none-eabi/bin/../lib/gcc/arm-none-eabi/13.2.1/../../../../arm-none-eabi/lib/thumb/v7e-m+fp/hard/libc_nano.a(libc_a-memchr.o)
                0x08005bd0                memchr
 .text.memcpy   0x08005c70       0x1c /opt/arm-none-eabi/bin/../lib/gcc/arm-none-eabi/13.2.1/../../../../arm-none-eabi/lib/thumb/v7e-m+fp/hard/libc_nano.a(libc_a-memcpy-stub.o)
                0x08005c70                memcpy
 .text.std      0x08005c8c       0x6c /opt/arm-none-eabi/bin/../lib/gcc/arm-none-eabi/13.2.1/../../../../arm-none-eabi/lib/thumb/v7e-m+fp/hard/libc_nano.a(libc_a-findfp.o)
 .text.stdio_exit_handler
                0x08005cf8       0x18 /opt/arm-none-eabi/bin/../lib/gcc/arm-none-eabi/13.2.1/../../../../arm-none-eabi/lib/thumb/v7e-m+fp/hard/libc_nano.a(libc_a-findfp.o)
 .text.cleanup_stdio
                0x08005d10       0x40 /opt/arm-none-eabi/bin/../lib/gcc/arm-none-eabi/13.2.1/../../../../arm-none-eabi/lib/thumb/v7e-m+fp/hard/libc_nano.a(libc_a-findfp.o)
 .text.global_stdio_init.part.0
                0x08005d50       0x3c /opt/arm-none-eabi/bin/../lib/gcc/arm-none-eabi/13.2.1/../../../../arm-none-eabi/lib/thumb/v7e-m+fp/hard/libc_nano.a(libc_a-findfp.o)
 .text.__sfp_lock_acquire
                0x08005d8c        0xc /opt/arm-none-eabi/bin/../lib/gcc/arm-none-eabi/13.2.1/../../../../arm-none-eabi/lib/thumb/v7e-m+fp/hard/libc_nano.a(libc_a-findfp.o)
                0x08005d8c                __sfp_lock_acquire
 .text.__sfp_lock_release
                0x08005d98        0xc /opt/arm-none-eabi/bin/../lib/gcc/arm-none-eabi/13.2.1/../../../../arm-none-eabi/lib/thumb/v7e-m+fp/hard/libc_nano.a(libc_a-findfp.o)
                0x08005d98                __sfp_lock_release
 .text.__sinit  0x08005da4       0x30 /opt/arm-none-eabi/bin/../lib/gcc/arm-none-eabi/13.2.1/../../../../arm-none-eabi/lib/thumb/v7e-m+fp/hard/libc_nano.a(libc_a-findfp.o)
                0x08005da4                __sinit
 .text.__sread  0x08005dd4       0x22 /opt/arm-none-eabi/bin/../lib/gcc/arm-none-eabi/13.2.1/../../../../arm-none-eabi/lib/thumb/v7e-m+fp/hard/libc_nano.a(libc_a-stdio.o)
                0x08005dd4                __sread
 .text.__swrite
                0x08005df6       0x38 /opt/arm-none-eabi/bin/../lib/gcc/arm-none-eabi/13.2.1/../../../../arm-none-eabi/lib/thumb/v7e-m+fp/hard/libc_nano.a(libc_a-stdio.o)
                0x08005df6                __swrite
 .text.__sseek  0x08005e2e       0x24 /opt/arm-none-eabi/bin/../lib/gcc/arm-none-eabi/13.2.1/../../../../arm-none-eabi/lib/thumb/v7e-m+fp/hard/libc_nano.a(libc_a-stdio.o)
                0x08005e2e                __sseek
 .text.__sclose
                0x08005e52        0x8 /opt/arm-none-eabi/bin/../lib/gcc/arm-none-eabi/13.2.1/../../../../arm-none-eabi/lib/thumb/v7e-m+fp/hard/libc_nano.a(libc_a-stdio.o)
                0x08005e52                __sclose
 *fill*         0x08005e5a        0x2 
 .text._read_r  0x08005e5c       0x24 /opt/arm-none-eabi/bin/../lib/gcc/arm-none-eabi/13.2.1/../../../../arm-none-eabi/lib/thumb/v7e-m+fp/hard/libc_nano.a(libc_a-readr.o)
                0x08005e5c                _read_r
 .text.swapfunc
                0x08005e80       0x32 /opt/arm-none-eabi/bin/../lib/gcc/arm-none-eabi/13.2.1/../../../../arm-none-eabi/lib/thumb/v7e-m+fp/hard/libc_nano.a(libc_a-qsort.o)
 .text.med3.constprop.0
                0x08005eb2       0x40 /opt/arm-none-eabi/bin/../lib/gcc/arm-none-eabi/13.2.1/../../../../arm-none-eabi/lib/thumb/v7e-m+fp/hard/libc_nano.a(libc_a-qsort.o)
 .text.qsort    0x08005ef2      0x28e /opt/arm-none-eabi/bin/../lib/gcc/arm-none-eabi/13.2.1/../../../../arm-none-eabi/lib/thumb/v7e-m+fp/hard/libc_nano.a(libc_a-qsort.o)
                0x08005ef2                qsort
 .text._write_r
                0x08006180       0x24 /opt/arm-none-eabi/bin/../lib/gcc/arm-none-eabi/13.2.1/../../../../arm-none-eabi/lib/thumb/v7e-m+fp/hard/libc_nano.a(libc_a-writer.o)
                0x08006180                _write_r
 .text.__errno  0x080061a4        0xc /opt/arm-none-eabi/bin/../lib/gcc/arm-none-eabi/13.2.1/../../../../arm-none-eabi/lib/thumb/v7e-m+fp/hard/libc_nano.a(libc_a-errno.o)
                0x080061a4                __errno
 .text._fwalk_sglue
                0x080061b0       0x3c /opt/arm-none-eabi/bin/../lib/gcc/arm-none-eabi/13.2.1/../../../../arm-none-eabi/lib/thumb/v7e-m+fp/hard/libc_nano.a(libc_a-fwalk.o)
                0x080061b0                _fwalk_sglue
 .text.memset   0x080061ec       0x10 /opt/arm-none-eabi/bin/../lib/gcc/arm-none-eabi/13.2.1/../../../../arm-none-eabi/lib/thumb/v7e-m+fp/hard/libc_nano.a(libc_a-memset.o)
                0x080061ec                memset
 .text._free_r  0x080061fc       0x94 /opt/arm-none-eabi/bin/../lib/gcc/arm-none-eabi/13.2.1/../../../../arm-none-eabi/lib/thumb/v7e-m+fp/hard/libc_nano.a(libc_a-freer.o)
                0x080061fc                _free_r
 .text.__retarget_lock_init_recursive
                0x08006290        0x2 /opt/arm-none-eabi/bin/../lib/gcc/arm-none-eabi/13.2.1/../../../../arm-none-eabi/lib/thumb/v7e-m+fp/hard/libc_nano.a(libc_a-lock.o)
                0x08006290                __retarget_lock_init_recursive
 .text.__retarget_lock_acquire_recursive
                0x08006292        0x2 /opt/arm-none-eabi/bin/../lib/gcc/arm-none-eabi/13.2.1/../../../../arm-none-eabi/lib/thumb/v7e-m+fp/hard/libc_nano.a(libc_a-lock.o)
                0x08006292                __retarget_lock_acquire_recursive
 .text.__retarget_lock_release_recursive
                0x08006294        0x2 /opt/arm-none-eabi/bin/../lib/gcc/arm-none-eabi/13.2.1/../../../../arm-none-eabi/lib/thumb/v7e-m+fp/hard/libc_nano.a(libc_a-lock.o)
                0x08006294                __retarget_lock_release_recursive
 .text.__swhatbuf_r
                0x08006296       0x4c /opt/arm-none-eabi/bin/../lib/gcc/arm-none-eabi/13.2.1/../../../../arm-none-eabi/lib/thumb/v7e-m+fp/hard/libc_nano.a(libc_a-makebuf.o)
                0x08006296                __swhatbuf_r
 .text.__smakebuf_r
                0x080062e2       0x78 /opt/arm-none-eabi/bin/../lib/gcc/arm-none-eabi/13.2.1/../../../../arm-none-eabi/lib/thumb/v7e-m+fp/hard/libc_nano.a(libc_a-makebuf.o)
                0x080062e2                __smakebuf_r
 *fill*         0x0800635a        0x2 
 .text._close_r
                0x0800635c       0x20 /opt/arm-none-eabi/bin/../lib/gcc/arm-none-eabi/13.2.1/../../../../arm-none-eabi/lib/thumb/v7e-m+fp/hard/libc_nano.a(libc_a-closer.o)
                0x0800635c                _close_r
 .text.sbrk_aligned
                0x0800637c       0x44 /opt/arm-none-eabi/bin/../lib/gcc/arm-none-eabi/13.2.1/../../../../arm-none-eabi/lib/thumb/v7e-m+fp/hard/libc_nano.a(libc_a-mallocr.o)
 .text._malloc_r
                0x080063c0      0x100 /opt/arm-none-eabi/bin/../lib/gcc/arm-none-eabi/13.2.1/../../../../arm-none-eabi/lib/thumb/v7e-m+fp/hard/libc_nano.a(libc_a-mallocr.o)
                0x080063c0                _malloc_r
 .text._fstat_r
                0x080064c0       0x24 /opt/arm-none-eabi/bin/../lib/gcc/arm-none-eabi/13.2.1/../../../../arm-none-eabi/lib/thumb/v7e-m+fp/hard/libc_nano.a(libc_a-fstatr.o)
                0x080064c0                _fstat_r
 .text._isatty_r
                0x080064e4       0x20 /opt/arm-none-eabi/bin/../lib/gcc/arm-none-eabi/13.2.1/../../../../arm-none-eabi/lib/thumb/v7e-m+fp/hard/libc_nano.a(libc_a-isattyr.o)
                0x080064e4                _isatty_r
 .text._lseek_r
                0x08006504       0x24 /opt/arm-none-eabi/bin/../lib/gcc/arm-none-eabi/13.2.1/../../../../arm-none-eabi/lib/thumb/v7e-m+fp/hard/libc_nano.a(libc_a-lseekr.o)
                0x08006504                _lseek_r
 .text.__malloc_lock
                0x08006528        0xc /opt/arm-none-eabi/bin/../lib/gcc/arm-none-eabi/13.2.1/../../../../arm-none-eabi/lib/thumb/v7e-m+fp/hard/libc_nano.a(libc_a-mlock.o)
                0x08006528                __malloc_lock
 .text.__malloc_unlock
                0x08006534        0xc /opt/arm-none-eabi/bin/../lib/gcc/arm-none-eabi/13.2.1/../../../../arm-none-eabi/lib/thumb/v7e-m+fp/hard/libc_nano.a(libc_a-mlock.o)
                0x08006534                __malloc_unlock
 .text._sbrk_r  0x08006540       0x20 /opt/arm-none-eabi/bin/../lib/gcc/arm-none-eabi/13.2.1/../../../../arm-none-eabi/lib/thumb/v7e-m+fp/hard/libc_nano.a(libc_a-sbrkr.o)
                0x08006540                _sbrk_r
 .text          0x08006560      0x378 /opt/arm-none-eabi/bin/../lib/gcc/arm-none-eabi/13.2.1/thumb/v7e-m+fp/hard/libgcc.a(_arm_addsubdf3.o)
                0x08006560                __aeabi_drsub
                0x08006568                __aeabi_dsub
                0x08006568                __subdf3
                0x0800656c                __adddf3
                0x0800656c                __aeabi_dadd
                0x080067e4                __aeabi_ui2d
                0x080067e4                __floatunsidf
                0x08006804                __floatsidf
                0x08006804                __aeabi_i2d
                0x08006828                __extendsfdf2
                0x08006828                __aeabi_f2d
                0x0800686c                __aeabi_ul2d
                0x0800686c                __floatundidf
                0x0800687c                __floatdidf
                0x0800687c                __aeabi_l2d
 .text          0x080068d8      0x424 /opt/arm-none-eabi/bin/../lib/gcc/arm-none-eabi/13.2.1/thumb/v7e-m+fp/hard/libgcc.a(_arm_muldivdf3.o)
                0x080068d8                __aeabi_dmul
                0x080068d8                __muldf3
                0x08006b2c                __aeabi_ddiv
                0x08006b2c                __divdf3
 .text          0x08006cfc      0x110 /opt/arm-none-eabi/bin/../lib/gcc/arm-none-eabi/13.2.1/thumb/v7e-m+fp/hard/libgcc.a(_arm_cmpdf2.o)
                0x08006cfc                __gtdf2
                0x08006cfc                __gedf2
                0x08006d04                __ltdf2
                0x08006d04                __ledf2
                0x08006d0c                __cmpdf2
                0x08006d0c                __eqdf2
                0x08006d0c                __nedf2
                0x08006d88                __aeabi_cdrcmple
                0x08006d98                __aeabi_cdcmple
                0x08006d98                __aeabi_cdcmpeq
                0x08006da8                __aeabi_dcmpeq
                0x08006dbc                __aeabi_dcmplt
                0x08006dd0                __aeabi_dcmple
                0x08006de4                __aeabi_dcmpge
                0x08006df8                __aeabi_dcmpgt
 .text          0x08006e0c       0x2c /opt/arm-none-eabi/bin/../lib/gcc/arm-none-eabi/13.2.1/thumb/v7e-m+fp/hard/libgcc.a(_arm_unorddf2.o)
                0x08006e0c                __aeabi_dcmpun
                0x08006e0c                __unorddf2
 .text          0x08006e38       0x50 /opt/arm-none-eabi/bin/../lib/gcc/arm-none-eabi/13.2.1/thumb/v7e-m+fp/hard/libgcc.a(_arm_fixdfsi.o)
                0x08006e38                __fixdfsi
                0x08006e38                __aeabi_d2iz
 .text.__fixdfdi
                0x08006e88       0x30 /opt/arm-none-eabi/bin/../lib/gcc/arm-none-eabi/13.2.1/thumb/v7e-m+fp/hard/libgcc.a(_fixdfdi.o)
                0x08006e88                __aeabi_d2lz
                0x08006e88                __fixdfdi
 .text.__fixunsdfdi
                0x08006eb8       0x3c /opt/arm-none-eabi/bin/../lib/gcc/arm-none-eabi/13.2.1/thumb/v7e-m+fp/hard/libgcc.a(_fixunsdfdi.o)
                0x08006eb8                __aeabi_d2ulz
                0x08006eb8                __fixunsdfdi
 .text          0x08006ef4       0x40 /opt/arm-none-eabi/bin/../lib/gcc/arm-none-eabi/13.2.1/thumb/v7e-m+fp/hard/libgcc.a(_arm_fixunsdfsi.o)
                0x08006ef4                __fixunsdfsi
                0x08006ef4                __aeabi_d2uiz

.glue_7         0x08006f34        0x0
 .glue_7        0x08006f34        0x0 linker stubs

.glue_7t        0x08006f34        0x0
 .glue_7t       0x08006f34        0x0 linker stubs

.vfp11_veneer   0x08006f34        0x0
 .vfp11_veneer  0x08006f34        0x0 linker stubs

.v4_bx          0x08006f34        0x0
 .v4_bx         0x08006f34        0x0 linker stubs

.iplt           0x08006f34        0x0
 .iplt          0x08006f34        0x0 /tmp/ccQ4kI2t.o

.rodata         0x08006f38      0x5b3
 *(.rodata*)
 .rodata        0x08006f38      0x4a4 /tmp/ccQ4kI2t.o
 .rodata        0x080073dc       0x46 /tmp/cciOW9qL.o
 *fill*         0x08007422        0x2 
 .rodata        0x08007424       0x7e /tmp/ccPxqYYk.o
 *fill*         0x080074a2        0x6 
 .rodata.tiny   0x080074a8        0x8 /opt/arm-none-eabi/bin/../lib/gcc/arm-none-eabi/13.2.1/../../../../arm-none-eabi/lib/thumb/v7e-m+fp/hard/libm.a(libm_a-e_sqrt.o)
 .rodata.one    0x080074b0        0x8 /opt/arm-none-eabi/bin/../lib/gcc/arm-none-eabi/13.2.1/../../../../arm-none-eabi/lib/thumb/v7e-m+fp/hard/libm.a(libm_a-e_sqrt.o)
 .rodata._vfprintf_r.str1.1
                0x080074b8       0x33 /opt/arm-none-eabi/bin/../lib/gcc/arm-none-eabi/13.2.1/../../../../arm-none-eabi/lib/thumb/v7e-m+fp/hard/libc_nano.a(libc_a-nano-vfprintf.o)
                                 0x11 (size before relaxing)
 .rodata._printf_i.str1.1
                0x080074eb       0x22 /opt/arm-none-eabi/bin/../lib/gcc/arm-none-eabi/13.2.1/../../../../arm-none-eabi/lib/thumb/v7e-m+fp/hard/libc_nano.a(libc_a-nano-vfprintf_i.o)

.ARM.exidx      0x080074ec        0x8
 .ARM.exidx     0x080074ec        0x8 /opt/arm-none-eabi/bin/../lib/gcc/arm-none-eabi/13.2.1/../../../../arm-none-eabi/lib/thumb/v7e-m+fp/hard/libc_nano.a(libc_a-memchr.o)

.rel.dyn        0x080074f4        0x0
 .rel.iplt      0x080074f4        0x0 /tmp/ccQ4kI2t.o

.data           0x20000000       0x81 load address 0x080074f4
                0x20000000                        _sdata = .
 *(.first_data)
 *(.data SORT_BY_NAME(.data.*))
 .data.ALE      0x20000000        0x2 /tmp/ccQ4kI2t.o
                0x20000000                ALE
 .data.CE       0x20000002        0x2 /tmp/ccQ4kI2t.o
                0x20000002                CE
 .data.CLE      0x20000004        0x2 /tmp/ccQ4kI2t.o
                0x20000004                CLE
 *fill*         0x20000006        0x2 
 .data.FREQ     0x20000008        0x4 /tmp/cc9Ud3g0.o
                0x20000008                FREQ
 .data.RB       0x2000000c        0x2 /tmp/ccQ4kI2t.o
                0x2000000c                RB
 .data.RE       0x2000000e        0x2 /tmp/ccQ4kI2t.o
                0x2000000e                RE
 .data.WE       0x20000010        0x2 /tmp/ccQ4kI2t.o
                0x20000010                WE
 .data.WP       0x20000012        0x2 /tmp/ccQ4kI2t.o
                0x20000012                WP
 .data.__sglue  0x20000014        0xc /opt/arm-none-eabi/bin/../lib/gcc/arm-none-eabi/13.2.1/../../../../arm-none-eabi/lib/thumb/v7e-m+fp/hard/libc_nano.a(libc_a-findfp.o)
                0x20000014                __sglue
 .data._impure_data
                0x20000020       0x4c /opt/arm-none-eabi/bin/../lib/gcc/arm-none-eabi/13.2.1/../../../../arm-none-eabi/lib/thumb/v7e-m+fp/hard/libc_nano.a(libc_a-impure.o)
                0x20000020                _impure_data
 .data._impure_ptr
                0x2000006c        0x4 /opt/arm-none-eabi/bin/../lib/gcc/arm-none-eabi/13.2.1/../../../../arm-none-eabi/lib/thumb/v7e-m+fp/hard/libc_nano.a(libc_a-impure.o)
                0x2000006c                _impure_ptr
 .data.data0    0x20000070        0x2 /tmp/ccQ4kI2t.o
                0x20000070                data0
 .data.data1    0x20000072        0x2 /tmp/ccQ4kI2t.o
                0x20000072                data1
 .data.data2    0x20000074        0x2 /tmp/ccQ4kI2t.o
                0x20000074                data2
 .data.data3    0x20000076        0x2 /tmp/ccQ4kI2t.o
                0x20000076                data3
 .data.data4    0x20000078        0x2 /tmp/ccQ4kI2t.o
                0x20000078                data4
 .data.data5    0x2000007a        0x2 /tmp/ccQ4kI2t.o
                0x2000007a                data5
 .data.data6    0x2000007c        0x2 /tmp/ccQ4kI2t.o
                0x2000007c                data6
 .data.data7    0x2000007e        0x2 /tmp/ccQ4kI2t.o
                0x2000007e                data7
 .data.globalPinMode
                0x20000080        0x1 /tmp/ccQ4kI2t.o
                0x20000080                globalPinMode
                0x20000081                        _edata = .
                0x080074f4                        _sidata = LOADADDR (.data)

.igot.plt       0x20000084        0x0 load address 0x08007575
 .igot.plt      0x20000084        0x0 /tmp/ccQ4kI2t.o

.bss            0x20000084      0x174 load address 0x08007575
                0x20000084                        _sbss = .
 *(.bss SORT_BY_NAME(.bss.*) COMMON)
 .bss.ADXL375_SPI
                0x20000084        0x4 /tmp/cciOW9qL.o
                0x20000084                ADXL375_SPI
 .bss.MS5611_SPI
                0x20000088        0x4 /tmp/ccWUhWOo.o
                0x20000088                MS5611_SPI
 .bss.__lock___malloc_recursive_mutex
                0x2000008c        0x1 /opt/arm-none-eabi/bin/../lib/gcc/arm-none-eabi/13.2.1/../../../../arm-none-eabi/lib/thumb/v7e-m+fp/hard/libc_nano.a(libc_a-lock.o)
                0x2000008c                __lock___malloc_recursive_mutex
 .bss.__lock___sfp_recursive_mutex
                0x2000008d        0x1 /opt/arm-none-eabi/bin/../lib/gcc/arm-none-eabi/13.2.1/../../../../arm-none-eabi/lib/thumb/v7e-m+fp/hard/libc_nano.a(libc_a-lock.o)
                0x2000008d                __lock___sfp_recursive_mutex
 *fill*         0x2000008e        0x2 
 .bss.__malloc_free_list
                0x20000090        0x4 /opt/arm-none-eabi/bin/../lib/gcc/arm-none-eabi/13.2.1/../../../../arm-none-eabi/lib/thumb/v7e-m+fp/hard/libc_nano.a(libc_a-mallocr.o)
                0x20000090                __malloc_free_list
 .bss.__malloc_sbrk_start
                0x20000094        0x4 /opt/arm-none-eabi/bin/../lib/gcc/arm-none-eabi/13.2.1/../../../../arm-none-eabi/lib/thumb/v7e-m+fp/hard/libc_nano.a(libc_a-mallocr.o)
                0x20000094                __malloc_sbrk_start
 .bss.__sf      0x20000098      0x138 /opt/arm-none-eabi/bin/../lib/gcc/arm-none-eabi/13.2.1/../../../../arm-none-eabi/lib/thumb/v7e-m+fp/hard/libc_nano.a(libc_a-findfp.o)
                0x20000098                __sf
 .bss.__stdio_exit_handler
                0x200001d0        0x4 /opt/arm-none-eabi/bin/../lib/gcc/arm-none-eabi/13.2.1/../../../../arm-none-eabi/lib/thumb/v7e-m+fp/hard/libc_nano.a(libc_a-findfp.o)
                0x200001d0                __stdio_exit_handler
 .bss.errno     0x200001d4        0x4 /opt/arm-none-eabi/bin/../lib/gcc/arm-none-eabi/13.2.1/../../../../arm-none-eabi/lib/thumb/v7e-m+fp/hard/libc_nano.a(libc_a-reent.o)
                0x200001d4                errno
 .bss.flightStage
                0x200001d8        0x1 /tmp/ccQ4kI2t.o
                0x200001d8                flightStage
 *fill*         0x200001d9        0x3 
 .bss.frameAddressPointer
                0x200001dc        0x4 /tmp/ccQ4kI2t.o
                0x200001dc                frameAddressPointer
 .bss.heap.0    0x200001e0        0x4 /tmp/ccU7wl31.o
 .bss.ms5611_prom_data
                0x200001e4       0x10 /tmp/ccWUhWOo.o
                0x200001e4                ms5611_prom_data
 .bss.s_ticks   0x200001f4        0x4 /tmp/ccQ4kI2t.o
                0x200001f4                s_ticks
                0x200001f8                        _ebss = .
                0x200001f8                        . = ALIGN (0x8)
                0x200001f8                        _end = .
OUTPUT(firmware.elf elf32-littlearm)
LOAD linker stubs

.debug_info     0x00000000     0x570a
 .debug_info    0x00000000     0x18f4 /tmp/ccQ4kI2t.o
 .debug_info    0x000018f4      0x108 /tmp/ccbZfl1v.o
 .debug_info    0x000019fc      0x897 /tmp/ccU7wl31.o
 .debug_info    0x00002293      0xf82 /tmp/cc9Ud3g0.o
 .debug_info    0x00003215      0x918 /tmp/ccWUhWOo.o
 .debug_info    0x00003b2d      0x72d /tmp/cciOW9qL.o
 .debug_info    0x0000425a      0x847 /tmp/ccgycobd.o
 .debug_info    0x00004aa1      0xc69 /tmp/ccPxqYYk.o

.debug_abbrev   0x00000000     0x14c9
 .debug_abbrev  0x00000000      0x48d /tmp/ccQ4kI2t.o
 .debug_abbrev  0x0000048d       0xc5 /tmp/ccbZfl1v.o
 .debug_abbrev  0x00000552      0x26e /tmp/ccU7wl31.o
 .debug_abbrev  0x000007c0      0x2ab /tmp/cc9Ud3g0.o
 .debug_abbrev  0x00000a6b      0x2b9 /tmp/ccWUhWOo.o
 .debug_abbrev  0x00000d24      0x2a4 /tmp/cciOW9qL.o
 .debug_abbrev  0x00000fc8      0x21e /tmp/ccgycobd.o
 .debug_abbrev  0x000011e6      0x2e3 /tmp/ccPxqYYk.o

.debug_aranges  0x00000000      0x4e8
 .debug_aranges
                0x00000000      0x160 /tmp/ccQ4kI2t.o
 .debug_aranges
                0x00000160       0x20 /tmp/ccbZfl1v.o
 .debug_aranges
                0x00000180       0xb0 /tmp/ccU7wl31.o
 .debug_aranges
                0x00000230       0xa0 /tmp/cc9Ud3g0.o
 .debug_aranges
                0x000002d0       0x80 /tmp/ccWUhWOo.o
 .debug_aranges
                0x00000350       0x80 /tmp/cciOW9qL.o
 .debug_aranges
                0x000003d0       0x58 /tmp/ccgycobd.o
 .debug_aranges
                0x00000428       0xc0 /tmp/ccPxqYYk.o

.debug_rnglists
                0x00000000      0x3b1
 .debug_rnglists
                0x00000000      0x114 /tmp/ccQ4kI2t.o
 .debug_rnglists
                0x00000114       0x13 /tmp/ccbZfl1v.o
 .debug_rnglists
                0x00000127       0x80 /tmp/ccU7wl31.o
 .debug_rnglists
                0x000001a7       0x78 /tmp/cc9Ud3g0.o
 .debug_rnglists
                0x0000021f       0x5e /tmp/ccWUhWOo.o
 .debug_rnglists
                0x0000027d       0x5f /tmp/cciOW9qL.o
 .debug_rnglists
                0x000002dc       0x41 /tmp/ccgycobd.o
 .debug_rnglists
                0x0000031d       0x94 /tmp/ccPxqYYk.o

.debug_macro    0x00000000    0x223d9
 .debug_macro   0x00000000      0x341 /tmp/ccQ4kI2t.o
 .debug_macro   0x00000341      0xac6 /tmp/ccQ4kI2t.o
 .debug_macro   0x00000e07       0x22 /tmp/ccQ4kI2t.o
 .debug_macro   0x00000e29       0x5b /tmp/ccQ4kI2t.o
 .debug_macro   0x00000e84       0x2a /tmp/ccQ4kI2t.o
 .debug_macro   0x00000eae       0x94 /tmp/ccQ4kI2t.o
 .debug_macro   0x00000f42       0x43 /tmp/ccQ4kI2t.o
 .debug_macro   0x00000f85       0x34 /tmp/ccQ4kI2t.o
 .debug_macro   0x00000fb9       0x16 /tmp/ccQ4kI2t.o
 .debug_macro   0x00000fcf       0x57 /tmp/ccQ4kI2t.o
 .debug_macro   0x00001026       0x9e /tmp/ccQ4kI2t.o
 .debug_macro   0x000010c4      0x370 /tmp/ccQ4kI2t.o
 .debug_macro   0x00001434      0x112 /tmp/ccQ4kI2t.o
 .debug_macro   0x00001546       0x10 /tmp/ccQ4kI2t.o
 .debug_macro   0x00001556       0x16 /tmp/ccQ4kI2t.o
 .debug_macro   0x0000156c       0x4a /tmp/ccQ4kI2t.o
 .debug_macro   0x000015b6       0x34 /tmp/ccQ4kI2t.o
 .debug_macro   0x000015ea       0x10 /tmp/ccQ4kI2t.o
 .debug_macro   0x000015fa       0x58 /tmp/ccQ4kI2t.o
 .debug_macro   0x00001652       0x8e /tmp/ccQ4kI2t.o
 .debug_macro   0x000016e0       0x1c /tmp/ccQ4kI2t.o
 .debug_macro   0x000016fc      0x177 /tmp/ccQ4kI2t.o
 .debug_macro   0x00001873       0x16 /tmp/ccQ4kI2t.o
 .debug_macro   0x00001889       0x16 /tmp/ccQ4kI2t.o
 .debug_macro   0x0000189f      0x146 /tmp/ccQ4kI2t.o
 .debug_macro   0x000019e5      0x103 /tmp/ccQ4kI2t.o
 .debug_macro   0x00001ae8       0x6a /tmp/ccQ4kI2t.o
 .debug_macro   0x00001b52      0x1df /tmp/ccQ4kI2t.o
 .debug_macro   0x00001d31       0x3c /tmp/ccQ4kI2t.o
 .debug_macro   0x00001d6d      0x460 /tmp/ccQ4kI2t.o
 .debug_macro   0x000021cd       0x22 /tmp/ccQ4kI2t.o
 .debug_macro   0x000021ef       0x16 /tmp/ccQ4kI2t.o
 .debug_macro   0x00002205       0x16 /tmp/ccQ4kI2t.o
 .debug_macro   0x0000221b       0x29 /tmp/ccQ4kI2t.o
 .debug_macro   0x00002244       0x16 /tmp/ccQ4kI2t.o
 .debug_macro   0x0000225a       0x10 /tmp/ccQ4kI2t.o
 .debug_macro   0x0000226a       0x10 /tmp/ccQ4kI2t.o
 .debug_macro   0x0000227a       0x10 /tmp/ccQ4kI2t.o
 .debug_macro   0x0000228a       0x1c /tmp/ccQ4kI2t.o
 .debug_macro   0x000022a6       0x52 /tmp/ccQ4kI2t.o
 .debug_macro   0x000022f8       0x22 /tmp/ccQ4kI2t.o
 .debug_macro   0x0000231a       0x10 /tmp/ccQ4kI2t.o
 .debug_macro   0x0000232a       0x52 /tmp/ccQ4kI2t.o
 .debug_macro   0x0000237c       0xc1 /tmp/ccQ4kI2t.o
 .debug_macro   0x0000243d       0x1c /tmp/ccQ4kI2t.o
 .debug_macro   0x00002459       0x3d /tmp/ccQ4kI2t.o
 .debug_macro   0x00002496       0x35 /tmp/ccQ4kI2t.o
 .debug_macro   0x000024cb      0x12c /tmp/ccQ4kI2t.o
 .debug_macro   0x000025f7      0x19b /tmp/ccQ4kI2t.o
 .debug_macro   0x00002792       0x28 /tmp/ccQ4kI2t.o
 .debug_macro   0x000027ba       0x1c /tmp/ccQ4kI2t.o
 .debug_macro   0x000027d6       0x22 /tmp/ccQ4kI2t.o
 .debug_macro   0x000027f8       0xd9 /tmp/ccQ4kI2t.o
 .debug_macro   0x000028d1     0x102d /tmp/ccQ4kI2t.o
 .debug_macro   0x000038fe      0x11f /tmp/ccQ4kI2t.o
 .debug_macro   0x00003a1d    0x1cb71 /tmp/ccQ4kI2t.o
 .debug_macro   0x0002058e       0xd7 /tmp/ccQ4kI2t.o
 .debug_macro   0x00020665       0x88 /tmp/ccQ4kI2t.o
 .debug_macro   0x000206ed       0x16 /tmp/ccQ4kI2t.o
 .debug_macro   0x00020703      0x1a8 /tmp/ccQ4kI2t.o
 .debug_macro   0x000208ab      0x190 /tmp/ccQ4kI2t.o
 .debug_macro   0x00020a3b       0xd0 /tmp/ccQ4kI2t.o
 .debug_macro   0x00020b0b       0x22 /tmp/ccQ4kI2t.o
 .debug_macro   0x00020b2d       0x7c /tmp/ccQ4kI2t.o
 .debug_macro   0x00020ba9       0x2e /tmp/ccQ4kI2t.o
 .debug_macro   0x00020bd7       0x11 /tmp/ccbZfl1v.o
 .debug_macro   0x00020be8      0x2c5 /tmp/ccU7wl31.o
 .debug_macro   0x00020ead       0x3a /tmp/ccU7wl31.o
 .debug_macro   0x00020ee7       0x89 /tmp/ccU7wl31.o
 .debug_macro   0x00020f70       0x1c /tmp/ccU7wl31.o
 .debug_macro   0x00020f8c       0x9b /tmp/ccU7wl31.o
 .debug_macro   0x00021027      0x2d4 /tmp/cc9Ud3g0.o
 .debug_macro   0x000212fb       0x1c /tmp/cc9Ud3g0.o
 .debug_macro   0x00021317      0x2da /tmp/ccWUhWOo.o
 .debug_macro   0x000215f1       0x8e /tmp/ccWUhWOo.o
 .debug_macro   0x0002167f       0x51 /tmp/ccWUhWOo.o
 .debug_macro   0x000216d0       0x61 /tmp/ccWUhWOo.o
 .debug_macro   0x00021731       0x82 /tmp/ccWUhWOo.o
 .debug_macro   0x000217b3      0x2d4 /tmp/cciOW9qL.o
 .debug_macro   0x00021a87      0x18a /tmp/cciOW9qL.o
 .debug_macro   0x00021c11      0x317 /tmp/ccgycobd.o
 .debug_macro   0x00021f28       0x28 /tmp/ccgycobd.o
 .debug_macro   0x00021f50      0x2dd /tmp/ccPxqYYk.o
 .debug_macro   0x0002222d      0x190 /tmp/ccPxqYYk.o
 .debug_macro   0x000223bd       0x1c /tmp/ccPxqYYk.o

.debug_line     0x00000000     0x487a
 .debug_line    0x00000000     0x1941 /tmp/ccQ4kI2t.o
 .debug_line    0x00001941       0x88 /tmp/ccbZfl1v.o
 .debug_line    0x000019c9      0x60f /tmp/ccU7wl31.o
 .debug_line    0x00001fd8      0x8fd /tmp/cc9Ud3g0.o
 .debug_line    0x000028d5      0x737 /tmp/ccWUhWOo.o
 .debug_line    0x0000300c      0x702 /tmp/cciOW9qL.o
 .debug_line    0x0000370e      0x69a /tmp/ccgycobd.o
 .debug_line    0x00003da8      0xad2 /tmp/ccPxqYYk.o

.debug_str      0x00000000    0xb568e
 .debug_str     0x00000000    0xb568e /tmp/ccQ4kI2t.o
                              0xb515c (size before relaxing)
 .debug_str     0x000b568e     0x2e63 /tmp/ccbZfl1v.o
 .debug_str     0x000b568e    0xb30ad /tmp/ccU7wl31.o
 .debug_str     0x000b568e    0xb33b6 /tmp/cc9Ud3g0.o
 .debug_str     0x000b568e    0xb3336 /tmp/ccWUhWOo.o
 .debug_str     0x000b568e    0xb386f /tmp/cciOW9qL.o
 .debug_str     0x000b568e    0xb47d4 /tmp/ccgycobd.o
 .debug_str     0x000b568e    0xb3aca /tmp/ccPxqYYk.o

.comment        0x00000000       0x44
 .comment       0x00000000       0x44 /tmp/ccQ4kI2t.o
                                 0x45 (size before relaxing)
 .comment       0x00000044       0x45 /tmp/ccbZfl1v.o
 .comment       0x00000044       0x45 /tmp/ccU7wl31.o
 .comment       0x00000044       0x45 /tmp/cc9Ud3g0.o
 .comment       0x00000044       0x45 /tmp/ccWUhWOo.o
 .comment       0x00000044       0x45 /tmp/cciOW9qL.o
 .comment       0x00000044       0x45 /tmp/ccgycobd.o
 .comment       0x00000044       0x45 /tmp/ccPxqYYk.o

.ARM.attributes
                0x00000000       0x32
 .ARM.attributes
                0x00000000       0x34 /tmp/ccQ4kI2t.o
 .ARM.attributes
                0x00000034       0x34 /tmp/ccbZfl1v.o
 .ARM.attributes
                0x00000068       0x34 /tmp/ccU7wl31.o
 .ARM.attributes
                0x0000009c       0x34 /tmp/cc9Ud3g0.o
 .ARM.attributes
                0x000000d0       0x34 /tmp/ccWUhWOo.o
 .ARM.attributes
                0x00000104       0x34 /tmp/cciOW9qL.o
 .ARM.attributes
                0x00000138       0x34 /tmp/ccgycobd.o
 .ARM.attributes
                0x0000016c       0x34 /tmp/ccPxqYYk.o
 .ARM.attributes
                0x000001a0       0x34 /opt/arm-none-eabi/bin/../lib/gcc/arm-none-eabi/13.2.1/../../../../arm-none-eabi/lib/thumb/v7e-m+fp/hard/libm.a(libm_a-w_sqrt.o)
 .ARM.attributes
                0x000001d4       0x34 /opt/arm-none-eabi/bin/../lib/gcc/arm-none-eabi/13.2.1/../../../../arm-none-eabi/lib/thumb/v7e-m+fp/hard/libm.a(libm_a-powl.o)
 .ARM.attributes
                0x00000208       0x34 /opt/arm-none-eabi/bin/../lib/gcc/arm-none-eabi/13.2.1/../../../../arm-none-eabi/lib/thumb/v7e-m+fp/hard/libm.a(libm_a-e_sqrt.o)
 .ARM.attributes
                0x0000023c       0x34 /opt/arm-none-eabi/bin/../lib/gcc/arm-none-eabi/13.2.1/../../../../arm-none-eabi/lib/thumb/v7e-m+fp/hard/libm.a(libm_a-w_pow.o)
 .ARM.attributes
                0x00000270       0x34 /opt/arm-none-eabi/bin/../lib/gcc/arm-none-eabi/13.2.1/../../../../arm-none-eabi/lib/thumb/v7e-m+fp/hard/libm.a(libm_a-s_finite.o)
 .ARM.attributes
                0x000002a4       0x34 /opt/arm-none-eabi/bin/../lib/gcc/arm-none-eabi/13.2.1/../../../../arm-none-eabi/lib/thumb/v7e-m+fp/hard/libm.a(libm_a-e_pow.o)
 .ARM.attributes
                0x000002d8       0x34 /opt/arm-none-eabi/bin/../lib/gcc/arm-none-eabi/13.2.1/../../../../arm-none-eabi/lib/thumb/v7e-m+fp/hard/libm.a(libm_a-math_err.o)
 .ARM.attributes
                0x0000030c       0x34 /opt/arm-none-eabi/bin/../lib/gcc/arm-none-eabi/13.2.1/../../../../arm-none-eabi/lib/thumb/v7e-m+fp/hard/libm.a(libm_a-s_fabs.o)
 .ARM.attributes
                0x00000340       0x34 /opt/arm-none-eabi/bin/../lib/gcc/arm-none-eabi/13.2.1/../../../../arm-none-eabi/lib/thumb/v7e-m+fp/hard/libm.a(libm_a-s_scalbn.o)
 .ARM.attributes
                0x00000374       0x34 /opt/arm-none-eabi/bin/../lib/gcc/arm-none-eabi/13.2.1/../../../../arm-none-eabi/lib/thumb/v7e-m+fp/hard/libc_nano.a(libc_a-printf.o)
 .ARM.attributes
                0x000003a8       0x34 /opt/arm-none-eabi/bin/../lib/gcc/arm-none-eabi/13.2.1/../../../../arm-none-eabi/lib/thumb/v7e-m+fp/hard/libc_nano.a(libc_a-nano-vfprintf.o)
 .ARM.attributes
                0x000003dc       0x34 /opt/arm-none-eabi/bin/../lib/gcc/arm-none-eabi/13.2.1/../../../../arm-none-eabi/lib/thumb/v7e-m+fp/hard/libc_nano.a(libc_a-wbuf.o)
 .ARM.attributes
                0x00000410       0x34 /opt/arm-none-eabi/bin/../lib/gcc/arm-none-eabi/13.2.1/../../../../arm-none-eabi/lib/thumb/v7e-m+fp/hard/libc_nano.a(libc_a-wsetup.o)
 .ARM.attributes
                0x00000444       0x34 /opt/arm-none-eabi/bin/../lib/gcc/arm-none-eabi/13.2.1/../../../../arm-none-eabi/lib/thumb/v7e-m+fp/hard/libc_nano.a(libc_a-nano-vfprintf_i.o)
 .ARM.attributes
                0x00000478       0x34 /opt/arm-none-eabi/bin/../lib/gcc/arm-none-eabi/13.2.1/../../../../arm-none-eabi/lib/thumb/v7e-m+fp/hard/libc_nano.a(libc_a-puts.o)
 .ARM.attributes
                0x000004ac       0x34 /opt/arm-none-eabi/bin/../lib/gcc/arm-none-eabi/13.2.1/../../../../arm-none-eabi/lib/thumb/v7e-m+fp/hard/libc_nano.a(libc_a-impure.o)
 .ARM.attributes
                0x000004e0       0x34 /opt/arm-none-eabi/bin/../lib/gcc/arm-none-eabi/13.2.1/../../../../arm-none-eabi/lib/thumb/v7e-m+fp/hard/libc_nano.a(libc_a-fflush.o)
 .ARM.attributes
                0x00000514       0x1c /opt/arm-none-eabi/bin/../lib/gcc/arm-none-eabi/13.2.1/../../../../arm-none-eabi/lib/thumb/v7e-m+fp/hard/libc_nano.a(libc_a-memchr.o)
 .ARM.attributes
                0x00000530       0x34 /opt/arm-none-eabi/bin/../lib/gcc/arm-none-eabi/13.2.1/../../../../arm-none-eabi/lib/thumb/v7e-m+fp/hard/libc_nano.a(libc_a-memcpy-stub.o)
 .ARM.attributes
                0x00000564       0x34 /opt/arm-none-eabi/bin/../lib/gcc/arm-none-eabi/13.2.1/../../../../arm-none-eabi/lib/thumb/v7e-m+fp/hard/libc_nano.a(libc_a-findfp.o)
 .ARM.attributes
                0x00000598       0x34 /opt/arm-none-eabi/bin/../lib/gcc/arm-none-eabi/13.2.1/../../../../arm-none-eabi/lib/thumb/v7e-m+fp/hard/libc_nano.a(libc_a-stdio.o)
 .ARM.attributes
                0x000005cc       0x34 /opt/arm-none-eabi/bin/../lib/gcc/arm-none-eabi/13.2.1/../../../../arm-none-eabi/lib/thumb/v7e-m+fp/hard/libc_nano.a(libc_a-readr.o)
 .ARM.attributes
                0x00000600       0x34 /opt/arm-none-eabi/bin/../lib/gcc/arm-none-eabi/13.2.1/../../../../arm-none-eabi/lib/thumb/v7e-m+fp/hard/libc_nano.a(libc_a-qsort.o)
 .ARM.attributes
                0x00000634       0x34 /opt/arm-none-eabi/bin/../lib/gcc/arm-none-eabi/13.2.1/../../../../arm-none-eabi/lib/thumb/v7e-m+fp/hard/libc_nano.a(libc_a-writer.o)
 .ARM.attributes
                0x00000668       0x34 /opt/arm-none-eabi/bin/../lib/gcc/arm-none-eabi/13.2.1/../../../../arm-none-eabi/lib/thumb/v7e-m+fp/hard/libc_nano.a(libc_a-errno.o)
 .ARM.attributes
                0x0000069c       0x34 /opt/arm-none-eabi/bin/../lib/gcc/arm-none-eabi/13.2.1/../../../../arm-none-eabi/lib/thumb/v7e-m+fp/hard/libc_nano.a(libc_a-fwalk.o)
 .ARM.attributes
                0x000006d0       0x34 /opt/arm-none-eabi/bin/../lib/gcc/arm-none-eabi/13.2.1/../../../../arm-none-eabi/lib/thumb/v7e-m+fp/hard/libc_nano.a(libc_a-memset.o)
 .ARM.attributes
                0x00000704       0x34 /opt/arm-none-eabi/bin/../lib/gcc/arm-none-eabi/13.2.1/../../../../arm-none-eabi/lib/thumb/v7e-m+fp/hard/libc_nano.a(libc_a-freer.o)
 .ARM.attributes
                0x00000738       0x34 /opt/arm-none-eabi/bin/../lib/gcc/arm-none-eabi/13.2.1/../../../../arm-none-eabi/lib/thumb/v7e-m+fp/hard/libc_nano.a(libc_a-lock.o)
 .ARM.attributes
                0x0000076c       0x34 /opt/arm-none-eabi/bin/../lib/gcc/arm-none-eabi/13.2.1/../../../../arm-none-eabi/lib/thumb/v7e-m+fp/hard/libc_nano.a(libc_a-makebuf.o)
 .ARM.attributes
                0x000007a0       0x34 /opt/arm-none-eabi/bin/../lib/gcc/arm-none-eabi/13.2.1/../../../../arm-none-eabi/lib/thumb/v7e-m+fp/hard/libc_nano.a(libc_a-closer.o)
 .ARM.attributes
                0x000007d4       0x34 /opt/arm-none-eabi/bin/../lib/gcc/arm-none-eabi/13.2.1/../../../../arm-none-eabi/lib/thumb/v7e-m+fp/hard/libc_nano.a(libc_a-reent.o)
 .ARM.attributes
                0x00000808       0x34 /opt/arm-none-eabi/bin/../lib/gcc/arm-none-eabi/13.2.1/../../../../arm-none-eabi/lib/thumb/v7e-m+fp/hard/libc_nano.a(libc_a-mallocr.o)
 .ARM.attributes
                0x0000083c       0x34 /opt/arm-none-eabi/bin/../lib/gcc/arm-none-eabi/13.2.1/../../../../arm-none-eabi/lib/thumb/v7e-m+fp/hard/libc_nano.a(libc_a-fstatr.o)
 .ARM.attributes
                0x00000870       0x34 /opt/arm-none-eabi/bin/../lib/gcc/arm-none-eabi/13.2.1/../../../../arm-none-eabi/lib/thumb/v7e-m+fp/hard/libc_nano.a(libc_a-isattyr.o)
 .ARM.attributes
                0x000008a4       0x34 /opt/arm-none-eabi/bin/../lib/gcc/arm-none-eabi/13.2.1/../../../../arm-none-eabi/lib/thumb/v7e-m+fp/hard/libc_nano.a(libc_a-lseekr.o)
 .ARM.attributes
                0x000008d8       0x34 /opt/arm-none-eabi/bin/../lib/gcc/arm-none-eabi/13.2.1/../../../../arm-none-eabi/lib/thumb/v7e-m+fp/hard/libc_nano.a(libc_a-mlock.o)
 .ARM.attributes
                0x0000090c       0x34 /opt/arm-none-eabi/bin/../lib/gcc/arm-none-eabi/13.2.1/../../../../arm-none-eabi/lib/thumb/v7e-m+fp/hard/libc_nano.a(libc_a-sbrkr.o)
 .ARM.attributes
                0x00000940       0x22 /opt/arm-none-eabi/bin/../lib/gcc/arm-none-eabi/13.2.1/thumb/v7e-m+fp/hard/libgcc.a(_arm_addsubdf3.o)
 .ARM.attributes
                0x00000962       0x22 /opt/arm-none-eabi/bin/../lib/gcc/arm-none-eabi/13.2.1/thumb/v7e-m+fp/hard/libgcc.a(_arm_muldivdf3.o)
 .ARM.attributes
                0x00000984       0x22 /opt/arm-none-eabi/bin/../lib/gcc/arm-none-eabi/13.2.1/thumb/v7e-m+fp/hard/libgcc.a(_arm_cmpdf2.o)
 .ARM.attributes
                0x000009a6       0x22 /opt/arm-none-eabi/bin/../lib/gcc/arm-none-eabi/13.2.1/thumb/v7e-m+fp/hard/libgcc.a(_arm_unorddf2.o)
 .ARM.attributes
                0x000009c8       0x22 /opt/arm-none-eabi/bin/../lib/gcc/arm-none-eabi/13.2.1/thumb/v7e-m+fp/hard/libgcc.a(_arm_fixdfsi.o)
 .ARM.attributes
                0x000009ea       0x34 /opt/arm-none-eabi/bin/../lib/gcc/arm-none-eabi/13.2.1/thumb/v7e-m+fp/hard/libgcc.a(_fixdfdi.o)
 .ARM.attributes
                0x00000a1e       0x34 /opt/arm-none-eabi/bin/../lib/gcc/arm-none-eabi/13.2.1/thumb/v7e-m+fp/hard/libgcc.a(_fixunsdfdi.o)
 .ARM.attributes
                0x00000a52       0x22 /opt/arm-none-eabi/bin/../lib/gcc/arm-none-eabi/13.2.1/thumb/v7e-m+fp/hard/libgcc.a(_arm_fixunsdfsi.o)

.debug_frame    0x00000000     0x227c
 .debug_frame   0x00000000      0x650 /tmp/ccQ4kI2t.o
 .debug_frame   0x00000650       0x20 /tmp/ccbZfl1v.o
 .debug_frame   0x00000670      0x2e8 /tmp/ccU7wl31.o
 .debug_frame   0x00000958      0x27c /tmp/cc9Ud3g0.o
 .debug_frame   0x00000bd4      0x1f8 /tmp/ccWUhWOo.o
 .debug_frame   0x00000dcc      0x200 /tmp/cciOW9qL.o
 .debug_frame   0x00000fcc      0x140 /tmp/ccgycobd.o
 .debug_frame   0x0000110c      0x33c /tmp/ccPxqYYk.o
 .debug_frame   0x00001448       0x48 /opt/arm-none-eabi/bin/../lib/gcc/arm-none-eabi/13.2.1/../../../../arm-none-eabi/lib/thumb/v7e-m+fp/hard/libm.a(libm_a-w_sqrt.o)
 .debug_frame   0x00001490       0x20 /opt/arm-none-eabi/bin/../lib/gcc/arm-none-eabi/13.2.1/../../../../arm-none-eabi/lib/thumb/v7e-m+fp/hard/libm.a(libm_a-powl.o)
 .debug_frame   0x000014b0       0x38 /opt/arm-none-eabi/bin/../lib/gcc/arm-none-eabi/13.2.1/../../../../arm-none-eabi/lib/thumb/v7e-m+fp/hard/libm.a(libm_a-e_sqrt.o)
 .debug_frame   0x000014e8       0x44 /opt/arm-none-eabi/bin/../lib/gcc/arm-none-eabi/13.2.1/../../../../arm-none-eabi/lib/thumb/v7e-m+fp/hard/libm.a(libm_a-w_pow.o)
 .debug_frame   0x0000152c       0x28 /opt/arm-none-eabi/bin/../lib/gcc/arm-none-eabi/13.2.1/../../../../arm-none-eabi/lib/thumb/v7e-m+fp/hard/libm.a(libm_a-s_finite.o)
 .debug_frame   0x00001554       0x80 /opt/arm-none-eabi/bin/../lib/gcc/arm-none-eabi/13.2.1/../../../../arm-none-eabi/lib/thumb/v7e-m+fp/hard/libm.a(libm_a-e_pow.o)
 .debug_frame   0x000015d4      0x14c /opt/arm-none-eabi/bin/../lib/gcc/arm-none-eabi/13.2.1/../../../../arm-none-eabi/lib/thumb/v7e-m+fp/hard/libm.a(libm_a-math_err.o)
 .debug_frame   0x00001720       0x20 /opt/arm-none-eabi/bin/../lib/gcc/arm-none-eabi/13.2.1/../../../../arm-none-eabi/lib/thumb/v7e-m+fp/hard/libm.a(libm_a-s_fabs.o)
 .debug_frame   0x00001740       0x2c /opt/arm-none-eabi/bin/../lib/gcc/arm-none-eabi/13.2.1/../../../../arm-none-eabi/lib/thumb/v7e-m+fp/hard/libm.a(libm_a-s_scalbn.o)
 .debug_frame   0x0000176c       0x6c /opt/arm-none-eabi/bin/../lib/gcc/arm-none-eabi/13.2.1/../../../../arm-none-eabi/lib/thumb/v7e-m+fp/hard/libc_nano.a(libc_a-printf.o)
 .debug_frame   0x000017d8       0xa8 /opt/arm-none-eabi/bin/../lib/gcc/arm-none-eabi/13.2.1/../../../../arm-none-eabi/lib/thumb/v7e-m+fp/hard/libc_nano.a(libc_a-nano-vfprintf.o)
 .debug_frame   0x00001880       0x40 /opt/arm-none-eabi/bin/../lib/gcc/arm-none-eabi/13.2.1/../../../../arm-none-eabi/lib/thumb/v7e-m+fp/hard/libc_nano.a(libc_a-wbuf.o)
 .debug_frame   0x000018c0       0x2c /opt/arm-none-eabi/bin/../lib/gcc/arm-none-eabi/13.2.1/../../../../arm-none-eabi/lib/thumb/v7e-m+fp/hard/libc_nano.a(libc_a-wsetup.o)
 .debug_frame   0x000018ec       0x60 /opt/arm-none-eabi/bin/../lib/gcc/arm-none-eabi/13.2.1/../../../../arm-none-eabi/lib/thumb/v7e-m+fp/hard/libc_nano.a(libc_a-nano-vfprintf_i.o)
 .debug_frame   0x0000194c       0x3c /opt/arm-none-eabi/bin/../lib/gcc/arm-none-eabi/13.2.1/../../../../arm-none-eabi/lib/thumb/v7e-m+fp/hard/libc_nano.a(libc_a-puts.o)
 .debug_frame   0x00001988       0x5c /opt/arm-none-eabi/bin/../lib/gcc/arm-none-eabi/13.2.1/../../../../arm-none-eabi/lib/thumb/v7e-m+fp/hard/libc_nano.a(libc_a-fflush.o)
 .debug_frame   0x000019e4       0x28 /opt/arm-none-eabi/bin/../lib/gcc/arm-none-eabi/13.2.1/../../../../arm-none-eabi/lib/thumb/v7e-m+fp/hard/libc_nano.a(libc_a-memcpy-stub.o)
 .debug_frame   0x00001a0c      0x144 /opt/arm-none-eabi/bin/../lib/gcc/arm-none-eabi/13.2.1/../../../../arm-none-eabi/lib/thumb/v7e-m+fp/hard/libc_nano.a(libc_a-findfp.o)
 .debug_frame   0x00001b50       0x88 /opt/arm-none-eabi/bin/../lib/gcc/arm-none-eabi/13.2.1/../../../../arm-none-eabi/lib/thumb/v7e-m+fp/hard/libc_nano.a(libc_a-stdio.o)
 .debug_frame   0x00001bd8       0x2c /opt/arm-none-eabi/bin/../lib/gcc/arm-none-eabi/13.2.1/../../../../arm-none-eabi/lib/thumb/v7e-m+fp/hard/libc_nano.a(libc_a-readr.o)
 .debug_frame   0x00001c04       0x78 /opt/arm-none-eabi/bin/../lib/gcc/arm-none-eabi/13.2.1/../../../../arm-none-eabi/lib/thumb/v7e-m+fp/hard/libc_nano.a(libc_a-qsort.o)
 .debug_frame   0x00001c7c       0x2c /opt/arm-none-eabi/bin/../lib/gcc/arm-none-eabi/13.2.1/../../../../arm-none-eabi/lib/thumb/v7e-m+fp/hard/libc_nano.a(libc_a-writer.o)
 .debug_frame   0x00001ca8       0x20 /opt/arm-none-eabi/bin/../lib/gcc/arm-none-eabi/13.2.1/../../../../arm-none-eabi/lib/thumb/v7e-m+fp/hard/libc_nano.a(libc_a-errno.o)
 .debug_frame   0x00001cc8       0x34 /opt/arm-none-eabi/bin/../lib/gcc/arm-none-eabi/13.2.1/../../../../arm-none-eabi/lib/thumb/v7e-m+fp/hard/libc_nano.a(libc_a-fwalk.o)
 .debug_frame   0x00001cfc       0x20 /opt/arm-none-eabi/bin/../lib/gcc/arm-none-eabi/13.2.1/../../../../arm-none-eabi/lib/thumb/v7e-m+fp/hard/libc_nano.a(libc_a-memset.o)
 .debug_frame   0x00001d1c       0x38 /opt/arm-none-eabi/bin/../lib/gcc/arm-none-eabi/13.2.1/../../../../arm-none-eabi/lib/thumb/v7e-m+fp/hard/libc_nano.a(libc_a-freer.o)
 .debug_frame   0x00001d54       0xb0 /opt/arm-none-eabi/bin/../lib/gcc/arm-none-eabi/13.2.1/../../../../arm-none-eabi/lib/thumb/v7e-m+fp/hard/libc_nano.a(libc_a-lock.o)
 .debug_frame   0x00001e04       0x58 /opt/arm-none-eabi/bin/../lib/gcc/arm-none-eabi/13.2.1/../../../../arm-none-eabi/lib/thumb/v7e-m+fp/hard/libc_nano.a(libc_a-makebuf.o)
 .debug_frame   0x00001e5c       0x2c /opt/arm-none-eabi/bin/../lib/gcc/arm-none-eabi/13.2.1/../../../../arm-none-eabi/lib/thumb/v7e-m+fp/hard/libc_nano.a(libc_a-closer.o)
 .debug_frame   0x00001e88       0x38 /opt/arm-none-eabi/bin/../lib/gcc/arm-none-eabi/13.2.1/../../../../arm-none-eabi/lib/thumb/v7e-m+fp/hard/libc_nano.a(libc_a-reent.o)
 .debug_frame   0x00001ec0       0x50 /opt/arm-none-eabi/bin/../lib/gcc/arm-none-eabi/13.2.1/../../../../arm-none-eabi/lib/thumb/v7e-m+fp/hard/libc_nano.a(libc_a-mallocr.o)
 .debug_frame   0x00001f10       0x2c /opt/arm-none-eabi/bin/../lib/gcc/arm-none-eabi/13.2.1/../../../../arm-none-eabi/lib/thumb/v7e-m+fp/hard/libc_nano.a(libc_a-fstatr.o)
 .debug_frame   0x00001f3c       0x2c /opt/arm-none-eabi/bin/../lib/gcc/arm-none-eabi/13.2.1/../../../../arm-none-eabi/lib/thumb/v7e-m+fp/hard/libc_nano.a(libc_a-isattyr.o)
 .debug_frame   0x00001f68       0x2c /opt/arm-none-eabi/bin/../lib/gcc/arm-none-eabi/13.2.1/../../../../arm-none-eabi/lib/thumb/v7e-m+fp/hard/libc_nano.a(libc_a-lseekr.o)
 .debug_frame   0x00001f94       0x30 /opt/arm-none-eabi/bin/../lib/gcc/arm-none-eabi/13.2.1/../../../../arm-none-eabi/lib/thumb/v7e-m+fp/hard/libc_nano.a(libc_a-mlock.o)
 .debug_frame   0x00001fc4       0x2c /opt/arm-none-eabi/bin/../lib/gcc/arm-none-eabi/13.2.1/../../../../arm-none-eabi/lib/thumb/v7e-m+fp/hard/libc_nano.a(libc_a-sbrkr.o)
 .debug_frame   0x00001ff0       0xac /opt/arm-none-eabi/bin/../lib/gcc/arm-none-eabi/13.2.1/thumb/v7e-m+fp/hard/libgcc.a(_arm_addsubdf3.o)
 .debug_frame   0x0000209c       0x50 /opt/arm-none-eabi/bin/../lib/gcc/arm-none-eabi/13.2.1/thumb/v7e-m+fp/hard/libgcc.a(_arm_muldivdf3.o)
 .debug_frame   0x000020ec       0xc4 /opt/arm-none-eabi/bin/../lib/gcc/arm-none-eabi/13.2.1/thumb/v7e-m+fp/hard/libgcc.a(_arm_cmpdf2.o)
 .debug_frame   0x000021b0       0x20 /opt/arm-none-eabi/bin/../lib/gcc/arm-none-eabi/13.2.1/thumb/v7e-m+fp/hard/libgcc.a(_arm_unorddf2.o)
 .debug_frame   0x000021d0       0x24 /opt/arm-none-eabi/bin/../lib/gcc/arm-none-eabi/13.2.1/thumb/v7e-m+fp/hard/libgcc.a(_arm_fixdfsi.o)
 .debug_frame   0x000021f4       0x38 /opt/arm-none-eabi/bin/../lib/gcc/arm-none-eabi/13.2.1/thumb/v7e-m+fp/hard/libgcc.a(_fixdfdi.o)
 .debug_frame   0x0000222c       0x2c /opt/arm-none-eabi/bin/../lib/gcc/arm-none-eabi/13.2.1/thumb/v7e-m+fp/hard/libgcc.a(_fixunsdfdi.o)
 .debug_frame   0x00002258       0x24 /opt/arm-none-eabi/bin/../lib/gcc/arm-none-eabi/13.2.1/thumb/v7e-m+fp/hard/libgcc.a(_arm_fixunsdfsi.o)

.debug_line_str
                0x00000000      0x1a1
 .debug_line_str
                0x00000000      0x1a1 /opt/arm-none-eabi/bin/../lib/gcc/arm-none-eabi/13.2.1/../../../../arm-none-eabi/lib/thumb/v7e-m+fp/hard/libc_nano.a(libc_a-memchr.o)
                                 0xda (size before relaxing)
 .debug_line_str
                0x000001a1       0xc7 /opt/arm-none-eabi/bin/../lib/gcc/arm-none-eabi/13.2.1/thumb/v7e-m+fp/hard/libgcc.a(_arm_addsubdf3.o)
 .debug_line_str
                0x000001a1       0xc7 /opt/arm-none-eabi/bin/../lib/gcc/arm-none-eabi/13.2.1/thumb/v7e-m+fp/hard/libgcc.a(_arm_muldivdf3.o)
 .debug_line_str
                0x000001a1       0xc7 /opt/arm-none-eabi/bin/../lib/gcc/arm-none-eabi/13.2.1/thumb/v7e-m+fp/hard/libgcc.a(_arm_cmpdf2.o)
 .debug_line_str
                0x000001a1       0xc7 /opt/arm-none-eabi/bin/../lib/gcc/arm-none-eabi/13.2.1/thumb/v7e-m+fp/hard/libgcc.a(_arm_unorddf2.o)
 .debug_line_str
                0x000001a1       0xc7 /opt/arm-none-eabi/bin/../lib/gcc/arm-none-eabi/13.2.1/thumb/v7e-m+fp/hard/libgcc.a(_arm_fixdfsi.o)
 .debug_line_str
                0x000001a1       0xc7 /opt/arm-none-eabi/bin/../lib/gcc/arm-none-eabi/13.2.1/thumb/v7e-m+fp/hard/libgcc.a(_arm_fixunsdfsi.o)
