Archive member included to satisfy reference by file (symbol)

c:/program files (x86)/arm gnu toolchain arm-none-eabi/12.2 rel1/bin/../lib/gcc/arm-none-eabi/12.2.1/thumb/v7e-m+fp/hard\libc_nano.a(libc_a-qsort.o)
                              C:\Users\Alex\AppData\Local\Temp\ccEPKd29.o (qsort)
c:/program files (x86)/arm gnu toolchain arm-none-eabi/12.2 rel1/bin/../lib/gcc/arm-none-eabi/12.2.1/thumb/v7e-m+fp/hard\libc_nano.a(libc_a-printf.o)
                              C:\Users\Alex\AppData\Local\Temp\ccjOm4cV.o (printf)
c:/program files (x86)/arm gnu toolchain arm-none-eabi/12.2 rel1/bin/../lib/gcc/arm-none-eabi/12.2.1/thumb/v7e-m+fp/hard\libc_nano.a(libc_a-putchar.o)
                              C:\Users\Alex\AppData\Local\Temp\ccjOm4cV.o (putchar)
c:/program files (x86)/arm gnu toolchain arm-none-eabi/12.2 rel1/bin/../lib/gcc/arm-none-eabi/12.2.1/thumb/v7e-m+fp/hard\libc_nano.a(libc_a-puts.o)
                              C:\Users\Alex\AppData\Local\Temp\ccjOm4cV.o (puts)
c:/program files (x86)/arm gnu toolchain arm-none-eabi/12.2 rel1/bin/../lib/gcc/arm-none-eabi/12.2.1/thumb/v7e-m+fp/hard\libc_nano.a(libc_a-wbuf.o)
                              c:/program files (x86)/arm gnu toolchain arm-none-eabi/12.2 rel1/bin/../lib/gcc/arm-none-eabi/12.2.1/thumb/v7e-m+fp/hard\libc_nano.a(libc_a-puts.o) (__swbuf_r)
c:/program files (x86)/arm gnu toolchain arm-none-eabi/12.2 rel1/bin/../lib/gcc/arm-none-eabi/12.2.1/thumb/v7e-m+fp/hard\libc_nano.a(libc_a-wsetup.o)
                              c:/program files (x86)/arm gnu toolchain arm-none-eabi/12.2 rel1/bin/../lib/gcc/arm-none-eabi/12.2.1/thumb/v7e-m+fp/hard\libc_nano.a(libc_a-puts.o) (__swsetup_r)
c:/program files (x86)/arm gnu toolchain arm-none-eabi/12.2 rel1/bin/../lib/gcc/arm-none-eabi/12.2.1/thumb/v7e-m+fp/hard\libc_nano.a(libc_a-memset.o)
                              C:\Users\Alex\AppData\Local\Temp\ccjOm4cV.o (memset)
c:/program files (x86)/arm gnu toolchain arm-none-eabi/12.2 rel1/bin/../lib/gcc/arm-none-eabi/12.2.1/thumb/v7e-m+fp/hard\libc_nano.a(libc_a-impure.o)
                              c:/program files (x86)/arm gnu toolchain arm-none-eabi/12.2 rel1/bin/../lib/gcc/arm-none-eabi/12.2.1/thumb/v7e-m+fp/hard\libc_nano.a(libc_a-printf.o) (_impure_ptr)
c:/program files (x86)/arm gnu toolchain arm-none-eabi/12.2 rel1/bin/../lib/gcc/arm-none-eabi/12.2.1/thumb/v7e-m+fp/hard\libc_nano.a(libc_a-lock.o)
                              c:/program files (x86)/arm gnu toolchain arm-none-eabi/12.2 rel1/bin/../lib/gcc/arm-none-eabi/12.2.1/thumb/v7e-m+fp/hard\libc_nano.a(libc_a-puts.o) (__retarget_lock_acquire_recursive)
c:/program files (x86)/arm gnu toolchain arm-none-eabi/12.2 rel1/bin/../lib/gcc/arm-none-eabi/12.2.1/thumb/v7e-m+fp/hard\libc_nano.a(libc_a-memcpy-stub.o)
                              C:\Users\Alex\AppData\Local\Temp\ccjOm4cV.o (memcpy)
c:/program files (x86)/arm gnu toolchain arm-none-eabi/12.2 rel1/bin/../lib/gcc/arm-none-eabi/12.2.1/thumb/v7e-m+fp/hard\libc_nano.a(libc_a-freer.o)
                              c:/program files (x86)/arm gnu toolchain arm-none-eabi/12.2 rel1/bin/../lib/gcc/arm-none-eabi/12.2.1/thumb/v7e-m+fp/hard\libc_nano.a(libc_a-wsetup.o) (_free_r)
c:/program files (x86)/arm gnu toolchain arm-none-eabi/12.2 rel1/bin/../lib/gcc/arm-none-eabi/12.2.1/thumb/v7e-m+fp/hard\libc_nano.a(libc_a-mallocr.o)
                              c:/program files (x86)/arm gnu toolchain arm-none-eabi/12.2 rel1/bin/../lib/gcc/arm-none-eabi/12.2.1/thumb/v7e-m+fp/hard\libc_nano.a(libc_a-freer.o) (__malloc_free_list)
c:/program files (x86)/arm gnu toolchain arm-none-eabi/12.2 rel1/bin/../lib/gcc/arm-none-eabi/12.2.1/thumb/v7e-m+fp/hard\libc_nano.a(libc_a-mlock.o)
                              c:/program files (x86)/arm gnu toolchain arm-none-eabi/12.2 rel1/bin/../lib/gcc/arm-none-eabi/12.2.1/thumb/v7e-m+fp/hard\libc_nano.a(libc_a-freer.o) (__malloc_lock)
c:/program files (x86)/arm gnu toolchain arm-none-eabi/12.2 rel1/bin/../lib/gcc/arm-none-eabi/12.2.1/thumb/v7e-m+fp/hard\libc_nano.a(libc_a-nano-vfprintf.o)
                              c:/program files (x86)/arm gnu toolchain arm-none-eabi/12.2 rel1/bin/../lib/gcc/arm-none-eabi/12.2.1/thumb/v7e-m+fp/hard\libc_nano.a(libc_a-printf.o) (_vfprintf_r)
c:/program files (x86)/arm gnu toolchain arm-none-eabi/12.2 rel1/bin/../lib/gcc/arm-none-eabi/12.2.1/thumb/v7e-m+fp/hard\libc_nano.a(libc_a-nano-vfprintf_i.o)
                              c:/program files (x86)/arm gnu toolchain arm-none-eabi/12.2 rel1/bin/../lib/gcc/arm-none-eabi/12.2.1/thumb/v7e-m+fp/hard\libc_nano.a(libc_a-nano-vfprintf.o) (_printf_i)
c:/program files (x86)/arm gnu toolchain arm-none-eabi/12.2 rel1/bin/../lib/gcc/arm-none-eabi/12.2.1/thumb/v7e-m+fp/hard\libc_nano.a(libc_a-fflush.o)
                              c:/program files (x86)/arm gnu toolchain arm-none-eabi/12.2 rel1/bin/../lib/gcc/arm-none-eabi/12.2.1/thumb/v7e-m+fp/hard\libc_nano.a(libc_a-wbuf.o) (_fflush_r)
[...]
Memory Configuration

Name             Origin             Length             Attributes
flash            0x08000000         0x00200000         xr
sram             0x20000000         0x00030000         xrw
*default*        0x00000000         0xffffffff

Linker script and memory map

LOAD C:\Users\Alex\AppData\Local\Temp\ccjOm4cV.o
LOAD C:\Users\Alex\AppData\Local\Temp\ccdsI7Xn.o
LOAD C:\Users\Alex\AppData\Local\Temp\ccwQ9EDI.o
LOAD C:\Users\Alex\AppData\Local\Temp\ccYQeFvT.o
LOAD C:\Users\Alex\AppData\Local\Temp\ccCKpNg2.o
LOAD C:\Users\Alex\AppData\Local\Temp\cchazakC.o
LOAD C:\Users\Alex\AppData\Local\Temp\ccVUxbq2.o
LOAD C:\Users\Alex\AppData\Local\Temp\ccEPKd29.o
LOAD c:/program files (x86)/arm gnu toolchain arm-none-eabi/12.2 rel1/bin/../lib/gcc/arm-none-eabi/12.2.1/thumb/v7e-m+fp/hard\libc_nano.a
LOAD c:/program files (x86)/arm gnu toolchain arm-none-eabi/12.2 rel1/bin/../lib/gcc/arm-none-eabi/12.2.1/thumb/v7e-m+fp/hard\libgcc.a
                0x20030000                _estack = (ORIGIN (sram) + LENGTH (sram))

.vectors        0x08000000      0x1bc
 *(.vectors)
 .vectors       0x08000000      0x1bc C:\Users\Alex\AppData\Local\Temp\ccdsI7Xn.o
                0x08000000                tab

.text           0x080001c0     0x23b8
 *(.text*)
 .text.gpio_set_mode
                0x080001c0       0x38 C:\Users\Alex\AppData\Local\Temp\ccjOm4cV.o
 .text.gpio_set_af
                0x080001f8       0x2e C:\Users\Alex\AppData\Local\Temp\ccjOm4cV.o
 *fill*         0x08000226        0x2 
 .text.SysTick_Handler
                0x08000228       0x10 C:\Users\Alex\AppData\Local\Temp\ccjOm4cV.o
                0x08000228                SysTick_Handler
 .text.startup.main
                0x08000238      0x114 C:\Users\Alex\AppData\Local\Temp\ccjOm4cV.o
                0x08000238                main
 .text._reset   0x0800034c       0x50 C:\Users\Alex\AppData\Local\Temp\ccdsI7Xn.o
                0x0800034c                _reset
 .text._fstat   0x0800039c       0x12 C:\Users\Alex\AppData\Local\Temp\ccwQ9EDI.o
                0x0800039c                _fstat
 *fill*         0x080003ae        0x2 
 .text._sbrk    0x080003b0       0x1c C:\Users\Alex\AppData\Local\Temp\ccwQ9EDI.o
                0x080003b0                _sbrk
 .text._close   0x080003cc        0x6 C:\Users\Alex\AppData\Local\Temp\ccwQ9EDI.o
                0x080003cc                _close
 .text._isatty  0x080003d2        0x4 C:\Users\Alex\AppData\Local\Temp\ccwQ9EDI.o
                0x080003d2                _isatty
 .text._lseek   0x080003d6        0x4 C:\Users\Alex\AppData\Local\Temp\ccwQ9EDI.o
                0x080003d6                _lseek
 .text._read    0x080003da        0x6 C:\Users\Alex\AppData\Local\Temp\ccwQ9EDI.o
                0x080003da                _read
 .text._write   0x080003e0       0x34 C:\Users\Alex\AppData\Local\Temp\ccwQ9EDI.o
                0x080003e0                _write
 .text.delay_ms
                0x08000414       0x14 C:\Users\Alex\AppData\Local\Temp\ccYQeFvT.o
 .text.systick_init
                0x08000428       0x34 C:\Users\Alex\AppData\Local\Temp\ccYQeFvT.o
 .text.gpio_set_mode
                0x0800045c       0x34 C:\Users\Alex\AppData\Local\Temp\ccYQeFvT.o
 .text.gpio_set_af
                0x08000490       0x2e C:\Users\Alex\AppData\Local\Temp\ccYQeFvT.o
 *fill*         0x080004be        0x2 
 .text.uart_init.constprop.0
                0x080004c0       0xc0 C:\Users\Alex\AppData\Local\Temp\ccYQeFvT.o
 .text.STM32_init_clock
                0x08000580       0x78 C:\Users\Alex\AppData\Local\Temp\ccYQeFvT.o
                0x08000580                STM32_init_clock
 .text.STM32_init_internals
                0x080005f8      0x118 C:\Users\Alex\AppData\Local\Temp\ccYQeFvT.o
                0x080005f8                STM32_init_internals
 .text.STM32_init_peripherals
                0x08000710       0x42 C:\Users\Alex\AppData\Local\Temp\ccYQeFvT.o
                0x08000710                STM32_init_peripherals
 *fill*         0x08000752        0x2 
 .text.STM32_init
                0x08000754       0x24 C:\Users\Alex\AppData\Local\Temp\ccYQeFvT.o
                0x08000754                STM32_init
 .text.STM32_beep_buzzer
                0x08000778       0x3c C:\Users\Alex\AppData\Local\Temp\ccYQeFvT.o
                0x08000778                STM32_beep_buzzer
 .text.STM32_flash_LED
                0x080007b4       0x3c C:\Users\Alex\AppData\Local\Temp\ccYQeFvT.o
                0x080007b4                STM32_flash_LED
 .text.STM32_indicate_on
                0x080007f0       0x1e C:\Users\Alex\AppData\Local\Temp\ccYQeFvT.o
                0x080007f0                STM32_indicate_on
 *fill*         0x0800080e        0x2 
 .text.unset_cs
                0x08000810       0x30 C:\Users\Alex\AppData\Local\Temp\ccCKpNg2.o
 .text.set_cs.constprop.0
                0x08000840       0x30 C:\Users\Alex\AppData\Local\Temp\ccCKpNg2.o
 .text.spi_transmit
                0x08000870       0x18 C:\Users\Alex\AppData\Local\Temp\ccCKpNg2.o
 .text.spi_transmit_receive.constprop.0.isra.0
                0x08000888       0x5a C:\Users\Alex\AppData\Local\Temp\ccCKpNg2.o
 *fill*         0x080008e2        0x2 
 .text.MS5611_read_PROM
                0x080008e4       0x44 C:\Users\Alex\AppData\Local\Temp\ccCKpNg2.o
                0x080008e4                MS5611_read_PROM
 .text.MS5611_get_data
                0x08000928      0x178 C:\Users\Alex\AppData\Local\Temp\ccCKpNg2.o
                0x08000928                MS5611_get_data
 .text.MS5611_init
                0x08000aa0       0x38 C:\Users\Alex\AppData\Local\Temp\ccCKpNg2.o
                0x08000aa0                MS5611_init
 .text.unset_cs
                0x08000ad8       0x30 C:\Users\Alex\AppData\Local\Temp\cchazakC.o
 .text.set_cs.constprop.0
                0x08000b08       0x30 C:\Users\Alex\AppData\Local\Temp\cchazakC.o
 .text.spi_transmit
                0x08000b38       0x18 C:\Users\Alex\AppData\Local\Temp\cchazakC.o
 .text.spi_transmit_receive.constprop.0.isra.0
                0x08000b50       0x32 C:\Users\Alex\AppData\Local\Temp\cchazakC.o
 *fill*         0x08000b82        0x2 
 .text.ADXL375_reg_write
                0x08000b84       0x2c C:\Users\Alex\AppData\Local\Temp\cchazakC.o
                0x08000b84                ADXL375_reg_write
 .text.ADXL375_init
                0x08000bb0       0x88 C:\Users\Alex\AppData\Local\Temp\cchazakC.o
                0x08000bb0                ADXL375_init
 .text.update_buffer
                0x08000c38        0x2 C:\Users\Alex\AppData\Local\Temp\ccEPKd29.o
                0x08000c38                update_buffer
 *fill*         0x08000c3a        0x2 
 .text.printf   0x08000c3c       0x24 c:/program files (x86)/arm gnu toolchain arm-none-eabi/12.2 rel1/bin/../lib/gcc/arm-none-eabi/12.2.1/thumb/v7e-m+fp/hard\libc_nano.a(libc_a-printf.o)
                0x08000c3c                iprintf
                0x08000c3c                printf
 .text._puts_r  0x08000c60       0xaa c:/program files (x86)/arm gnu toolchain arm-none-eabi/12.2 rel1/bin/../lib/gcc/arm-none-eabi/12.2.1/thumb/v7e-m+fp/hard\libc_nano.a(libc_a-puts.o)
                0x08000c60                _puts_r
 *fill*         0x08000d0a        0x2 
 .text.puts     0x08000d0c       0x10 c:/program files (x86)/arm gnu toolchain arm-none-eabi/12.2 rel1/bin/../lib/gcc/arm-none-eabi/12.2.1/thumb/v7e-m+fp/hard\libc_nano.a(libc_a-puts.o)
                0x08000d0c                puts
 .text.__swbuf_r
                0x08000d1c       0x7c c:/program files (x86)/arm gnu toolchain arm-none-eabi/12.2 rel1/bin/../lib/gcc/arm-none-eabi/12.2.1/thumb/v7e-m+fp/hard\libc_nano.a(libc_a-wbuf.o)
                0x08000d1c                __swbuf_r
 .text.__swsetup_r
                0x08000d98       0xac c:/program files (x86)/arm gnu toolchain arm-none-eabi/12.2 rel1/bin/../lib/gcc/arm-none-eabi/12.2.1/thumb/v7e-m+fp/hard\libc_nano.a(libc_a-wsetup.o)
                0x08000d98                __swsetup_r
 .text.memset   0x08000e44       0x10 c:/program files (x86)/arm gnu toolchain arm-none-eabi/12.2 rel1/bin/../lib/gcc/arm-none-eabi/12.2.1/thumb/v7e-m+fp/hard\libc_nano.a(libc_a-memset.o)
                0x08000e44                memset
 .text.__retarget_lock_init_recursive
                0x08000e54        0x2 c:/program files (x86)/arm gnu toolchain arm-none-eabi/12.2 rel1/bin/../lib/gcc/arm-none-eabi/12.2.1/thumb/v7e-m+fp/hard\libc_nano.a(libc_a-lock.o)
                0x08000e54                __retarget_lock_init_recursive
 .text.__retarget_lock_acquire_recursive
                0x08000e56        0x2 c:/program files (x86)/arm gnu toolchain arm-none-eabi/12.2 rel1/bin/../lib/gcc/arm-none-eabi/12.2.1/thumb/v7e-m+fp/hard\libc_nano.a(libc_a-lock.o)
                0x08000e56                __retarget_lock_acquire_recursive
 .text.__retarget_lock_release_recursive
                0x08000e58        0x2 c:/program files (x86)/arm gnu toolchain arm-none-eabi/12.2 rel1/bin/../lib/gcc/arm-none-eabi/12.2.1/thumb/v7e-m+fp/hard\libc_nano.a(libc_a-lock.o)
                0x08000e58                __retarget_lock_release_recursive
 .text.memcpy   0x08000e5a       0x1c c:/program files (x86)/arm gnu toolchain arm-none-eabi/12.2 rel1/bin/../lib/gcc/arm-none-eabi/12.2.1/thumb/v7e-m+fp/hard\libc_nano.a(libc_a-memcpy-stub.o)
                0x08000e5a                memcpy
 *fill*         0x08000e76        0x2 
 .text._free_r  0x08000e78       0x94 c:/program files (x86)/arm gnu toolchain arm-none-eabi/12.2 rel1/bin/../lib/gcc/arm-none-eabi/12.2.1/thumb/v7e-m+fp/hard\libc_nano.a(libc_a-freer.o)
                0x08000e78                _free_r
 .text.sbrk_aligned
                0x08000f0c       0x44 c:/program files (x86)/arm gnu toolchain arm-none-eabi/12.2 rel1/bin/../lib/gcc/arm-none-eabi/12.2.1/thumb/v7e-m+fp/hard\libc_nano.a(libc_a-mallocr.o)
 .text._malloc_r
                0x08000f50       0xf0 c:/program files (x86)/arm gnu toolchain arm-none-eabi/12.2 rel1/bin/../lib/gcc/arm-none-eabi/12.2.1/thumb/v7e-m+fp/hard\libc_nano.a(libc_a-mallocr.o)
                0x08000f50                _malloc_r
 .text.__malloc_lock
                0x08001040        0xc c:/program files (x86)/arm gnu toolchain arm-none-eabi/12.2 rel1/bin/../lib/gcc/arm-none-eabi/12.2.1/thumb/v7e-m+fp/hard\libc_nano.a(libc_a-mlock.o)
                0x08001040                __malloc_lock
 .text.__malloc_unlock
                0x0800104c        0xc c:/program files (x86)/arm gnu toolchain arm-none-eabi/12.2 rel1/bin/../lib/gcc/arm-none-eabi/12.2.1/thumb/v7e-m+fp/hard\libc_nano.a(libc_a-mlock.o)
                0x0800104c                __malloc_unlock
 .text.__sfputc_r
                0x08001058       0x2e c:/program files (x86)/arm gnu toolchain arm-none-eabi/12.2 rel1/bin/../lib/gcc/arm-none-eabi/12.2.1/thumb/v7e-m+fp/hard\libc_nano.a(libc_a-nano-vfprintf.o)
 .text.__sfputs_r
                0x08001086       0x24 c:/program files (x86)/arm gnu toolchain arm-none-eabi/12.2 rel1/bin/../lib/gcc/arm-none-eabi/12.2.1/thumb/v7e-m+fp/hard\libc_nano.a(libc_a-nano-vfprintf.o)
                0x08001086                __sfputs_r
 *fill*         0x080010aa        0x2 
 .text._vfprintf_r
                0x080010ac      0x230 c:/program files (x86)/arm gnu toolchain arm-none-eabi/12.2 rel1/bin/../lib/gcc/arm-none-eabi/12.2.1/thumb/v7e-m+fp/hard\libc_nano.a(libc_a-nano-vfprintf.o)
                0x080010ac                _vfprintf_r
                0x080010ac                _vfiprintf_r
 .text._printf_common
                0x080012dc       0xda c:/program files (x86)/arm gnu toolchain arm-none-eabi/12.2 rel1/bin/../lib/gcc/arm-none-eabi/12.2.1/thumb/v7e-m+fp/hard\libc_nano.a(libc_a-nano-vfprintf_i.o)
                0x080012dc                _printf_common
 *fill*         0x080013b6        0x2 
 .text._printf_i
                0x080013b8      0x258 c:/program files (x86)/arm gnu toolchain arm-none-eabi/12.2 rel1/bin/../lib/gcc/arm-none-eabi/12.2.1/thumb/v7e-m+fp/hard\libc_nano.a(libc_a-nano-vfprintf_i.o)
                0x080013b8                _printf_i
 .text.__sflush_r
                0x08001610      0x108 c:/program files (x86)/arm gnu toolchain arm-none-eabi/12.2 rel1/bin/../lib/gcc/arm-none-eabi/12.2.1/thumb/v7e-m+fp/hard\libc_nano.a(libc_a-fflush.o)
                0x08001610                __sflush_r
 .text._fflush_r
                0x08001718       0x50 c:/program files (x86)/arm gnu toolchain arm-none-eabi/12.2 rel1/bin/../lib/gcc/arm-none-eabi/12.2.1/thumb/v7e-m+fp/hard\libc_nano.a(libc_a-fflush.o)
                0x08001718                _fflush_r
 .text.std      0x08001768       0x6c c:/program files (x86)/arm gnu toolchain arm-none-eabi/12.2 rel1/bin/../lib/gcc/arm-none-eabi/12.2.1/thumb/v7e-m+fp/hard\libc_nano.a(libc_a-findfp.o)
 .text.stdio_exit_handler
                0x080017d4       0x18 c:/program files (x86)/arm gnu toolchain arm-none-eabi/12.2 rel1/bin/../lib/gcc/arm-none-eabi/12.2.1/thumb/v7e-m+fp/hard\libc_nano.a(libc_a-findfp.o)
 .text.cleanup_stdio
                0x080017ec       0x40 c:/program files (x86)/arm gnu toolchain arm-none-eabi/12.2 rel1/bin/../lib/gcc/arm-none-eabi/12.2.1/thumb/v7e-m+fp/hard\libc_nano.a(libc_a-findfp.o)
 .text.global_stdio_init.part.0
                0x0800182c       0x3c c:/program files (x86)/arm gnu toolchain arm-none-eabi/12.2 rel1/bin/../lib/gcc/arm-none-eabi/12.2.1/thumb/v7e-m+fp/hard\libc_nano.a(libc_a-findfp.o)
 .text.__sfp_lock_acquire
                0x08001868        0xc c:/program files (x86)/arm gnu toolchain arm-none-eabi/12.2 rel1/bin/../lib/gcc/arm-none-eabi/12.2.1/thumb/v7e-m+fp/hard\libc_nano.a(libc_a-findfp.o)
                0x08001868                __sfp_lock_acquire
 .text.__sfp_lock_release
                0x08001874        0xc c:/program files (x86)/arm gnu toolchain arm-none-eabi/12.2 rel1/bin/../lib/gcc/arm-none-eabi/12.2.1/thumb/v7e-m+fp/hard\libc_nano.a(libc_a-findfp.o)
                0x08001874                __sfp_lock_release
 .text.__sinit  0x08001880       0x30 c:/program files (x86)/arm gnu toolchain arm-none-eabi/12.2 rel1/bin/../lib/gcc/arm-none-eabi/12.2.1/thumb/v7e-m+fp/hard\libc_nano.a(libc_a-findfp.o)
                0x08001880                __sinit
 .text._fwalk_sglue
                0x080018b0       0x3c c:/program files (x86)/arm gnu toolchain arm-none-eabi/12.2 rel1/bin/../lib/gcc/arm-none-eabi/12.2.1/thumb/v7e-m+fp/hard\libc_nano.a(libc_a-fwalk.o)
                0x080018b0                _fwalk_sglue
 .text.__swhatbuf_r
                0x080018ec       0x4c c:/program files (x86)/arm gnu toolchain arm-none-eabi/12.2 rel1/bin/../lib/gcc/arm-none-eabi/12.2.1/thumb/v7e-m+fp/hard\libc_nano.a(libc_a-makebuf.o)
                0x080018ec                __swhatbuf_r
 .text.__smakebuf_r
                0x08001938       0x78 c:/program files (x86)/arm gnu toolchain arm-none-eabi/12.2 rel1/bin/../lib/gcc/arm-none-eabi/12.2.1/thumb/v7e-m+fp/hard\libc_nano.a(libc_a-makebuf.o)
                0x08001938                __smakebuf_r
 .text.__sread  0x080019b0       0x22 c:/program files (x86)/arm gnu toolchain arm-none-eabi/12.2 rel1/bin/../lib/gcc/arm-none-eabi/12.2.1/thumb/v7e-m+fp/hard\libc_nano.a(libc_a-stdio.o)
                0x080019b0                __sread
 .text.__swrite
                0x080019d2       0x38 c:/program files (x86)/arm gnu toolchain arm-none-eabi/12.2 rel1/bin/../lib/gcc/arm-none-eabi/12.2.1/thumb/v7e-m+fp/hard\libc_nano.a(libc_a-stdio.o)
                0x080019d2                __swrite
 .text.__sseek  0x08001a0a       0x24 c:/program files (x86)/arm gnu toolchain arm-none-eabi/12.2 rel1/bin/../lib/gcc/arm-none-eabi/12.2.1/thumb/v7e-m+fp/hard\libc_nano.a(libc_a-stdio.o)
                0x08001a0a                __sseek
 .text.__sclose
                0x08001a2e        0x8 c:/program files (x86)/arm gnu toolchain arm-none-eabi/12.2 rel1/bin/../lib/gcc/arm-none-eabi/12.2.1/thumb/v7e-m+fp/hard\libc_nano.a(libc_a-stdio.o)
                0x08001a2e                __sclose
 *fill*         0x08001a36        0x2 
 .text._close_r
                0x08001a38       0x20 c:/program files (x86)/arm gnu toolchain arm-none-eabi/12.2 rel1/bin/../lib/gcc/arm-none-eabi/12.2.1/thumb/v7e-m+fp/hard\libc_nano.a(libc_a-closer.o)
                0x08001a38                _close_r
 .text._fstat_r
                0x08001a58       0x24 c:/program files (x86)/arm gnu toolchain arm-none-eabi/12.2 rel1/bin/../lib/gcc/arm-none-eabi/12.2.1/thumb/v7e-m+fp/hard\libc_nano.a(libc_a-fstatr.o)
                0x08001a58                _fstat_r
 .text._isatty_r
                0x08001a7c       0x20 c:/program files (x86)/arm gnu toolchain arm-none-eabi/12.2 rel1/bin/../lib/gcc/arm-none-eabi/12.2.1/thumb/v7e-m+fp/hard\libc_nano.a(libc_a-isattyr.o)
                0x08001a7c                _isatty_r
 .text._lseek_r
                0x08001a9c       0x24 c:/program files (x86)/arm gnu toolchain arm-none-eabi/12.2 rel1/bin/../lib/gcc/arm-none-eabi/12.2.1/thumb/v7e-m+fp/hard\libc_nano.a(libc_a-lseekr.o)
                0x08001a9c                _lseek_r
 .text._read_r  0x08001ac0       0x24 c:/program files (x86)/arm gnu toolchain arm-none-eabi/12.2 rel1/bin/../lib/gcc/arm-none-eabi/12.2.1/thumb/v7e-m+fp/hard\libc_nano.a(libc_a-readr.o)
                0x08001ac0                _read_r
 .text._sbrk_r  0x08001ae4       0x20 c:/program files (x86)/arm gnu toolchain arm-none-eabi/12.2 rel1/bin/../lib/gcc/arm-none-eabi/12.2.1/thumb/v7e-m+fp/hard\libc_nano.a(libc_a-sbrkr.o)
                0x08001ae4                _sbrk_r
 .text._write_r
                0x08001b04       0x24 c:/program files (x86)/arm gnu toolchain arm-none-eabi/12.2 rel1/bin/../lib/gcc/arm-none-eabi/12.2.1/thumb/v7e-m+fp/hard\libc_nano.a(libc_a-writer.o)
                0x08001b04                _write_r
 *fill*         0x08001b28        0x8 
 .text          0x08001b30       0xa0 c:/program files (x86)/arm gnu toolchain arm-none-eabi/12.2 rel1/bin/../lib/gcc/arm-none-eabi/12.2.1/thumb/v7e-m+fp/hard\libc_nano.a(libc_a-memchr.o)
                0x08001b30                memchr
 .text          0x08001bd0      0x378 c:/program files (x86)/arm gnu toolchain arm-none-eabi/12.2 rel1/bin/../lib/gcc/arm-none-eabi/12.2.1/thumb/v7e-m+fp/hard\libgcc.a(_arm_addsubdf3.o)
                0x08001bd0                __aeabi_drsub
                0x08001bd8                __aeabi_dsub
                0x08001bd8                __subdf3
                0x08001bdc                __aeabi_dadd
                0x08001bdc                __adddf3
                0x08001e54                __floatunsidf
                0x08001e54                __aeabi_ui2d
                0x08001e74                __floatsidf
                0x08001e74                __aeabi_i2d
                0x08001e98                __aeabi_f2d
                0x08001e98                __extendsfdf2
                0x08001edc                __floatundidf
                0x08001edc                __aeabi_ul2d
                0x08001eec                __floatdidf
                0x08001eec                __aeabi_l2d
 .text          0x08001f48      0x424 c:/program files (x86)/arm gnu toolchain arm-none-eabi/12.2 rel1/bin/../lib/gcc/arm-none-eabi/12.2.1/thumb/v7e-m+fp/hard\libgcc.a(_arm_muldivdf3.o)
                0x08001f48                __aeabi_dmul
                0x08001f48                __muldf3
                0x0800219c                __divdf3
                0x0800219c                __aeabi_ddiv
 .text          0x0800236c      0x110 c:/program files (x86)/arm gnu toolchain arm-none-eabi/12.2 rel1/bin/../lib/gcc/arm-none-eabi/12.2.1/thumb/v7e-m+fp/hard\libgcc.a(_arm_cmpdf2.o)
                0x0800236c                __gtdf2
                0x0800236c                __gedf2
                0x08002374                __ltdf2
                0x08002374                __ledf2
                0x0800237c                __nedf2
                0x0800237c                __eqdf2
                0x0800237c                __cmpdf2
                0x080023f8                __aeabi_cdrcmple
                0x08002408                __aeabi_cdcmpeq
                0x08002408                __aeabi_cdcmple
                0x08002418                __aeabi_dcmpeq
                0x0800242c                __aeabi_dcmplt
                0x08002440                __aeabi_dcmple
                0x08002454                __aeabi_dcmpge
                0x08002468                __aeabi_dcmpgt
 .text          0x0800247c       0x50 c:/program files (x86)/arm gnu toolchain arm-none-eabi/12.2 rel1/bin/../lib/gcc/arm-none-eabi/12.2.1/thumb/v7e-m+fp/hard\libgcc.a(_arm_fixdfsi.o)
                0x0800247c                __aeabi_d2iz
                0x0800247c                __fixdfsi
 .text.__fixdfdi
                0x080024cc       0x30 c:/program files (x86)/arm gnu toolchain arm-none-eabi/12.2 rel1/bin/../lib/gcc/arm-none-eabi/12.2.1/thumb/v7e-m+fp/hard\libgcc.a(_fixdfdi.o)
                0x080024cc                __fixdfdi
                0x080024cc                __aeabi_d2lz
 .text.__fixunsdfdi
                0x080024fc       0x3c c:/program files (x86)/arm gnu toolchain arm-none-eabi/12.2 rel1/bin/../lib/gcc/arm-none-eabi/12.2.1/thumb/v7e-m+fp/hard\libgcc.a(_fixunsdfdi.o)
                0x080024fc                __fixunsdfdi
                0x080024fc                __aeabi_d2ulz
 .text          0x08002538       0x40 c:/program files (x86)/arm gnu toolchain arm-none-eabi/12.2 rel1/bin/../lib/gcc/arm-none-eabi/12.2.1/thumb/v7e-m+fp/hard\libgcc.a(_arm_fixunsdfsi.o)
                0x08002538                __aeabi_d2uiz
                0x08002538                __fixunsdfsi

.glue_7         0x08002578        0x0
 .glue_7        0x08002578        0x0 linker stubs

.glue_7t        0x08002578        0x0
 .glue_7t       0x08002578        0x0 linker stubs

.vfp11_veneer   0x08002578        0x0
 .vfp11_veneer  0x08002578        0x0 linker stubs

.v4_bx          0x08002578        0x0
 .v4_bx         0x08002578        0x0 linker stubs

.iplt           0x08002578        0x0
 .iplt          0x08002578        0x0 C:\Users\Alex\AppData\Local\Temp\ccjOm4cV.o

.rodata         0x08002578      0x136
 *(.rodata*)
 .rodata.main.str1.1
                0x08002578       0xd4 C:\Users\Alex\AppData\Local\Temp\ccjOm4cV.o
 .rodata.ADXL375_init.str1.1
                0x0800264c       0x2f C:\Users\Alex\AppData\Local\Temp\cchazakC.o
 .rodata._vfprintf_r.str1.1
                0x0800267b       0x11 c:/program files (x86)/arm gnu toolchain arm-none-eabi/12.2 rel1/bin/../lib/gcc/arm-none-eabi/12.2.1/thumb/v7e-m+fp/hard\libc_nano.a(libc_a-nano-vfprintf.o)
 .rodata._printf_i.str1.1
                0x0800268c       0x22 c:/program files (x86)/arm gnu toolchain arm-none-eabi/12.2 rel1/bin/../lib/gcc/arm-none-eabi/12.2.1/thumb/v7e-m+fp/hard\libc_nano.a(libc_a-nano-vfprintf_i.o)

.rel.dyn        0x080026b0        0x0
 .rel.iplt      0x080026b0        0x0 C:\Users\Alex\AppData\Local\Temp\ccjOm4cV.o

.data           0x20000000       0x60 load address 0x080026ae
                0x20000000                _sdata = .
 *(.first_data)
 *(.data SORT_BY_NAME(.data.*))
 .data.FREQ     0x20000000        0x4 C:\Users\Alex\AppData\Local\Temp\ccYQeFvT.o
                0x20000000                FREQ
 .data.__sglue  0x20000004        0xc c:/program files (x86)/arm gnu toolchain arm-none-eabi/12.2 rel1/bin/../lib/gcc/arm-none-eabi/12.2.1/thumb/v7e-m+fp/hard\libc_nano.a(libc_a-findfp.o)
                0x20000004                __sglue
 .data._impure_data
                0x20000010       0x4c c:/program files (x86)/arm gnu toolchain arm-none-eabi/12.2 rel1/bin/../lib/gcc/arm-none-eabi/12.2.1/thumb/v7e-m+fp/hard\libc_nano.a(libc_a-impure.o)
                0x20000010                _impure_data
 .data._impure_ptr
                0x2000005c        0x4 c:/program files (x86)/arm gnu toolchain arm-none-eabi/12.2 rel1/bin/../lib/gcc/arm-none-eabi/12.2.1/thumb/v7e-m+fp/hard\libc_nano.a(libc_a-impure.o)
                0x2000005c                _impure_ptr
                0x20000060                _edata = .
                0x080026ae                _sidata = LOADADDR (.data)

.igot.plt       0x20000060        0x0 load address 0x0800270e
 .igot.plt      0x20000060        0x0 C:\Users\Alex\AppData\Local\Temp\ccjOm4cV.o

.bss            0x20000060      0x170 load address 0x0800270e
                0x20000060                _sbss = .
 *(.bss SORT_BY_NAME(.bss.*) COMMON)
 .bss.ADXL375_SPI
                0x20000060        0x4 C:\Users\Alex\AppData\Local\Temp\cchazakC.o
                0x20000060                ADXL375_SPI
 .bss.MS5611_SPI
                0x20000064        0x4 C:\Users\Alex\AppData\Local\Temp\ccCKpNg2.o
                0x20000064                MS5611_SPI
 .bss.__lock___malloc_recursive_mutex
                0x20000068        0x1 c:/program files (x86)/arm gnu toolchain arm-none-eabi/12.2 rel1/bin/../lib/gcc/arm-none-eabi/12.2.1/thumb/v7e-m+fp/hard\libc_nano.a(libc_a-lock.o)
                0x20000068                __lock___malloc_recursive_mutex
 .bss.__lock___sfp_recursive_mutex
                0x20000069        0x1 c:/program files (x86)/arm gnu toolchain arm-none-eabi/12.2 rel1/bin/../lib/gcc/arm-none-eabi/12.2.1/thumb/v7e-m+fp/hard\libc_nano.a(libc_a-lock.o)
                0x20000069                __lock___sfp_recursive_mutex
 *fill*         0x2000006a        0x2 
 .bss.__malloc_free_list
                0x2000006c        0x4 c:/program files (x86)/arm gnu toolchain arm-none-eabi/12.2 rel1/bin/../lib/gcc/arm-none-eabi/12.2.1/thumb/v7e-m+fp/hard\libc_nano.a(libc_a-mallocr.o)
                0x2000006c                __malloc_free_list
 .bss.__malloc_sbrk_start
                0x20000070        0x4 c:/program files (x86)/arm gnu toolchain arm-none-eabi/12.2 rel1/bin/../lib/gcc/arm-none-eabi/12.2.1/thumb/v7e-m+fp/hard\libc_nano.a(libc_a-mallocr.o)
                0x20000070                __malloc_sbrk_start
 .bss.__sf      0x20000074      0x138 c:/program files (x86)/arm gnu toolchain arm-none-eabi/12.2 rel1/bin/../lib/gcc/arm-none-eabi/12.2.1/thumb/v7e-m+fp/hard\libc_nano.a(libc_a-findfp.o)
                0x20000074                __sf
 .bss.__stdio_exit_handler
                0x200001ac        0x4 c:/program files (x86)/arm gnu toolchain arm-none-eabi/12.2 rel1/bin/../lib/gcc/arm-none-eabi/12.2.1/thumb/v7e-m+fp/hard\libc_nano.a(libc_a-findfp.o)
                0x200001ac                __stdio_exit_handler
 .bss.errno     0x200001b0        0x4 c:/program files (x86)/arm gnu toolchain arm-none-eabi/12.2 rel1/bin/../lib/gcc/arm-none-eabi/12.2.1/thumb/v7e-m+fp/hard\libc_nano.a(libc_a-reent.o)
                0x200001b0                errno
 .bss.flightStage
                0x200001b4        0x1 C:\Users\Alex\AppData\Local\Temp\ccjOm4cV.o
                0x200001b4                flightStage
 *fill*         0x200001b5        0x3 
 .bss.heap.0    0x200001b8        0x4 C:\Users\Alex\AppData\Local\Temp\ccwQ9EDI.o
 .bss.ms5611_prom_data
                0x200001bc       0x10 C:\Users\Alex\AppData\Local\Temp\ccCKpNg2.o
                0x200001bc                ms5611_prom_data
 .bss.s_ticks   0x200001cc        0x4 C:\Users\Alex\AppData\Local\Temp\ccjOm4cV.o
                0x200001cc                s_ticks
                0x200001d0                _ebss = .
                0x200001d0                . = ALIGN (0x8)
                0x200001d0                _end = .
OUTPUT(firmware.elf elf32-littlearm)
LOAD linker stubs

.debug_info     0x00000000     0x6a95
 .debug_info    0x00000000     0x3113 C:\Users\Alex\AppData\Local\Temp\ccjOm4cV.o
 .debug_info    0x00003113      0x139 C:\Users\Alex\AppData\Local\Temp\ccdsI7Xn.o
 .debug_info    0x0000324c      0x7f9 C:\Users\Alex\AppData\Local\Temp\ccwQ9EDI.o
 .debug_info    0x00003a45      0xf9d C:\Users\Alex\AppData\Local\Temp\ccYQeFvT.o
 .debug_info    0x000049e2      0xfae C:\Users\Alex\AppData\Local\Temp\ccCKpNg2.o
 .debug_info    0x00005990      0xe96 C:\Users\Alex\AppData\Local\Temp\cchazakC.o
 .debug_info    0x00006826      0x26f C:\Users\Alex\AppData\Local\Temp\ccEPKd29.o

.debug_abbrev   0x00000000     0x171e
 .debug_abbrev  0x00000000      0x663 C:\Users\Alex\AppData\Local\Temp\ccjOm4cV.o
 .debug_abbrev  0x00000663       0xe8 C:\Users\Alex\AppData\Local\Temp\ccdsI7Xn.o
 .debug_abbrev  0x0000074b      0x29f C:\Users\Alex\AppData\Local\Temp\ccwQ9EDI.o
 .debug_abbrev  0x000009ea      0x31d C:\Users\Alex\AppData\Local\Temp\ccYQeFvT.o
 .debug_abbrev  0x00000d07      0x42f C:\Users\Alex\AppData\Local\Temp\ccCKpNg2.o
 .debug_abbrev  0x00001136      0x43d C:\Users\Alex\AppData\Local\Temp\cchazakC.o
 .debug_abbrev  0x00001573      0x1ab C:\Users\Alex\AppData\Local\Temp\ccEPKd29.o

.debug_loclists
                0x00000000     0x3572
 .debug_loclists
                0x00000000     0x2689 C:\Users\Alex\AppData\Local\Temp\ccjOm4cV.o
 .debug_loclists
                0x00002689      0x1cb C:\Users\Alex\AppData\Local\Temp\ccwQ9EDI.o
 .debug_loclists
                0x00002854      0x320 C:\Users\Alex\AppData\Local\Temp\ccYQeFvT.o
 .debug_loclists
                0x00002b74      0x4ea C:\Users\Alex\AppData\Local\Temp\ccCKpNg2.o
 .debug_loclists
                0x0000305e      0x48f C:\Users\Alex\AppData\Local\Temp\cchazakC.o
 .debug_loclists
                0x000034ed       0x85 C:\Users\Alex\AppData\Local\Temp\ccEPKd29.o

.debug_aranges  0x00000000      0x398
 .debug_aranges
                0x00000000      0x190 C:\Users\Alex\AppData\Local\Temp\ccjOm4cV.o
 .debug_aranges
                0x00000190       0x20 C:\Users\Alex\AppData\Local\Temp\ccdsI7Xn.o
 .debug_aranges
                0x000001b0       0x90 C:\Users\Alex\AppData\Local\Temp\ccwQ9EDI.o
 .debug_aranges
                0x00000240       0x78 C:\Users\Alex\AppData\Local\Temp\ccYQeFvT.o
 .debug_aranges
                0x000002b8       0x50 C:\Users\Alex\AppData\Local\Temp\ccCKpNg2.o
 .debug_aranges
                0x00000308       0x60 C:\Users\Alex\AppData\Local\Temp\cchazakC.o
 .debug_aranges
                0x00000368       0x30 C:\Users\Alex\AppData\Local\Temp\ccEPKd29.o

.debug_rnglists
                0x00000000      0x55d
 .debug_rnglists
                0x00000000      0x2a2 C:\Users\Alex\AppData\Local\Temp\ccjOm4cV.o
 .debug_rnglists
                0x000002a2       0x13 C:\Users\Alex\AppData\Local\Temp\ccdsI7Xn.o
 .debug_rnglists
                0x000002b5       0x7f C:\Users\Alex\AppData\Local\Temp\ccwQ9EDI.o
 .debug_rnglists
                0x00000334       0xac C:\Users\Alex\AppData\Local\Temp\ccYQeFvT.o
 .debug_rnglists
                0x000003e0       0x86 C:\Users\Alex\AppData\Local\Temp\ccCKpNg2.o
 .debug_rnglists
                0x00000466       0xc9 C:\Users\Alex\AppData\Local\Temp\cchazakC.o
 .debug_rnglists
                0x0000052f       0x2e C:\Users\Alex\AppData\Local\Temp\ccEPKd29.o

.debug_macro    0x00000000    0x219f3
 .debug_macro   0x00000000      0x2eb C:\Users\Alex\AppData\Local\Temp\ccjOm4cV.o
 .debug_macro   0x000002eb      0xaae C:\Users\Alex\AppData\Local\Temp\ccjOm4cV.o
 .debug_macro   0x00000d99       0x22 C:\Users\Alex\AppData\Local\Temp\ccjOm4cV.o
 .debug_macro   0x00000dbb       0x5b C:\Users\Alex\AppData\Local\Temp\ccjOm4cV.o
 .debug_macro   0x00000e16       0x2a C:\Users\Alex\AppData\Local\Temp\ccjOm4cV.o
 .debug_macro   0x00000e40       0x94 C:\Users\Alex\AppData\Local\Temp\ccjOm4cV.o
 .debug_macro   0x00000ed4       0x43 C:\Users\Alex\AppData\Local\Temp\ccjOm4cV.o
 .debug_macro   0x00000f17       0x34 C:\Users\Alex\AppData\Local\Temp\ccjOm4cV.o
 .debug_macro   0x00000f4b       0x16 C:\Users\Alex\AppData\Local\Temp\ccjOm4cV.o
 .debug_macro   0x00000f61       0x57 C:\Users\Alex\AppData\Local\Temp\ccjOm4cV.o
 .debug_macro   0x00000fb8       0x9e C:\Users\Alex\AppData\Local\Temp\ccjOm4cV.o
 .debug_macro   0x00001056      0x369 C:\Users\Alex\AppData\Local\Temp\ccjOm4cV.o
 .debug_macro   0x000013bf      0x10b C:\Users\Alex\AppData\Local\Temp\ccjOm4cV.o
 .debug_macro   0x000014ca       0x10 C:\Users\Alex\AppData\Local\Temp\ccjOm4cV.o
 .debug_macro   0x000014da       0x16 C:\Users\Alex\AppData\Local\Temp\ccjOm4cV.o
 .debug_macro   0x000014f0       0x43 C:\Users\Alex\AppData\Local\Temp\ccjOm4cV.o
 .debug_macro   0x00001533       0x34 C:\Users\Alex\AppData\Local\Temp\ccjOm4cV.o
 .debug_macro   0x00001567       0x10 C:\Users\Alex\AppData\Local\Temp\ccjOm4cV.o
 .debug_macro   0x00001577       0x58 C:\Users\Alex\AppData\Local\Temp\ccjOm4cV.o
 .debug_macro   0x000015cf       0x8e C:\Users\Alex\AppData\Local\Temp\ccjOm4cV.o
 .debug_macro   0x0000165d       0x1c C:\Users\Alex\AppData\Local\Temp\ccjOm4cV.o
 .debug_macro   0x00001679      0x177 C:\Users\Alex\AppData\Local\Temp\ccjOm4cV.o
 .debug_macro   0x000017f0       0x16 C:\Users\Alex\AppData\Local\Temp\ccjOm4cV.o
 .debug_macro   0x00001806       0x16 C:\Users\Alex\AppData\Local\Temp\ccjOm4cV.o
 .debug_macro   0x0000181c      0x146 C:\Users\Alex\AppData\Local\Temp\ccjOm4cV.o
 .debug_macro   0x00001962      0x103 C:\Users\Alex\AppData\Local\Temp\ccjOm4cV.o
 .debug_macro   0x00001a65       0x6a C:\Users\Alex\AppData\Local\Temp\ccjOm4cV.o
 .debug_macro   0x00001acf      0x1df C:\Users\Alex\AppData\Local\Temp\ccjOm4cV.o
 .debug_macro   0x00001cae       0x35 C:\Users\Alex\AppData\Local\Temp\ccjOm4cV.o
 .debug_macro   0x00001ce3      0x460 C:\Users\Alex\AppData\Local\Temp\ccjOm4cV.o
 .debug_macro   0x00002143       0x22 C:\Users\Alex\AppData\Local\Temp\ccjOm4cV.o
 .debug_macro   0x00002165       0x16 C:\Users\Alex\AppData\Local\Temp\ccjOm4cV.o
 .debug_macro   0x0000217b       0x16 C:\Users\Alex\AppData\Local\Temp\ccjOm4cV.o
 .debug_macro   0x00002191       0x29 C:\Users\Alex\AppData\Local\Temp\ccjOm4cV.o
 .debug_macro   0x000021ba       0x16 C:\Users\Alex\AppData\Local\Temp\ccjOm4cV.o
 .debug_macro   0x000021d0       0x10 C:\Users\Alex\AppData\Local\Temp\ccjOm4cV.o
 .debug_macro   0x000021e0       0x10 C:\Users\Alex\AppData\Local\Temp\ccjOm4cV.o
 .debug_macro   0x000021f0       0x10 C:\Users\Alex\AppData\Local\Temp\ccjOm4cV.o
 .debug_macro   0x00002200       0x1c C:\Users\Alex\AppData\Local\Temp\ccjOm4cV.o
 .debug_macro   0x0000221c       0x52 C:\Users\Alex\AppData\Local\Temp\ccjOm4cV.o
 .debug_macro   0x0000226e       0x22 C:\Users\Alex\AppData\Local\Temp\ccjOm4cV.o
 .debug_macro   0x00002290       0x10 C:\Users\Alex\AppData\Local\Temp\ccjOm4cV.o
 .debug_macro   0x000022a0       0x52 C:\Users\Alex\AppData\Local\Temp\ccjOm4cV.o
 .debug_macro   0x000022f2       0xc1 C:\Users\Alex\AppData\Local\Temp\ccjOm4cV.o
 .debug_macro   0x000023b3       0x1c C:\Users\Alex\AppData\Local\Temp\ccjOm4cV.o
 .debug_macro   0x000023cf       0x3d C:\Users\Alex\AppData\Local\Temp\ccjOm4cV.o
 .debug_macro   0x0000240c       0x35 C:\Users\Alex\AppData\Local\Temp\ccjOm4cV.o
 .debug_macro   0x00002441      0x12c C:\Users\Alex\AppData\Local\Temp\ccjOm4cV.o
 .debug_macro   0x0000256d       0x28 C:\Users\Alex\AppData\Local\Temp\ccjOm4cV.o
 .debug_macro   0x00002595       0x1c C:\Users\Alex\AppData\Local\Temp\ccjOm4cV.o
 .debug_macro   0x000025b1       0x22 C:\Users\Alex\AppData\Local\Temp\ccjOm4cV.o
 .debug_macro   0x000025d3       0xd9 C:\Users\Alex\AppData\Local\Temp\ccjOm4cV.o
 .debug_macro   0x000026ac     0x102d C:\Users\Alex\AppData\Local\Temp\ccjOm4cV.o
 .debug_macro   0x000036d9      0x11f C:\Users\Alex\AppData\Local\Temp\ccjOm4cV.o
 .debug_macro   0x000037f8    0x1cb71 C:\Users\Alex\AppData\Local\Temp\ccjOm4cV.o
 .debug_macro   0x00020369       0xd6 C:\Users\Alex\AppData\Local\Temp\ccjOm4cV.o
 .debug_macro   0x0002043f       0x22 C:\Users\Alex\AppData\Local\Temp\ccjOm4cV.o
 .debug_macro   0x00020461       0x7c C:\Users\Alex\AppData\Local\Temp\ccjOm4cV.o
 .debug_macro   0x000204dd       0x88 C:\Users\Alex\AppData\Local\Temp\ccjOm4cV.o
 .debug_macro   0x00020565      0x190 C:\Users\Alex\AppData\Local\Temp\ccjOm4cV.o
 .debug_macro   0x000206f5       0x22 C:\Users\Alex\AppData\Local\Temp\ccjOm4cV.o
 .debug_macro   0x00020717       0x11 C:\Users\Alex\AppData\Local\Temp\ccdsI7Xn.o
 .debug_macro   0x00020728      0x2b2 C:\Users\Alex\AppData\Local\Temp\ccwQ9EDI.o
 .debug_macro   0x000209da       0x3a C:\Users\Alex\AppData\Local\Temp\ccwQ9EDI.o
 .debug_macro   0x00020a14       0x89 C:\Users\Alex\AppData\Local\Temp\ccwQ9EDI.o
 .debug_macro   0x00020a9d       0x1c C:\Users\Alex\AppData\Local\Temp\ccwQ9EDI.o
 .debug_macro   0x00020ab9       0x94 C:\Users\Alex\AppData\Local\Temp\ccwQ9EDI.o
 .debug_macro   0x00020b4d      0x2c1 C:\Users\Alex\AppData\Local\Temp\ccYQeFvT.o
 .debug_macro   0x00020e0e       0x1c C:\Users\Alex\AppData\Local\Temp\ccYQeFvT.o
 .debug_macro   0x00020e2a      0x2c7 C:\Users\Alex\AppData\Local\Temp\ccCKpNg2.o
 .debug_macro   0x000210f1       0x8e C:\Users\Alex\AppData\Local\Temp\ccCKpNg2.o
 .debug_macro   0x0002117f       0x51 C:\Users\Alex\AppData\Local\Temp\ccCKpNg2.o
 .debug_macro   0x000211d0       0x61 C:\Users\Alex\AppData\Local\Temp\ccCKpNg2.o
 .debug_macro   0x00021231       0x82 C:\Users\Alex\AppData\Local\Temp\ccCKpNg2.o
 .debug_macro   0x000212b3      0x2c1 C:\Users\Alex\AppData\Local\Temp\cchazakC.o
 .debug_macro   0x00021574      0x18a C:\Users\Alex\AppData\Local\Temp\cchazakC.o
 .debug_macro   0x000216fe      0x2d9 C:\Users\Alex\AppData\Local\Temp\ccEPKd29.o
 .debug_macro   0x000219d7       0x1c C:\Users\Alex\AppData\Local\Temp\ccEPKd29.o

.debug_line     0x00000000     0x43dc
 .debug_line    0x00000000     0x190d C:\Users\Alex\AppData\Local\Temp\ccjOm4cV.o
 .debug_line    0x0000190d       0x67 C:\Users\Alex\AppData\Local\Temp\ccdsI7Xn.o
 .debug_line    0x00001974      0x6cb C:\Users\Alex\AppData\Local\Temp\ccwQ9EDI.o
 .debug_line    0x0000203f      0xa23 C:\Users\Alex\AppData\Local\Temp\ccYQeFvT.o
 .debug_line    0x00002a62      0xa34 C:\Users\Alex\AppData\Local\Temp\ccCKpNg2.o
 .debug_line    0x00003496      0x9e3 C:\Users\Alex\AppData\Local\Temp\cchazakC.o
 .debug_line    0x00003e79      0x563 C:\Users\Alex\AppData\Local\Temp\ccEPKd29.o

.debug_str      0x00000000    0xb3eef
 .debug_str     0x00000000    0xb397c C:\Users\Alex\AppData\Local\Temp\ccjOm4cV.o
                              0xb3c6c (size before relaxing)
 .debug_str     0x000b397c       0x3b C:\Users\Alex\AppData\Local\Temp\ccdsI7Xn.o
                               0x2e48 (size before relaxing)
 .debug_str     0x000b39b7      0x178 C:\Users\Alex\AppData\Local\Temp\ccwQ9EDI.o
                              0xb27af (size before relaxing)
 .debug_str     0x000b3b2f      0x14c C:\Users\Alex\AppData\Local\Temp\ccYQeFvT.o
                              0xb2a03 (size before relaxing)
 .debug_str     0x000b3c7b      0x1aa C:\Users\Alex\AppData\Local\Temp\ccCKpNg2.o
                              0xb2a82 (size before relaxing)
 .debug_str     0x000b3e25       0x8a C:\Users\Alex\AppData\Local\Temp\cchazakC.o
                              0xb2fb9 (size before relaxing)
 .debug_str     0x000b3eaf       0x40 C:\Users\Alex\AppData\Local\Temp\ccEPKd29.o
                              0xb3076 (size before relaxing)

.comment        0x00000000       0x45
 .comment       0x00000000       0x45 C:\Users\Alex\AppData\Local\Temp\ccjOm4cV.o
                                 0x46 (size before relaxing)
 .comment       0x00000045       0x46 C:\Users\Alex\AppData\Local\Temp\ccdsI7Xn.o
 .comment       0x00000045       0x46 C:\Users\Alex\AppData\Local\Temp\ccwQ9EDI.o
 .comment       0x00000045       0x46 C:\Users\Alex\AppData\Local\Temp\ccYQeFvT.o
 .comment       0x00000045       0x46 C:\Users\Alex\AppData\Local\Temp\ccCKpNg2.o
 .comment       0x00000045       0x46 C:\Users\Alex\AppData\Local\Temp\cchazakC.o
 .comment       0x00000045       0x46 C:\Users\Alex\AppData\Local\Temp\ccEPKd29.o

.ARM.attributes
                0x00000000       0x32
 .ARM.attributes
                0x00000000       0x34 C:\Users\Alex\AppData\Local\Temp\ccjOm4cV.o
 .ARM.attributes
                0x00000034       0x34 C:\Users\Alex\AppData\Local\Temp\ccdsI7Xn.o
 .ARM.attributes
                0x00000068       0x34 C:\Users\Alex\AppData\Local\Temp\ccwQ9EDI.o
 .ARM.attributes
                0x0000009c       0x34 C:\Users\Alex\AppData\Local\Temp\ccYQeFvT.o
 .ARM.attributes
                0x000000d0       0x34 C:\Users\Alex\AppData\Local\Temp\ccCKpNg2.o
 .ARM.attributes
                0x00000104       0x34 C:\Users\Alex\AppData\Local\Temp\cchazakC.o
 .ARM.attributes
                0x00000138       0x34 C:\Users\Alex\AppData\Local\Temp\ccEPKd29.o
 .ARM.attributes
                0x0000016c       0x34 c:/program files (x86)/arm gnu toolchain arm-none-eabi/12.2 rel1/bin/../lib/gcc/arm-none-eabi/12.2.1/thumb/v7e-m+fp/hard\libc_nano.a(libc_a-printf.o)
 .ARM.attributes
                0x000001a0       0x34 c:/program files (x86)/arm gnu toolchain arm-none-eabi/12.2 rel1/bin/../lib/gcc/arm-none-eabi/12.2.1/thumb/v7e-m+fp/hard\libc_nano.a(libc_a-puts.o)
 .ARM.attributes
                0x000001d4       0x34 c:/program files (x86)/arm gnu toolchain arm-none-eabi/12.2 rel1/bin/../lib/gcc/arm-none-eabi/12.2.1/thumb/v7e-m+fp/hard\libc_nano.a(libc_a-wbuf.o)
 .ARM.attributes
                0x00000208       0x34 c:/program files (x86)/arm gnu toolchain arm-none-eabi/12.2 rel1/bin/../lib/gcc/arm-none-eabi/12.2.1/thumb/v7e-m+fp/hard\libc_nano.a(libc_a-wsetup.o)
 .ARM.attributes
                0x0000023c       0x34 c:/program files (x86)/arm gnu toolchain arm-none-eabi/12.2 rel1/bin/../lib/gcc/arm-none-eabi/12.2.1/thumb/v7e-m+fp/hard\libc_nano.a(libc_a-memset.o)
 .ARM.attributes
                0x00000270       0x34 c:/program files (x86)/arm gnu toolchain arm-none-eabi/12.2 rel1/bin/../lib/gcc/arm-none-eabi/12.2.1/thumb/v7e-m+fp/hard\libc_nano.a(libc_a-impure.o)
 .ARM.attributes
                0x000002a4       0x34 c:/program files (x86)/arm gnu toolchain arm-none-eabi/12.2 rel1/bin/../lib/gcc/arm-none-eabi/12.2.1/thumb/v7e-m+fp/hard\libc_nano.a(libc_a-lock.o)
 .ARM.attributes
                0x000002d8       0x34 c:/program files (x86)/arm gnu toolchain arm-none-eabi/12.2 rel1/bin/../lib/gcc/arm-none-eabi/12.2.1/thumb/v7e-m+fp/hard\libc_nano.a(libc_a-memcpy-stub.o)
 .ARM.attributes
                0x0000030c       0x34 c:/program files (x86)/arm gnu toolchain arm-none-eabi/12.2 rel1/bin/../lib/gcc/arm-none-eabi/12.2.1/thumb/v7e-m+fp/hard\libc_nano.a(libc_a-freer.o)
 .ARM.attributes
                0x00000340       0x34 c:/program files (x86)/arm gnu toolchain arm-none-eabi/12.2 rel1/bin/../lib/gcc/arm-none-eabi/12.2.1/thumb/v7e-m+fp/hard\libc_nano.a(libc_a-mallocr.o)
 .ARM.attributes
                0x00000374       0x34 c:/program files (x86)/arm gnu toolchain arm-none-eabi/12.2 rel1/bin/../lib/gcc/arm-none-eabi/12.2.1/thumb/v7e-m+fp/hard\libc_nano.a(libc_a-mlock.o)
 .ARM.attributes
                0x000003a8       0x34 c:/program files (x86)/arm gnu toolchain arm-none-eabi/12.2 rel1/bin/../lib/gcc/arm-none-eabi/12.2.1/thumb/v7e-m+fp/hard\libc_nano.a(libc_a-nano-vfprintf.o)
 .ARM.attributes
                0x000003dc       0x34 c:/program files (x86)/arm gnu toolchain arm-none-eabi/12.2 rel1/bin/../lib/gcc/arm-none-eabi/12.2.1/thumb/v7e-m+fp/hard\libc_nano.a(libc_a-nano-vfprintf_i.o)
 .ARM.attributes
                0x00000410       0x34 c:/program files (x86)/arm gnu toolchain arm-none-eabi/12.2 rel1/bin/../lib/gcc/arm-none-eabi/12.2.1/thumb/v7e-m+fp/hard\libc_nano.a(libc_a-fflush.o)
 .ARM.attributes
                0x00000444       0x34 c:/program files (x86)/arm gnu toolchain arm-none-eabi/12.2 rel1/bin/../lib/gcc/arm-none-eabi/12.2.1/thumb/v7e-m+fp/hard\libc_nano.a(libc_a-findfp.o)
 .ARM.attributes
                0x00000478       0x34 c:/program files (x86)/arm gnu toolchain arm-none-eabi/12.2 rel1/bin/../lib/gcc/arm-none-eabi/12.2.1/thumb/v7e-m+fp/hard\libc_nano.a(libc_a-fwalk.o)
 .ARM.attributes
                0x000004ac       0x34 c:/program files (x86)/arm gnu toolchain arm-none-eabi/12.2 rel1/bin/../lib/gcc/arm-none-eabi/12.2.1/thumb/v7e-m+fp/hard\libc_nano.a(libc_a-makebuf.o)
 .ARM.attributes
                0x000004e0       0x34 c:/program files (x86)/arm gnu toolchain arm-none-eabi/12.2 rel1/bin/../lib/gcc/arm-none-eabi/12.2.1/thumb/v7e-m+fp/hard\libc_nano.a(libc_a-stdio.o)
 .ARM.attributes
                0x00000514       0x34 c:/program files (x86)/arm gnu toolchain arm-none-eabi/12.2 rel1/bin/../lib/gcc/arm-none-eabi/12.2.1/thumb/v7e-m+fp/hard\libc_nano.a(libc_a-closer.o)
 .ARM.attributes
                0x00000548       0x34 c:/program files (x86)/arm gnu toolchain arm-none-eabi/12.2 rel1/bin/../lib/gcc/arm-none-eabi/12.2.1/thumb/v7e-m+fp/hard\libc_nano.a(libc_a-reent.o)
 .ARM.attributes
                0x0000057c       0x34 c:/program files (x86)/arm gnu toolchain arm-none-eabi/12.2 rel1/bin/../lib/gcc/arm-none-eabi/12.2.1/thumb/v7e-m+fp/hard\libc_nano.a(libc_a-fstatr.o)
 .ARM.attributes
                0x000005b0       0x34 c:/program files (x86)/arm gnu toolchain arm-none-eabi/12.2 rel1/bin/../lib/gcc/arm-none-eabi/12.2.1/thumb/v7e-m+fp/hard\libc_nano.a(libc_a-isattyr.o)
 .ARM.attributes
                0x000005e4       0x34 c:/program files (x86)/arm gnu toolchain arm-none-eabi/12.2 rel1/bin/../lib/gcc/arm-none-eabi/12.2.1/thumb/v7e-m+fp/hard\libc_nano.a(libc_a-lseekr.o)
 .ARM.attributes
                0x00000618       0x34 c:/program files (x86)/arm gnu toolchain arm-none-eabi/12.2 rel1/bin/../lib/gcc/arm-none-eabi/12.2.1/thumb/v7e-m+fp/hard\libc_nano.a(libc_a-readr.o)
 .ARM.attributes
                0x0000064c       0x34 c:/program files (x86)/arm gnu toolchain arm-none-eabi/12.2 rel1/bin/../lib/gcc/arm-none-eabi/12.2.1/thumb/v7e-m+fp/hard\libc_nano.a(libc_a-sbrkr.o)
 .ARM.attributes
                0x00000680       0x34 c:/program files (x86)/arm gnu toolchain arm-none-eabi/12.2 rel1/bin/../lib/gcc/arm-none-eabi/12.2.1/thumb/v7e-m+fp/hard\libc_nano.a(libc_a-writer.o)
 .ARM.attributes
                0x000006b4       0x1c c:/program files (x86)/arm gnu toolchain arm-none-eabi/12.2 rel1/bin/../lib/gcc/arm-none-eabi/12.2.1/thumb/v7e-m+fp/hard\libc_nano.a(libc_a-memchr.o)
 .ARM.attributes
                0x000006d0       0x22 c:/program files (x86)/arm gnu toolchain arm-none-eabi/12.2 rel1/bin/../lib/gcc/arm-none-eabi/12.2.1/thumb/v7e-m+fp/hard\libgcc.a(_arm_addsubdf3.o)
 .ARM.attributes
                0x000006f2       0x22 c:/program files (x86)/arm gnu toolchain arm-none-eabi/12.2 rel1/bin/../lib/gcc/arm-none-eabi/12.2.1/thumb/v7e-m+fp/hard\libgcc.a(_arm_muldivdf3.o)
 .ARM.attributes
                0x00000714       0x22 c:/program files (x86)/arm gnu toolchain arm-none-eabi/12.2 rel1/bin/../lib/gcc/arm-none-eabi/12.2.1/thumb/v7e-m+fp/hard\libgcc.a(_arm_cmpdf2.o)
 .ARM.attributes
                0x00000736       0x22 c:/program files (x86)/arm gnu toolchain arm-none-eabi/12.2 rel1/bin/../lib/gcc/arm-none-eabi/12.2.1/thumb/v7e-m+fp/hard\libgcc.a(_arm_fixdfsi.o)
 .ARM.attributes
                0x00000758       0x34 c:/program files (x86)/arm gnu toolchain arm-none-eabi/12.2 rel1/bin/../lib/gcc/arm-none-eabi/12.2.1/thumb/v7e-m+fp/hard\libgcc.a(_fixdfdi.o)
 .ARM.attributes
                0x0000078c       0x34 c:/program files (x86)/arm gnu toolchain arm-none-eabi/12.2 rel1/bin/../lib/gcc/arm-none-eabi/12.2.1/thumb/v7e-m+fp/hard\libgcc.a(_fixunsdfdi.o)
 .ARM.attributes
                0x000007c0       0x22 c:/program files (x86)/arm gnu toolchain arm-none-eabi/12.2 rel1/bin/../lib/gcc/arm-none-eabi/12.2.1/thumb/v7e-m+fp/hard\libgcc.a(_arm_fixunsdfsi.o)

.debug_frame    0x00000000     0x1488
 .debug_frame   0x00000000      0x5b8 C:\Users\Alex\AppData\Local\Temp\ccjOm4cV.o
 .debug_frame   0x000005b8       0x20 C:\Users\Alex\AppData\Local\Temp\ccdsI7Xn.o
 .debug_frame   0x000005d8      0x108 C:\Users\Alex\AppData\Local\Temp\ccwQ9EDI.o
 .debug_frame   0x000006e0      0x140 C:\Users\Alex\AppData\Local\Temp\ccYQeFvT.o
 .debug_frame   0x00000820       0xc8 C:\Users\Alex\AppData\Local\Temp\ccCKpNg2.o
 .debug_frame   0x000008e8       0xfc C:\Users\Alex\AppData\Local\Temp\cchazakC.o
 .debug_frame   0x000009e4       0x50 C:\Users\Alex\AppData\Local\Temp\ccEPKd29.o
 .debug_frame   0x00000a34       0x6c c:/program files (x86)/arm gnu toolchain arm-none-eabi/12.2 rel1/bin/../lib/gcc/arm-none-eabi/12.2.1/thumb/v7e-m+fp/hard\libc_nano.a(libc_a-printf.o)
 .debug_frame   0x00000aa0       0x3c c:/program files (x86)/arm gnu toolchain arm-none-eabi/12.2 rel1/bin/../lib/gcc/arm-none-eabi/12.2.1/thumb/v7e-m+fp/hard\libc_nano.a(libc_a-puts.o)
 .debug_frame   0x00000adc       0x40 c:/program files (x86)/arm gnu toolchain arm-none-eabi/12.2 rel1/bin/../lib/gcc/arm-none-eabi/12.2.1/thumb/v7e-m+fp/hard\libc_nano.a(libc_a-wbuf.o)
 .debug_frame   0x00000b1c       0x2c c:/program files (x86)/arm gnu toolchain arm-none-eabi/12.2 rel1/bin/../lib/gcc/arm-none-eabi/12.2.1/thumb/v7e-m+fp/hard\libc_nano.a(libc_a-wsetup.o)
 .debug_frame   0x00000b48       0x20 c:/program files (x86)/arm gnu toolchain arm-none-eabi/12.2 rel1/bin/../lib/gcc/arm-none-eabi/12.2.1/thumb/v7e-m+fp/hard\libc_nano.a(libc_a-memset.o)
 .debug_frame   0x00000b68       0xb0 c:/program files (x86)/arm gnu toolchain arm-none-eabi/12.2 rel1/bin/../lib/gcc/arm-none-eabi/12.2.1/thumb/v7e-m+fp/hard\libc_nano.a(libc_a-lock.o)
 .debug_frame   0x00000c18       0x28 c:/program files (x86)/arm gnu toolchain arm-none-eabi/12.2 rel1/bin/../lib/gcc/arm-none-eabi/12.2.1/thumb/v7e-m+fp/hard\libc_nano.a(libc_a-memcpy-stub.o)
 .debug_frame   0x00000c40       0x38 c:/program files (x86)/arm gnu toolchain arm-none-eabi/12.2 rel1/bin/../lib/gcc/arm-none-eabi/12.2.1/thumb/v7e-m+fp/hard\libc_nano.a(libc_a-freer.o)
 .debug_frame   0x00000c78       0x4c c:/program files (x86)/arm gnu toolchain arm-none-eabi/12.2 rel1/bin/../lib/gcc/arm-none-eabi/12.2.1/thumb/v7e-m+fp/hard\libc_nano.a(libc_a-mallocr.o)
 .debug_frame   0x00000cc4       0x30 c:/program files (x86)/arm gnu toolchain arm-none-eabi/12.2 rel1/bin/../lib/gcc/arm-none-eabi/12.2.1/thumb/v7e-m+fp/hard\libc_nano.a(libc_a-mlock.o)
 .debug_frame   0x00000cf4       0xa8 c:/program files (x86)/arm gnu toolchain arm-none-eabi/12.2 rel1/bin/../lib/gcc/arm-none-eabi/12.2.1/thumb/v7e-m+fp/hard\libc_nano.a(libc_a-nano-vfprintf.o)
 .debug_frame   0x00000d9c       0x60 c:/program files (x86)/arm gnu toolchain arm-none-eabi/12.2 rel1/bin/../lib/gcc/arm-none-eabi/12.2.1/thumb/v7e-m+fp/hard\libc_nano.a(libc_a-nano-vfprintf_i.o)
 .debug_frame   0x00000dfc       0x5c c:/program files (x86)/arm gnu toolchain arm-none-eabi/12.2 rel1/bin/../lib/gcc/arm-none-eabi/12.2.1/thumb/v7e-m+fp/hard\libc_nano.a(libc_a-fflush.o)
 .debug_frame   0x00000e58      0x144 c:/program files (x86)/arm gnu toolchain arm-none-eabi/12.2 rel1/bin/../lib/gcc/arm-none-eabi/12.2.1/thumb/v7e-m+fp/hard\libc_nano.a(libc_a-findfp.o)
 .debug_frame   0x00000f9c       0x34 c:/program files (x86)/arm gnu toolchain arm-none-eabi/12.2 rel1/bin/../lib/gcc/arm-none-eabi/12.2.1/thumb/v7e-m+fp/hard\libc_nano.a(libc_a-fwalk.o)
 .debug_frame   0x00000fd0       0x58 c:/program files (x86)/arm gnu toolchain arm-none-eabi/12.2 rel1/bin/../lib/gcc/arm-none-eabi/12.2.1/thumb/v7e-m+fp/hard\libc_nano.a(libc_a-makebuf.o)
 .debug_frame   0x00001028       0x88 c:/program files (x86)/arm gnu toolchain arm-none-eabi/12.2 rel1/bin/../lib/gcc/arm-none-eabi/12.2.1/thumb/v7e-m+fp/hard\libc_nano.a(libc_a-stdio.o)
 .debug_frame   0x000010b0       0x2c c:/program files (x86)/arm gnu toolchain arm-none-eabi/12.2 rel1/bin/../lib/gcc/arm-none-eabi/12.2.1/thumb/v7e-m+fp/hard\libc_nano.a(libc_a-closer.o)
 .debug_frame   0x000010dc       0x38 c:/program files (x86)/arm gnu toolchain arm-none-eabi/12.2 rel1/bin/../lib/gcc/arm-none-eabi/12.2.1/thumb/v7e-m+fp/hard\libc_nano.a(libc_a-reent.o)
 .debug_frame   0x00001114       0x2c c:/program files (x86)/arm gnu toolchain arm-none-eabi/12.2 rel1/bin/../lib/gcc/arm-none-eabi/12.2.1/thumb/v7e-m+fp/hard\libc_nano.a(libc_a-fstatr.o)
 .debug_frame   0x00001140       0x2c c:/program files (x86)/arm gnu toolchain arm-none-eabi/12.2 rel1/bin/../lib/gcc/arm-none-eabi/12.2.1/thumb/v7e-m+fp/hard\libc_nano.a(libc_a-isattyr.o)
 .debug_frame   0x0000116c       0x2c c:/program files (x86)/arm gnu toolchain arm-none-eabi/12.2 rel1/bin/../lib/gcc/arm-none-eabi/12.2.1/thumb/v7e-m+fp/hard\libc_nano.a(libc_a-lseekr.o)
 .debug_frame   0x00001198       0x2c c:/program files (x86)/arm gnu toolchain arm-none-eabi/12.2 rel1/bin/../lib/gcc/arm-none-eabi/12.2.1/thumb/v7e-m+fp/hard\libc_nano.a(libc_a-readr.o)
 .debug_frame   0x000011c4       0x2c c:/program files (x86)/arm gnu toolchain arm-none-eabi/12.2 rel1/bin/../lib/gcc/arm-none-eabi/12.2.1/thumb/v7e-m+fp/hard\libc_nano.a(libc_a-sbrkr.o)
 .debug_frame   0x000011f0       0x2c c:/program files (x86)/arm gnu toolchain arm-none-eabi/12.2 rel1/bin/../lib/gcc/arm-none-eabi/12.2.1/thumb/v7e-m+fp/hard\libc_nano.a(libc_a-writer.o)
 .debug_frame   0x0000121c       0xac c:/program files (x86)/arm gnu toolchain arm-none-eabi/12.2 rel1/bin/../lib/gcc/arm-none-eabi/12.2.1/thumb/v7e-m+fp/hard\libgcc.a(_arm_addsubdf3.o)
 .debug_frame   0x000012c8       0x50 c:/program files (x86)/arm gnu toolchain arm-none-eabi/12.2 rel1/bin/../lib/gcc/arm-none-eabi/12.2.1/thumb/v7e-m+fp/hard\libgcc.a(_arm_muldivdf3.o)
 .debug_frame   0x00001318       0xc4 c:/program files (x86)/arm gnu toolchain arm-none-eabi/12.2 rel1/bin/../lib/gcc/arm-none-eabi/12.2.1/thumb/v7e-m+fp/hard\libgcc.a(_arm_cmpdf2.o)
 .debug_frame   0x000013dc       0x24 c:/program files (x86)/arm gnu toolchain arm-none-eabi/12.2 rel1/bin/../lib/gcc/arm-none-eabi/12.2.1/thumb/v7e-m+fp/hard\libgcc.a(_arm_fixdfsi.o)
 .debug_frame   0x00001400       0x38 c:/program files (x86)/arm gnu toolchain arm-none-eabi/12.2 rel1/bin/../lib/gcc/arm-none-eabi/12.2.1/thumb/v7e-m+fp/hard\libgcc.a(_fixdfdi.o)
 .debug_frame   0x00001438       0x2c c:/program files (x86)/arm gnu toolchain arm-none-eabi/12.2 rel1/bin/../lib/gcc/arm-none-eabi/12.2.1/thumb/v7e-m+fp/hard\libgcc.a(_fixunsdfdi.o)
 .debug_frame   0x00001464       0x24 c:/program files (x86)/arm gnu toolchain arm-none-eabi/12.2 rel1/bin/../lib/gcc/arm-none-eabi/12.2.1/thumb/v7e-m+fp/hard\libgcc.a(_arm_fixunsdfsi.o)

.debug_line_str
                0x00000000      0x1af
 .debug_line_str
                0x00000000       0xe1 c:/program files (x86)/arm gnu toolchain arm-none-eabi/12.2 rel1/bin/../lib/gcc/arm-none-eabi/12.2.1/thumb/v7e-m+fp/hard\libc_nano.a(libc_a-memchr.o)
 .debug_line_str
                0x000000e1       0xce c:/program files (x86)/arm gnu toolchain arm-none-eabi/12.2 rel1/bin/../lib/gcc/arm-none-eabi/12.2.1/thumb/v7e-m+fp/hard\libgcc.a(_arm_addsubdf3.o)
 .debug_line_str
                0x000001af       0xce c:/program files (x86)/arm gnu toolchain arm-none-eabi/12.2 rel1/bin/../lib/gcc/arm-none-eabi/12.2.1/thumb/v7e-m+fp/hard\libgcc.a(_arm_muldivdf3.o)
 .debug_line_str
                0x000001af       0xce c:/program files (x86)/arm gnu toolchain arm-none-eabi/12.2 rel1/bin/../lib/gcc/arm-none-eabi/12.2.1/thumb/v7e-m+fp/hard\libgcc.a(_arm_cmpdf2.o)
 .debug_line_str
                0x000001af       0xce c:/program files (x86)/arm gnu toolchain arm-none-eabi/12.2 rel1/bin/../lib/gcc/arm-none-eabi/12.2.1/thumb/v7e-m+fp/hard\libgcc.a(_arm_fixdfsi.o)
 .debug_line_str
                0x000001af       0xce c:/program files (x86)/arm gnu toolchain arm-none-eabi/12.2 rel1/bin/../lib/gcc/arm-none-eabi/12.2.1/thumb/v7e-m+fp/hard\libgcc.a(_arm_fixunsdfsi.o)
