Archive member included to satisfy reference by file (symbol)

/opt/arm-none-eabi/bin/../lib/gcc/arm-none-eabi/13.2.1/../../../../arm-none-eabi/lib/thumb/v7e-m+fp/hard/libm.a(libm_a-s_trunc.o)
                              /tmp/cc09Hhgp.o (trunc)
/opt/arm-none-eabi/bin/../lib/gcc/arm-none-eabi/13.2.1/../../../../arm-none-eabi/lib/thumb/v7e-m+fp/hard/libm.a(libm_a-w_sqrt.o)
                              /tmp/ccunmz2V.o (sqrt)
/opt/arm-none-eabi/bin/../lib/gcc/arm-none-eabi/13.2.1/../../../../arm-none-eabi/lib/thumb/v7e-m+fp/hard/libm.a(libm_a-powl.o)
                              /tmp/cc9OPQac.o (powl)
/opt/arm-none-eabi/bin/../lib/gcc/arm-none-eabi/13.2.1/../../../../arm-none-eabi/lib/thumb/v7e-m+fp/hard/libm.a(libm_a-e_sqrt.o)
                              /opt/arm-none-eabi/bin/../lib/gcc/arm-none-eabi/13.2.1/../../../../arm-none-eabi/lib/thumb/v7e-m+fp/hard/libm.a(libm_a-w_sqrt.o) (__ieee754_sqrt)
/opt/arm-none-eabi/bin/../lib/gcc/arm-none-eabi/13.2.1/../../../../arm-none-eabi/lib/thumb/v7e-m+fp/hard/libm.a(libm_a-w_pow.o)
                              /tmp/ccunmz2V.o (pow)
/opt/arm-none-eabi/bin/../lib/gcc/arm-none-eabi/13.2.1/../../../../arm-none-eabi/lib/thumb/v7e-m+fp/hard/libm.a(libm_a-s_finite.o)
                              /opt/arm-none-eabi/bin/../lib/gcc/arm-none-eabi/13.2.1/../../../../arm-none-eabi/lib/thumb/v7e-m+fp/hard/libm.a(libm_a-w_pow.o) (finite)
/opt/arm-none-eabi/bin/../lib/gcc/arm-none-eabi/13.2.1/../../../../arm-none-eabi/lib/thumb/v7e-m+fp/hard/libm.a(libm_a-e_pow.o)
                              /opt/arm-none-eabi/bin/../lib/gcc/arm-none-eabi/13.2.1/../../../../arm-none-eabi/lib/thumb/v7e-m+fp/hard/libm.a(libm_a-w_pow.o) (__ieee754_pow)
/opt/arm-none-eabi/bin/../lib/gcc/arm-none-eabi/13.2.1/../../../../arm-none-eabi/lib/thumb/v7e-m+fp/hard/libm.a(libm_a-math_err.o)
                              /opt/arm-none-eabi/bin/../lib/gcc/arm-none-eabi/13.2.1/../../../../arm-none-eabi/lib/thumb/v7e-m+fp/hard/libm.a(libm_a-e_pow.o) (__math_uflow)
/opt/arm-none-eabi/bin/../lib/gcc/arm-none-eabi/13.2.1/../../../../arm-none-eabi/lib/thumb/v7e-m+fp/hard/libm.a(libm_a-s_fabs.o)
                              /opt/arm-none-eabi/bin/../lib/gcc/arm-none-eabi/13.2.1/../../../../arm-none-eabi/lib/thumb/v7e-m+fp/hard/libm.a(libm_a-e_pow.o) (fabs)
/opt/arm-none-eabi/bin/../lib/gcc/arm-none-eabi/13.2.1/../../../../arm-none-eabi/lib/thumb/v7e-m+fp/hard/libm.a(libm_a-s_scalbn.o)
                              /opt/arm-none-eabi/bin/../lib/gcc/arm-none-eabi/13.2.1/../../../../arm-none-eabi/lib/thumb/v7e-m+fp/hard/libm.a(libm_a-e_pow.o) (scalbn)
/opt/arm-none-eabi/bin/../lib/gcc/arm-none-eabi/13.2.1/../../../../arm-none-eabi/lib/thumb/v7e-m+fp/hard/libc_nano.a(libc_a-printf.o)
                              /tmp/cc09Hhgp.o (printf)
/opt/arm-none-eabi/bin/../lib/gcc/arm-none-eabi/13.2.1/../../../../arm-none-eabi/lib/thumb/v7e-m+fp/hard/libc_nano.a(libc_a-nano-vfprintf.o)
                              /opt/arm-none-eabi/bin/../lib/gcc/arm-none-eabi/13.2.1/../../../../arm-none-eabi/lib/thumb/v7e-m+fp/hard/libc_nano.a(libc_a-printf.o) (_vfprintf_r)
/opt/arm-none-eabi/bin/../lib/gcc/arm-none-eabi/13.2.1/../../../../arm-none-eabi/lib/thumb/v7e-m+fp/hard/libc_nano.a(libc_a-wbuf.o)
                              /opt/arm-none-eabi/bin/../lib/gcc/arm-none-eabi/13.2.1/../../../../arm-none-eabi/lib/thumb/v7e-m+fp/hard/libc_nano.a(libc_a-nano-vfprintf.o) (__swbuf_r)
/opt/arm-none-eabi/bin/../lib/gcc/arm-none-eabi/13.2.1/../../../../arm-none-eabi/lib/thumb/v7e-m+fp/hard/libc_nano.a(libc_a-wsetup.o)
                              /opt/arm-none-eabi/bin/../lib/gcc/arm-none-eabi/13.2.1/../../../../arm-none-eabi/lib/thumb/v7e-m+fp/hard/libc_nano.a(libc_a-nano-vfprintf.o) (__swsetup_r)
/opt/arm-none-eabi/bin/../lib/gcc/arm-none-eabi/13.2.1/../../../../arm-none-eabi/lib/thumb/v7e-m+fp/hard/libc_nano.a(libc_a-putchar.o)
                              /tmp/cc09Hhgp.o (putchar)
/opt/arm-none-eabi/bin/../lib/gcc/arm-none-eabi/13.2.1/../../../../arm-none-eabi/lib/thumb/v7e-m+fp/hard/libc_nano.a(libc_a-nano-vfprintf_i.o)
                              /opt/arm-none-eabi/bin/../lib/gcc/arm-none-eabi/13.2.1/../../../../arm-none-eabi/lib/thumb/v7e-m+fp/hard/libc_nano.a(libc_a-nano-vfprintf.o) (_printf_i)
/opt/arm-none-eabi/bin/../lib/gcc/arm-none-eabi/13.2.1/../../../../arm-none-eabi/lib/thumb/v7e-m+fp/hard/libc_nano.a(libc_a-puts.o)
                              /tmp/cc09Hhgp.o (puts)
/opt/arm-none-eabi/bin/../lib/gcc/arm-none-eabi/13.2.1/../../../../arm-none-eabi/lib/thumb/v7e-m+fp/hard/libc_nano.a(libc_a-impure.o)
                              /opt/arm-none-eabi/bin/../lib/gcc/arm-none-eabi/13.2.1/../../../../arm-none-eabi/lib/thumb/v7e-m+fp/hard/libc_nano.a(libc_a-printf.o) (_impure_ptr)
/opt/arm-none-eabi/bin/../lib/gcc/arm-none-eabi/13.2.1/../../../../arm-none-eabi/lib/thumb/v7e-m+fp/hard/libc_nano.a(libc_a-fflush.o)
[...]
Memory Configuration

Name             Origin             Length             Attributes
flash            0x08000000         0x00200000         xr
sram             0x20000000         0x00030000         xrw
*default*        0x00000000         0xffffffff

Linker script and memory map

LOAD /tmp/cc09Hhgp.o
LOAD /tmp/cc7oZb7C.o
LOAD /tmp/cc2npZdP.o
LOAD /tmp/ccfHaK8L.o
LOAD /tmp/ccek0zfT.o
LOAD /tmp/ccXgpA5V.o
LOAD /tmp/ccI1kdk5.o
LOAD /tmp/ccmajkPA.o
LOAD /tmp/ccunmz2V.o
LOAD /tmp/cc9OPQac.o
LOAD /tmp/ccV20Vk2.o
LOAD /opt/arm-none-eabi/bin/../lib/gcc/arm-none-eabi/13.2.1/../../../../arm-none-eabi/lib/thumb/v7e-m+fp/hard/libm.a
LOAD /opt/arm-none-eabi/bin/../lib/gcc/arm-none-eabi/13.2.1/../../../../arm-none-eabi/lib/thumb/v7e-m+fp/hard/libc_nano.a
LOAD /opt/arm-none-eabi/bin/../lib/gcc/arm-none-eabi/13.2.1/thumb/v7e-m+fp/hard/libgcc.a
                0x20030000                        _estack = (ORIGIN (sram) + LENGTH (sram))

.vectors        0x08000000      0x1bc
 *(.vectors)
 .vectors       0x08000000      0x1bc /tmp/cc7oZb7C.o
                0x08000000                tab

.text           0x080001c0     0x72b4
 *(.text*)
 .text.get_time_us
                0x080001c0       0x14 /tmp/cc09Hhgp.o
 .text.delay_microseconds
                0x080001d4       0x2a /tmp/cc09Hhgp.o
 *fill*         0x080001fe        0x2 
 .text.gpio_set_mode
                0x08000200       0x78 /tmp/cc09Hhgp.o
 .text.gpio_write
                0x08000278       0x4c /tmp/cc09Hhgp.o
 .text.gpio_read
                0x080002c4       0x40 /tmp/cc09Hhgp.o
 .text.get_bit  0x08000304       0x40 /tmp/cc09Hhgp.o
 .text.zip      0x08000344      0x694 /tmp/cc09Hhgp.o
 .text.unzip    0x080009d8      0x794 /tmp/cc09Hhgp.o
 .text.print_byte
                0x0800116c       0x50 /tmp/cc09Hhgp.o
 .text._memset  0x080011bc       0x3a /tmp/cc09Hhgp.o
 *fill*         0x080011f6        0x2 
 .text.wait_for_ready_flag
                0x080011f8       0x54 /tmp/cc09Hhgp.o
 .text.set_pin_modes
                0x0800124c       0xb4 /tmp/cc09Hhgp.o
 .text.set_control_pins
                0x08001300       0xbc /tmp/cc09Hhgp.o
 .text.set_data_pins
                0x080013bc      0x108 /tmp/cc09Hhgp.o
 .text.send_byte_to_flash
                0x080014c4       0x36 /tmp/cc09Hhgp.o
 *fill*         0x080014fa        0x2 
 .text.receive_byte_from_flash
                0x080014fc      0x110 /tmp/cc09Hhgp.o
 .text.send_addr_to_flash
                0x0800160c       0xb0 /tmp/cc09Hhgp.o
 .text.read_flash_ID
                0x080016bc       0x9c /tmp/cc09Hhgp.o
 .text.read_frame
                0x08001758       0x5a /tmp/cc09Hhgp.o
 *fill*         0x080017b2        0x2 
 .text.write_frame
                0x080017b4       0x78 /tmp/cc09Hhgp.o
 .text.max      0x0800182c       0x28 /tmp/cc09Hhgp.o
 .text.diff     0x08001854       0x2a /tmp/cc09Hhgp.o
 .text.get_next_available_frame_addr
                0x0800187e       0xbe /tmp/cc09Hhgp.o
 .text.init_flash
                0x0800193c      0x140 /tmp/cc09Hhgp.o
 .text.calculate_CRC
                0x08001a7c       0x88 /tmp/cc09Hhgp.o
 .text.encode_parity
                0x08001b04       0x5e /tmp/cc09Hhgp.o
 *fill*         0x08001b62        0x2 
 .text.log_frame
                0x08001b64       0x90 /tmp/cc09Hhgp.o
 .text.SysTick_Handler
                0x08001bf4       0x1c /tmp/cc09Hhgp.o
                0x08001bf4                SysTick_Handler
 .text.get_frame_array
                0x08001c10      0x118 /tmp/cc09Hhgp.o
                0x08001c10                get_frame_array
 .text.update_sensors
                0x08001d28       0x7c /tmp/cc09Hhgp.o
                0x08001d28                update_sensors
 .text.main     0x08001da4      0x88c /tmp/cc09Hhgp.o
                0x08001da4                main
 .text._reset   0x08002630       0x44 /tmp/cc7oZb7C.o
                0x08002630                _reset
 .text.spin     0x08002674       0x24 /tmp/cc2npZdP.o
 .text.uart_write_byte
                0x08002698       0x32 /tmp/cc2npZdP.o
 .text.uart_write_buf
                0x080026ca       0x32 /tmp/cc2npZdP.o
 .text._fstat   0x080026fc       0x2c /tmp/cc2npZdP.o
                0x080026fc                _fstat
 .text._sbrk    0x08002728       0x40 /tmp/cc2npZdP.o
                0x08002728                _sbrk
 .text._close   0x08002768       0x18 /tmp/cc2npZdP.o
                0x08002768                _close
 .text._isatty  0x08002780       0x16 /tmp/cc2npZdP.o
                0x08002780                _isatty
 .text._lseek   0x08002796       0x1a /tmp/cc2npZdP.o
                0x08002796                _lseek
 .text._read    0x080027b0       0x1c /tmp/cc2npZdP.o
                0x080027b0                _read
 .text._write   0x080027cc       0x40 /tmp/cc2npZdP.o
                0x080027cc                _write
 .text.delay_ms
                0x0800280c       0x30 /tmp/ccfHaK8L.o
 .text.systick_init
                0x0800283c       0x58 /tmp/ccfHaK8L.o
 .text.gpio_set_mode
                0x08002894       0x78 /tmp/ccfHaK8L.o
 .text.gpio_set_af
                0x0800290c       0x82 /tmp/ccfHaK8L.o
 .text.gpio_write
                0x0800298e       0x4c /tmp/ccfHaK8L.o
 *fill*         0x080029da        0x2 
 .text.uart_init
                0x080029dc      0x12c /tmp/ccfHaK8L.o
 .text.spi_init
                0x08002b08      0x19c /tmp/ccfHaK8L.o
 .text.pwr_vdd2_init
                0x08002ca4       0x30 /tmp/ccfHaK8L.o
 .text.STM32_init
                0x08002cd4       0x3c /tmp/ccfHaK8L.o
                0x08002cd4                STM32_init
 .text.STM32_init_clock
                0x08002d10       0xc4 /tmp/ccfHaK8L.o
                0x08002d10                STM32_init_clock
 .text.init_delay_timer
                0x08002dd4       0x50 /tmp/ccfHaK8L.o
                0x08002dd4                init_delay_timer
 .text.STM32_init_internals
                0x08002e24       0x48 /tmp/ccfHaK8L.o
                0x08002e24                STM32_init_internals
 .text.STM32_init_peripherals
                0x08002e6c        0xe /tmp/ccfHaK8L.o
                0x08002e6c                STM32_init_peripherals
 .text.STM32_beep_buzzer
                0x08002e7a       0x4c /tmp/ccfHaK8L.o
                0x08002e7a                STM32_beep_buzzer
 .text.STM32_indicate_on
                0x08002ec6       0x56 /tmp/ccfHaK8L.o
                0x08002ec6                STM32_indicate_on
 .text.get_time_us
                0x08002f1c       0x14 /tmp/ccek0zfT.o
 .text.delay_microseconds
                0x08002f30       0x2a /tmp/ccek0zfT.o
 .text.gpio_write
                0x08002f5a       0x4c /tmp/ccek0zfT.o
 .text.spi_ready_read
                0x08002fa6       0x32 /tmp/ccek0zfT.o
 .text.spi_ready_write
                0x08002fd8       0x24 /tmp/ccek0zfT.o
 .text.spi_enable_cs
                0x08002ffc       0x28 /tmp/ccek0zfT.o
 .text.spi_disable_cs
                0x08003024       0x28 /tmp/ccek0zfT.o
 .text.spi_transmit
                0x0800304c       0x36 /tmp/ccek0zfT.o
 .text.spi_transmit_receive
                0x08003082       0xb8 /tmp/ccek0zfT.o
 *fill*         0x0800313a        0x2 
 .text.MS5611_init
                0x0800313c       0x64 /tmp/ccek0zfT.o
                0x0800313c                MS5611_init
 .text.MS5611_read_PROM
                0x080031a0       0x70 /tmp/ccek0zfT.o
                0x080031a0                MS5611_read_PROM
 .text.MS5611_get_data
                0x08003210      0x264 /tmp/ccek0zfT.o
                0x08003210                MS5611_get_data
 .text.delay_ms
                0x08003474       0x30 /tmp/ccI1kdk5.o
 .text.gpio_write
                0x080034a4       0x4c /tmp/ccI1kdk5.o
 .text.spi_ready_read
                0x080034f0       0x32 /tmp/ccI1kdk5.o
 .text.spi_ready_write
                0x08003522       0x24 /tmp/ccI1kdk5.o
 *fill*         0x08003546        0x2 
 .text.spi_enable_cs
                0x08003548       0x28 /tmp/ccI1kdk5.o
 .text.spi_disable_cs
                0x08003570       0x28 /tmp/ccI1kdk5.o
 .text.spi_transmit
                0x08003598       0x36 /tmp/ccI1kdk5.o
 .text.spi_transmit_receive
                0x080035ce       0xb8 /tmp/ccI1kdk5.o
 *fill*         0x08003686        0x2 
 .text.ADXL375_init
                0x08003688       0xa4 /tmp/ccI1kdk5.o
                0x08003688                ADXL375_init
 .text.ADXL375_get_data
                0x0800372c       0xe8 /tmp/ccI1kdk5.o
                0x0800372c                ADXL375_get_data
 .text.ADXL375_reg_write
                0x08003814       0x54 /tmp/ccI1kdk5.o
                0x08003814                ADXL375_reg_write
 .text.ADXL375_reg_read
                0x08003868       0x78 /tmp/ccI1kdk5.o
                0x08003868                ADXL375_reg_read
 .text.init_buffer
                0x080038e0       0x3e /tmp/ccunmz2V.o
                0x080038e0                init_buffer
 .text.cmpfunc  0x0800391e       0x20 /tmp/ccunmz2V.o
                0x0800391e                cmpfunc
 *fill*         0x0800393e        0x2 
 .text.get_median
                0x08003940       0x6c /tmp/ccunmz2V.o
                0x08003940                get_median
 .text.set_ground_reference
                0x080039ac       0x58 /tmp/ccunmz2V.o
                0x080039ac                set_ground_reference
 .text.update_buffer
                0x08003a04      0x104 /tmp/ccunmz2V.o
                0x08003a04                update_buffer
 .text.is_stationary
                0x08003b08       0xe8 /tmp/ccunmz2V.o
                0x08003b08                is_stationary
 .text.get_time_us
                0x08003bf0       0x14 /tmp/cc9OPQac.o
 .text.delay_microseconds
                0x08003c04       0x2a /tmp/cc9OPQac.o
 *fill*         0x08003c2e        0x2 
 .text.delay_ms
                0x08003c30       0x30 /tmp/cc9OPQac.o
 .text.gpio_write
                0x08003c60       0x4c /tmp/cc9OPQac.o
 .text.spi_ready_read
                0x08003cac       0x32 /tmp/cc9OPQac.o
 .text.spi_ready_write
                0x08003cde       0x24 /tmp/cc9OPQac.o
 *fill*         0x08003d02        0x2 
 .text.spi_enable_cs
                0x08003d04       0x28 /tmp/cc9OPQac.o
 .text.spi_disable_cs
                0x08003d2c       0x28 /tmp/cc9OPQac.o
 .text.spi_transmit
                0x08003d54       0x36 /tmp/cc9OPQac.o
 .text.spi_transmit_receive
                0x08003d8a       0xb8 /tmp/cc9OPQac.o
 *fill*         0x08003e42        0x2 
 .text.Lsm6ds3Init
                0x08003e44       0xa8 /tmp/cc9OPQac.o
                0x08003e44                Lsm6ds3Init
 .text.Lsm6ds3WriteRegister
                0x08003eec       0x74 /tmp/cc9OPQac.o
 .text.Lsm6ds3WriteRegisterBits
                0x08003f60       0x94 /tmp/cc9OPQac.o
 .text.Lsm6ds3Config
                0x08003ff4       0x7e /tmp/cc9OPQac.o
                0x08003ff4                Lsm6ds3Config
 *fill*         0x08004072        0x2 
 .text.Lsm6ds3AccRead
                0x08004074       0xfc /tmp/cc9OPQac.o
                0x08004074                Lsm6ds3AccRead
 .text.Lsm6ds3GyroRead
                0x08004170       0xe2 /tmp/cc9OPQac.o
                0x08004170                Lsm6ds3GyroRead
 *fill*         0x08004252        0x2 
 .text.Lsm6ds3GyroOffsets
                0x08004254      0x224 /tmp/cc9OPQac.o
                0x08004254                Lsm6ds3GyroOffsets
 .text.Lsmds3GyroStandardDev
                0x08004478      0x27c /tmp/cc9OPQac.o
                0x08004478                Lsmds3GyroStandardDev
 .text.sqrt     0x080046f4       0x68 /opt/arm-none-eabi/bin/../lib/gcc/arm-none-eabi/13.2.1/../../../../arm-none-eabi/lib/thumb/v7e-m+fp/hard/libm.a(libm_a-w_sqrt.o)
                0x080046f4                sqrt
 .text.powl     0x0800475c        0x4 /opt/arm-none-eabi/bin/../lib/gcc/arm-none-eabi/13.2.1/../../../../arm-none-eabi/lib/thumb/v7e-m+fp/hard/libm.a(libm_a-powl.o)
                0x0800475c                powl
 .text.__ieee754_sqrt
                0x08004760      0x1f4 /opt/arm-none-eabi/bin/../lib/gcc/arm-none-eabi/13.2.1/../../../../arm-none-eabi/lib/thumb/v7e-m+fp/hard/libm.a(libm_a-e_sqrt.o)
                0x08004760                __ieee754_sqrt
 *fill*         0x08004954        0x4 
 .text.pow      0x08004958       0xf0 /opt/arm-none-eabi/bin/../lib/gcc/arm-none-eabi/13.2.1/../../../../arm-none-eabi/lib/thumb/v7e-m+fp/hard/libm.a(libm_a-w_pow.o)
                0x08004958                pow
 .text.finite   0x08004a48       0x18 /opt/arm-none-eabi/bin/../lib/gcc/arm-none-eabi/13.2.1/../../../../arm-none-eabi/lib/thumb/v7e-m+fp/hard/libm.a(libm_a-s_finite.o)
                0x08004a48                finite
 .text.__ieee754_pow
                0x08004a60      0xc14 /opt/arm-none-eabi/bin/../lib/gcc/arm-none-eabi/13.2.1/../../../../arm-none-eabi/lib/thumb/v7e-m+fp/hard/libm.a(libm_a-e_pow.o)
                0x08004a60                __ieee754_pow
 .text.with_errno
                0x08005674       0x24 /opt/arm-none-eabi/bin/../lib/gcc/arm-none-eabi/13.2.1/../../../../arm-none-eabi/lib/thumb/v7e-m+fp/hard/libm.a(libm_a-math_err.o)
 .text.xflow    0x08005698       0x34 /opt/arm-none-eabi/bin/../lib/gcc/arm-none-eabi/13.2.1/../../../../arm-none-eabi/lib/thumb/v7e-m+fp/hard/libm.a(libm_a-math_err.o)
 *fill*         0x080056cc        0x4 
 .text.__math_uflow
                0x080056d0       0x10 /opt/arm-none-eabi/bin/../lib/gcc/arm-none-eabi/13.2.1/../../../../arm-none-eabi/lib/thumb/v7e-m+fp/hard/libm.a(libm_a-math_err.o)
                0x080056d0                __math_uflow
 .text.__math_oflow
                0x080056e0       0x10 /opt/arm-none-eabi/bin/../lib/gcc/arm-none-eabi/13.2.1/../../../../arm-none-eabi/lib/thumb/v7e-m+fp/hard/libm.a(libm_a-math_err.o)
                0x080056e0                __math_oflow
 .text.fabs     0x080056f0       0x10 /opt/arm-none-eabi/bin/../lib/gcc/arm-none-eabi/13.2.1/../../../../arm-none-eabi/lib/thumb/v7e-m+fp/hard/libm.a(libm_a-s_fabs.o)
                0x080056f0                fabs
 .text.scalbn   0x08005700      0x114 /opt/arm-none-eabi/bin/../lib/gcc/arm-none-eabi/13.2.1/../../../../arm-none-eabi/lib/thumb/v7e-m+fp/hard/libm.a(libm_a-s_scalbn.o)
                0x08005700                scalbn
 .text.printf   0x08005814       0x24 /opt/arm-none-eabi/bin/../lib/gcc/arm-none-eabi/13.2.1/../../../../arm-none-eabi/lib/thumb/v7e-m+fp/hard/libc_nano.a(libc_a-printf.o)
                0x08005814                printf
                0x08005814                iprintf
 .text.__sfputc_r
                0x08005838       0x2e /opt/arm-none-eabi/bin/../lib/gcc/arm-none-eabi/13.2.1/../../../../arm-none-eabi/lib/thumb/v7e-m+fp/hard/libc_nano.a(libc_a-nano-vfprintf.o)
 .text.__sfputs_r
                0x08005866       0x24 /opt/arm-none-eabi/bin/../lib/gcc/arm-none-eabi/13.2.1/../../../../arm-none-eabi/lib/thumb/v7e-m+fp/hard/libc_nano.a(libc_a-nano-vfprintf.o)
                0x08005866                __sfputs_r
 *fill*         0x0800588a        0x2 
 .text._vfprintf_r
                0x0800588c      0x230 /opt/arm-none-eabi/bin/../lib/gcc/arm-none-eabi/13.2.1/../../../../arm-none-eabi/lib/thumb/v7e-m+fp/hard/libc_nano.a(libc_a-nano-vfprintf.o)
                0x0800588c                _vfiprintf_r
                0x0800588c                _vfprintf_r
 .text.__swbuf_r
                0x08005abc       0x7c /opt/arm-none-eabi/bin/../lib/gcc/arm-none-eabi/13.2.1/../../../../arm-none-eabi/lib/thumb/v7e-m+fp/hard/libc_nano.a(libc_a-wbuf.o)
                0x08005abc                __swbuf_r
 .text.__swsetup_r
                0x08005b38       0xac /opt/arm-none-eabi/bin/../lib/gcc/arm-none-eabi/13.2.1/../../../../arm-none-eabi/lib/thumb/v7e-m+fp/hard/libc_nano.a(libc_a-wsetup.o)
                0x08005b38                __swsetup_r
 .text._printf_common
                0x08005be4       0xda /opt/arm-none-eabi/bin/../lib/gcc/arm-none-eabi/13.2.1/../../../../arm-none-eabi/lib/thumb/v7e-m+fp/hard/libc_nano.a(libc_a-nano-vfprintf_i.o)
                0x08005be4                _printf_common
 *fill*         0x08005cbe        0x2 
 .text._printf_i
                0x08005cc0      0x23c /opt/arm-none-eabi/bin/../lib/gcc/arm-none-eabi/13.2.1/../../../../arm-none-eabi/lib/thumb/v7e-m+fp/hard/libc_nano.a(libc_a-nano-vfprintf_i.o)
                0x08005cc0                _printf_i
 .text._puts_r  0x08005efc       0xaa /opt/arm-none-eabi/bin/../lib/gcc/arm-none-eabi/13.2.1/../../../../arm-none-eabi/lib/thumb/v7e-m+fp/hard/libc_nano.a(libc_a-puts.o)
                0x08005efc                _puts_r
 *fill*         0x08005fa6        0x2 
 .text.puts     0x08005fa8       0x10 /opt/arm-none-eabi/bin/../lib/gcc/arm-none-eabi/13.2.1/../../../../arm-none-eabi/lib/thumb/v7e-m+fp/hard/libc_nano.a(libc_a-puts.o)
                0x08005fa8                puts
 .text.__sflush_r
                0x08005fb8      0x108 /opt/arm-none-eabi/bin/../lib/gcc/arm-none-eabi/13.2.1/../../../../arm-none-eabi/lib/thumb/v7e-m+fp/hard/libc_nano.a(libc_a-fflush.o)
                0x08005fb8                __sflush_r
 .text._fflush_r
                0x080060c0       0x50 /opt/arm-none-eabi/bin/../lib/gcc/arm-none-eabi/13.2.1/../../../../arm-none-eabi/lib/thumb/v7e-m+fp/hard/libc_nano.a(libc_a-fflush.o)
                0x080060c0                _fflush_r
 .text          0x08006110       0xa0 /opt/arm-none-eabi/bin/../lib/gcc/arm-none-eabi/13.2.1/../../../../arm-none-eabi/lib/thumb/v7e-m+fp/hard/libc_nano.a(libc_a-memchr.o)
                0x08006110                memchr
 .text.memcpy   0x080061b0       0x1c /opt/arm-none-eabi/bin/../lib/gcc/arm-none-eabi/13.2.1/../../../../arm-none-eabi/lib/thumb/v7e-m+fp/hard/libc_nano.a(libc_a-memcpy-stub.o)
                0x080061b0                memcpy
 .text.std      0x080061cc       0x6c /opt/arm-none-eabi/bin/../lib/gcc/arm-none-eabi/13.2.1/../../../../arm-none-eabi/lib/thumb/v7e-m+fp/hard/libc_nano.a(libc_a-findfp.o)
 .text.stdio_exit_handler
                0x08006238       0x18 /opt/arm-none-eabi/bin/../lib/gcc/arm-none-eabi/13.2.1/../../../../arm-none-eabi/lib/thumb/v7e-m+fp/hard/libc_nano.a(libc_a-findfp.o)
 .text.cleanup_stdio
                0x08006250       0x40 /opt/arm-none-eabi/bin/../lib/gcc/arm-none-eabi/13.2.1/../../../../arm-none-eabi/lib/thumb/v7e-m+fp/hard/libc_nano.a(libc_a-findfp.o)
 .text.global_stdio_init.part.0
                0x08006290       0x3c /opt/arm-none-eabi/bin/../lib/gcc/arm-none-eabi/13.2.1/../../../../arm-none-eabi/lib/thumb/v7e-m+fp/hard/libc_nano.a(libc_a-findfp.o)
 .text.__sfp_lock_acquire
                0x080062cc        0xc /opt/arm-none-eabi/bin/../lib/gcc/arm-none-eabi/13.2.1/../../../../arm-none-eabi/lib/thumb/v7e-m+fp/hard/libc_nano.a(libc_a-findfp.o)
                0x080062cc                __sfp_lock_acquire
 .text.__sfp_lock_release
                0x080062d8        0xc /opt/arm-none-eabi/bin/../lib/gcc/arm-none-eabi/13.2.1/../../../../arm-none-eabi/lib/thumb/v7e-m+fp/hard/libc_nano.a(libc_a-findfp.o)
                0x080062d8                __sfp_lock_release
 .text.__sinit  0x080062e4       0x30 /opt/arm-none-eabi/bin/../lib/gcc/arm-none-eabi/13.2.1/../../../../arm-none-eabi/lib/thumb/v7e-m+fp/hard/libc_nano.a(libc_a-findfp.o)
                0x080062e4                __sinit
 .text.__sread  0x08006314       0x22 /opt/arm-none-eabi/bin/../lib/gcc/arm-none-eabi/13.2.1/../../../../arm-none-eabi/lib/thumb/v7e-m+fp/hard/libc_nano.a(libc_a-stdio.o)
                0x08006314                __sread
 .text.__swrite
                0x08006336       0x38 /opt/arm-none-eabi/bin/../lib/gcc/arm-none-eabi/13.2.1/../../../../arm-none-eabi/lib/thumb/v7e-m+fp/hard/libc_nano.a(libc_a-stdio.o)
                0x08006336                __swrite
 .text.__sseek  0x0800636e       0x24 /opt/arm-none-eabi/bin/../lib/gcc/arm-none-eabi/13.2.1/../../../../arm-none-eabi/lib/thumb/v7e-m+fp/hard/libc_nano.a(libc_a-stdio.o)
                0x0800636e                __sseek
 .text.__sclose
                0x08006392        0x8 /opt/arm-none-eabi/bin/../lib/gcc/arm-none-eabi/13.2.1/../../../../arm-none-eabi/lib/thumb/v7e-m+fp/hard/libc_nano.a(libc_a-stdio.o)
                0x08006392                __sclose
 *fill*         0x0800639a        0x2 
 .text._read_r  0x0800639c       0x24 /opt/arm-none-eabi/bin/../lib/gcc/arm-none-eabi/13.2.1/../../../../arm-none-eabi/lib/thumb/v7e-m+fp/hard/libc_nano.a(libc_a-readr.o)
                0x0800639c                _read_r
 .text.swapfunc
                0x080063c0       0x32 /opt/arm-none-eabi/bin/../lib/gcc/arm-none-eabi/13.2.1/../../../../arm-none-eabi/lib/thumb/v7e-m+fp/hard/libc_nano.a(libc_a-qsort.o)
 .text.med3.constprop.0
                0x080063f2       0x40 /opt/arm-none-eabi/bin/../lib/gcc/arm-none-eabi/13.2.1/../../../../arm-none-eabi/lib/thumb/v7e-m+fp/hard/libc_nano.a(libc_a-qsort.o)
 .text.qsort    0x08006432      0x28e /opt/arm-none-eabi/bin/../lib/gcc/arm-none-eabi/13.2.1/../../../../arm-none-eabi/lib/thumb/v7e-m+fp/hard/libc_nano.a(libc_a-qsort.o)
                0x08006432                qsort
 .text._write_r
                0x080066c0       0x24 /opt/arm-none-eabi/bin/../lib/gcc/arm-none-eabi/13.2.1/../../../../arm-none-eabi/lib/thumb/v7e-m+fp/hard/libc_nano.a(libc_a-writer.o)
                0x080066c0                _write_r
 .text.__errno  0x080066e4        0xc /opt/arm-none-eabi/bin/../lib/gcc/arm-none-eabi/13.2.1/../../../../arm-none-eabi/lib/thumb/v7e-m+fp/hard/libc_nano.a(libc_a-errno.o)
                0x080066e4                __errno
 .text._fwalk_sglue
                0x080066f0       0x3c /opt/arm-none-eabi/bin/../lib/gcc/arm-none-eabi/13.2.1/../../../../arm-none-eabi/lib/thumb/v7e-m+fp/hard/libc_nano.a(libc_a-fwalk.o)
                0x080066f0                _fwalk_sglue
 .text.memset   0x0800672c       0x10 /opt/arm-none-eabi/bin/../lib/gcc/arm-none-eabi/13.2.1/../../../../arm-none-eabi/lib/thumb/v7e-m+fp/hard/libc_nano.a(libc_a-memset.o)
                0x0800672c                memset
 .text._free_r  0x0800673c       0x94 /opt/arm-none-eabi/bin/../lib/gcc/arm-none-eabi/13.2.1/../../../../arm-none-eabi/lib/thumb/v7e-m+fp/hard/libc_nano.a(libc_a-freer.o)
                0x0800673c                _free_r
 .text.__retarget_lock_init_recursive
                0x080067d0        0x2 /opt/arm-none-eabi/bin/../lib/gcc/arm-none-eabi/13.2.1/../../../../arm-none-eabi/lib/thumb/v7e-m+fp/hard/libc_nano.a(libc_a-lock.o)
                0x080067d0                __retarget_lock_init_recursive
 .text.__retarget_lock_acquire_recursive
                0x080067d2        0x2 /opt/arm-none-eabi/bin/../lib/gcc/arm-none-eabi/13.2.1/../../../../arm-none-eabi/lib/thumb/v7e-m+fp/hard/libc_nano.a(libc_a-lock.o)
                0x080067d2                __retarget_lock_acquire_recursive
 .text.__retarget_lock_release_recursive
                0x080067d4        0x2 /opt/arm-none-eabi/bin/../lib/gcc/arm-none-eabi/13.2.1/../../../../arm-none-eabi/lib/thumb/v7e-m+fp/hard/libc_nano.a(libc_a-lock.o)
                0x080067d4                __retarget_lock_release_recursive
 .text.__swhatbuf_r
                0x080067d6       0x4c /opt/arm-none-eabi/bin/../lib/gcc/arm-none-eabi/13.2.1/../../../../arm-none-eabi/lib/thumb/v7e-m+fp/hard/libc_nano.a(libc_a-makebuf.o)
                0x080067d6                __swhatbuf_r
 .text.__smakebuf_r
                0x08006822       0x78 /opt/arm-none-eabi/bin/../lib/gcc/arm-none-eabi/13.2.1/../../../../arm-none-eabi/lib/thumb/v7e-m+fp/hard/libc_nano.a(libc_a-makebuf.o)
                0x08006822                __smakebuf_r
 *fill*         0x0800689a        0x2 
 .text._close_r
                0x0800689c       0x20 /opt/arm-none-eabi/bin/../lib/gcc/arm-none-eabi/13.2.1/../../../../arm-none-eabi/lib/thumb/v7e-m+fp/hard/libc_nano.a(libc_a-closer.o)
                0x0800689c                _close_r
 .text.sbrk_aligned
                0x080068bc       0x44 /opt/arm-none-eabi/bin/../lib/gcc/arm-none-eabi/13.2.1/../../../../arm-none-eabi/lib/thumb/v7e-m+fp/hard/libc_nano.a(libc_a-mallocr.o)
 .text._malloc_r
                0x08006900      0x100 /opt/arm-none-eabi/bin/../lib/gcc/arm-none-eabi/13.2.1/../../../../arm-none-eabi/lib/thumb/v7e-m+fp/hard/libc_nano.a(libc_a-mallocr.o)
                0x08006900                _malloc_r
 .text._fstat_r
                0x08006a00       0x24 /opt/arm-none-eabi/bin/../lib/gcc/arm-none-eabi/13.2.1/../../../../arm-none-eabi/lib/thumb/v7e-m+fp/hard/libc_nano.a(libc_a-fstatr.o)
                0x08006a00                _fstat_r
 .text._isatty_r
                0x08006a24       0x20 /opt/arm-none-eabi/bin/../lib/gcc/arm-none-eabi/13.2.1/../../../../arm-none-eabi/lib/thumb/v7e-m+fp/hard/libc_nano.a(libc_a-isattyr.o)
                0x08006a24                _isatty_r
 .text._lseek_r
                0x08006a44       0x24 /opt/arm-none-eabi/bin/../lib/gcc/arm-none-eabi/13.2.1/../../../../arm-none-eabi/lib/thumb/v7e-m+fp/hard/libc_nano.a(libc_a-lseekr.o)
                0x08006a44                _lseek_r
 .text.__malloc_lock
                0x08006a68        0xc /opt/arm-none-eabi/bin/../lib/gcc/arm-none-eabi/13.2.1/../../../../arm-none-eabi/lib/thumb/v7e-m+fp/hard/libc_nano.a(libc_a-mlock.o)
                0x08006a68                __malloc_lock
 .text.__malloc_unlock
                0x08006a74        0xc /opt/arm-none-eabi/bin/../lib/gcc/arm-none-eabi/13.2.1/../../../../arm-none-eabi/lib/thumb/v7e-m+fp/hard/libc_nano.a(libc_a-mlock.o)
                0x08006a74                __malloc_unlock
 .text._sbrk_r  0x08006a80       0x20 /opt/arm-none-eabi/bin/../lib/gcc/arm-none-eabi/13.2.1/../../../../arm-none-eabi/lib/thumb/v7e-m+fp/hard/libc_nano.a(libc_a-sbrkr.o)
                0x08006a80                _sbrk_r
 .text          0x08006aa0      0x378 /opt/arm-none-eabi/bin/../lib/gcc/arm-none-eabi/13.2.1/thumb/v7e-m+fp/hard/libgcc.a(_arm_addsubdf3.o)
                0x08006aa0                __aeabi_drsub
                0x08006aa8                __aeabi_dsub
                0x08006aa8                __subdf3
                0x08006aac                __adddf3
                0x08006aac                __aeabi_dadd
                0x08006d24                __aeabi_ui2d
                0x08006d24                __floatunsidf
                0x08006d44                __floatsidf
                0x08006d44                __aeabi_i2d
                0x08006d68                __extendsfdf2
                0x08006d68                __aeabi_f2d
                0x08006dac                __aeabi_ul2d
                0x08006dac                __floatundidf
                0x08006dbc                __floatdidf
                0x08006dbc                __aeabi_l2d
 .text          0x08006e18      0x424 /opt/arm-none-eabi/bin/../lib/gcc/arm-none-eabi/13.2.1/thumb/v7e-m+fp/hard/libgcc.a(_arm_muldivdf3.o)
                0x08006e18                __aeabi_dmul
                0x08006e18                __muldf3
                0x0800706c                __aeabi_ddiv
                0x0800706c                __divdf3
 .text          0x0800723c      0x110 /opt/arm-none-eabi/bin/../lib/gcc/arm-none-eabi/13.2.1/thumb/v7e-m+fp/hard/libgcc.a(_arm_cmpdf2.o)
                0x0800723c                __gtdf2
                0x0800723c                __gedf2
                0x08007244                __ltdf2
                0x08007244                __ledf2
                0x0800724c                __cmpdf2
                0x0800724c                __eqdf2
                0x0800724c                __nedf2
                0x080072c8                __aeabi_cdrcmple
                0x080072d8                __aeabi_cdcmple
                0x080072d8                __aeabi_cdcmpeq
                0x080072e8                __aeabi_dcmpeq
                0x080072fc                __aeabi_dcmplt
                0x08007310                __aeabi_dcmple
                0x08007324                __aeabi_dcmpge
                0x08007338                __aeabi_dcmpgt
 .text          0x0800734c       0x2c /opt/arm-none-eabi/bin/../lib/gcc/arm-none-eabi/13.2.1/thumb/v7e-m+fp/hard/libgcc.a(_arm_unorddf2.o)
                0x0800734c                __aeabi_dcmpun
                0x0800734c                __unorddf2
 .text          0x08007378       0x50 /opt/arm-none-eabi/bin/../lib/gcc/arm-none-eabi/13.2.1/thumb/v7e-m+fp/hard/libgcc.a(_arm_fixdfsi.o)
                0x08007378                __fixdfsi
                0x08007378                __aeabi_d2iz
 .text.__fixdfdi
                0x080073c8       0x30 /opt/arm-none-eabi/bin/../lib/gcc/arm-none-eabi/13.2.1/thumb/v7e-m+fp/hard/libgcc.a(_fixdfdi.o)
                0x080073c8                __aeabi_d2lz
                0x080073c8                __fixdfdi
 .text.__fixunsdfdi
                0x080073f8       0x3c /opt/arm-none-eabi/bin/../lib/gcc/arm-none-eabi/13.2.1/thumb/v7e-m+fp/hard/libgcc.a(_fixunsdfdi.o)
                0x080073f8                __aeabi_d2ulz
                0x080073f8                __fixunsdfdi
 .text          0x08007434       0x40 /opt/arm-none-eabi/bin/../lib/gcc/arm-none-eabi/13.2.1/thumb/v7e-m+fp/hard/libgcc.a(_arm_fixunsdfsi.o)
                0x08007434                __fixunsdfsi
                0x08007434                __aeabi_d2uiz

.glue_7         0x08007474        0x0
 .glue_7        0x08007474        0x0 linker stubs

.glue_7t        0x08007474        0x0
 .glue_7t       0x08007474        0x0 linker stubs

.vfp11_veneer   0x08007474        0x0
 .vfp11_veneer  0x08007474        0x0 linker stubs

.v4_bx          0x08007474        0x0
 .v4_bx         0x08007474        0x0 linker stubs

.iplt           0x08007474        0x0
 .iplt          0x08007474        0x0 /tmp/cc09Hhgp.o

.rodata         0x08007478      0x653
 *(.rodata*)
 .rodata        0x08007478      0x4f4 /tmp/cc09Hhgp.o
 .rodata        0x0800796c       0x46 /tmp/ccI1kdk5.o
 *fill*         0x080079b2        0x2 
 .rodata        0x080079b4       0xd3 /tmp/cc9OPQac.o
 *fill*         0x08007a87        0x1 
 .rodata.tiny   0x08007a88        0x8 /opt/arm-none-eabi/bin/../lib/gcc/arm-none-eabi/13.2.1/../../../../arm-none-eabi/lib/thumb/v7e-m+fp/hard/libm.a(libm_a-e_sqrt.o)
 .rodata.one    0x08007a90        0x8 /opt/arm-none-eabi/bin/../lib/gcc/arm-none-eabi/13.2.1/../../../../arm-none-eabi/lib/thumb/v7e-m+fp/hard/libm.a(libm_a-e_sqrt.o)
 .rodata._vfprintf_r.str1.1
                0x08007a98       0x33 /opt/arm-none-eabi/bin/../lib/gcc/arm-none-eabi/13.2.1/../../../../arm-none-eabi/lib/thumb/v7e-m+fp/hard/libc_nano.a(libc_a-nano-vfprintf.o)
                                 0x11 (size before relaxing)
 .rodata._printf_i.str1.1
                0x08007acb       0x22 /opt/arm-none-eabi/bin/../lib/gcc/arm-none-eabi/13.2.1/../../../../arm-none-eabi/lib/thumb/v7e-m+fp/hard/libc_nano.a(libc_a-nano-vfprintf_i.o)

.ARM.exidx      0x08007acc        0x8
 .ARM.exidx     0x08007acc        0x8 /opt/arm-none-eabi/bin/../lib/gcc/arm-none-eabi/13.2.1/../../../../arm-none-eabi/lib/thumb/v7e-m+fp/hard/libc_nano.a(libc_a-memchr.o)

.rel.dyn        0x08007ad4        0x0
 .rel.iplt      0x08007ad4        0x0 /tmp/cc09Hhgp.o

.data           0x20000000       0x81 load address 0x08007ad4
                0x20000000                        _sdata = .
 *(.first_data)
 *(.data SORT_BY_NAME(.data.*))
 .data.ALE      0x20000000        0x2 /tmp/cc09Hhgp.o
                0x20000000                ALE
 .data.CE       0x20000002        0x2 /tmp/cc09Hhgp.o
                0x20000002                CE
 .data.CLE      0x20000004        0x2 /tmp/cc09Hhgp.o
                0x20000004                CLE
 *fill*         0x20000006        0x2 
 .data.FREQ     0x20000008        0x4 /tmp/ccfHaK8L.o
                0x20000008                FREQ
 .data.RB       0x2000000c        0x2 /tmp/cc09Hhgp.o
                0x2000000c                RB
 .data.RE       0x2000000e        0x2 /tmp/cc09Hhgp.o
                0x2000000e                RE
 .data.WE       0x20000010        0x2 /tmp/cc09Hhgp.o
                0x20000010                WE
 .data.WP       0x20000012        0x2 /tmp/cc09Hhgp.o
                0x20000012                WP
 .data.__sglue  0x20000014        0xc /opt/arm-none-eabi/bin/../lib/gcc/arm-none-eabi/13.2.1/../../../../arm-none-eabi/lib/thumb/v7e-m+fp/hard/libc_nano.a(libc_a-findfp.o)
                0x20000014                __sglue
 .data._impure_data
                0x20000020       0x4c /opt/arm-none-eabi/bin/../lib/gcc/arm-none-eabi/13.2.1/../../../../arm-none-eabi/lib/thumb/v7e-m+fp/hard/libc_nano.a(libc_a-impure.o)
                0x20000020                _impure_data
 .data._impure_ptr
                0x2000006c        0x4 /opt/arm-none-eabi/bin/../lib/gcc/arm-none-eabi/13.2.1/../../../../arm-none-eabi/lib/thumb/v7e-m+fp/hard/libc_nano.a(libc_a-impure.o)
                0x2000006c                _impure_ptr
 .data.data0    0x20000070        0x2 /tmp/cc09Hhgp.o
                0x20000070                data0
 .data.data1    0x20000072        0x2 /tmp/cc09Hhgp.o
                0x20000072                data1
 .data.data2    0x20000074        0x2 /tmp/cc09Hhgp.o
                0x20000074                data2
 .data.data3    0x20000076        0x2 /tmp/cc09Hhgp.o
                0x20000076                data3
 .data.data4    0x20000078        0x2 /tmp/cc09Hhgp.o
                0x20000078                data4
 .data.data5    0x2000007a        0x2 /tmp/cc09Hhgp.o
                0x2000007a                data5
 .data.data6    0x2000007c        0x2 /tmp/cc09Hhgp.o
                0x2000007c                data6
 .data.data7    0x2000007e        0x2 /tmp/cc09Hhgp.o
                0x2000007e                data7
 .data.globalPinMode
                0x20000080        0x1 /tmp/cc09Hhgp.o
                0x20000080                globalPinMode
                0x20000081                        _edata = .
                0x08007ad4                        _sidata = LOADADDR (.data)

.igot.plt       0x20000084        0x0 load address 0x08007b55
 .igot.plt      0x20000084        0x0 /tmp/cc09Hhgp.o

.bss            0x20000084      0x174 load address 0x08007b55
                0x20000084                        _sbss = .
 *(.bss SORT_BY_NAME(.bss.*) COMMON)
 .bss.ADXL375_SPI
                0x20000084        0x4 /tmp/ccI1kdk5.o
                0x20000084                ADXL375_SPI
 .bss.MS5611_SPI
                0x20000088        0x4 /tmp/ccek0zfT.o
                0x20000088                MS5611_SPI
 .bss.__lock___malloc_recursive_mutex
                0x2000008c        0x1 /opt/arm-none-eabi/bin/../lib/gcc/arm-none-eabi/13.2.1/../../../../arm-none-eabi/lib/thumb/v7e-m+fp/hard/libc_nano.a(libc_a-lock.o)
                0x2000008c                __lock___malloc_recursive_mutex
 .bss.__lock___sfp_recursive_mutex
                0x2000008d        0x1 /opt/arm-none-eabi/bin/../lib/gcc/arm-none-eabi/13.2.1/../../../../arm-none-eabi/lib/thumb/v7e-m+fp/hard/libc_nano.a(libc_a-lock.o)
                0x2000008d                __lock___sfp_recursive_mutex
 *fill*         0x2000008e        0x2 
 .bss.__malloc_free_list
                0x20000090        0x4 /opt/arm-none-eabi/bin/../lib/gcc/arm-none-eabi/13.2.1/../../../../arm-none-eabi/lib/thumb/v7e-m+fp/hard/libc_nano.a(libc_a-mallocr.o)
                0x20000090                __malloc_free_list
 .bss.__malloc_sbrk_start
                0x20000094        0x4 /opt/arm-none-eabi/bin/../lib/gcc/arm-none-eabi/13.2.1/../../../../arm-none-eabi/lib/thumb/v7e-m+fp/hard/libc_nano.a(libc_a-mallocr.o)
                0x20000094                __malloc_sbrk_start
 .bss.__sf      0x20000098      0x138 /opt/arm-none-eabi/bin/../lib/gcc/arm-none-eabi/13.2.1/../../../../arm-none-eabi/lib/thumb/v7e-m+fp/hard/libc_nano.a(libc_a-findfp.o)
                0x20000098                __sf
 .bss.__stdio_exit_handler
                0x200001d0        0x4 /opt/arm-none-eabi/bin/../lib/gcc/arm-none-eabi/13.2.1/../../../../arm-none-eabi/lib/thumb/v7e-m+fp/hard/libc_nano.a(libc_a-findfp.o)
                0x200001d0                __stdio_exit_handler
 .bss.errno     0x200001d4        0x4 /opt/arm-none-eabi/bin/../lib/gcc/arm-none-eabi/13.2.1/../../../../arm-none-eabi/lib/thumb/v7e-m+fp/hard/libc_nano.a(libc_a-reent.o)
                0x200001d4                errno
 .bss.flightStage
                0x200001d8        0x1 /tmp/cc09Hhgp.o
                0x200001d8                flightStage
 *fill*         0x200001d9        0x3 
 .bss.frameAddressPointer
                0x200001dc        0x4 /tmp/cc09Hhgp.o
                0x200001dc                frameAddressPointer
 .bss.heap.0    0x200001e0        0x4 /tmp/cc2npZdP.o
 .bss.ms5611_prom_data
                0x200001e4       0x10 /tmp/ccek0zfT.o
                0x200001e4                ms5611_prom_data
 .bss.s_ticks   0x200001f4        0x4 /tmp/cc09Hhgp.o
                0x200001f4                s_ticks
                0x200001f8                        _ebss = .
                0x200001f8                        . = ALIGN (0x8)
                0x200001f8                        _end = .
OUTPUT(firmware.elf elf32-littlearm)
LOAD linker stubs

.debug_info     0x00000000     0x578b
 .debug_info    0x00000000     0x1963 /tmp/cc09Hhgp.o
 .debug_info    0x00001963      0x108 /tmp/cc7oZb7C.o
 .debug_info    0x00001a6b      0x897 /tmp/cc2npZdP.o
 .debug_info    0x00002302      0xf82 /tmp/ccfHaK8L.o
 .debug_info    0x00003284      0x95e /tmp/ccek0zfT.o
 .debug_info    0x00003be2      0x74a /tmp/ccI1kdk5.o
 .debug_info    0x0000432c      0x847 /tmp/ccunmz2V.o
 .debug_info    0x00004b73      0xc18 /tmp/cc9OPQac.o

.debug_abbrev   0x00000000     0x14dc
 .debug_abbrev  0x00000000      0x4a0 /tmp/cc09Hhgp.o
 .debug_abbrev  0x000004a0       0xc5 /tmp/cc7oZb7C.o
 .debug_abbrev  0x00000565      0x26e /tmp/cc2npZdP.o
 .debug_abbrev  0x000007d3      0x2ab /tmp/ccfHaK8L.o
 .debug_abbrev  0x00000a7e      0x2c5 /tmp/ccek0zfT.o
 .debug_abbrev  0x00000d43      0x29f /tmp/ccI1kdk5.o
 .debug_abbrev  0x00000fe2      0x21e /tmp/ccunmz2V.o
 .debug_abbrev  0x00001200      0x2dc /tmp/cc9OPQac.o

.debug_aranges  0x00000000      0x4f8
 .debug_aranges
                0x00000000      0x178 /tmp/cc09Hhgp.o
 .debug_aranges
                0x00000178       0x20 /tmp/cc7oZb7C.o
 .debug_aranges
                0x00000198       0xb0 /tmp/cc2npZdP.o
 .debug_aranges
                0x00000248       0xa0 /tmp/ccfHaK8L.o
 .debug_aranges
                0x000002e8       0x80 /tmp/ccek0zfT.o
 .debug_aranges
                0x00000368       0x80 /tmp/ccI1kdk5.o
 .debug_aranges
                0x000003e8       0x58 /tmp/ccunmz2V.o
 .debug_aranges
                0x00000440       0xb8 /tmp/cc9OPQac.o

.debug_rnglists
                0x00000000      0x3be
 .debug_rnglists
                0x00000000      0x128 /tmp/cc09Hhgp.o
 .debug_rnglists
                0x00000128       0x13 /tmp/cc7oZb7C.o
 .debug_rnglists
                0x0000013b       0x80 /tmp/cc2npZdP.o
 .debug_rnglists
                0x000001bb       0x78 /tmp/ccfHaK8L.o
 .debug_rnglists
                0x00000233       0x5e /tmp/ccek0zfT.o
 .debug_rnglists
                0x00000291       0x5f /tmp/ccI1kdk5.o
 .debug_rnglists
                0x000002f0       0x41 /tmp/ccunmz2V.o
 .debug_rnglists
                0x00000331       0x8d /tmp/cc9OPQac.o

.debug_macro    0x00000000    0x22227
 .debug_macro   0x00000000      0x341 /tmp/cc09Hhgp.o
 .debug_macro   0x00000341      0xac6 /tmp/cc09Hhgp.o
 .debug_macro   0x00000e07       0x22 /tmp/cc09Hhgp.o
 .debug_macro   0x00000e29       0x5b /tmp/cc09Hhgp.o
 .debug_macro   0x00000e84       0x2a /tmp/cc09Hhgp.o
 .debug_macro   0x00000eae       0x94 /tmp/cc09Hhgp.o
 .debug_macro   0x00000f42       0x43 /tmp/cc09Hhgp.o
 .debug_macro   0x00000f85       0x34 /tmp/cc09Hhgp.o
 .debug_macro   0x00000fb9       0x16 /tmp/cc09Hhgp.o
 .debug_macro   0x00000fcf       0x57 /tmp/cc09Hhgp.o
 .debug_macro   0x00001026       0x9e /tmp/cc09Hhgp.o
 .debug_macro   0x000010c4      0x370 /tmp/cc09Hhgp.o
 .debug_macro   0x00001434      0x112 /tmp/cc09Hhgp.o
 .debug_macro   0x00001546       0x10 /tmp/cc09Hhgp.o
 .debug_macro   0x00001556       0x16 /tmp/cc09Hhgp.o
 .debug_macro   0x0000156c       0x4a /tmp/cc09Hhgp.o
 .debug_macro   0x000015b6       0x34 /tmp/cc09Hhgp.o
 .debug_macro   0x000015ea       0x10 /tmp/cc09Hhgp.o
 .debug_macro   0x000015fa       0x58 /tmp/cc09Hhgp.o
 .debug_macro   0x00001652       0x8e /tmp/cc09Hhgp.o
 .debug_macro   0x000016e0       0x1c /tmp/cc09Hhgp.o
 .debug_macro   0x000016fc      0x177 /tmp/cc09Hhgp.o
 .debug_macro   0x00001873       0x16 /tmp/cc09Hhgp.o
 .debug_macro   0x00001889       0x16 /tmp/cc09Hhgp.o
 .debug_macro   0x0000189f      0x146 /tmp/cc09Hhgp.o
 .debug_macro   0x000019e5      0x103 /tmp/cc09Hhgp.o
 .debug_macro   0x00001ae8       0x6a /tmp/cc09Hhgp.o
 .debug_macro   0x00001b52      0x1df /tmp/cc09Hhgp.o
 .debug_macro   0x00001d31       0x3c /tmp/cc09Hhgp.o
 .debug_macro   0x00001d6d      0x460 /tmp/cc09Hhgp.o
 .debug_macro   0x000021cd       0x22 /tmp/cc09Hhgp.o
 .debug_macro   0x000021ef       0x16 /tmp/cc09Hhgp.o
 .debug_macro   0x00002205       0x16 /tmp/cc09Hhgp.o
 .debug_macro   0x0000221b       0x29 /tmp/cc09Hhgp.o
 .debug_macro   0x00002244       0x16 /tmp/cc09Hhgp.o
 .debug_macro   0x0000225a       0x10 /tmp/cc09Hhgp.o
 .debug_macro   0x0000226a       0x10 /tmp/cc09Hhgp.o
 .debug_macro   0x0000227a       0x10 /tmp/cc09Hhgp.o
 .debug_macro   0x0000228a       0x1c /tmp/cc09Hhgp.o
 .debug_macro   0x000022a6       0x52 /tmp/cc09Hhgp.o
 .debug_macro   0x000022f8       0x22 /tmp/cc09Hhgp.o
 .debug_macro   0x0000231a       0x10 /tmp/cc09Hhgp.o
 .debug_macro   0x0000232a       0x52 /tmp/cc09Hhgp.o
 .debug_macro   0x0000237c       0xc1 /tmp/cc09Hhgp.o
 .debug_macro   0x0000243d       0x1c /tmp/cc09Hhgp.o
 .debug_macro   0x00002459       0x3d /tmp/cc09Hhgp.o
 .debug_macro   0x00002496       0x35 /tmp/cc09Hhgp.o
 .debug_macro   0x000024cb      0x12c /tmp/cc09Hhgp.o
 .debug_macro   0x000025f7      0x19b /tmp/cc09Hhgp.o
 .debug_macro   0x00002792       0x28 /tmp/cc09Hhgp.o
 .debug_macro   0x000027ba       0x1c /tmp/cc09Hhgp.o
 .debug_macro   0x000027d6       0x22 /tmp/cc09Hhgp.o
 .debug_macro   0x000027f8       0xd9 /tmp/cc09Hhgp.o
 .debug_macro   0x000028d1     0x102d /tmp/cc09Hhgp.o
 .debug_macro   0x000038fe      0x11f /tmp/cc09Hhgp.o
 .debug_macro   0x00003a1d    0x1cb71 /tmp/cc09Hhgp.o
 .debug_macro   0x0002058e       0xd7 /tmp/cc09Hhgp.o
 .debug_macro   0x00020665       0x88 /tmp/cc09Hhgp.o
 .debug_macro   0x000206ed       0x10 /tmp/cc09Hhgp.o
 .debug_macro   0x000206fd      0x1a8 /tmp/cc09Hhgp.o
 .debug_macro   0x000208a5      0x190 /tmp/cc09Hhgp.o
 .debug_macro   0x00020a35       0xd0 /tmp/cc09Hhgp.o
 .debug_macro   0x00020b05       0x22 /tmp/cc09Hhgp.o
 .debug_macro   0x00020b27       0x7c /tmp/cc09Hhgp.o
 .debug_macro   0x00020ba3       0x2e /tmp/cc09Hhgp.o
 .debug_macro   0x00020bd1       0x11 /tmp/cc7oZb7C.o
 .debug_macro   0x00020be2      0x2c5 /tmp/cc2npZdP.o
 .debug_macro   0x00020ea7       0x3a /tmp/cc2npZdP.o
 .debug_macro   0x00020ee1       0x89 /tmp/cc2npZdP.o
 .debug_macro   0x00020f6a       0x1c /tmp/cc2npZdP.o
 .debug_macro   0x00020f86       0x9b /tmp/cc2npZdP.o
 .debug_macro   0x00021021      0x2d4 /tmp/ccfHaK8L.o
 .debug_macro   0x000212f5       0x1c /tmp/ccfHaK8L.o
 .debug_macro   0x00021311      0x2da /tmp/ccek0zfT.o
 .debug_macro   0x000215eb       0x8e /tmp/ccek0zfT.o
 .debug_macro   0x00021679       0x51 /tmp/ccek0zfT.o
 .debug_macro   0x000216ca       0x61 /tmp/ccek0zfT.o
 .debug_macro   0x0002172b       0x82 /tmp/ccek0zfT.o
 .debug_macro   0x000217ad      0x2d4 /tmp/ccI1kdk5.o
 .debug_macro   0x00021a81      0x18a /tmp/ccI1kdk5.o
 .debug_macro   0x00021c0b      0x317 /tmp/ccunmz2V.o
 .debug_macro   0x00021f22       0x28 /tmp/ccunmz2V.o
 .debug_macro   0x00021f4a      0x2dd /tmp/cc9OPQac.o

.debug_line     0x00000000     0x4861
 .debug_line    0x00000000     0x19d8 /tmp/cc09Hhgp.o
 .debug_line    0x000019d8       0x88 /tmp/cc7oZb7C.o
 .debug_line    0x00001a60      0x60f /tmp/cc2npZdP.o
 .debug_line    0x0000206f      0x8fd /tmp/ccfHaK8L.o
 .debug_line    0x0000296c      0x727 /tmp/ccek0zfT.o
 .debug_line    0x00003093      0x6f8 /tmp/ccI1kdk5.o
 .debug_line    0x0000378b      0x69a /tmp/ccunmz2V.o
 .debug_line    0x00003e25      0xa3c /tmp/cc9OPQac.o

.debug_str      0x00000000    0xb5654
 .debug_str     0x00000000    0xb5654 /tmp/cc09Hhgp.o
                              0xb514d (size before relaxing)
 .debug_str     0x000b5654     0x2e63 /tmp/cc7oZb7C.o
 .debug_str     0x000b5654    0xb30ad /tmp/cc2npZdP.o
 .debug_str     0x000b5654    0xb33b6 /tmp/ccfHaK8L.o
 .debug_str     0x000b5654    0xb334c /tmp/ccek0zfT.o
 .debug_str     0x000b5654    0xb3889 /tmp/ccI1kdk5.o
 .debug_str     0x000b5654    0xb47c5 /tmp/ccunmz2V.o
 .debug_str     0x000b5654    0xb3a83 /tmp/cc9OPQac.o

.comment        0x00000000       0x44
 .comment       0x00000000       0x44 /tmp/cc09Hhgp.o
                                 0x45 (size before relaxing)
 .comment       0x00000044       0x45 /tmp/cc7oZb7C.o
 .comment       0x00000044       0x45 /tmp/cc2npZdP.o
 .comment       0x00000044       0x45 /tmp/ccfHaK8L.o
 .comment       0x00000044       0x45 /tmp/ccek0zfT.o
 .comment       0x00000044       0x45 /tmp/ccI1kdk5.o
 .comment       0x00000044       0x45 /tmp/ccunmz2V.o
 .comment       0x00000044       0x45 /tmp/cc9OPQac.o

.ARM.attributes
                0x00000000       0x32
 .ARM.attributes
                0x00000000       0x34 /tmp/cc09Hhgp.o
 .ARM.attributes
                0x00000034       0x34 /tmp/cc7oZb7C.o
 .ARM.attributes
                0x00000068       0x34 /tmp/cc2npZdP.o
 .ARM.attributes
                0x0000009c       0x34 /tmp/ccfHaK8L.o
 .ARM.attributes
                0x000000d0       0x34 /tmp/ccek0zfT.o
 .ARM.attributes
                0x00000104       0x34 /tmp/ccI1kdk5.o
 .ARM.attributes
                0x00000138       0x34 /tmp/ccunmz2V.o
 .ARM.attributes
                0x0000016c       0x34 /tmp/cc9OPQac.o
 .ARM.attributes
                0x000001a0       0x34 /opt/arm-none-eabi/bin/../lib/gcc/arm-none-eabi/13.2.1/../../../../arm-none-eabi/lib/thumb/v7e-m+fp/hard/libm.a(libm_a-w_sqrt.o)
 .ARM.attributes
                0x000001d4       0x34 /opt/arm-none-eabi/bin/../lib/gcc/arm-none-eabi/13.2.1/../../../../arm-none-eabi/lib/thumb/v7e-m+fp/hard/libm.a(libm_a-powl.o)
 .ARM.attributes
                0x00000208       0x34 /opt/arm-none-eabi/bin/../lib/gcc/arm-none-eabi/13.2.1/../../../../arm-none-eabi/lib/thumb/v7e-m+fp/hard/libm.a(libm_a-e_sqrt.o)
 .ARM.attributes
                0x0000023c       0x34 /opt/arm-none-eabi/bin/../lib/gcc/arm-none-eabi/13.2.1/../../../../arm-none-eabi/lib/thumb/v7e-m+fp/hard/libm.a(libm_a-w_pow.o)
 .ARM.attributes
                0x00000270       0x34 /opt/arm-none-eabi/bin/../lib/gcc/arm-none-eabi/13.2.1/../../../../arm-none-eabi/lib/thumb/v7e-m+fp/hard/libm.a(libm_a-s_finite.o)
 .ARM.attributes
                0x000002a4       0x34 /opt/arm-none-eabi/bin/../lib/gcc/arm-none-eabi/13.2.1/../../../../arm-none-eabi/lib/thumb/v7e-m+fp/hard/libm.a(libm_a-e_pow.o)
 .ARM.attributes
                0x000002d8       0x34 /opt/arm-none-eabi/bin/../lib/gcc/arm-none-eabi/13.2.1/../../../../arm-none-eabi/lib/thumb/v7e-m+fp/hard/libm.a(libm_a-math_err.o)
 .ARM.attributes
                0x0000030c       0x34 /opt/arm-none-eabi/bin/../lib/gcc/arm-none-eabi/13.2.1/../../../../arm-none-eabi/lib/thumb/v7e-m+fp/hard/libm.a(libm_a-s_fabs.o)
 .ARM.attributes
                0x00000340       0x34 /opt/arm-none-eabi/bin/../lib/gcc/arm-none-eabi/13.2.1/../../../../arm-none-eabi/lib/thumb/v7e-m+fp/hard/libm.a(libm_a-s_scalbn.o)
 .ARM.attributes
                0x00000374       0x34 /opt/arm-none-eabi/bin/../lib/gcc/arm-none-eabi/13.2.1/../../../../arm-none-eabi/lib/thumb/v7e-m+fp/hard/libc_nano.a(libc_a-printf.o)
 .ARM.attributes
                0x000003a8       0x34 /opt/arm-none-eabi/bin/../lib/gcc/arm-none-eabi/13.2.1/../../../../arm-none-eabi/lib/thumb/v7e-m+fp/hard/libc_nano.a(libc_a-nano-vfprintf.o)
 .ARM.attributes
                0x000003dc       0x34 /opt/arm-none-eabi/bin/../lib/gcc/arm-none-eabi/13.2.1/../../../../arm-none-eabi/lib/thumb/v7e-m+fp/hard/libc_nano.a(libc_a-wbuf.o)
 .ARM.attributes
                0x00000410       0x34 /opt/arm-none-eabi/bin/../lib/gcc/arm-none-eabi/13.2.1/../../../../arm-none-eabi/lib/thumb/v7e-m+fp/hard/libc_nano.a(libc_a-wsetup.o)
 .ARM.attributes
                0x00000444       0x34 /opt/arm-none-eabi/bin/../lib/gcc/arm-none-eabi/13.2.1/../../../../arm-none-eabi/lib/thumb/v7e-m+fp/hard/libc_nano.a(libc_a-nano-vfprintf_i.o)
 .ARM.attributes
                0x00000478       0x34 /opt/arm-none-eabi/bin/../lib/gcc/arm-none-eabi/13.2.1/../../../../arm-none-eabi/lib/thumb/v7e-m+fp/hard/libc_nano.a(libc_a-puts.o)
 .ARM.attributes
                0x000004ac       0x34 /opt/arm-none-eabi/bin/../lib/gcc/arm-none-eabi/13.2.1/../../../../arm-none-eabi/lib/thumb/v7e-m+fp/hard/libc_nano.a(libc_a-impure.o)
 .ARM.attributes
                0x000004e0       0x34 /opt/arm-none-eabi/bin/../lib/gcc/arm-none-eabi/13.2.1/../../../../arm-none-eabi/lib/thumb/v7e-m+fp/hard/libc_nano.a(libc_a-fflush.o)
 .ARM.attributes
                0x00000514       0x1c /opt/arm-none-eabi/bin/../lib/gcc/arm-none-eabi/13.2.1/../../../../arm-none-eabi/lib/thumb/v7e-m+fp/hard/libc_nano.a(libc_a-memchr.o)
 .ARM.attributes
                0x00000530       0x34 /opt/arm-none-eabi/bin/../lib/gcc/arm-none-eabi/13.2.1/../../../../arm-none-eabi/lib/thumb/v7e-m+fp/hard/libc_nano.a(libc_a-memcpy-stub.o)
 .ARM.attributes
                0x00000564       0x34 /opt/arm-none-eabi/bin/../lib/gcc/arm-none-eabi/13.2.1/../../../../arm-none-eabi/lib/thumb/v7e-m+fp/hard/libc_nano.a(libc_a-findfp.o)
 .ARM.attributes
                0x00000598       0x34 /opt/arm-none-eabi/bin/../lib/gcc/arm-none-eabi/13.2.1/../../../../arm-none-eabi/lib/thumb/v7e-m+fp/hard/libc_nano.a(libc_a-stdio.o)
 .ARM.attributes
                0x000005cc       0x34 /opt/arm-none-eabi/bin/../lib/gcc/arm-none-eabi/13.2.1/../../../../arm-none-eabi/lib/thumb/v7e-m+fp/hard/libc_nano.a(libc_a-readr.o)
 .ARM.attributes
                0x00000600       0x34 /opt/arm-none-eabi/bin/../lib/gcc/arm-none-eabi/13.2.1/../../../../arm-none-eabi/lib/thumb/v7e-m+fp/hard/libc_nano.a(libc_a-qsort.o)
 .ARM.attributes
                0x00000634       0x34 /opt/arm-none-eabi/bin/../lib/gcc/arm-none-eabi/13.2.1/../../../../arm-none-eabi/lib/thumb/v7e-m+fp/hard/libc_nano.a(libc_a-writer.o)
 .ARM.attributes
                0x00000668       0x34 /opt/arm-none-eabi/bin/../lib/gcc/arm-none-eabi/13.2.1/../../../../arm-none-eabi/lib/thumb/v7e-m+fp/hard/libc_nano.a(libc_a-errno.o)
 .ARM.attributes
                0x0000069c       0x34 /opt/arm-none-eabi/bin/../lib/gcc/arm-none-eabi/13.2.1/../../../../arm-none-eabi/lib/thumb/v7e-m+fp/hard/libc_nano.a(libc_a-fwalk.o)
 .ARM.attributes
                0x000006d0       0x34 /opt/arm-none-eabi/bin/../lib/gcc/arm-none-eabi/13.2.1/../../../../arm-none-eabi/lib/thumb/v7e-m+fp/hard/libc_nano.a(libc_a-memset.o)
 .ARM.attributes
                0x00000704       0x34 /opt/arm-none-eabi/bin/../lib/gcc/arm-none-eabi/13.2.1/../../../../arm-none-eabi/lib/thumb/v7e-m+fp/hard/libc_nano.a(libc_a-freer.o)
 .ARM.attributes
                0x00000738       0x34 /opt/arm-none-eabi/bin/../lib/gcc/arm-none-eabi/13.2.1/../../../../arm-none-eabi/lib/thumb/v7e-m+fp/hard/libc_nano.a(libc_a-lock.o)
 .ARM.attributes
                0x0000076c       0x34 /opt/arm-none-eabi/bin/../lib/gcc/arm-none-eabi/13.2.1/../../../../arm-none-eabi/lib/thumb/v7e-m+fp/hard/libc_nano.a(libc_a-makebuf.o)
 .ARM.attributes
                0x000007a0       0x34 /opt/arm-none-eabi/bin/../lib/gcc/arm-none-eabi/13.2.1/../../../../arm-none-eabi/lib/thumb/v7e-m+fp/hard/libc_nano.a(libc_a-closer.o)
 .ARM.attributes
                0x000007d4       0x34 /opt/arm-none-eabi/bin/../lib/gcc/arm-none-eabi/13.2.1/../../../../arm-none-eabi/lib/thumb/v7e-m+fp/hard/libc_nano.a(libc_a-reent.o)
 .ARM.attributes
                0x00000808       0x34 /opt/arm-none-eabi/bin/../lib/gcc/arm-none-eabi/13.2.1/../../../../arm-none-eabi/lib/thumb/v7e-m+fp/hard/libc_nano.a(libc_a-mallocr.o)
 .ARM.attributes
                0x0000083c       0x34 /opt/arm-none-eabi/bin/../lib/gcc/arm-none-eabi/13.2.1/../../../../arm-none-eabi/lib/thumb/v7e-m+fp/hard/libc_nano.a(libc_a-fstatr.o)
 .ARM.attributes
                0x00000870       0x34 /opt/arm-none-eabi/bin/../lib/gcc/arm-none-eabi/13.2.1/../../../../arm-none-eabi/lib/thumb/v7e-m+fp/hard/libc_nano.a(libc_a-isattyr.o)
 .ARM.attributes
                0x000008a4       0x34 /opt/arm-none-eabi/bin/../lib/gcc/arm-none-eabi/13.2.1/../../../../arm-none-eabi/lib/thumb/v7e-m+fp/hard/libc_nano.a(libc_a-lseekr.o)
 .ARM.attributes
                0x000008d8       0x34 /opt/arm-none-eabi/bin/../lib/gcc/arm-none-eabi/13.2.1/../../../../arm-none-eabi/lib/thumb/v7e-m+fp/hard/libc_nano.a(libc_a-mlock.o)
 .ARM.attributes
                0x0000090c       0x34 /opt/arm-none-eabi/bin/../lib/gcc/arm-none-eabi/13.2.1/../../../../arm-none-eabi/lib/thumb/v7e-m+fp/hard/libc_nano.a(libc_a-sbrkr.o)
 .ARM.attributes
                0x00000940       0x22 /opt/arm-none-eabi/bin/../lib/gcc/arm-none-eabi/13.2.1/thumb/v7e-m+fp/hard/libgcc.a(_arm_addsubdf3.o)
 .ARM.attributes
                0x00000962       0x22 /opt/arm-none-eabi/bin/../lib/gcc/arm-none-eabi/13.2.1/thumb/v7e-m+fp/hard/libgcc.a(_arm_muldivdf3.o)
 .ARM.attributes
                0x00000984       0x22 /opt/arm-none-eabi/bin/../lib/gcc/arm-none-eabi/13.2.1/thumb/v7e-m+fp/hard/libgcc.a(_arm_cmpdf2.o)
 .ARM.attributes
                0x000009a6       0x22 /opt/arm-none-eabi/bin/../lib/gcc/arm-none-eabi/13.2.1/thumb/v7e-m+fp/hard/libgcc.a(_arm_unorddf2.o)
 .ARM.attributes
                0x000009c8       0x22 /opt/arm-none-eabi/bin/../lib/gcc/arm-none-eabi/13.2.1/thumb/v7e-m+fp/hard/libgcc.a(_arm_fixdfsi.o)
 .ARM.attributes
                0x000009ea       0x34 /opt/arm-none-eabi/bin/../lib/gcc/arm-none-eabi/13.2.1/thumb/v7e-m+fp/hard/libgcc.a(_fixdfdi.o)
 .ARM.attributes
                0x00000a1e       0x34 /opt/arm-none-eabi/bin/../lib/gcc/arm-none-eabi/13.2.1/thumb/v7e-m+fp/hard/libgcc.a(_fixunsdfdi.o)
 .ARM.attributes
                0x00000a52       0x22 /opt/arm-none-eabi/bin/../lib/gcc/arm-none-eabi/13.2.1/thumb/v7e-m+fp/hard/libgcc.a(_arm_fixunsdfsi.o)

.debug_frame    0x00000000     0x22c8
 .debug_frame   0x00000000      0x6bc /tmp/cc09Hhgp.o
 .debug_frame   0x000006bc       0x20 /tmp/cc7oZb7C.o
 .debug_frame   0x000006dc      0x2e8 /tmp/cc2npZdP.o
 .debug_frame   0x000009c4      0x27c /tmp/ccfHaK8L.o
 .debug_frame   0x00000c40      0x200 /tmp/ccek0zfT.o
 .debug_frame   0x00000e40      0x200 /tmp/ccI1kdk5.o
 .debug_frame   0x00001040      0x140 /tmp/ccunmz2V.o
 .debug_frame   0x00001180      0x314 /tmp/cc9OPQac.o
 .debug_frame   0x00001494       0x48 /opt/arm-none-eabi/bin/../lib/gcc/arm-none-eabi/13.2.1/../../../../arm-none-eabi/lib/thumb/v7e-m+fp/hard/libm.a(libm_a-w_sqrt.o)
 .debug_frame   0x000014dc       0x20 /opt/arm-none-eabi/bin/../lib/gcc/arm-none-eabi/13.2.1/../../../../arm-none-eabi/lib/thumb/v7e-m+fp/hard/libm.a(libm_a-powl.o)
 .debug_frame   0x000014fc       0x38 /opt/arm-none-eabi/bin/../lib/gcc/arm-none-eabi/13.2.1/../../../../arm-none-eabi/lib/thumb/v7e-m+fp/hard/libm.a(libm_a-e_sqrt.o)
 .debug_frame   0x00001534       0x44 /opt/arm-none-eabi/bin/../lib/gcc/arm-none-eabi/13.2.1/../../../../arm-none-eabi/lib/thumb/v7e-m+fp/hard/libm.a(libm_a-w_pow.o)
 .debug_frame   0x00001578       0x28 /opt/arm-none-eabi/bin/../lib/gcc/arm-none-eabi/13.2.1/../../../../arm-none-eabi/lib/thumb/v7e-m+fp/hard/libm.a(libm_a-s_finite.o)
 .debug_frame   0x000015a0       0x80 /opt/arm-none-eabi/bin/../lib/gcc/arm-none-eabi/13.2.1/../../../../arm-none-eabi/lib/thumb/v7e-m+fp/hard/libm.a(libm_a-e_pow.o)
 .debug_frame   0x00001620      0x14c /opt/arm-none-eabi/bin/../lib/gcc/arm-none-eabi/13.2.1/../../../../arm-none-eabi/lib/thumb/v7e-m+fp/hard/libm.a(libm_a-math_err.o)
 .debug_frame   0x0000176c       0x20 /opt/arm-none-eabi/bin/../lib/gcc/arm-none-eabi/13.2.1/../../../../arm-none-eabi/lib/thumb/v7e-m+fp/hard/libm.a(libm_a-s_fabs.o)
 .debug_frame   0x0000178c       0x2c /opt/arm-none-eabi/bin/../lib/gcc/arm-none-eabi/13.2.1/../../../../arm-none-eabi/lib/thumb/v7e-m+fp/hard/libm.a(libm_a-s_scalbn.o)
 .debug_frame   0x000017b8       0x6c /opt/arm-none-eabi/bin/../lib/gcc/arm-none-eabi/13.2.1/../../../../arm-none-eabi/lib/thumb/v7e-m+fp/hard/libc_nano.a(libc_a-printf.o)
 .debug_frame   0x00001824       0xa8 /opt/arm-none-eabi/bin/../lib/gcc/arm-none-eabi/13.2.1/../../../../arm-none-eabi/lib/thumb/v7e-m+fp/hard/libc_nano.a(libc_a-nano-vfprintf.o)
 .debug_frame   0x000018cc       0x40 /opt/arm-none-eabi/bin/../lib/gcc/arm-none-eabi/13.2.1/../../../../arm-none-eabi/lib/thumb/v7e-m+fp/hard/libc_nano.a(libc_a-wbuf.o)
 .debug_frame   0x0000190c       0x2c /opt/arm-none-eabi/bin/../lib/gcc/arm-none-eabi/13.2.1/../../../../arm-none-eabi/lib/thumb/v7e-m+fp/hard/libc_nano.a(libc_a-wsetup.o)
 .debug_frame   0x00001938       0x60 /opt/arm-none-eabi/bin/../lib/gcc/arm-none-eabi/13.2.1/../../../../arm-none-eabi/lib/thumb/v7e-m+fp/hard/libc_nano.a(libc_a-nano-vfprintf_i.o)
 .debug_frame   0x00001998       0x3c /opt/arm-none-eabi/bin/../lib/gcc/arm-none-eabi/13.2.1/../../../../arm-none-eabi/lib/thumb/v7e-m+fp/hard/libc_nano.a(libc_a-puts.o)
 .debug_frame   0x000019d4       0x5c /opt/arm-none-eabi/bin/../lib/gcc/arm-none-eabi/13.2.1/../../../../arm-none-eabi/lib/thumb/v7e-m+fp/hard/libc_nano.a(libc_a-fflush.o)
 .debug_frame   0x00001a30       0x28 /opt/arm-none-eabi/bin/../lib/gcc/arm-none-eabi/13.2.1/../../../../arm-none-eabi/lib/thumb/v7e-m+fp/hard/libc_nano.a(libc_a-memcpy-stub.o)
 .debug_frame   0x00001a58      0x144 /opt/arm-none-eabi/bin/../lib/gcc/arm-none-eabi/13.2.1/../../../../arm-none-eabi/lib/thumb/v7e-m+fp/hard/libc_nano.a(libc_a-findfp.o)
 .debug_frame   0x00001b9c       0x88 /opt/arm-none-eabi/bin/../lib/gcc/arm-none-eabi/13.2.1/../../../../arm-none-eabi/lib/thumb/v7e-m+fp/hard/libc_nano.a(libc_a-stdio.o)
 .debug_frame   0x00001c24       0x2c /opt/arm-none-eabi/bin/../lib/gcc/arm-none-eabi/13.2.1/../../../../arm-none-eabi/lib/thumb/v7e-m+fp/hard/libc_nano.a(libc_a-readr.o)
 .debug_frame   0x00001c50       0x78 /opt/arm-none-eabi/bin/../lib/gcc/arm-none-eabi/13.2.1/../../../../arm-none-eabi/lib/thumb/v7e-m+fp/hard/libc_nano.a(libc_a-qsort.o)
 .debug_frame   0x00001cc8       0x2c /opt/arm-none-eabi/bin/../lib/gcc/arm-none-eabi/13.2.1/../../../../arm-none-eabi/lib/thumb/v7e-m+fp/hard/libc_nano.a(libc_a-writer.o)
 .debug_frame   0x00001cf4       0x20 /opt/arm-none-eabi/bin/../lib/gcc/arm-none-eabi/13.2.1/../../../../arm-none-eabi/lib/thumb/v7e-m+fp/hard/libc_nano.a(libc_a-errno.o)
 .debug_frame   0x00001d14       0x34 /opt/arm-none-eabi/bin/../lib/gcc/arm-none-eabi/13.2.1/../../../../arm-none-eabi/lib/thumb/v7e-m+fp/hard/libc_nano.a(libc_a-fwalk.o)
 .debug_frame   0x00001d48       0x20 /opt/arm-none-eabi/bin/../lib/gcc/arm-none-eabi/13.2.1/../../../../arm-none-eabi/lib/thumb/v7e-m+fp/hard/libc_nano.a(libc_a-memset.o)
 .debug_frame   0x00001d68       0x38 /opt/arm-none-eabi/bin/../lib/gcc/arm-none-eabi/13.2.1/../../../../arm-none-eabi/lib/thumb/v7e-m+fp/hard/libc_nano.a(libc_a-freer.o)
 .debug_frame   0x00001da0       0xb0 /opt/arm-none-eabi/bin/../lib/gcc/arm-none-eabi/13.2.1/../../../../arm-none-eabi/lib/thumb/v7e-m+fp/hard/libc_nano.a(libc_a-lock.o)
 .debug_frame   0x00001e50       0x58 /opt/arm-none-eabi/bin/../lib/gcc/arm-none-eabi/13.2.1/../../../../arm-none-eabi/lib/thumb/v7e-m+fp/hard/libc_nano.a(libc_a-makebuf.o)
 .debug_frame   0x00001ea8       0x2c /opt/arm-none-eabi/bin/../lib/gcc/arm-none-eabi/13.2.1/../../../../arm-none-eabi/lib/thumb/v7e-m+fp/hard/libc_nano.a(libc_a-closer.o)
 .debug_frame   0x00001ed4       0x38 /opt/arm-none-eabi/bin/../lib/gcc/arm-none-eabi/13.2.1/../../../../arm-none-eabi/lib/thumb/v7e-m+fp/hard/libc_nano.a(libc_a-reent.o)
 .debug_frame   0x00001f0c       0x50 /opt/arm-none-eabi/bin/../lib/gcc/arm-none-eabi/13.2.1/../../../../arm-none-eabi/lib/thumb/v7e-m+fp/hard/libc_nano.a(libc_a-mallocr.o)
 .debug_frame   0x00001f5c       0x2c /opt/arm-none-eabi/bin/../lib/gcc/arm-none-eabi/13.2.1/../../../../arm-none-eabi/lib/thumb/v7e-m+fp/hard/libc_nano.a(libc_a-fstatr.o)
 .debug_frame   0x00001f88       0x2c /opt/arm-none-eabi/bin/../lib/gcc/arm-none-eabi/13.2.1/../../../../arm-none-eabi/lib/thumb/v7e-m+fp/hard/libc_nano.a(libc_a-isattyr.o)
 .debug_frame   0x00001fb4       0x2c /opt/arm-none-eabi/bin/../lib/gcc/arm-none-eabi/13.2.1/../../../../arm-none-eabi/lib/thumb/v7e-m+fp/hard/libc_nano.a(libc_a-lseekr.o)
 .debug_frame   0x00001fe0       0x30 /opt/arm-none-eabi/bin/../lib/gcc/arm-none-eabi/13.2.1/../../../../arm-none-eabi/lib/thumb/v7e-m+fp/hard/libc_nano.a(libc_a-mlock.o)
 .debug_frame   0x00002010       0x2c /opt/arm-none-eabi/bin/../lib/gcc/arm-none-eabi/13.2.1/../../../../arm-none-eabi/lib/thumb/v7e-m+fp/hard/libc_nano.a(libc_a-sbrkr.o)
 .debug_frame   0x0000203c       0xac /opt/arm-none-eabi/bin/../lib/gcc/arm-none-eabi/13.2.1/thumb/v7e-m+fp/hard/libgcc.a(_arm_addsubdf3.o)
 .debug_frame   0x000020e8       0x50 /opt/arm-none-eabi/bin/../lib/gcc/arm-none-eabi/13.2.1/thumb/v7e-m+fp/hard/libgcc.a(_arm_muldivdf3.o)
 .debug_frame   0x00002138       0xc4 /opt/arm-none-eabi/bin/../lib/gcc/arm-none-eabi/13.2.1/thumb/v7e-m+fp/hard/libgcc.a(_arm_cmpdf2.o)
 .debug_frame   0x000021fc       0x20 /opt/arm-none-eabi/bin/../lib/gcc/arm-none-eabi/13.2.1/thumb/v7e-m+fp/hard/libgcc.a(_arm_unorddf2.o)
 .debug_frame   0x0000221c       0x24 /opt/arm-none-eabi/bin/../lib/gcc/arm-none-eabi/13.2.1/thumb/v7e-m+fp/hard/libgcc.a(_arm_fixdfsi.o)
 .debug_frame   0x00002240       0x38 /opt/arm-none-eabi/bin/../lib/gcc/arm-none-eabi/13.2.1/thumb/v7e-m+fp/hard/libgcc.a(_fixdfdi.o)
 .debug_frame   0x00002278       0x2c /opt/arm-none-eabi/bin/../lib/gcc/arm-none-eabi/13.2.1/thumb/v7e-m+fp/hard/libgcc.a(_fixunsdfdi.o)
 .debug_frame   0x000022a4       0x24 /opt/arm-none-eabi/bin/../lib/gcc/arm-none-eabi/13.2.1/thumb/v7e-m+fp/hard/libgcc.a(_arm_fixunsdfsi.o)

.debug_line_str
                0x00000000      0x1a1
 .debug_line_str
                0x00000000      0x1a1 /opt/arm-none-eabi/bin/../lib/gcc/arm-none-eabi/13.2.1/../../../../arm-none-eabi/lib/thumb/v7e-m+fp/hard/libc_nano.a(libc_a-memchr.o)
                                 0xda (size before relaxing)
 .debug_line_str
                0x000001a1       0xc7 /opt/arm-none-eabi/bin/../lib/gcc/arm-none-eabi/13.2.1/thumb/v7e-m+fp/hard/libgcc.a(_arm_addsubdf3.o)
 .debug_line_str
                0x000001a1       0xc7 /opt/arm-none-eabi/bin/../lib/gcc/arm-none-eabi/13.2.1/thumb/v7e-m+fp/hard/libgcc.a(_arm_muldivdf3.o)
 .debug_line_str
                0x000001a1       0xc7 /opt/arm-none-eabi/bin/../lib/gcc/arm-none-eabi/13.2.1/thumb/v7e-m+fp/hard/libgcc.a(_arm_cmpdf2.o)
 .debug_line_str
                0x000001a1       0xc7 /opt/arm-none-eabi/bin/../lib/gcc/arm-none-eabi/13.2.1/thumb/v7e-m+fp/hard/libgcc.a(_arm_unorddf2.o)
 .debug_line_str
                0x000001a1       0xc7 /opt/arm-none-eabi/bin/../lib/gcc/arm-none-eabi/13.2.1/thumb/v7e-m+fp/hard/libgcc.a(_arm_fixdfsi.o)
 .debug_line_str
                0x000001a1       0xc7 /opt/arm-none-eabi/bin/../lib/gcc/arm-none-eabi/13.2.1/thumb/v7e-m+fp/hard/libgcc.a(_arm_fixunsdfsi.o)
