Archive member included to satisfy reference by file (symbol)

c:/program files (x86)/arm gnu toolchain arm-none-eabi/12.2 rel1/bin/../lib/gcc/arm-none-eabi/12.2.1/thumb/v7e-m+fp/hard\libc_nano.a(libc_a-printf.o)
                              C:\Users\Alex\AppData\Local\Temp\ccMA5SVi.o (printf)
c:/program files (x86)/arm gnu toolchain arm-none-eabi/12.2 rel1/bin/../lib/gcc/arm-none-eabi/12.2.1/thumb/v7e-m+fp/hard\libc_nano.a(libc_a-putchar.o)
                              C:\Users\Alex\AppData\Local\Temp\ccMA5SVi.o (putchar)
c:/program files (x86)/arm gnu toolchain arm-none-eabi/12.2 rel1/bin/../lib/gcc/arm-none-eabi/12.2.1/thumb/v7e-m+fp/hard\libc_nano.a(libc_a-puts.o)
                              C:\Users\Alex\AppData\Local\Temp\ccMA5SVi.o (puts)
c:/program files (x86)/arm gnu toolchain arm-none-eabi/12.2 rel1/bin/../lib/gcc/arm-none-eabi/12.2.1/thumb/v7e-m+fp/hard\libc_nano.a(libc_a-wbuf.o)
                              c:/program files (x86)/arm gnu toolchain arm-none-eabi/12.2 rel1/bin/../lib/gcc/arm-none-eabi/12.2.1/thumb/v7e-m+fp/hard\libc_nano.a(libc_a-puts.o) (__swbuf_r)
c:/program files (x86)/arm gnu toolchain arm-none-eabi/12.2 rel1/bin/../lib/gcc/arm-none-eabi/12.2.1/thumb/v7e-m+fp/hard\libc_nano.a(libc_a-wsetup.o)
                              c:/program files (x86)/arm gnu toolchain arm-none-eabi/12.2 rel1/bin/../lib/gcc/arm-none-eabi/12.2.1/thumb/v7e-m+fp/hard\libc_nano.a(libc_a-puts.o) (__swsetup_r)
c:/program files (x86)/arm gnu toolchain arm-none-eabi/12.2 rel1/bin/../lib/gcc/arm-none-eabi/12.2.1/thumb/v7e-m+fp/hard\libc_nano.a(libc_a-memset.o)
                              C:\Users\Alex\AppData\Local\Temp\ccMA5SVi.o (memset)
c:/program files (x86)/arm gnu toolchain arm-none-eabi/12.2 rel1/bin/../lib/gcc/arm-none-eabi/12.2.1/thumb/v7e-m+fp/hard\libc_nano.a(libc_a-impure.o)
                              c:/program files (x86)/arm gnu toolchain arm-none-eabi/12.2 rel1/bin/../lib/gcc/arm-none-eabi/12.2.1/thumb/v7e-m+fp/hard\libc_nano.a(libc_a-printf.o) (_impure_ptr)
c:/program files (x86)/arm gnu toolchain arm-none-eabi/12.2 rel1/bin/../lib/gcc/arm-none-eabi/12.2.1/thumb/v7e-m+fp/hard\libc_nano.a(libc_a-lock.o)
                              c:/program files (x86)/arm gnu toolchain arm-none-eabi/12.2 rel1/bin/../lib/gcc/arm-none-eabi/12.2.1/thumb/v7e-m+fp/hard\libc_nano.a(libc_a-puts.o) (__retarget_lock_acquire_recursive)
c:/program files (x86)/arm gnu toolchain arm-none-eabi/12.2 rel1/bin/../lib/gcc/arm-none-eabi/12.2.1/thumb/v7e-m+fp/hard\libc_nano.a(libc_a-memcpy-stub.o)
                              C:\Users\Alex\AppData\Local\Temp\ccMA5SVi.o (memcpy)
c:/program files (x86)/arm gnu toolchain arm-none-eabi/12.2 rel1/bin/../lib/gcc/arm-none-eabi/12.2.1/thumb/v7e-m+fp/hard\libc_nano.a(libc_a-freer.o)
                              c:/program files (x86)/arm gnu toolchain arm-none-eabi/12.2 rel1/bin/../lib/gcc/arm-none-eabi/12.2.1/thumb/v7e-m+fp/hard\libc_nano.a(libc_a-wsetup.o) (_free_r)
c:/program files (x86)/arm gnu toolchain arm-none-eabi/12.2 rel1/bin/../lib/gcc/arm-none-eabi/12.2.1/thumb/v7e-m+fp/hard\libc_nano.a(libc_a-mallocr.o)
                              c:/program files (x86)/arm gnu toolchain arm-none-eabi/12.2 rel1/bin/../lib/gcc/arm-none-eabi/12.2.1/thumb/v7e-m+fp/hard\libc_nano.a(libc_a-freer.o) (__malloc_free_list)
c:/program files (x86)/arm gnu toolchain arm-none-eabi/12.2 rel1/bin/../lib/gcc/arm-none-eabi/12.2.1/thumb/v7e-m+fp/hard\libc_nano.a(libc_a-mlock.o)
                              c:/program files (x86)/arm gnu toolchain arm-none-eabi/12.2 rel1/bin/../lib/gcc/arm-none-eabi/12.2.1/thumb/v7e-m+fp/hard\libc_nano.a(libc_a-freer.o) (__malloc_lock)
c:/program files (x86)/arm gnu toolchain arm-none-eabi/12.2 rel1/bin/../lib/gcc/arm-none-eabi/12.2.1/thumb/v7e-m+fp/hard\libc_nano.a(libc_a-nano-vfprintf.o)
                              c:/program files (x86)/arm gnu toolchain arm-none-eabi/12.2 rel1/bin/../lib/gcc/arm-none-eabi/12.2.1/thumb/v7e-m+fp/hard\libc_nano.a(libc_a-printf.o) (_vfprintf_r)
c:/program files (x86)/arm gnu toolchain arm-none-eabi/12.2 rel1/bin/../lib/gcc/arm-none-eabi/12.2.1/thumb/v7e-m+fp/hard\libc_nano.a(libc_a-nano-vfprintf_i.o)
                              c:/program files (x86)/arm gnu toolchain arm-none-eabi/12.2 rel1/bin/../lib/gcc/arm-none-eabi/12.2.1/thumb/v7e-m+fp/hard\libc_nano.a(libc_a-nano-vfprintf.o) (_printf_i)
c:/program files (x86)/arm gnu toolchain arm-none-eabi/12.2 rel1/bin/../lib/gcc/arm-none-eabi/12.2.1/thumb/v7e-m+fp/hard\libc_nano.a(libc_a-fflush.o)
                              c:/program files (x86)/arm gnu toolchain arm-none-eabi/12.2 rel1/bin/../lib/gcc/arm-none-eabi/12.2.1/thumb/v7e-m+fp/hard\libc_nano.a(libc_a-wbuf.o) (_fflush_r)
c:/program files (x86)/arm gnu toolchain arm-none-eabi/12.2 rel1/bin/../lib/gcc/arm-none-eabi/12.2.1/thumb/v7e-m+fp/hard\libc_nano.a(libc_a-findfp.o)
[...]
Memory Configuration

Name             Origin             Length             Attributes
flash            0x08000000         0x00200000         xr
sram             0x20000000         0x00030000         xrw
*default*        0x00000000         0xffffffff

Linker script and memory map

LOAD C:\Users\Alex\AppData\Local\Temp\ccMA5SVi.o
LOAD C:\Users\Alex\AppData\Local\Temp\ccVVgq9g.o
LOAD C:\Users\Alex\AppData\Local\Temp\cch92pki.o
LOAD c:/program files (x86)/arm gnu toolchain arm-none-eabi/12.2 rel1/bin/../lib/gcc/arm-none-eabi/12.2.1/thumb/v7e-m+fp/hard\libc_nano.a
LOAD c:/program files (x86)/arm gnu toolchain arm-none-eabi/12.2 rel1/bin/../lib/gcc/arm-none-eabi/12.2.1/thumb/v7e-m+fp/hard\libgcc.a
                0x20030000                _estack = (ORIGIN (sram) + LENGTH (sram))

.vectors        0x08000000      0x1bc
 *(.vectors)
 .vectors       0x08000000      0x1bc C:\Users\Alex\AppData\Local\Temp\ccVVgq9g.o
                0x08000000                tab

.text           0x080001c0     0x2b1c
 *(.text*)
 .text.spin     0x080001c0       0x14 C:\Users\Alex\AppData\Local\Temp\ccMA5SVi.o
 .text.gpio_set_mode
                0x080001d4       0x38 C:\Users\Alex\AppData\Local\Temp\ccMA5SVi.o
 .text.gpio_set_af
                0x0800020c       0x2e C:\Users\Alex\AppData\Local\Temp\ccMA5SVi.o
 .text.gpio_write
                0x0800023a       0x20 C:\Users\Alex\AppData\Local\Temp\ccMA5SVi.o
 .text.gpio_read
                0x0800025a       0x1a C:\Users\Alex\AppData\Local\Temp\ccMA5SVi.o
 .text.getBitArr
                0x08000274       0x26 C:\Users\Alex\AppData\Local\Temp\ccMA5SVi.o
                0x08000274                getBitArr
 .text.zip      0x0800029a      0x268 C:\Users\Alex\AppData\Local\Temp\ccMA5SVi.o
                0x0800029a                zip
 .text.unzip    0x08000502      0x1ce C:\Users\Alex\AppData\Local\Temp\ccMA5SVi.o
                0x08000502                unzip
 .text.printByte
                0x080006d0       0x38 C:\Users\Alex\AppData\Local\Temp\ccMA5SVi.o
                0x080006d0                printByte
 .text.printFrame
                0x08000708       0x24 C:\Users\Alex\AppData\Local\Temp\ccMA5SVi.o
                0x08000708                printFrame
 .text._memset  0x0800072c        0x8 C:\Users\Alex\AppData\Local\Temp\ccMA5SVi.o
                0x0800072c                _memset
 .text.printFrameArray
                0x08000734       0x3c C:\Users\Alex\AppData\Local\Temp\ccMA5SVi.o
                0x08000734                printFrameArray
 .text.waitForReadyFlag
                0x08000770       0x38 C:\Users\Alex\AppData\Local\Temp\ccMA5SVi.o
                0x08000770                waitForReadyFlag
 .text.setPinModes
                0x080007a8       0x84 C:\Users\Alex\AppData\Local\Temp\ccMA5SVi.o
                0x080007a8                setPinModes
 .text.setControlPins
                0x0800082c       0x68 C:\Users\Alex\AppData\Local\Temp\ccMA5SVi.o
                0x0800082c                setControlPins
 .text.setDataPins
                0x08000894       0x98 C:\Users\Alex\AppData\Local\Temp\ccMA5SVi.o
                0x08000894                setDataPins
 .text.sendByteToFlash
                0x0800092c       0x1e C:\Users\Alex\AppData\Local\Temp\ccMA5SVi.o
                0x0800092c                sendByteToFlash
 *fill*         0x0800094a        0x2 
 .text.receiveByteFromFlash
                0x0800094c       0xc8 C:\Users\Alex\AppData\Local\Temp\ccMA5SVi.o
                0x0800094c                receiveByteFromFlash
 .text.sendAddrToFlash
                0x08000a14       0x4a C:\Users\Alex\AppData\Local\Temp\ccMA5SVi.o
                0x08000a14                sendAddrToFlash
 .text.sendBlockAddrToFlash
                0x08000a5e       0x28 C:\Users\Alex\AppData\Local\Temp\ccMA5SVi.o
                0x08000a5e                sendBlockAddrToFlash
 *fill*         0x08000a86        0x2 
 .text.readFlashID
                0x08000a88       0x6c C:\Users\Alex\AppData\Local\Temp\ccMA5SVi.o
                0x08000a88                readFlashID
 .text.readFrame
                0x08000af4       0x3a C:\Users\Alex\AppData\Local\Temp\ccMA5SVi.o
                0x08000af4                readFrame
 *fill*         0x08000b2e        0x2 
 .text.writeFrame
                0x08000b30       0x44 C:\Users\Alex\AppData\Local\Temp\ccMA5SVi.o
                0x08000b30                writeFrame
 .text.eraseBlock
                0x08000b74       0x26 C:\Users\Alex\AppData\Local\Temp\ccMA5SVi.o
                0x08000b74                eraseBlock
 *fill*         0x08000b9a        0x6 
 .text.eraseALL
                0x08000ba0       0xf0 C:\Users\Alex\AppData\Local\Temp\ccMA5SVi.o
                0x08000ba0                eraseALL
 .text.getNextAvailableFrameAddr
                0x08000c90       0x6c C:\Users\Alex\AppData\Local\Temp\ccMA5SVi.o
                0x08000c90                getNextAvailableFrameAddr
 .text.initialiseFlash
                0x08000cfc       0xf8 C:\Users\Alex\AppData\Local\Temp\ccMA5SVi.o
                0x08000cfc                initialiseFlash
 .text.calculateCRC
                0x08000df4       0x36 C:\Users\Alex\AppData\Local\Temp\ccMA5SVi.o
                0x08000df4                calculateCRC
 .text.hash     0x08000e2a       0x42 C:\Users\Alex\AppData\Local\Temp\ccMA5SVi.o
                0x08000e2a                hash
 .text.isPowerOfTwo
                0x08000e6c       0x12 C:\Users\Alex\AppData\Local\Temp\ccMA5SVi.o
                0x08000e6c                isPowerOfTwo
 .text.calculateParityBits
                0x08000e7e       0xbc C:\Users\Alex\AppData\Local\Temp\ccMA5SVi.o
                0x08000e7e                calculateParityBits
 .text.encodeParity
                0x08000f3a       0x52 C:\Users\Alex\AppData\Local\Temp\ccMA5SVi.o
                0x08000f3a                encodeParity
 *fill*         0x08000f8c        0x4 
 .text.printCapacityInfo
                0x08000f90       0xfc C:\Users\Alex\AppData\Local\Temp\ccMA5SVi.o
                0x08000f90                printCapacityInfo
 .text.logFrame
                0x0800108c       0x70 C:\Users\Alex\AppData\Local\Temp\ccMA5SVi.o
                0x0800108c                logFrame
 .text.recallFrame
                0x080010fc       0x28 C:\Users\Alex\AppData\Local\Temp\ccMA5SVi.o
                0x080010fc                recallFrame
 .text.readALL  0x08001124       0xa8 C:\Users\Alex\AppData\Local\Temp\ccMA5SVi.o
                0x08001124                readALL
 .text.SysTick_Handler
                0x080011cc       0x10 C:\Users\Alex\AppData\Local\Temp\ccMA5SVi.o
                0x080011cc                SysTick_Handler
 .text.startup.main
                0x080011dc      0x12c C:\Users\Alex\AppData\Local\Temp\ccMA5SVi.o
                0x080011dc                main
 .text._reset   0x08001308       0x50 C:\Users\Alex\AppData\Local\Temp\ccVVgq9g.o
                0x08001308                _reset
 .text._fstat   0x08001358       0x12 C:\Users\Alex\AppData\Local\Temp\cch92pki.o
                0x08001358                _fstat
 *fill*         0x0800136a        0x2 
 .text._sbrk    0x0800136c       0x1c C:\Users\Alex\AppData\Local\Temp\cch92pki.o
                0x0800136c                _sbrk
 .text._close   0x08001388        0x6 C:\Users\Alex\AppData\Local\Temp\cch92pki.o
                0x08001388                _close
 .text._isatty  0x0800138e        0x4 C:\Users\Alex\AppData\Local\Temp\cch92pki.o
                0x0800138e                _isatty
 .text._lseek   0x08001392        0x4 C:\Users\Alex\AppData\Local\Temp\cch92pki.o
                0x08001392                _lseek
 .text._read    0x08001396        0x6 C:\Users\Alex\AppData\Local\Temp\cch92pki.o
                0x08001396                _read
 .text._write   0x0800139c       0x34 C:\Users\Alex\AppData\Local\Temp\cch92pki.o
                0x0800139c                _write
 .text.printf   0x080013d0       0x24 c:/program files (x86)/arm gnu toolchain arm-none-eabi/12.2 rel1/bin/../lib/gcc/arm-none-eabi/12.2.1/thumb/v7e-m+fp/hard\libc_nano.a(libc_a-printf.o)
                0x080013d0                iprintf
                0x080013d0                printf
 .text.putchar  0x080013f4       0x10 c:/program files (x86)/arm gnu toolchain arm-none-eabi/12.2 rel1/bin/../lib/gcc/arm-none-eabi/12.2.1/thumb/v7e-m+fp/hard\libc_nano.a(libc_a-putchar.o)
                0x080013f4                putchar
 .text._puts_r  0x08001404       0xaa c:/program files (x86)/arm gnu toolchain arm-none-eabi/12.2 rel1/bin/../lib/gcc/arm-none-eabi/12.2.1/thumb/v7e-m+fp/hard\libc_nano.a(libc_a-puts.o)
                0x08001404                _puts_r
 *fill*         0x080014ae        0x2 
 .text.puts     0x080014b0       0x10 c:/program files (x86)/arm gnu toolchain arm-none-eabi/12.2 rel1/bin/../lib/gcc/arm-none-eabi/12.2.1/thumb/v7e-m+fp/hard\libc_nano.a(libc_a-puts.o)
                0x080014b0                puts
 .text.__swbuf_r
                0x080014c0       0x7c c:/program files (x86)/arm gnu toolchain arm-none-eabi/12.2 rel1/bin/../lib/gcc/arm-none-eabi/12.2.1/thumb/v7e-m+fp/hard\libc_nano.a(libc_a-wbuf.o)
                0x080014c0                __swbuf_r
 .text.__swsetup_r
                0x0800153c       0xac c:/program files (x86)/arm gnu toolchain arm-none-eabi/12.2 rel1/bin/../lib/gcc/arm-none-eabi/12.2.1/thumb/v7e-m+fp/hard\libc_nano.a(libc_a-wsetup.o)
                0x0800153c                __swsetup_r
 .text.memset   0x080015e8       0x10 c:/program files (x86)/arm gnu toolchain arm-none-eabi/12.2 rel1/bin/../lib/gcc/arm-none-eabi/12.2.1/thumb/v7e-m+fp/hard\libc_nano.a(libc_a-memset.o)
                0x080015e8                memset
 .text.__retarget_lock_init_recursive
                0x080015f8        0x2 c:/program files (x86)/arm gnu toolchain arm-none-eabi/12.2 rel1/bin/../lib/gcc/arm-none-eabi/12.2.1/thumb/v7e-m+fp/hard\libc_nano.a(libc_a-lock.o)
                0x080015f8                __retarget_lock_init_recursive
 .text.__retarget_lock_acquire_recursive
                0x080015fa        0x2 c:/program files (x86)/arm gnu toolchain arm-none-eabi/12.2 rel1/bin/../lib/gcc/arm-none-eabi/12.2.1/thumb/v7e-m+fp/hard\libc_nano.a(libc_a-lock.o)
                0x080015fa                __retarget_lock_acquire_recursive
 .text.__retarget_lock_release_recursive
                0x080015fc        0x2 c:/program files (x86)/arm gnu toolchain arm-none-eabi/12.2 rel1/bin/../lib/gcc/arm-none-eabi/12.2.1/thumb/v7e-m+fp/hard\libc_nano.a(libc_a-lock.o)
                0x080015fc                __retarget_lock_release_recursive
 .text.memcpy   0x080015fe       0x1c c:/program files (x86)/arm gnu toolchain arm-none-eabi/12.2 rel1/bin/../lib/gcc/arm-none-eabi/12.2.1/thumb/v7e-m+fp/hard\libc_nano.a(libc_a-memcpy-stub.o)
                0x080015fe                memcpy
 *fill*         0x0800161a        0x2 
 .text._free_r  0x0800161c       0x94 c:/program files (x86)/arm gnu toolchain arm-none-eabi/12.2 rel1/bin/../lib/gcc/arm-none-eabi/12.2.1/thumb/v7e-m+fp/hard\libc_nano.a(libc_a-freer.o)
                0x0800161c                _free_r
 .text.sbrk_aligned
                0x080016b0       0x44 c:/program files (x86)/arm gnu toolchain arm-none-eabi/12.2 rel1/bin/../lib/gcc/arm-none-eabi/12.2.1/thumb/v7e-m+fp/hard\libc_nano.a(libc_a-mallocr.o)
 .text._malloc_r
                0x080016f4       0xf0 c:/program files (x86)/arm gnu toolchain arm-none-eabi/12.2 rel1/bin/../lib/gcc/arm-none-eabi/12.2.1/thumb/v7e-m+fp/hard\libc_nano.a(libc_a-mallocr.o)
                0x080016f4                _malloc_r
 .text.__malloc_lock
                0x080017e4        0xc c:/program files (x86)/arm gnu toolchain arm-none-eabi/12.2 rel1/bin/../lib/gcc/arm-none-eabi/12.2.1/thumb/v7e-m+fp/hard\libc_nano.a(libc_a-mlock.o)
                0x080017e4                __malloc_lock
 .text.__malloc_unlock
                0x080017f0        0xc c:/program files (x86)/arm gnu toolchain arm-none-eabi/12.2 rel1/bin/../lib/gcc/arm-none-eabi/12.2.1/thumb/v7e-m+fp/hard\libc_nano.a(libc_a-mlock.o)
                0x080017f0                __malloc_unlock
 .text.__sfputc_r
                0x080017fc       0x2e c:/program files (x86)/arm gnu toolchain arm-none-eabi/12.2 rel1/bin/../lib/gcc/arm-none-eabi/12.2.1/thumb/v7e-m+fp/hard\libc_nano.a(libc_a-nano-vfprintf.o)
 .text.__sfputs_r
                0x0800182a       0x24 c:/program files (x86)/arm gnu toolchain arm-none-eabi/12.2 rel1/bin/../lib/gcc/arm-none-eabi/12.2.1/thumb/v7e-m+fp/hard\libc_nano.a(libc_a-nano-vfprintf.o)
                0x0800182a                __sfputs_r
 *fill*         0x0800184e        0x2 
 .text._vfprintf_r
                0x08001850      0x230 c:/program files (x86)/arm gnu toolchain arm-none-eabi/12.2 rel1/bin/../lib/gcc/arm-none-eabi/12.2.1/thumb/v7e-m+fp/hard\libc_nano.a(libc_a-nano-vfprintf.o)
                0x08001850                _vfprintf_r
                0x08001850                _vfiprintf_r
 .text._printf_common
                0x08001a80       0xda c:/program files (x86)/arm gnu toolchain arm-none-eabi/12.2 rel1/bin/../lib/gcc/arm-none-eabi/12.2.1/thumb/v7e-m+fp/hard\libc_nano.a(libc_a-nano-vfprintf_i.o)
                0x08001a80                _printf_common
 *fill*         0x08001b5a        0x2 
 .text._printf_i
                0x08001b5c      0x258 c:/program files (x86)/arm gnu toolchain arm-none-eabi/12.2 rel1/bin/../lib/gcc/arm-none-eabi/12.2.1/thumb/v7e-m+fp/hard\libc_nano.a(libc_a-nano-vfprintf_i.o)
                0x08001b5c                _printf_i
 .text.__sflush_r
                0x08001db4      0x108 c:/program files (x86)/arm gnu toolchain arm-none-eabi/12.2 rel1/bin/../lib/gcc/arm-none-eabi/12.2.1/thumb/v7e-m+fp/hard\libc_nano.a(libc_a-fflush.o)
                0x08001db4                __sflush_r
 .text._fflush_r
                0x08001ebc       0x50 c:/program files (x86)/arm gnu toolchain arm-none-eabi/12.2 rel1/bin/../lib/gcc/arm-none-eabi/12.2.1/thumb/v7e-m+fp/hard\libc_nano.a(libc_a-fflush.o)
                0x08001ebc                _fflush_r
 .text.std      0x08001f0c       0x6c c:/program files (x86)/arm gnu toolchain arm-none-eabi/12.2 rel1/bin/../lib/gcc/arm-none-eabi/12.2.1/thumb/v7e-m+fp/hard\libc_nano.a(libc_a-findfp.o)
 .text.stdio_exit_handler
                0x08001f78       0x18 c:/program files (x86)/arm gnu toolchain arm-none-eabi/12.2 rel1/bin/../lib/gcc/arm-none-eabi/12.2.1/thumb/v7e-m+fp/hard\libc_nano.a(libc_a-findfp.o)
 .text.cleanup_stdio
                0x08001f90       0x40 c:/program files (x86)/arm gnu toolchain arm-none-eabi/12.2 rel1/bin/../lib/gcc/arm-none-eabi/12.2.1/thumb/v7e-m+fp/hard\libc_nano.a(libc_a-findfp.o)
 .text.global_stdio_init.part.0
                0x08001fd0       0x3c c:/program files (x86)/arm gnu toolchain arm-none-eabi/12.2 rel1/bin/../lib/gcc/arm-none-eabi/12.2.1/thumb/v7e-m+fp/hard\libc_nano.a(libc_a-findfp.o)
 .text.__sfp_lock_acquire
                0x0800200c        0xc c:/program files (x86)/arm gnu toolchain arm-none-eabi/12.2 rel1/bin/../lib/gcc/arm-none-eabi/12.2.1/thumb/v7e-m+fp/hard\libc_nano.a(libc_a-findfp.o)
                0x0800200c                __sfp_lock_acquire
 .text.__sfp_lock_release
                0x08002018        0xc c:/program files (x86)/arm gnu toolchain arm-none-eabi/12.2 rel1/bin/../lib/gcc/arm-none-eabi/12.2.1/thumb/v7e-m+fp/hard\libc_nano.a(libc_a-findfp.o)
                0x08002018                __sfp_lock_release
 .text.__sinit  0x08002024       0x30 c:/program files (x86)/arm gnu toolchain arm-none-eabi/12.2 rel1/bin/../lib/gcc/arm-none-eabi/12.2.1/thumb/v7e-m+fp/hard\libc_nano.a(libc_a-findfp.o)
                0x08002024                __sinit
 .text._fwalk_sglue
                0x08002054       0x3c c:/program files (x86)/arm gnu toolchain arm-none-eabi/12.2 rel1/bin/../lib/gcc/arm-none-eabi/12.2.1/thumb/v7e-m+fp/hard\libc_nano.a(libc_a-fwalk.o)
                0x08002054                _fwalk_sglue
 .text.__swhatbuf_r
                0x08002090       0x4c c:/program files (x86)/arm gnu toolchain arm-none-eabi/12.2 rel1/bin/../lib/gcc/arm-none-eabi/12.2.1/thumb/v7e-m+fp/hard\libc_nano.a(libc_a-makebuf.o)
                0x08002090                __swhatbuf_r
 .text.__smakebuf_r
                0x080020dc       0x78 c:/program files (x86)/arm gnu toolchain arm-none-eabi/12.2 rel1/bin/../lib/gcc/arm-none-eabi/12.2.1/thumb/v7e-m+fp/hard\libc_nano.a(libc_a-makebuf.o)
                0x080020dc                __smakebuf_r
 .text._putc_r  0x08002154       0x68 c:/program files (x86)/arm gnu toolchain arm-none-eabi/12.2 rel1/bin/../lib/gcc/arm-none-eabi/12.2.1/thumb/v7e-m+fp/hard\libc_nano.a(libc_a-putc.o)
                0x08002154                _putc_r
 .text.__sread  0x080021bc       0x22 c:/program files (x86)/arm gnu toolchain arm-none-eabi/12.2 rel1/bin/../lib/gcc/arm-none-eabi/12.2.1/thumb/v7e-m+fp/hard\libc_nano.a(libc_a-stdio.o)
                0x080021bc                __sread
 .text.__swrite
                0x080021de       0x38 c:/program files (x86)/arm gnu toolchain arm-none-eabi/12.2 rel1/bin/../lib/gcc/arm-none-eabi/12.2.1/thumb/v7e-m+fp/hard\libc_nano.a(libc_a-stdio.o)
                0x080021de                __swrite
 .text.__sseek  0x08002216       0x24 c:/program files (x86)/arm gnu toolchain arm-none-eabi/12.2 rel1/bin/../lib/gcc/arm-none-eabi/12.2.1/thumb/v7e-m+fp/hard\libc_nano.a(libc_a-stdio.o)
                0x08002216                __sseek
 .text.__sclose
                0x0800223a        0x8 c:/program files (x86)/arm gnu toolchain arm-none-eabi/12.2 rel1/bin/../lib/gcc/arm-none-eabi/12.2.1/thumb/v7e-m+fp/hard\libc_nano.a(libc_a-stdio.o)
                0x0800223a                __sclose
 *fill*         0x08002242        0x2 
 .text._close_r
                0x08002244       0x20 c:/program files (x86)/arm gnu toolchain arm-none-eabi/12.2 rel1/bin/../lib/gcc/arm-none-eabi/12.2.1/thumb/v7e-m+fp/hard\libc_nano.a(libc_a-closer.o)
                0x08002244                _close_r
 .text._fstat_r
                0x08002264       0x24 c:/program files (x86)/arm gnu toolchain arm-none-eabi/12.2 rel1/bin/../lib/gcc/arm-none-eabi/12.2.1/thumb/v7e-m+fp/hard\libc_nano.a(libc_a-fstatr.o)
                0x08002264                _fstat_r
 .text._isatty_r
                0x08002288       0x20 c:/program files (x86)/arm gnu toolchain arm-none-eabi/12.2 rel1/bin/../lib/gcc/arm-none-eabi/12.2.1/thumb/v7e-m+fp/hard\libc_nano.a(libc_a-isattyr.o)
                0x08002288                _isatty_r
 .text._lseek_r
                0x080022a8       0x24 c:/program files (x86)/arm gnu toolchain arm-none-eabi/12.2 rel1/bin/../lib/gcc/arm-none-eabi/12.2.1/thumb/v7e-m+fp/hard\libc_nano.a(libc_a-lseekr.o)
                0x080022a8                _lseek_r
 .text._read_r  0x080022cc       0x24 c:/program files (x86)/arm gnu toolchain arm-none-eabi/12.2 rel1/bin/../lib/gcc/arm-none-eabi/12.2.1/thumb/v7e-m+fp/hard\libc_nano.a(libc_a-readr.o)
                0x080022cc                _read_r
 .text._sbrk_r  0x080022f0       0x20 c:/program files (x86)/arm gnu toolchain arm-none-eabi/12.2 rel1/bin/../lib/gcc/arm-none-eabi/12.2.1/thumb/v7e-m+fp/hard\libc_nano.a(libc_a-sbrkr.o)
                0x080022f0                _sbrk_r
 .text._write_r
                0x08002310       0x24 c:/program files (x86)/arm gnu toolchain arm-none-eabi/12.2 rel1/bin/../lib/gcc/arm-none-eabi/12.2.1/thumb/v7e-m+fp/hard\libc_nano.a(libc_a-writer.o)
                0x08002310                _write_r
 *fill*         0x08002334        0xc 
 .text          0x08002340       0xa0 c:/program files (x86)/arm gnu toolchain arm-none-eabi/12.2 rel1/bin/../lib/gcc/arm-none-eabi/12.2.1/thumb/v7e-m+fp/hard\libc_nano.a(libc_a-memchr.o)
                0x08002340                memchr
 .text          0x080023e0      0x378 c:/program files (x86)/arm gnu toolchain arm-none-eabi/12.2 rel1/bin/../lib/gcc/arm-none-eabi/12.2.1/thumb/v7e-m+fp/hard\libgcc.a(_arm_addsubdf3.o)
                0x080023e0                __aeabi_drsub
                0x080023e8                __aeabi_dsub
                0x080023e8                __subdf3
                0x080023ec                __aeabi_dadd
                0x080023ec                __adddf3
                0x08002664                __floatunsidf
                0x08002664                __aeabi_ui2d
                0x08002684                __floatsidf
                0x08002684                __aeabi_i2d
                0x080026a8                __aeabi_f2d
                0x080026a8                __extendsfdf2
                0x080026ec                __floatundidf
                0x080026ec                __aeabi_ul2d
                0x080026fc                __floatdidf
                0x080026fc                __aeabi_l2d
 .text          0x08002758      0x424 c:/program files (x86)/arm gnu toolchain arm-none-eabi/12.2 rel1/bin/../lib/gcc/arm-none-eabi/12.2.1/thumb/v7e-m+fp/hard\libgcc.a(_arm_muldivdf3.o)
                0x08002758                __aeabi_dmul
                0x08002758                __muldf3
                0x080029ac                __divdf3
                0x080029ac                __aeabi_ddiv
 .text          0x08002b7c      0x110 c:/program files (x86)/arm gnu toolchain arm-none-eabi/12.2 rel1/bin/../lib/gcc/arm-none-eabi/12.2.1/thumb/v7e-m+fp/hard\libgcc.a(_arm_cmpdf2.o)
                0x08002b7c                __gtdf2
                0x08002b7c                __gedf2
                0x08002b84                __ltdf2
                0x08002b84                __ledf2
                0x08002b8c                __nedf2
                0x08002b8c                __eqdf2
                0x08002b8c                __cmpdf2
                0x08002c08                __aeabi_cdrcmple
                0x08002c18                __aeabi_cdcmpeq
                0x08002c18                __aeabi_cdcmple
                0x08002c28                __aeabi_dcmpeq
                0x08002c3c                __aeabi_dcmplt
                0x08002c50                __aeabi_dcmple
                0x08002c64                __aeabi_dcmpge
                0x08002c78                __aeabi_dcmpgt
 .text          0x08002c8c       0x50 c:/program files (x86)/arm gnu toolchain arm-none-eabi/12.2 rel1/bin/../lib/gcc/arm-none-eabi/12.2.1/thumb/v7e-m+fp/hard\libgcc.a(_arm_fixdfsi.o)
                0x08002c8c                __aeabi_d2iz
                0x08002c8c                __fixdfsi

.glue_7         0x08002cdc        0x0
 .glue_7        0x08002cdc        0x0 linker stubs

.glue_7t        0x08002cdc        0x0
 .glue_7t       0x08002cdc        0x0 linker stubs

.vfp11_veneer   0x08002cdc        0x0
 .vfp11_veneer  0x08002cdc        0x0 linker stubs

.v4_bx          0x08002cdc        0x0
 .v4_bx         0x08002cdc        0x0 linker stubs

.iplt           0x08002cdc        0x0
 .iplt          0x08002cdc        0x0 C:\Users\Alex\AppData\Local\Temp\ccMA5SVi.o

.rodata         0x08002cdc      0x20b
 *(.rodata*)
 .rodata.printByte.str1.1
                0x08002cdc        0x6 C:\Users\Alex\AppData\Local\Temp\ccMA5SVi.o
                                  0x8 (size before relaxing)
 .rodata.printFrame.str1.1
                0x08002ce2        0x5 C:\Users\Alex\AppData\Local\Temp\ccMA5SVi.o
 .rodata.waitForReadyFlag.str1.1
                0x08002ce7       0x1b C:\Users\Alex\AppData\Local\Temp\ccMA5SVi.o
 .rodata.readFlashID.str1.1
                0x08002d02        0x4 C:\Users\Alex\AppData\Local\Temp\ccMA5SVi.o
                                  0x7 (size before relaxing)
 .rodata.eraseALL.str1.1
                0x08002d06       0x7e C:\Users\Alex\AppData\Local\Temp\ccMA5SVi.o
 .rodata.initialiseFlash.str1.1
                0x08002d84       0x19 C:\Users\Alex\AppData\Local\Temp\ccMA5SVi.o
 .rodata.printCapacityInfo.str1.1
                0x08002d9d       0x3d C:\Users\Alex\AppData\Local\Temp\ccMA5SVi.o
 .rodata.logFrame.str1.1
                0x08002dda       0x10 C:\Users\Alex\AppData\Local\Temp\ccMA5SVi.o
 .rodata.readALL.str1.1
                0x08002dea       0x7d C:\Users\Alex\AppData\Local\Temp\ccMA5SVi.o
 .rodata.main.str1.1
                0x08002e67       0x4d C:\Users\Alex\AppData\Local\Temp\ccMA5SVi.o
 .rodata._vfprintf_r.str1.1
                0x08002eb4       0x11 c:/program files (x86)/arm gnu toolchain arm-none-eabi/12.2 rel1/bin/../lib/gcc/arm-none-eabi/12.2.1/thumb/v7e-m+fp/hard\libc_nano.a(libc_a-nano-vfprintf.o)
 .rodata._printf_i.str1.1
                0x08002ec5       0x22 c:/program files (x86)/arm gnu toolchain arm-none-eabi/12.2 rel1/bin/../lib/gcc/arm-none-eabi/12.2.1/thumb/v7e-m+fp/hard\libc_nano.a(libc_a-nano-vfprintf_i.o)

.rel.dyn        0x08002ee8        0x0
 .rel.iplt      0x08002ee8        0x0 C:\Users\Alex\AppData\Local\Temp\ccMA5SVi.o

.data           0x20000000       0x7d load address 0x08002ee7
                0x20000000                _sdata = .
 *(.first_data)
 *(.data SORT_BY_NAME(.data.*))
 .data.ALE      0x20000000        0x2 C:\Users\Alex\AppData\Local\Temp\ccMA5SVi.o
                0x20000000                ALE
 .data.CE       0x20000002        0x2 C:\Users\Alex\AppData\Local\Temp\ccMA5SVi.o
                0x20000002                CE
 .data.CLE      0x20000004        0x2 C:\Users\Alex\AppData\Local\Temp\ccMA5SVi.o
                0x20000004                CLE
 .data.RB       0x20000006        0x2 C:\Users\Alex\AppData\Local\Temp\ccMA5SVi.o
                0x20000006                RB
 .data.RE       0x20000008        0x2 C:\Users\Alex\AppData\Local\Temp\ccMA5SVi.o
                0x20000008                RE
 .data.WE       0x2000000a        0x2 C:\Users\Alex\AppData\Local\Temp\ccMA5SVi.o
                0x2000000a                WE
 .data.WP       0x2000000c        0x2 C:\Users\Alex\AppData\Local\Temp\ccMA5SVi.o
                0x2000000c                WP
 *fill*         0x2000000e        0x2 
 .data.__sglue  0x20000010        0xc c:/program files (x86)/arm gnu toolchain arm-none-eabi/12.2 rel1/bin/../lib/gcc/arm-none-eabi/12.2.1/thumb/v7e-m+fp/hard\libc_nano.a(libc_a-findfp.o)
                0x20000010                __sglue
 .data._impure_data
                0x2000001c       0x4c c:/program files (x86)/arm gnu toolchain arm-none-eabi/12.2 rel1/bin/../lib/gcc/arm-none-eabi/12.2.1/thumb/v7e-m+fp/hard\libc_nano.a(libc_a-impure.o)
                0x2000001c                _impure_data
 .data._impure_ptr
                0x20000068        0x4 c:/program files (x86)/arm gnu toolchain arm-none-eabi/12.2 rel1/bin/../lib/gcc/arm-none-eabi/12.2.1/thumb/v7e-m+fp/hard\libc_nano.a(libc_a-impure.o)
                0x20000068                _impure_ptr
 .data.data0    0x2000006c        0x2 C:\Users\Alex\AppData\Local\Temp\ccMA5SVi.o
                0x2000006c                data0
 .data.data1    0x2000006e        0x2 C:\Users\Alex\AppData\Local\Temp\ccMA5SVi.o
                0x2000006e                data1
 .data.data2    0x20000070        0x2 C:\Users\Alex\AppData\Local\Temp\ccMA5SVi.o
                0x20000070                data2
 .data.data3    0x20000072        0x2 C:\Users\Alex\AppData\Local\Temp\ccMA5SVi.o
                0x20000072                data3
 .data.data4    0x20000074        0x2 C:\Users\Alex\AppData\Local\Temp\ccMA5SVi.o
                0x20000074                data4
 .data.data5    0x20000076        0x2 C:\Users\Alex\AppData\Local\Temp\ccMA5SVi.o
                0x20000076                data5
 .data.data6    0x20000078        0x2 C:\Users\Alex\AppData\Local\Temp\ccMA5SVi.o
                0x20000078                data6
 .data.data7    0x2000007a        0x2 C:\Users\Alex\AppData\Local\Temp\ccMA5SVi.o
                0x2000007a                data7
 .data.globalPinMode
                0x2000007c        0x1 C:\Users\Alex\AppData\Local\Temp\ccMA5SVi.o
                0x2000007c                globalPinMode
                0x2000007d                _edata = .
                0x08002ee7                _sidata = LOADADDR (.data)

.igot.plt       0x20000080        0x0 load address 0x08002f64
 .igot.plt      0x20000080        0x0 C:\Users\Alex\AppData\Local\Temp\ccMA5SVi.o

.bss            0x20000080      0x158 load address 0x08002f64
                0x20000080                _sbss = .
 *(.bss SORT_BY_NAME(.bss.*) COMMON)
 .bss.__lock___malloc_recursive_mutex
                0x20000080        0x1 c:/program files (x86)/arm gnu toolchain arm-none-eabi/12.2 rel1/bin/../lib/gcc/arm-none-eabi/12.2.1/thumb/v7e-m+fp/hard\libc_nano.a(libc_a-lock.o)
                0x20000080                __lock___malloc_recursive_mutex
 .bss.__lock___sfp_recursive_mutex
                0x20000081        0x1 c:/program files (x86)/arm gnu toolchain arm-none-eabi/12.2 rel1/bin/../lib/gcc/arm-none-eabi/12.2.1/thumb/v7e-m+fp/hard\libc_nano.a(libc_a-lock.o)
                0x20000081                __lock___sfp_recursive_mutex
 *fill*         0x20000082        0x2 
 .bss.__malloc_free_list
                0x20000084        0x4 c:/program files (x86)/arm gnu toolchain arm-none-eabi/12.2 rel1/bin/../lib/gcc/arm-none-eabi/12.2.1/thumb/v7e-m+fp/hard\libc_nano.a(libc_a-mallocr.o)
                0x20000084                __malloc_free_list
 .bss.__malloc_sbrk_start
                0x20000088        0x4 c:/program files (x86)/arm gnu toolchain arm-none-eabi/12.2 rel1/bin/../lib/gcc/arm-none-eabi/12.2.1/thumb/v7e-m+fp/hard\libc_nano.a(libc_a-mallocr.o)
                0x20000088                __malloc_sbrk_start
 .bss.__sf      0x2000008c      0x138 c:/program files (x86)/arm gnu toolchain arm-none-eabi/12.2 rel1/bin/../lib/gcc/arm-none-eabi/12.2.1/thumb/v7e-m+fp/hard\libc_nano.a(libc_a-findfp.o)
                0x2000008c                __sf
 .bss.__stdio_exit_handler
                0x200001c4        0x4 c:/program files (x86)/arm gnu toolchain arm-none-eabi/12.2 rel1/bin/../lib/gcc/arm-none-eabi/12.2.1/thumb/v7e-m+fp/hard\libc_nano.a(libc_a-findfp.o)
                0x200001c4                __stdio_exit_handler
 .bss.errno     0x200001c8        0x4 c:/program files (x86)/arm gnu toolchain arm-none-eabi/12.2 rel1/bin/../lib/gcc/arm-none-eabi/12.2.1/thumb/v7e-m+fp/hard\libc_nano.a(libc_a-reent.o)
                0x200001c8                errno
 .bss.frameAddressPointer
                0x200001cc        0x4 C:\Users\Alex\AppData\Local\Temp\ccMA5SVi.o
                0x200001cc                frameAddressPointer
 .bss.heap.0    0x200001d0        0x4 C:\Users\Alex\AppData\Local\Temp\cch92pki.o
 .bss.s_ticks   0x200001d4        0x4 C:\Users\Alex\AppData\Local\Temp\ccMA5SVi.o
                0x200001d8                _ebss = .
                0x200001d8                . = ALIGN (0x8)
                0x200001d8                _end = .
OUTPUT(firmware.elf elf32-littlearm)
LOAD linker stubs

.debug_info     0x00000000     0x38e8
 .debug_info    0x00000000     0x2fb4 C:\Users\Alex\AppData\Local\Temp\ccMA5SVi.o
 .debug_info    0x00002fb4      0x139 C:\Users\Alex\AppData\Local\Temp\ccVVgq9g.o
 .debug_info    0x000030ed      0x7fb C:\Users\Alex\AppData\Local\Temp\cch92pki.o

.debug_abbrev   0x00000000      0x984
 .debug_abbrev  0x00000000      0x5fe C:\Users\Alex\AppData\Local\Temp\ccMA5SVi.o
 .debug_abbrev  0x000005fe       0xe8 C:\Users\Alex\AppData\Local\Temp\ccVVgq9g.o
 .debug_abbrev  0x000006e6      0x29e C:\Users\Alex\AppData\Local\Temp\cch92pki.o

.debug_loclists
                0x00000000     0x27bb
 .debug_loclists
                0x00000000     0x25f0 C:\Users\Alex\AppData\Local\Temp\ccMA5SVi.o
 .debug_loclists
                0x000025f0      0x1cb C:\Users\Alex\AppData\Local\Temp\cch92pki.o

.debug_aranges  0x00000000      0x230
 .debug_aranges
                0x00000000      0x180 C:\Users\Alex\AppData\Local\Temp\ccMA5SVi.o
 .debug_aranges
                0x00000180       0x20 C:\Users\Alex\AppData\Local\Temp\ccVVgq9g.o
 .debug_aranges
                0x000001a0       0x90 C:\Users\Alex\AppData\Local\Temp\cch92pki.o

.debug_rnglists
                0x00000000      0x33d
 .debug_rnglists
                0x00000000      0x2ab C:\Users\Alex\AppData\Local\Temp\ccMA5SVi.o
 .debug_rnglists
                0x000002ab       0x13 C:\Users\Alex\AppData\Local\Temp\ccVVgq9g.o
 .debug_rnglists
                0x000002be       0x7f C:\Users\Alex\AppData\Local\Temp\cch92pki.o

.debug_macro    0x00000000    0x206d6
 .debug_macro   0x00000000      0x2bb C:\Users\Alex\AppData\Local\Temp\ccMA5SVi.o
 .debug_macro   0x000002bb      0xaa8 C:\Users\Alex\AppData\Local\Temp\ccMA5SVi.o
 .debug_macro   0x00000d63       0x22 C:\Users\Alex\AppData\Local\Temp\ccMA5SVi.o
 .debug_macro   0x00000d85       0x5b C:\Users\Alex\AppData\Local\Temp\ccMA5SVi.o
 .debug_macro   0x00000de0       0x2a C:\Users\Alex\AppData\Local\Temp\ccMA5SVi.o
 .debug_macro   0x00000e0a       0x94 C:\Users\Alex\AppData\Local\Temp\ccMA5SVi.o
 .debug_macro   0x00000e9e       0x43 C:\Users\Alex\AppData\Local\Temp\ccMA5SVi.o
 .debug_macro   0x00000ee1      0x103 C:\Users\Alex\AppData\Local\Temp\ccMA5SVi.o
 .debug_macro   0x00000fe4       0x3a C:\Users\Alex\AppData\Local\Temp\ccMA5SVi.o
 .debug_macro   0x0000101e       0x57 C:\Users\Alex\AppData\Local\Temp\ccMA5SVi.o
 .debug_macro   0x00001075       0x6a C:\Users\Alex\AppData\Local\Temp\ccMA5SVi.o
 .debug_macro   0x000010df      0x1df C:\Users\Alex\AppData\Local\Temp\ccMA5SVi.o
 .debug_macro   0x000012be       0x89 C:\Users\Alex\AppData\Local\Temp\ccMA5SVi.o
 .debug_macro   0x00001347      0x460 C:\Users\Alex\AppData\Local\Temp\ccMA5SVi.o
 .debug_macro   0x000017a7       0x22 C:\Users\Alex\AppData\Local\Temp\ccMA5SVi.o
 .debug_macro   0x000017c9       0x1c C:\Users\Alex\AppData\Local\Temp\ccMA5SVi.o
 .debug_macro   0x000017e5       0x9e C:\Users\Alex\AppData\Local\Temp\ccMA5SVi.o
 .debug_macro   0x00001883      0x369 C:\Users\Alex\AppData\Local\Temp\ccMA5SVi.o
 .debug_macro   0x00001bec       0x94 C:\Users\Alex\AppData\Local\Temp\ccMA5SVi.o
 .debug_macro   0x00001c80       0x10 C:\Users\Alex\AppData\Local\Temp\ccMA5SVi.o
 .debug_macro   0x00001c90       0x16 C:\Users\Alex\AppData\Local\Temp\ccMA5SVi.o
 .debug_macro   0x00001ca6       0x43 C:\Users\Alex\AppData\Local\Temp\ccMA5SVi.o
 .debug_macro   0x00001ce9       0x34 C:\Users\Alex\AppData\Local\Temp\ccMA5SVi.o
 .debug_macro   0x00001d1d       0x10 C:\Users\Alex\AppData\Local\Temp\ccMA5SVi.o
 .debug_macro   0x00001d2d       0x58 C:\Users\Alex\AppData\Local\Temp\ccMA5SVi.o
 .debug_macro   0x00001d85       0x8e C:\Users\Alex\AppData\Local\Temp\ccMA5SVi.o
 .debug_macro   0x00001e13       0x1c C:\Users\Alex\AppData\Local\Temp\ccMA5SVi.o
 .debug_macro   0x00001e2f      0x177 C:\Users\Alex\AppData\Local\Temp\ccMA5SVi.o
 .debug_macro   0x00001fa6       0x16 C:\Users\Alex\AppData\Local\Temp\ccMA5SVi.o
 .debug_macro   0x00001fbc       0x16 C:\Users\Alex\AppData\Local\Temp\ccMA5SVi.o
 .debug_macro   0x00001fd2      0x146 C:\Users\Alex\AppData\Local\Temp\ccMA5SVi.o
 .debug_macro   0x00002118       0x16 C:\Users\Alex\AppData\Local\Temp\ccMA5SVi.o
 .debug_macro   0x0000212e       0x35 C:\Users\Alex\AppData\Local\Temp\ccMA5SVi.o
 .debug_macro   0x00002163       0x16 C:\Users\Alex\AppData\Local\Temp\ccMA5SVi.o
 .debug_macro   0x00002179       0x29 C:\Users\Alex\AppData\Local\Temp\ccMA5SVi.o
 .debug_macro   0x000021a2       0x16 C:\Users\Alex\AppData\Local\Temp\ccMA5SVi.o
 .debug_macro   0x000021b8       0x10 C:\Users\Alex\AppData\Local\Temp\ccMA5SVi.o
 .debug_macro   0x000021c8       0x10 C:\Users\Alex\AppData\Local\Temp\ccMA5SVi.o
 .debug_macro   0x000021d8       0x10 C:\Users\Alex\AppData\Local\Temp\ccMA5SVi.o
 .debug_macro   0x000021e8       0x1c C:\Users\Alex\AppData\Local\Temp\ccMA5SVi.o
 .debug_macro   0x00002204       0x52 C:\Users\Alex\AppData\Local\Temp\ccMA5SVi.o
 .debug_macro   0x00002256       0x22 C:\Users\Alex\AppData\Local\Temp\ccMA5SVi.o
 .debug_macro   0x00002278       0x10 C:\Users\Alex\AppData\Local\Temp\ccMA5SVi.o
 .debug_macro   0x00002288       0x52 C:\Users\Alex\AppData\Local\Temp\ccMA5SVi.o
 .debug_macro   0x000022da       0xc1 C:\Users\Alex\AppData\Local\Temp\ccMA5SVi.o
 .debug_macro   0x0000239b       0x1c C:\Users\Alex\AppData\Local\Temp\ccMA5SVi.o
 .debug_macro   0x000023b7       0x3d C:\Users\Alex\AppData\Local\Temp\ccMA5SVi.o
 .debug_macro   0x000023f4       0x35 C:\Users\Alex\AppData\Local\Temp\ccMA5SVi.o
 .debug_macro   0x00002429      0x12c C:\Users\Alex\AppData\Local\Temp\ccMA5SVi.o
 .debug_macro   0x00002555       0x28 C:\Users\Alex\AppData\Local\Temp\ccMA5SVi.o
 .debug_macro   0x0000257d       0x1c C:\Users\Alex\AppData\Local\Temp\ccMA5SVi.o
 .debug_macro   0x00002599       0x22 C:\Users\Alex\AppData\Local\Temp\ccMA5SVi.o
 .debug_macro   0x000025bb       0xd9 C:\Users\Alex\AppData\Local\Temp\ccMA5SVi.o
 .debug_macro   0x00002694     0x102d C:\Users\Alex\AppData\Local\Temp\ccMA5SVi.o
 .debug_macro   0x000036c1      0x11f C:\Users\Alex\AppData\Local\Temp\ccMA5SVi.o
 .debug_macro   0x000037e0    0x1cb71 C:\Users\Alex\AppData\Local\Temp\ccMA5SVi.o
 .debug_macro   0x00020351       0x4c C:\Users\Alex\AppData\Local\Temp\ccMA5SVi.o
 .debug_macro   0x0002039d       0x76 C:\Users\Alex\AppData\Local\Temp\ccMA5SVi.o
 .debug_macro   0x00020413       0x11 C:\Users\Alex\AppData\Local\Temp\ccVVgq9g.o
 .debug_macro   0x00020424      0x2b2 C:\Users\Alex\AppData\Local\Temp\cch92pki.o

.debug_line     0x00000000     0x1fd9
 .debug_line    0x00000000     0x189a C:\Users\Alex\AppData\Local\Temp\ccMA5SVi.o
 .debug_line    0x0000189a       0x67 C:\Users\Alex\AppData\Local\Temp\ccVVgq9g.o
 .debug_line    0x00001901      0x6d8 C:\Users\Alex\AppData\Local\Temp\cch92pki.o

.debug_str      0x00000000    0xb2e35
 .debug_str     0x00000000    0xb2c7b C:\Users\Alex\AppData\Local\Temp\ccMA5SVi.o
                              0xb2f1e (size before relaxing)
 .debug_str     0x000b2c7b       0x3b C:\Users\Alex\AppData\Local\Temp\ccVVgq9g.o
                               0x2e36 (size before relaxing)
 .debug_str     0x000b2cb6      0x17f C:\Users\Alex\AppData\Local\Temp\cch92pki.o
                              0xb26f9 (size before relaxing)

.comment        0x00000000       0x45
 .comment       0x00000000       0x45 C:\Users\Alex\AppData\Local\Temp\ccMA5SVi.o
                                 0x46 (size before relaxing)
 .comment       0x00000045       0x46 C:\Users\Alex\AppData\Local\Temp\ccVVgq9g.o
 .comment       0x00000045       0x46 C:\Users\Alex\AppData\Local\Temp\cch92pki.o

.ARM.attributes
                0x00000000       0x32
 .ARM.attributes
                0x00000000       0x34 C:\Users\Alex\AppData\Local\Temp\ccMA5SVi.o
 .ARM.attributes
                0x00000034       0x34 C:\Users\Alex\AppData\Local\Temp\ccVVgq9g.o
 .ARM.attributes
                0x00000068       0x34 C:\Users\Alex\AppData\Local\Temp\cch92pki.o
 .ARM.attributes
                0x0000009c       0x34 c:/program files (x86)/arm gnu toolchain arm-none-eabi/12.2 rel1/bin/../lib/gcc/arm-none-eabi/12.2.1/thumb/v7e-m+fp/hard\libc_nano.a(libc_a-printf.o)
 .ARM.attributes
                0x000000d0       0x34 c:/program files (x86)/arm gnu toolchain arm-none-eabi/12.2 rel1/bin/../lib/gcc/arm-none-eabi/12.2.1/thumb/v7e-m+fp/hard\libc_nano.a(libc_a-putchar.o)
 .ARM.attributes
                0x00000104       0x34 c:/program files (x86)/arm gnu toolchain arm-none-eabi/12.2 rel1/bin/../lib/gcc/arm-none-eabi/12.2.1/thumb/v7e-m+fp/hard\libc_nano.a(libc_a-puts.o)
 .ARM.attributes
                0x00000138       0x34 c:/program files (x86)/arm gnu toolchain arm-none-eabi/12.2 rel1/bin/../lib/gcc/arm-none-eabi/12.2.1/thumb/v7e-m+fp/hard\libc_nano.a(libc_a-wbuf.o)
 .ARM.attributes
                0x0000016c       0x34 c:/program files (x86)/arm gnu toolchain arm-none-eabi/12.2 rel1/bin/../lib/gcc/arm-none-eabi/12.2.1/thumb/v7e-m+fp/hard\libc_nano.a(libc_a-wsetup.o)
 .ARM.attributes
                0x000001a0       0x34 c:/program files (x86)/arm gnu toolchain arm-none-eabi/12.2 rel1/bin/../lib/gcc/arm-none-eabi/12.2.1/thumb/v7e-m+fp/hard\libc_nano.a(libc_a-memset.o)
 .ARM.attributes
                0x000001d4       0x34 c:/program files (x86)/arm gnu toolchain arm-none-eabi/12.2 rel1/bin/../lib/gcc/arm-none-eabi/12.2.1/thumb/v7e-m+fp/hard\libc_nano.a(libc_a-impure.o)
 .ARM.attributes
                0x00000208       0x34 c:/program files (x86)/arm gnu toolchain arm-none-eabi/12.2 rel1/bin/../lib/gcc/arm-none-eabi/12.2.1/thumb/v7e-m+fp/hard\libc_nano.a(libc_a-lock.o)
 .ARM.attributes
                0x0000023c       0x34 c:/program files (x86)/arm gnu toolchain arm-none-eabi/12.2 rel1/bin/../lib/gcc/arm-none-eabi/12.2.1/thumb/v7e-m+fp/hard\libc_nano.a(libc_a-memcpy-stub.o)
 .ARM.attributes
                0x00000270       0x34 c:/program files (x86)/arm gnu toolchain arm-none-eabi/12.2 rel1/bin/../lib/gcc/arm-none-eabi/12.2.1/thumb/v7e-m+fp/hard\libc_nano.a(libc_a-freer.o)
 .ARM.attributes
                0x000002a4       0x34 c:/program files (x86)/arm gnu toolchain arm-none-eabi/12.2 rel1/bin/../lib/gcc/arm-none-eabi/12.2.1/thumb/v7e-m+fp/hard\libc_nano.a(libc_a-mallocr.o)
 .ARM.attributes
                0x000002d8       0x34 c:/program files (x86)/arm gnu toolchain arm-none-eabi/12.2 rel1/bin/../lib/gcc/arm-none-eabi/12.2.1/thumb/v7e-m+fp/hard\libc_nano.a(libc_a-mlock.o)
 .ARM.attributes
                0x0000030c       0x34 c:/program files (x86)/arm gnu toolchain arm-none-eabi/12.2 rel1/bin/../lib/gcc/arm-none-eabi/12.2.1/thumb/v7e-m+fp/hard\libc_nano.a(libc_a-nano-vfprintf.o)
 .ARM.attributes
                0x00000340       0x34 c:/program files (x86)/arm gnu toolchain arm-none-eabi/12.2 rel1/bin/../lib/gcc/arm-none-eabi/12.2.1/thumb/v7e-m+fp/hard\libc_nano.a(libc_a-nano-vfprintf_i.o)
 .ARM.attributes
                0x00000374       0x34 c:/program files (x86)/arm gnu toolchain arm-none-eabi/12.2 rel1/bin/../lib/gcc/arm-none-eabi/12.2.1/thumb/v7e-m+fp/hard\libc_nano.a(libc_a-fflush.o)
 .ARM.attributes
                0x000003a8       0x34 c:/program files (x86)/arm gnu toolchain arm-none-eabi/12.2 rel1/bin/../lib/gcc/arm-none-eabi/12.2.1/thumb/v7e-m+fp/hard\libc_nano.a(libc_a-findfp.o)
 .ARM.attributes
                0x000003dc       0x34 c:/program files (x86)/arm gnu toolchain arm-none-eabi/12.2 rel1/bin/../lib/gcc/arm-none-eabi/12.2.1/thumb/v7e-m+fp/hard\libc_nano.a(libc_a-fwalk.o)
 .ARM.attributes
                0x00000410       0x34 c:/program files (x86)/arm gnu toolchain arm-none-eabi/12.2 rel1/bin/../lib/gcc/arm-none-eabi/12.2.1/thumb/v7e-m+fp/hard\libc_nano.a(libc_a-makebuf.o)
 .ARM.attributes
                0x00000444       0x34 c:/program files (x86)/arm gnu toolchain arm-none-eabi/12.2 rel1/bin/../lib/gcc/arm-none-eabi/12.2.1/thumb/v7e-m+fp/hard\libc_nano.a(libc_a-putc.o)
 .ARM.attributes
                0x00000478       0x34 c:/program files (x86)/arm gnu toolchain arm-none-eabi/12.2 rel1/bin/../lib/gcc/arm-none-eabi/12.2.1/thumb/v7e-m+fp/hard\libc_nano.a(libc_a-stdio.o)
 .ARM.attributes
                0x000004ac       0x34 c:/program files (x86)/arm gnu toolchain arm-none-eabi/12.2 rel1/bin/../lib/gcc/arm-none-eabi/12.2.1/thumb/v7e-m+fp/hard\libc_nano.a(libc_a-closer.o)
 .ARM.attributes
                0x000004e0       0x34 c:/program files (x86)/arm gnu toolchain arm-none-eabi/12.2 rel1/bin/../lib/gcc/arm-none-eabi/12.2.1/thumb/v7e-m+fp/hard\libc_nano.a(libc_a-reent.o)
 .ARM.attributes
                0x00000514       0x34 c:/program files (x86)/arm gnu toolchain arm-none-eabi/12.2 rel1/bin/../lib/gcc/arm-none-eabi/12.2.1/thumb/v7e-m+fp/hard\libc_nano.a(libc_a-fstatr.o)
 .ARM.attributes
                0x00000548       0x34 c:/program files (x86)/arm gnu toolchain arm-none-eabi/12.2 rel1/bin/../lib/gcc/arm-none-eabi/12.2.1/thumb/v7e-m+fp/hard\libc_nano.a(libc_a-isattyr.o)
 .ARM.attributes
                0x0000057c       0x34 c:/program files (x86)/arm gnu toolchain arm-none-eabi/12.2 rel1/bin/../lib/gcc/arm-none-eabi/12.2.1/thumb/v7e-m+fp/hard\libc_nano.a(libc_a-lseekr.o)
 .ARM.attributes
                0x000005b0       0x34 c:/program files (x86)/arm gnu toolchain arm-none-eabi/12.2 rel1/bin/../lib/gcc/arm-none-eabi/12.2.1/thumb/v7e-m+fp/hard\libc_nano.a(libc_a-readr.o)
 .ARM.attributes
                0x000005e4       0x34 c:/program files (x86)/arm gnu toolchain arm-none-eabi/12.2 rel1/bin/../lib/gcc/arm-none-eabi/12.2.1/thumb/v7e-m+fp/hard\libc_nano.a(libc_a-sbrkr.o)
 .ARM.attributes
                0x00000618       0x34 c:/program files (x86)/arm gnu toolchain arm-none-eabi/12.2 rel1/bin/../lib/gcc/arm-none-eabi/12.2.1/thumb/v7e-m+fp/hard\libc_nano.a(libc_a-writer.o)
 .ARM.attributes
                0x0000064c       0x1c c:/program files (x86)/arm gnu toolchain arm-none-eabi/12.2 rel1/bin/../lib/gcc/arm-none-eabi/12.2.1/thumb/v7e-m+fp/hard\libc_nano.a(libc_a-memchr.o)
 .ARM.attributes
                0x00000668       0x22 c:/program files (x86)/arm gnu toolchain arm-none-eabi/12.2 rel1/bin/../lib/gcc/arm-none-eabi/12.2.1/thumb/v7e-m+fp/hard\libgcc.a(_arm_addsubdf3.o)
 .ARM.attributes
                0x0000068a       0x22 c:/program files (x86)/arm gnu toolchain arm-none-eabi/12.2 rel1/bin/../lib/gcc/arm-none-eabi/12.2.1/thumb/v7e-m+fp/hard\libgcc.a(_arm_muldivdf3.o)
 .ARM.attributes
                0x000006ac       0x22 c:/program files (x86)/arm gnu toolchain arm-none-eabi/12.2 rel1/bin/../lib/gcc/arm-none-eabi/12.2.1/thumb/v7e-m+fp/hard\libgcc.a(_arm_cmpdf2.o)
 .ARM.attributes
                0x000006ce       0x22 c:/program files (x86)/arm gnu toolchain arm-none-eabi/12.2 rel1/bin/../lib/gcc/arm-none-eabi/12.2.1/thumb/v7e-m+fp/hard\libgcc.a(_arm_fixdfsi.o)

.debug_frame    0x00000000     0x10e8
 .debug_frame   0x00000000      0x588 C:\Users\Alex\AppData\Local\Temp\ccMA5SVi.o
 .debug_frame   0x00000588       0x20 C:\Users\Alex\AppData\Local\Temp\ccVVgq9g.o
 .debug_frame   0x000005a8      0x108 C:\Users\Alex\AppData\Local\Temp\cch92pki.o
 .debug_frame   0x000006b0       0x6c c:/program files (x86)/arm gnu toolchain arm-none-eabi/12.2 rel1/bin/../lib/gcc/arm-none-eabi/12.2.1/thumb/v7e-m+fp/hard\libc_nano.a(libc_a-printf.o)
 .debug_frame   0x0000071c       0x30 c:/program files (x86)/arm gnu toolchain arm-none-eabi/12.2 rel1/bin/../lib/gcc/arm-none-eabi/12.2.1/thumb/v7e-m+fp/hard\libc_nano.a(libc_a-putchar.o)
 .debug_frame   0x0000074c       0x3c c:/program files (x86)/arm gnu toolchain arm-none-eabi/12.2 rel1/bin/../lib/gcc/arm-none-eabi/12.2.1/thumb/v7e-m+fp/hard\libc_nano.a(libc_a-puts.o)
 .debug_frame   0x00000788       0x40 c:/program files (x86)/arm gnu toolchain arm-none-eabi/12.2 rel1/bin/../lib/gcc/arm-none-eabi/12.2.1/thumb/v7e-m+fp/hard\libc_nano.a(libc_a-wbuf.o)
 .debug_frame   0x000007c8       0x2c c:/program files (x86)/arm gnu toolchain arm-none-eabi/12.2 rel1/bin/../lib/gcc/arm-none-eabi/12.2.1/thumb/v7e-m+fp/hard\libc_nano.a(libc_a-wsetup.o)
 .debug_frame   0x000007f4       0x20 c:/program files (x86)/arm gnu toolchain arm-none-eabi/12.2 rel1/bin/../lib/gcc/arm-none-eabi/12.2.1/thumb/v7e-m+fp/hard\libc_nano.a(libc_a-memset.o)
 .debug_frame   0x00000814       0xb0 c:/program files (x86)/arm gnu toolchain arm-none-eabi/12.2 rel1/bin/../lib/gcc/arm-none-eabi/12.2.1/thumb/v7e-m+fp/hard\libc_nano.a(libc_a-lock.o)
 .debug_frame   0x000008c4       0x28 c:/program files (x86)/arm gnu toolchain arm-none-eabi/12.2 rel1/bin/../lib/gcc/arm-none-eabi/12.2.1/thumb/v7e-m+fp/hard\libc_nano.a(libc_a-memcpy-stub.o)
 .debug_frame   0x000008ec       0x38 c:/program files (x86)/arm gnu toolchain arm-none-eabi/12.2 rel1/bin/../lib/gcc/arm-none-eabi/12.2.1/thumb/v7e-m+fp/hard\libc_nano.a(libc_a-freer.o)
 .debug_frame   0x00000924       0x4c c:/program files (x86)/arm gnu toolchain arm-none-eabi/12.2 rel1/bin/../lib/gcc/arm-none-eabi/12.2.1/thumb/v7e-m+fp/hard\libc_nano.a(libc_a-mallocr.o)
 .debug_frame   0x00000970       0x30 c:/program files (x86)/arm gnu toolchain arm-none-eabi/12.2 rel1/bin/../lib/gcc/arm-none-eabi/12.2.1/thumb/v7e-m+fp/hard\libc_nano.a(libc_a-mlock.o)
 .debug_frame   0x000009a0       0xa8 c:/program files (x86)/arm gnu toolchain arm-none-eabi/12.2 rel1/bin/../lib/gcc/arm-none-eabi/12.2.1/thumb/v7e-m+fp/hard\libc_nano.a(libc_a-nano-vfprintf.o)
 .debug_frame   0x00000a48       0x60 c:/program files (x86)/arm gnu toolchain arm-none-eabi/12.2 rel1/bin/../lib/gcc/arm-none-eabi/12.2.1/thumb/v7e-m+fp/hard\libc_nano.a(libc_a-nano-vfprintf_i.o)
 .debug_frame   0x00000aa8       0x5c c:/program files (x86)/arm gnu toolchain arm-none-eabi/12.2 rel1/bin/../lib/gcc/arm-none-eabi/12.2.1/thumb/v7e-m+fp/hard\libc_nano.a(libc_a-fflush.o)
 .debug_frame   0x00000b04      0x144 c:/program files (x86)/arm gnu toolchain arm-none-eabi/12.2 rel1/bin/../lib/gcc/arm-none-eabi/12.2.1/thumb/v7e-m+fp/hard\libc_nano.a(libc_a-findfp.o)
 .debug_frame   0x00000c48       0x34 c:/program files (x86)/arm gnu toolchain arm-none-eabi/12.2 rel1/bin/../lib/gcc/arm-none-eabi/12.2.1/thumb/v7e-m+fp/hard\libc_nano.a(libc_a-fwalk.o)
 .debug_frame   0x00000c7c       0x58 c:/program files (x86)/arm gnu toolchain arm-none-eabi/12.2 rel1/bin/../lib/gcc/arm-none-eabi/12.2.1/thumb/v7e-m+fp/hard\libc_nano.a(libc_a-makebuf.o)
 .debug_frame   0x00000cd4       0x3c c:/program files (x86)/arm gnu toolchain arm-none-eabi/12.2 rel1/bin/../lib/gcc/arm-none-eabi/12.2.1/thumb/v7e-m+fp/hard\libc_nano.a(libc_a-putc.o)
 .debug_frame   0x00000d10       0x88 c:/program files (x86)/arm gnu toolchain arm-none-eabi/12.2 rel1/bin/../lib/gcc/arm-none-eabi/12.2.1/thumb/v7e-m+fp/hard\libc_nano.a(libc_a-stdio.o)
 .debug_frame   0x00000d98       0x2c c:/program files (x86)/arm gnu toolchain arm-none-eabi/12.2 rel1/bin/../lib/gcc/arm-none-eabi/12.2.1/thumb/v7e-m+fp/hard\libc_nano.a(libc_a-closer.o)
 .debug_frame   0x00000dc4       0x38 c:/program files (x86)/arm gnu toolchain arm-none-eabi/12.2 rel1/bin/../lib/gcc/arm-none-eabi/12.2.1/thumb/v7e-m+fp/hard\libc_nano.a(libc_a-reent.o)
 .debug_frame   0x00000dfc       0x2c c:/program files (x86)/arm gnu toolchain arm-none-eabi/12.2 rel1/bin/../lib/gcc/arm-none-eabi/12.2.1/thumb/v7e-m+fp/hard\libc_nano.a(libc_a-fstatr.o)
 .debug_frame   0x00000e28       0x2c c:/program files (x86)/arm gnu toolchain arm-none-eabi/12.2 rel1/bin/../lib/gcc/arm-none-eabi/12.2.1/thumb/v7e-m+fp/hard\libc_nano.a(libc_a-isattyr.o)
 .debug_frame   0x00000e54       0x2c c:/program files (x86)/arm gnu toolchain arm-none-eabi/12.2 rel1/bin/../lib/gcc/arm-none-eabi/12.2.1/thumb/v7e-m+fp/hard\libc_nano.a(libc_a-lseekr.o)
 .debug_frame   0x00000e80       0x2c c:/program files (x86)/arm gnu toolchain arm-none-eabi/12.2 rel1/bin/../lib/gcc/arm-none-eabi/12.2.1/thumb/v7e-m+fp/hard\libc_nano.a(libc_a-readr.o)
 .debug_frame   0x00000eac       0x2c c:/program files (x86)/arm gnu toolchain arm-none-eabi/12.2 rel1/bin/../lib/gcc/arm-none-eabi/12.2.1/thumb/v7e-m+fp/hard\libc_nano.a(libc_a-sbrkr.o)
 .debug_frame   0x00000ed8       0x2c c:/program files (x86)/arm gnu toolchain arm-none-eabi/12.2 rel1/bin/../lib/gcc/arm-none-eabi/12.2.1/thumb/v7e-m+fp/hard\libc_nano.a(libc_a-writer.o)
 .debug_frame   0x00000f04       0xac c:/program files (x86)/arm gnu toolchain arm-none-eabi/12.2 rel1/bin/../lib/gcc/arm-none-eabi/12.2.1/thumb/v7e-m+fp/hard\libgcc.a(_arm_addsubdf3.o)
 .debug_frame   0x00000fb0       0x50 c:/program files (x86)/arm gnu toolchain arm-none-eabi/12.2 rel1/bin/../lib/gcc/arm-none-eabi/12.2.1/thumb/v7e-m+fp/hard\libgcc.a(_arm_muldivdf3.o)
 .debug_frame   0x00001000       0xc4 c:/program files (x86)/arm gnu toolchain arm-none-eabi/12.2 rel1/bin/../lib/gcc/arm-none-eabi/12.2.1/thumb/v7e-m+fp/hard\libgcc.a(_arm_cmpdf2.o)
 .debug_frame   0x000010c4       0x24 c:/program files (x86)/arm gnu toolchain arm-none-eabi/12.2 rel1/bin/../lib/gcc/arm-none-eabi/12.2.1/thumb/v7e-m+fp/hard\libgcc.a(_arm_fixdfsi.o)

.debug_line_str
                0x00000000      0x1af
 .debug_line_str
                0x00000000       0xe1 c:/program files (x86)/arm gnu toolchain arm-none-eabi/12.2 rel1/bin/../lib/gcc/arm-none-eabi/12.2.1/thumb/v7e-m+fp/hard\libc_nano.a(libc_a-memchr.o)
 .debug_line_str
                0x000000e1       0xce c:/program files (x86)/arm gnu toolchain arm-none-eabi/12.2 rel1/bin/../lib/gcc/arm-none-eabi/12.2.1/thumb/v7e-m+fp/hard\libgcc.a(_arm_addsubdf3.o)
 .debug_line_str
                0x000001af       0xce c:/program files (x86)/arm gnu toolchain arm-none-eabi/12.2 rel1/bin/../lib/gcc/arm-none-eabi/12.2.1/thumb/v7e-m+fp/hard\libgcc.a(_arm_muldivdf3.o)
 .debug_line_str
                0x000001af       0xce c:/program files (x86)/arm gnu toolchain arm-none-eabi/12.2 rel1/bin/../lib/gcc/arm-none-eabi/12.2.1/thumb/v7e-m+fp/hard\libgcc.a(_arm_cmpdf2.o)
 .debug_line_str
                0x000001af       0xce c:/program files (x86)/arm gnu toolchain arm-none-eabi/12.2 rel1/bin/../lib/gcc/arm-none-eabi/12.2.1/thumb/v7e-m+fp/hard\libgcc.a(_arm_fixdfsi.o)
